=== Wed Jun 10 12:00:01 AM UTC 2026 UTC ===
2026-06-10 00:00:02,622 [INFO] Fetching cloud sheet …
2026-06-10 00:00:03,562 [INFO] Synced 61 rows to /home/liangrd/Follow_up/Candidates.csv
sync exit: 0
=== Wed Jun 10 12:00:03 AM UTC 2026 UTC done ===
=== Wed Jun 10 01:00:01 AM UTC 2026 UTC ===
2026-06-10 01:00:02,493 [INFO] Fetching cloud sheet …
2026-06-10 01:00:03,175 [INFO] Synced 61 rows to /home/liangrd/Follow_up/Candidates.csv
sync exit: 0
=== Wed Jun 10 01:00:03 AM UTC 2026 UTC done ===
=== Wed Jun 10 02:00:01 AM UTC 2026 UTC ===
2026-06-10 02:00:02,255 [INFO] Fetching cloud sheet …
2026-06-10 02:00:04,537 [INFO] Synced 61 rows to /home/liangrd/Follow_up/Candidates.csv
sync exit: 0
=== Wed Jun 10 02:00:04 AM UTC 2026 UTC done ===
=== Wed Jun 10 03:00:01 AM UTC 2026 UTC ===
2026-06-10 03:00:02,488 [INFO] Fetching cloud sheet …
2026-06-10 03:00:03,366 [INFO] Synced 61 rows to /home/liangrd/Follow_up/Candidates.csv
sync exit: 0
=== Wed Jun 10 03:00:03 AM UTC 2026 UTC done ===
=== Wed Jun 10 04:00:01 AM UTC 2026 UTC ===
2026-06-10 04:00:02,167 [INFO] Fetching cloud sheet …
2026-06-10 04:00:03,358 [INFO] Synced 61 rows to /home/liangrd/Follow_up/Candidates.csv
sync exit: 0
=== Wed Jun 10 04:00:03 AM UTC 2026 UTC done ===
=== Wed Jun 10 05:00:01 AM UTC 2026 UTC ===
2026-06-10 05:00:02,053 [INFO] Fetching cloud sheet …
2026-06-10 05:00:02,990 [INFO] Synced 61 rows to /home/liangrd/Follow_up/Candidates.csv
sync exit: 0
=== Wed Jun 10 05:00:03 AM UTC 2026 UTC done ===
=== Wed Jun 10 06:00:01 AM UTC 2026 UTC ===
2026-06-10 06:00:02,935 [INFO] Fetching cloud sheet …
2026-06-10 06:00:05,196 [INFO] Synced 61 rows to /home/liangrd/Follow_up/Candidates.csv
sync exit: 0
=== Wed Jun 10 06:00:05 AM UTC 2026 UTC done ===
=== Wed Jun 10 07:00:01 AM UTC 2026 UTC ===
2026-06-10 07:00:02,054 [INFO] Fetching cloud sheet …
2026-06-10 07:00:02,917 [INFO] Synced 61 rows to /home/liangrd/Follow_up/Candidates.csv
sync exit: 0
=== Wed Jun 10 07:00:03 AM UTC 2026 UTC done ===
=== Wed Jun 10 08:00:01 AM UTC 2026 UTC ===
2026-06-10 08:00:01,664 [INFO] Fetching cloud sheet …
2026-06-10 08:00:03,124 [INFO] Synced 61 rows to /home/liangrd/Follow_up/Candidates.csv
sync exit: 0
=== Wed Jun 10 08:00:03 AM UTC 2026 UTC done ===
=== Wed Jun 10 09:00:01 AM UTC 2026 UTC ===
2026-06-10 09:00:01,865 [INFO] Fetching cloud sheet …
2026-06-10 09:00:02,857 [INFO] Synced 61 rows to /home/liangrd/Follow_up/Candidates.csv
sync exit: 0
=== Wed Jun 10 09:00:02 AM UTC 2026 UTC done ===
=== Wed Jun 10 10:00:01 AM UTC 2026 UTC ===
2026-06-10 10:00:02,321 [INFO] Fetching cloud sheet …
2026-06-10 10:00:03,340 [INFO] Synced 62 rows to /home/liangrd/Follow_up/Candidates.csv
sync exit: 0
=== Wed Jun 10 10:00:03 AM UTC 2026 UTC done ===
=== Wed Jun 10 11:00:01 AM UTC 2026 UTC ===
2026-06-10 11:00:02,235 [INFO] Fetching cloud sheet …
2026-06-10 11:00:03,057 [INFO] Synced 62 rows to /home/liangrd/Follow_up/Candidates.csv
sync exit: 0
=== Wed Jun 10 11:00:03 AM UTC 2026 UTC done ===
=== Wed Jun 10 12:00:01 PM UTC 2026 UTC ===
2026-06-10 12:00:03,072 [INFO] Fetching cloud sheet …
2026-06-10 12:00:04,097 [INFO] Synced 62 rows to /home/liangrd/Follow_up/Candidates.csv
sync exit: 0
=== Wed Jun 10 12:00:04 PM UTC 2026 UTC done ===
=== Wed Jun 10 01:00:01 PM UTC 2026 UTC ===
2026-06-10 13:00:01,966 [INFO] Fetching cloud sheet …
2026-06-10 13:00:03,049 [INFO] Synced 62 rows to /home/liangrd/Follow_up/Candidates.csv
sync exit: 0
=== Wed Jun 10 01:00:03 PM UTC 2026 UTC done ===
=== Wed Jun 10 02:00:01 PM UTC 2026 UTC ===
2026-06-10 14:00:02,331 [INFO] Fetching cloud sheet …
2026-06-10 14:00:03,360 [INFO] Synced 62 rows to /home/liangrd/Follow_up/Candidates.csv
sync exit: 0
=== Wed Jun 10 02:00:03 PM UTC 2026 UTC done ===
=== Wed Jun 10 03:00:01 PM UTC 2026 UTC ===
2026-06-10 15:00:02,164 [INFO] Fetching cloud sheet …
2026-06-10 15:00:02,932 [INFO] Synced 62 rows to /home/liangrd/Follow_up/Candidates.csv
sync exit: 0
=== Wed Jun 10 03:00:03 PM UTC 2026 UTC done ===
=== Wed Jun 10 04:00:01 PM UTC 2026 UTC ===
2026-06-10 16:00:01,860 [INFO] Fetching cloud sheet …
2026-06-10 16:00:02,722 [INFO] Synced 62 rows to /home/liangrd/Follow_up/Candidates.csv
sync exit: 0
=== Wed Jun 10 04:00:02 PM UTC 2026 UTC done ===
=== Wed Jun 10 05:00:01 PM UTC 2026 UTC ===
2026-06-10 17:00:03,207 [INFO] Fetching cloud sheet …
2026-06-10 17:00:04,031 [INFO] Synced 62 rows to /home/liangrd/Follow_up/Candidates.csv
sync exit: 0
=== Wed Jun 10 05:00:04 PM UTC 2026 UTC done ===
=== Wed Jun 10 06:00:01 PM UTC 2026 UTC ===
2026-06-10 18:00:03,407 [INFO] Fetching cloud sheet …
2026-06-10 18:00:04,329 [INFO] Synced 62 rows to /home/liangrd/Follow_up/Candidates.csv
sync exit: 0
=== Wed Jun 10 06:00:04 PM UTC 2026 UTC done ===
=== Wed Jun 10 07:00:01 PM UTC 2026 UTC ===
2026-06-10 19:00:02,231 [INFO] Fetching cloud sheet …
2026-06-10 19:00:02,869 [INFO] Synced 62 rows to /home/liangrd/Follow_up/Candidates.csv
sync exit: 0
=== Wed Jun 10 07:00:02 PM UTC 2026 UTC done ===
=== Wed Jun 10 08:00:01 PM UTC 2026 UTC ===
2026-06-10 20:00:01,749 [INFO] Fetching cloud sheet …
2026-06-10 20:00:02,471 [INFO] Synced 62 rows to /home/liangrd/Follow_up/Candidates.csv
sync exit: 0
=== Wed Jun 10 08:00:02 PM UTC 2026 UTC done ===
=== Wed Jun 10 09:00:01 PM UTC 2026 UTC ===
2026-06-10 21:00:02,360 [INFO] Fetching cloud sheet …
2026-06-10 21:00:02,970 [INFO] Synced 62 rows to /home/liangrd/Follow_up/Candidates.csv
sync exit: 0
=== Wed Jun 10 09:00:03 PM UTC 2026 UTC done ===
=== Wed Jun 10 10:00:01 PM UTC 2026 UTC ===
2026-06-10 22:00:01,832 [INFO] Fetching cloud sheet …
2026-06-10 22:00:02,832 [INFO] Synced 62 rows to /home/liangrd/Follow_up/Candidates.csv
sync exit: 0
=== Wed Jun 10 10:00:02 PM UTC 2026 UTC done ===
=== Wed Jun 10 11:00:02 PM UTC 2026 UTC ===
2026-06-10 23:00:03,402 [INFO] Fetching cloud sheet …
2026-06-10 23:00:04,056 [INFO] Synced 62 rows to /home/liangrd/Follow_up/Candidates.csv
sync exit: 0
=== Wed Jun 10 11:00:04 PM UTC 2026 UTC done ===
