=== Sun Jun 14 12:00:01 AM UTC 2026 UTC ===
2026-06-14 00:00:03,562 [INFO] Fetching cloud sheet …
2026-06-14 00:00:04,916 [INFO] Synced 62 rows to /home/liangrd/Follow_up/Candidates.csv
sync exit: 0
=== Sun Jun 14 12:00:05 AM UTC 2026 UTC done ===
=== Sun Jun 14 01:00:01 AM UTC 2026 UTC ===
2026-06-14 01:00:02,093 [INFO] Fetching cloud sheet …
2026-06-14 01:00:02,694 [INFO] Synced 62 rows to /home/liangrd/Follow_up/Candidates.csv
sync exit: 0
=== Sun Jun 14 01:00:02 AM UTC 2026 UTC done ===
=== Sun Jun 14 02:00:01 AM UTC 2026 UTC ===
2026-06-14 02:00:02,058 [INFO] Fetching cloud sheet …
2026-06-14 02:00:02,870 [INFO] Synced 62 rows to /home/liangrd/Follow_up/Candidates.csv
sync exit: 0
=== Sun Jun 14 02:00:02 AM UTC 2026 UTC done ===
=== Sun Jun 14 03:00:01 AM UTC 2026 UTC ===
2026-06-14 03:00:01,913 [INFO] Fetching cloud sheet …
2026-06-14 03:00:02,484 [INFO] Synced 62 rows to /home/liangrd/Follow_up/Candidates.csv
sync exit: 0
=== Sun Jun 14 03:00:02 AM UTC 2026 UTC done ===
=== Sun Jun 14 04:00:01 AM UTC 2026 UTC ===
2026-06-14 04:00:01,587 [INFO] Fetching cloud sheet …
2026-06-14 04:00:02,445 [INFO] Synced 62 rows to /home/liangrd/Follow_up/Candidates.csv
sync exit: 0
=== Sun Jun 14 04:00:02 AM UTC 2026 UTC done ===
=== Sun Jun 14 05:00:01 AM UTC 2026 UTC ===
2026-06-14 05:00:03,042 [INFO] Fetching cloud sheet …
2026-06-14 05:00:03,746 [INFO] Synced 62 rows to /home/liangrd/Follow_up/Candidates.csv
sync exit: 0
=== Sun Jun 14 05:00:03 AM UTC 2026 UTC done ===
=== Sun Jun 14 06:00:01 AM UTC 2026 UTC ===
2026-06-14 06:00:02,985 [INFO] Fetching cloud sheet …
2026-06-14 06:00:03,901 [INFO] Synced 62 rows to /home/liangrd/Follow_up/Candidates.csv
sync exit: 0
=== Sun Jun 14 06:00:04 AM UTC 2026 UTC done ===
=== Sun Jun 14 07:00:01 AM UTC 2026 UTC ===
2026-06-14 07:00:02,070 [INFO] Fetching cloud sheet …
2026-06-14 07:00:02,682 [INFO] Synced 62 rows to /home/liangrd/Follow_up/Candidates.csv
sync exit: 0
=== Sun Jun 14 07:00:02 AM UTC 2026 UTC done ===
=== Sun Jun 14 08:00:01 AM UTC 2026 UTC ===
2026-06-14 08:00:01,737 [INFO] Fetching cloud sheet …
2026-06-14 08:00:02,569 [INFO] Synced 62 rows to /home/liangrd/Follow_up/Candidates.csv
sync exit: 0
=== Sun Jun 14 08:00:02 AM UTC 2026 UTC done ===
=== Sun Jun 14 09:00:01 AM UTC 2026 UTC ===
2026-06-14 09:00:01,677 [INFO] Fetching cloud sheet …
2026-06-14 09:00:02,270 [INFO] Synced 62 rows to /home/liangrd/Follow_up/Candidates.csv
sync exit: 0
=== Sun Jun 14 09:00:02 AM UTC 2026 UTC done ===
=== Sun Jun 14 10:00:01 AM UTC 2026 UTC ===
2026-06-14 10:00:02,100 [INFO] Fetching cloud sheet …
2026-06-14 10:00:02,941 [INFO] Synced 62 rows to /home/liangrd/Follow_up/Candidates.csv
sync exit: 0
=== Sun Jun 14 10:00:03 AM UTC 2026 UTC done ===
=== Sun Jun 14 11:00:01 AM UTC 2026 UTC ===
2026-06-14 11:00:03,302 [INFO] Fetching cloud sheet …
2026-06-14 11:00:04,045 [INFO] Synced 62 rows to /home/liangrd/Follow_up/Candidates.csv
sync exit: 0
=== Sun Jun 14 11:00:04 AM UTC 2026 UTC done ===
=== Sun Jun 14 12:00:01 PM UTC 2026 UTC ===
2026-06-14 12:00:03,215 [INFO] Fetching cloud sheet …
2026-06-14 12:00:04,158 [INFO] Synced 62 rows to /home/liangrd/Follow_up/Candidates.csv
sync exit: 0
=== Sun Jun 14 12:00:04 PM UTC 2026 UTC done ===
=== Sun Jun 14 01:00:01 PM UTC 2026 UTC ===
2026-06-14 13:00:02,286 [INFO] Fetching cloud sheet …
2026-06-14 13:00:02,918 [INFO] Synced 62 rows to /home/liangrd/Follow_up/Candidates.csv
sync exit: 0
=== Sun Jun 14 01:00:03 PM UTC 2026 UTC done ===
=== Sun Jun 14 02:00:01 PM UTC 2026 UTC ===
2026-06-14 14:00:02,166 [INFO] Fetching cloud sheet …
2026-06-14 14:00:02,985 [INFO] Synced 62 rows to /home/liangrd/Follow_up/Candidates.csv
sync exit: 0
=== Sun Jun 14 02:00:03 PM UTC 2026 UTC done ===
=== Sun Jun 14 03:00:01 PM UTC 2026 UTC ===
2026-06-14 15:00:02,014 [INFO] Fetching cloud sheet …
2026-06-14 15:00:02,729 [INFO] Synced 62 rows to /home/liangrd/Follow_up/Candidates.csv
sync exit: 0
=== Sun Jun 14 03:00:02 PM UTC 2026 UTC done ===
=== Sun Jun 14 04:00:01 PM UTC 2026 UTC ===
2026-06-14 16:00:01,846 [INFO] Fetching cloud sheet …
2026-06-14 16:00:03,131 [INFO] Synced 62 rows to /home/liangrd/Follow_up/Candidates.csv
sync exit: 0
=== Sun Jun 14 04:00:03 PM UTC 2026 UTC done ===
=== Sun Jun 14 05:00:02 PM UTC 2026 UTC ===
2026-06-14 17:00:02,769 [INFO] Fetching cloud sheet …
2026-06-14 17:00:03,519 [INFO] Synced 62 rows to /home/liangrd/Follow_up/Candidates.csv
sync exit: 0
=== Sun Jun 14 05:00:03 PM UTC 2026 UTC done ===
=== Sun Jun 14 06:00:01 PM UTC 2026 UTC ===
2026-06-14 18:00:03,044 [INFO] Fetching cloud sheet …
2026-06-14 18:00:04,009 [INFO] Synced 62 rows to /home/liangrd/Follow_up/Candidates.csv
sync exit: 0
=== Sun Jun 14 06:00:04 PM UTC 2026 UTC done ===
=== Sun Jun 14 07:00:01 PM UTC 2026 UTC ===
2026-06-14 19:00:02,197 [INFO] Fetching cloud sheet …
2026-06-14 19:00:02,737 [INFO] Synced 62 rows to /home/liangrd/Follow_up/Candidates.csv
sync exit: 0
=== Sun Jun 14 07:00:02 PM UTC 2026 UTC done ===
=== Sun Jun 14 08:00:01 PM UTC 2026 UTC ===
2026-06-14 20:00:01,838 [INFO] Fetching cloud sheet …
2026-06-14 20:00:03,123 [INFO] Synced 62 rows to /home/liangrd/Follow_up/Candidates.csv
sync exit: 0
=== Sun Jun 14 08:00:03 PM UTC 2026 UTC done ===
=== Sun Jun 14 09:00:01 PM UTC 2026 UTC ===
2026-06-14 21:00:02,150 [INFO] Fetching cloud sheet …
2026-06-14 21:00:02,691 [INFO] Synced 62 rows to /home/liangrd/Follow_up/Candidates.csv
sync exit: 0
=== Sun Jun 14 09:00:02 PM UTC 2026 UTC done ===
=== Sun Jun 14 10:00:01 PM UTC 2026 UTC ===
2026-06-14 22:00:02,511 [INFO] Fetching cloud sheet …
2026-06-14 22:00:03,343 [INFO] Synced 62 rows to /home/liangrd/Follow_up/Candidates.csv
sync exit: 0
=== Sun Jun 14 10:00:03 PM UTC 2026 UTC done ===
=== Sun Jun 14 11:00:01 PM UTC 2026 UTC ===
2026-06-14 23:00:02,944 [INFO] Fetching cloud sheet …
2026-06-14 23:00:03,600 [INFO] Synced 62 rows to /home/liangrd/Follow_up/Candidates.csv
sync exit: 0
=== Sun Jun 14 11:00:03 PM UTC 2026 UTC done ===
