=== Mon Jun 29 12:00:01 AM UTC 2026 UTC ===
2026-06-29 00:00:03,429 [INFO] Fetching cloud sheet …
2026-06-29 00:00:04,292 [INFO] Synced 66 rows to /home/liangrd/Follow_up/Candidates.csv
sync exit: 0
=== Mon Jun 29 12:00:04 AM UTC 2026 UTC done ===
=== Mon Jun 29 01:00:01 AM UTC 2026 UTC ===
2026-06-29 01:00:02,171 [INFO] Fetching cloud sheet …
2026-06-29 01:00:02,749 [INFO] Synced 66 rows to /home/liangrd/Follow_up/Candidates.csv
sync exit: 0
=== Mon Jun 29 01:00:02 AM UTC 2026 UTC done ===
=== Mon Jun 29 02:00:01 AM UTC 2026 UTC ===
2026-06-29 02:00:02,463 [INFO] Fetching cloud sheet …
2026-06-29 02:00:03,790 [INFO] Synced 66 rows to /home/liangrd/Follow_up/Candidates.csv
sync exit: 0
=== Mon Jun 29 02:00:03 AM UTC 2026 UTC done ===
=== Mon Jun 29 03:00:01 AM UTC 2026 UTC ===
2026-06-29 03:00:02,515 [INFO] Fetching cloud sheet …
2026-06-29 03:00:03,239 [INFO] Synced 66 rows to /home/liangrd/Follow_up/Candidates.csv
sync exit: 0
=== Mon Jun 29 03:00:03 AM UTC 2026 UTC done ===
=== Mon Jun 29 04:00:01 AM UTC 2026 UTC ===
2026-06-29 04:00:02,043 [INFO] Fetching cloud sheet …
2026-06-29 04:00:03,043 [INFO] Synced 66 rows to /home/liangrd/Follow_up/Candidates.csv
sync exit: 0
=== Mon Jun 29 04:00:03 AM UTC 2026 UTC done ===
=== Mon Jun 29 05:00:01 AM UTC 2026 UTC ===
2026-06-29 05:00:02,722 [INFO] Fetching cloud sheet …
2026-06-29 05:00:03,510 [INFO] Synced 66 rows to /home/liangrd/Follow_up/Candidates.csv
sync exit: 0
=== Mon Jun 29 05:00:03 AM UTC 2026 UTC done ===
=== Mon Jun 29 06:00:02 AM UTC 2026 UTC ===
2026-06-29 06:00:03,733 [INFO] Fetching cloud sheet …
2026-06-29 06:00:04,822 [INFO] Synced 66 rows to /home/liangrd/Follow_up/Candidates.csv
sync exit: 0
=== Mon Jun 29 06:00:04 AM UTC 2026 UTC done ===
=== Mon Jun 29 07:00:01 AM UTC 2026 UTC ===
2026-06-29 07:00:01,662 [INFO] Fetching cloud sheet …
2026-06-29 07:00:02,312 [INFO] Synced 66 rows to /home/liangrd/Follow_up/Candidates.csv
sync exit: 0
=== Mon Jun 29 07:00:02 AM UTC 2026 UTC done ===
=== Mon Jun 29 08:00:01 AM UTC 2026 UTC ===
2026-06-29 08:00:02,380 [INFO] Fetching cloud sheet …
2026-06-29 08:00:03,417 [INFO] Synced 66 rows to /home/liangrd/Follow_up/Candidates.csv
sync exit: 0
=== Mon Jun 29 08:00:03 AM UTC 2026 UTC done ===
=== Mon Jun 29 09:00:01 AM UTC 2026 UTC ===
2026-06-29 09:00:02,068 [INFO] Fetching cloud sheet …
2026-06-29 09:00:03,027 [INFO] Synced 66 rows to /home/liangrd/Follow_up/Candidates.csv
sync exit: 0
=== Mon Jun 29 09:00:03 AM UTC 2026 UTC done ===
=== Mon Jun 29 10:00:01 AM UTC 2026 UTC ===
2026-06-29 10:00:02,494 [INFO] Fetching cloud sheet …
2026-06-29 10:00:03,474 [INFO] Synced 66 rows to /home/liangrd/Follow_up/Candidates.csv
sync exit: 0
=== Mon Jun 29 10:00:03 AM UTC 2026 UTC done ===
=== Mon Jun 29 11:00:01 AM UTC 2026 UTC ===
2026-06-29 11:00:02,376 [INFO] Fetching cloud sheet …
2026-06-29 11:00:03,141 [INFO] Synced 66 rows to /home/liangrd/Follow_up/Candidates.csv
sync exit: 0
=== Mon Jun 29 11:00:03 AM UTC 2026 UTC done ===
=== Mon Jun 29 12:00:01 PM UTC 2026 UTC ===
2026-06-29 12:00:03,525 [INFO] Fetching cloud sheet …
2026-06-29 12:00:04,380 [INFO] Synced 66 rows to /home/liangrd/Follow_up/Candidates.csv
sync exit: 0
=== Mon Jun 29 12:00:04 PM UTC 2026 UTC done ===
=== Mon Jun 29 01:00:01 PM UTC 2026 UTC ===
2026-06-29 13:00:02,262 [INFO] Fetching cloud sheet …
2026-06-29 13:00:02,874 [INFO] Synced 66 rows to /home/liangrd/Follow_up/Candidates.csv
sync exit: 0
=== Mon Jun 29 01:00:02 PM UTC 2026 UTC done ===
=== Mon Jun 29 02:00:01 PM UTC 2026 UTC ===
2026-06-29 14:00:01,878 [INFO] Fetching cloud sheet …
2026-06-29 14:00:03,082 [INFO] Synced 66 rows to /home/liangrd/Follow_up/Candidates.csv
sync exit: 0
=== Mon Jun 29 02:00:03 PM UTC 2026 UTC done ===
=== Mon Jun 29 03:00:01 PM UTC 2026 UTC ===
2026-06-29 15:00:02,010 [INFO] Fetching cloud sheet …
2026-06-29 15:00:02,571 [INFO] Synced 66 rows to /home/liangrd/Follow_up/Candidates.csv
sync exit: 0
=== Mon Jun 29 03:00:02 PM UTC 2026 UTC done ===
=== Mon Jun 29 04:00:01 PM UTC 2026 UTC ===
2026-06-29 16:00:02,339 [INFO] Fetching cloud sheet …
2026-06-29 16:00:03,094 [INFO] Synced 66 rows to /home/liangrd/Follow_up/Candidates.csv
sync exit: 0
=== Mon Jun 29 04:00:03 PM UTC 2026 UTC done ===
=== Mon Jun 29 05:00:01 PM UTC 2026 UTC ===
2026-06-29 17:00:03,491 [INFO] Fetching cloud sheet …
2026-06-29 17:00:04,162 [INFO] Synced 66 rows to /home/liangrd/Follow_up/Candidates.csv
sync exit: 0
=== Mon Jun 29 05:00:04 PM UTC 2026 UTC done ===
=== Mon Jun 29 06:00:01 PM UTC 2026 UTC ===
2026-06-29 18:00:02,947 [INFO] Fetching cloud sheet …
2026-06-29 18:00:03,664 [INFO] Synced 66 rows to /home/liangrd/Follow_up/Candidates.csv
sync exit: 0
=== Mon Jun 29 06:00:03 PM UTC 2026 UTC done ===
=== Mon Jun 29 07:00:01 PM UTC 2026 UTC ===
2026-06-29 19:00:02,532 [INFO] Fetching cloud sheet …
2026-06-29 19:00:03,218 [INFO] Synced 66 rows to /home/liangrd/Follow_up/Candidates.csv
sync exit: 0
=== Mon Jun 29 07:00:03 PM UTC 2026 UTC done ===
=== Mon Jun 29 08:00:01 PM UTC 2026 UTC ===
2026-06-29 20:00:02,014 [INFO] Fetching cloud sheet …
2026-06-29 20:00:02,958 [INFO] Synced 66 rows to /home/liangrd/Follow_up/Candidates.csv
sync exit: 0
=== Mon Jun 29 08:00:03 PM UTC 2026 UTC done ===
=== Mon Jun 29 09:00:01 PM UTC 2026 UTC ===
2026-06-29 21:00:01,749 [INFO] Fetching cloud sheet …
2026-06-29 21:00:02,506 [INFO] Synced 66 rows to /home/liangrd/Follow_up/Candidates.csv
sync exit: 0
=== Mon Jun 29 09:00:02 PM UTC 2026 UTC done ===
=== Mon Jun 29 10:00:01 PM UTC 2026 UTC ===
2026-06-29 22:00:02,422 [INFO] Fetching cloud sheet …
2026-06-29 22:00:03,109 [INFO] Synced 66 rows to /home/liangrd/Follow_up/Candidates.csv
sync exit: 0
=== Mon Jun 29 10:00:03 PM UTC 2026 UTC done ===
=== Mon Jun 29 11:00:01 PM UTC 2026 UTC ===
2026-06-29 23:00:03,089 [INFO] Fetching cloud sheet …
2026-06-29 23:00:03,630 [INFO] Synced 66 rows to /home/liangrd/Follow_up/Candidates.csv
sync exit: 0
=== Mon Jun 29 11:00:03 PM UTC 2026 UTC done ===
