=== Tue Jun  9 12:00:01 AM UTC 2026 UTC ===
2026-06-09 00:00:02,881 [INFO] Fetching cloud sheet …
2026-06-09 00:00:03,789 [INFO] Synced 60 rows to /home/liangrd/Follow_up/Candidates.csv
sync exit: 0
=== Tue Jun  9 12:00:03 AM UTC 2026 UTC done ===
=== Tue Jun  9 01:00:01 AM UTC 2026 UTC ===
2026-06-09 01:00:01,673 [INFO] Fetching cloud sheet …
2026-06-09 01:00:02,566 [INFO] Synced 60 rows to /home/liangrd/Follow_up/Candidates.csv
sync exit: 0
=== Tue Jun  9 01:00:02 AM UTC 2026 UTC done ===
=== Tue Jun  9 02:00:01 AM UTC 2026 UTC ===
2026-06-09 02:00:01,686 [INFO] Fetching cloud sheet …
2026-06-09 02:00:02,941 [INFO] Synced 60 rows to /home/liangrd/Follow_up/Candidates.csv
sync exit: 0
=== Tue Jun  9 02:00:03 AM UTC 2026 UTC done ===
=== Tue Jun  9 03:00:01 AM UTC 2026 UTC ===
2026-06-09 03:00:01,680 [INFO] Fetching cloud sheet …
2026-06-09 03:00:02,983 [INFO] Synced 60 rows to /home/liangrd/Follow_up/Candidates.csv
sync exit: 0
=== Tue Jun  9 03:00:03 AM UTC 2026 UTC done ===
=== Tue Jun  9 04:00:01 AM UTC 2026 UTC ===
2026-06-09 04:00:01,655 [INFO] Fetching cloud sheet …
2026-06-09 04:00:02,624 [INFO] Synced 60 rows to /home/liangrd/Follow_up/Candidates.csv
sync exit: 0
=== Tue Jun  9 04:00:02 AM UTC 2026 UTC done ===
=== Tue Jun  9 05:00:01 AM UTC 2026 UTC ===
2026-06-09 05:00:03,648 [INFO] Fetching cloud sheet …
2026-06-09 05:00:04,445 [INFO] Synced 60 rows to /home/liangrd/Follow_up/Candidates.csv
sync exit: 0
=== Tue Jun  9 05:00:04 AM UTC 2026 UTC done ===
=== Tue Jun  9 06:00:01 AM UTC 2026 UTC ===
2026-06-09 06:00:03,483 [INFO] Fetching cloud sheet …
2026-06-09 06:00:04,621 [INFO] Synced 60 rows to /home/liangrd/Follow_up/Candidates.csv
sync exit: 0
=== Tue Jun  9 06:00:04 AM UTC 2026 UTC done ===
=== Tue Jun  9 07:00:01 AM UTC 2026 UTC ===
2026-06-09 07:00:02,513 [INFO] Fetching cloud sheet …
2026-06-09 07:00:03,423 [INFO] Synced 60 rows to /home/liangrd/Follow_up/Candidates.csv
sync exit: 0
=== Tue Jun  9 07:00:03 AM UTC 2026 UTC done ===
=== Tue Jun  9 08:00:01 AM UTC 2026 UTC ===
2026-06-09 08:00:01,744 [INFO] Fetching cloud sheet …
2026-06-09 08:00:03,576 [INFO] Synced 61 rows to /home/liangrd/Follow_up/Candidates.csv
sync exit: 0
=== Tue Jun  9 08:00:03 AM UTC 2026 UTC done ===
=== Tue Jun  9 09:00:01 AM UTC 2026 UTC ===
2026-06-09 09:00:02,416 [INFO] Fetching cloud sheet …
2026-06-09 09:00:03,285 [INFO] Synced 61 rows to /home/liangrd/Follow_up/Candidates.csv
sync exit: 0
=== Tue Jun  9 09:00:03 AM UTC 2026 UTC done ===
=== Tue Jun  9 10:00:01 AM UTC 2026 UTC ===
2026-06-09 10:00:01,977 [INFO] Fetching cloud sheet …
2026-06-09 10:00:03,130 [INFO] Synced 61 rows to /home/liangrd/Follow_up/Candidates.csv
sync exit: 0
=== Tue Jun  9 10:00:03 AM UTC 2026 UTC done ===
=== Tue Jun  9 11:00:01 AM UTC 2026 UTC ===
2026-06-09 11:00:03,017 [INFO] Fetching cloud sheet …
2026-06-09 11:00:03,871 [INFO] Synced 61 rows to /home/liangrd/Follow_up/Candidates.csv
sync exit: 0
=== Tue Jun  9 11:00:04 AM UTC 2026 UTC done ===
=== Tue Jun  9 12:00:01 PM UTC 2026 UTC ===
2026-06-09 12:00:02,996 [INFO] Fetching cloud sheet …
2026-06-09 12:00:04,083 [INFO] Synced 61 rows to /home/liangrd/Follow_up/Candidates.csv
sync exit: 0
=== Tue Jun  9 12:00:04 PM UTC 2026 UTC done ===
=== Tue Jun  9 01:00:01 PM UTC 2026 UTC ===
2026-06-09 13:00:02,021 [INFO] Fetching cloud sheet …
2026-06-09 13:00:02,816 [INFO] Synced 61 rows to /home/liangrd/Follow_up/Candidates.csv
sync exit: 0
=== Tue Jun  9 01:00:02 PM UTC 2026 UTC done ===
=== Tue Jun  9 02:00:01 PM UTC 2026 UTC ===
2026-06-09 14:00:01,746 [INFO] Fetching cloud sheet …
2026-06-09 14:00:02,906 [INFO] Synced 61 rows to /home/liangrd/Follow_up/Candidates.csv
sync exit: 0
=== Tue Jun  9 02:00:02 PM UTC 2026 UTC done ===
=== Tue Jun  9 03:00:01 PM UTC 2026 UTC ===
2026-06-09 15:00:02,307 [INFO] Fetching cloud sheet …
2026-06-09 15:00:02,976 [INFO] Synced 61 rows to /home/liangrd/Follow_up/Candidates.csv
sync exit: 0
=== Tue Jun  9 03:00:03 PM UTC 2026 UTC done ===
=== Tue Jun  9 04:00:01 PM UTC 2026 UTC ===
2026-06-09 16:00:01,831 [INFO] Fetching cloud sheet …
2026-06-09 16:00:02,905 [INFO] Synced 61 rows to /home/liangrd/Follow_up/Candidates.csv
sync exit: 0
=== Tue Jun  9 04:00:03 PM UTC 2026 UTC done ===
=== Tue Jun  9 05:00:01 PM UTC 2026 UTC ===
2026-06-09 17:00:03,565 [INFO] Fetching cloud sheet …
2026-06-09 17:00:04,345 [INFO] Synced 61 rows to /home/liangrd/Follow_up/Candidates.csv
sync exit: 0
=== Tue Jun  9 05:00:04 PM UTC 2026 UTC done ===
=== Tue Jun  9 06:00:01 PM UTC 2026 UTC ===
2026-06-09 18:00:03,649 [INFO] Fetching cloud sheet …
2026-06-09 18:00:04,582 [INFO] Synced 61 rows to /home/liangrd/Follow_up/Candidates.csv
sync exit: 0
=== Tue Jun  9 06:00:04 PM UTC 2026 UTC done ===
=== Tue Jun  9 07:00:01 PM UTC 2026 UTC ===
2026-06-09 19:00:02,466 [INFO] Fetching cloud sheet …
2026-06-09 19:00:03,096 [INFO] Synced 61 rows to /home/liangrd/Follow_up/Candidates.csv
sync exit: 0
=== Tue Jun  9 07:00:03 PM UTC 2026 UTC done ===
=== Tue Jun  9 08:00:01 PM UTC 2026 UTC ===
2026-06-09 20:00:01,868 [INFO] Fetching cloud sheet …
2026-06-09 20:00:02,875 [INFO] Synced 61 rows to /home/liangrd/Follow_up/Candidates.csv
sync exit: 0
=== Tue Jun  9 08:00:02 PM UTC 2026 UTC done ===
=== Tue Jun  9 09:00:01 PM UTC 2026 UTC ===
2026-06-09 21:00:01,634 [INFO] Fetching cloud sheet …
2026-06-09 21:00:02,480 [INFO] Synced 61 rows to /home/liangrd/Follow_up/Candidates.csv
sync exit: 0
=== Tue Jun  9 09:00:02 PM UTC 2026 UTC done ===
=== Tue Jun  9 10:00:01 PM UTC 2026 UTC ===
2026-06-09 22:00:02,350 [INFO] Fetching cloud sheet …
2026-06-09 22:00:03,232 [INFO] Synced 61 rows to /home/liangrd/Follow_up/Candidates.csv
sync exit: 0
=== Tue Jun  9 10:00:03 PM UTC 2026 UTC done ===
=== Tue Jun  9 11:00:01 PM UTC 2026 UTC ===
2026-06-09 23:00:03,316 [INFO] Fetching cloud sheet …
2026-06-09 23:00:04,092 [INFO] Synced 61 rows to /home/liangrd/Follow_up/Candidates.csv
sync exit: 0
=== Tue Jun  9 11:00:04 PM UTC 2026 UTC done ===
