=== Mon Jun 22 12:00:01 AM UTC 2026 UTC ===
2026-06-22 00:00:03,007 [INFO] Fetching cloud sheet …
2026-06-22 00:00:03,888 [INFO] Synced 64 rows to /home/liangrd/Follow_up/Candidates.csv
sync exit: 0
=== Mon Jun 22 12:00:04 AM UTC 2026 UTC done ===
=== Mon Jun 22 01:00:01 AM UTC 2026 UTC ===
2026-06-22 01:00:02,366 [INFO] Fetching cloud sheet …
2026-06-22 01:00:02,951 [INFO] Synced 64 rows to /home/liangrd/Follow_up/Candidates.csv
sync exit: 0
=== Mon Jun 22 01:00:03 AM UTC 2026 UTC done ===
=== Mon Jun 22 02:00:01 AM UTC 2026 UTC ===
2026-06-22 02:00:02,350 [INFO] Fetching cloud sheet …
2026-06-22 02:00:03,325 [INFO] Synced 64 rows to /home/liangrd/Follow_up/Candidates.csv
sync exit: 0
=== Mon Jun 22 02:00:03 AM UTC 2026 UTC done ===
=== Mon Jun 22 03:00:01 AM UTC 2026 UTC ===
2026-06-22 03:00:01,740 [INFO] Fetching cloud sheet …
2026-06-22 03:00:02,415 [INFO] Synced 64 rows to /home/liangrd/Follow_up/Candidates.csv
sync exit: 0
=== Mon Jun 22 03:00:02 AM UTC 2026 UTC done ===
=== Mon Jun 22 04:00:01 AM UTC 2026 UTC ===
2026-06-22 04:00:01,795 [INFO] Fetching cloud sheet …
2026-06-22 04:00:02,662 [INFO] Synced 64 rows to /home/liangrd/Follow_up/Candidates.csv
sync exit: 0
=== Mon Jun 22 04:00:02 AM UTC 2026 UTC done ===
=== Mon Jun 22 05:00:01 AM UTC 2026 UTC ===
2026-06-22 05:00:02,089 [INFO] Fetching cloud sheet …
2026-06-22 05:00:02,823 [INFO] Synced 64 rows to /home/liangrd/Follow_up/Candidates.csv
sync exit: 0
=== Mon Jun 22 05:00:02 AM UTC 2026 UTC done ===
=== Mon Jun 22 06:00:01 AM UTC 2026 UTC ===
2026-06-22 06:00:02,758 [INFO] Fetching cloud sheet …
2026-06-22 06:00:03,712 [INFO] Synced 64 rows to /home/liangrd/Follow_up/Candidates.csv
sync exit: 0
=== Mon Jun 22 06:00:03 AM UTC 2026 UTC done ===
=== Mon Jun 22 07:00:01 AM UTC 2026 UTC ===
2026-06-22 07:00:02,114 [INFO] Fetching cloud sheet …
2026-06-22 07:00:02,816 [INFO] Synced 64 rows to /home/liangrd/Follow_up/Candidates.csv
sync exit: 0
=== Mon Jun 22 07:00:02 AM UTC 2026 UTC done ===
=== Mon Jun 22 08:00:01 AM UTC 2026 UTC ===
2026-06-22 08:00:01,882 [INFO] Fetching cloud sheet …
2026-06-22 08:00:03,446 [INFO] Synced 64 rows to /home/liangrd/Follow_up/Candidates.csv
sync exit: 0
=== Mon Jun 22 08:00:03 AM UTC 2026 UTC done ===
=== Mon Jun 22 09:00:01 AM UTC 2026 UTC ===
2026-06-22 09:00:01,864 [INFO] Fetching cloud sheet …
2026-06-22 09:00:02,808 [INFO] Synced 65 rows to /home/liangrd/Follow_up/Candidates.csv
sync exit: 0
=== Mon Jun 22 09:00:02 AM UTC 2026 UTC done ===
=== Mon Jun 22 10:00:01 AM UTC 2026 UTC ===
2026-06-22 10:00:01,842 [INFO] Fetching cloud sheet …
2026-06-22 10:00:03,401 [INFO] Synced 65 rows to /home/liangrd/Follow_up/Candidates.csv
sync exit: 0
=== Mon Jun 22 10:00:03 AM UTC 2026 UTC done ===
=== Mon Jun 22 11:00:01 AM UTC 2026 UTC ===
2026-06-22 11:00:02,908 [INFO] Fetching cloud sheet …
2026-06-22 11:00:03,649 [INFO] Synced 65 rows to /home/liangrd/Follow_up/Candidates.csv
sync exit: 0
=== Mon Jun 22 11:00:03 AM UTC 2026 UTC done ===
=== Mon Jun 22 12:00:01 PM UTC 2026 UTC ===
2026-06-22 12:00:02,244 [INFO] Fetching cloud sheet …
2026-06-22 12:00:03,191 [INFO] Synced 65 rows to /home/liangrd/Follow_up/Candidates.csv
sync exit: 0
=== Mon Jun 22 12:00:03 PM UTC 2026 UTC done ===
=== Mon Jun 22 01:00:01 PM UTC 2026 UTC ===
2026-06-22 13:00:01,591 [INFO] Fetching cloud sheet …
2026-06-22 13:00:02,173 [INFO] Synced 65 rows to /home/liangrd/Follow_up/Candidates.csv
sync exit: 0
=== Mon Jun 22 01:00:02 PM UTC 2026 UTC done ===
=== Mon Jun 22 02:00:01 PM UTC 2026 UTC ===
2026-06-22 14:00:01,918 [INFO] Fetching cloud sheet …
2026-06-22 14:00:02,658 [INFO] Synced 65 rows to /home/liangrd/Follow_up/Candidates.csv
sync exit: 0
=== Mon Jun 22 02:00:02 PM UTC 2026 UTC done ===
=== Mon Jun 22 03:00:01 PM UTC 2026 UTC ===
2026-06-22 15:00:02,166 [INFO] Fetching cloud sheet …
2026-06-22 15:00:02,706 [INFO] Synced 65 rows to /home/liangrd/Follow_up/Candidates.csv
sync exit: 0
=== Mon Jun 22 03:00:02 PM UTC 2026 UTC done ===
=== Mon Jun 22 04:00:01 PM UTC 2026 UTC ===
2026-06-22 16:00:02,154 [INFO] Fetching cloud sheet …
2026-06-22 16:00:02,838 [INFO] Synced 65 rows to /home/liangrd/Follow_up/Candidates.csv
sync exit: 0
=== Mon Jun 22 04:00:02 PM UTC 2026 UTC done ===
=== Mon Jun 22 05:00:01 PM UTC 2026 UTC ===
2026-06-22 17:00:02,581 [INFO] Fetching cloud sheet …
2026-06-22 17:00:03,323 [INFO] Synced 65 rows to /home/liangrd/Follow_up/Candidates.csv
sync exit: 0
=== Mon Jun 22 05:00:03 PM UTC 2026 UTC done ===
=== Mon Jun 22 06:00:01 PM UTC 2026 UTC ===
2026-06-22 18:00:03,059 [INFO] Fetching cloud sheet …
2026-06-22 18:00:03,871 [INFO] Synced 65 rows to /home/liangrd/Follow_up/Candidates.csv
sync exit: 0
=== Mon Jun 22 06:00:04 PM UTC 2026 UTC done ===
=== Mon Jun 22 07:00:01 PM UTC 2026 UTC ===
2026-06-22 19:00:02,401 [INFO] Fetching cloud sheet …
2026-06-22 19:00:02,897 [INFO] Synced 65 rows to /home/liangrd/Follow_up/Candidates.csv
sync exit: 0
=== Mon Jun 22 07:00:03 PM UTC 2026 UTC done ===
=== Mon Jun 22 08:00:01 PM UTC 2026 UTC ===
2026-06-22 20:00:02,256 [INFO] Fetching cloud sheet …
2026-06-22 20:00:02,938 [INFO] Synced 65 rows to /home/liangrd/Follow_up/Candidates.csv
sync exit: 0
=== Mon Jun 22 08:00:03 PM UTC 2026 UTC done ===
=== Mon Jun 22 09:00:01 PM UTC 2026 UTC ===
2026-06-22 21:00:02,338 [INFO] Fetching cloud sheet …
2026-06-22 21:00:02,824 [INFO] Synced 65 rows to /home/liangrd/Follow_up/Candidates.csv
sync exit: 0
=== Mon Jun 22 09:00:02 PM UTC 2026 UTC done ===
=== Mon Jun 22 10:00:01 PM UTC 2026 UTC ===
2026-06-22 22:00:02,410 [INFO] Fetching cloud sheet …
2026-06-22 22:00:03,138 [INFO] Synced 65 rows to /home/liangrd/Follow_up/Candidates.csv
sync exit: 0
=== Mon Jun 22 10:00:03 PM UTC 2026 UTC done ===
=== Mon Jun 22 11:00:01 PM UTC 2026 UTC ===
2026-06-22 23:01:05,825 [INFO] Fetching cloud sheet …
2026-06-22 23:01:06,532 [INFO] Synced 65 rows to /home/liangrd/Follow_up/Candidates.csv
sync exit: 0
=== Mon Jun 22 11:01:06 PM UTC 2026 UTC done ===
