=== Wed Jun 17 12:00:01 AM UTC 2026 UTC ===
2026-06-17 00:00:02,208 [INFO] Fetching cloud sheet …
2026-06-17 00:00:03,046 [INFO] Synced 63 rows to /home/liangrd/Follow_up/Candidates.csv
sync exit: 0
=== Wed Jun 17 12:00:03 AM UTC 2026 UTC done ===
=== Wed Jun 17 01:00:01 AM UTC 2026 UTC ===
2026-06-17 01:00:02,179 [INFO] Fetching cloud sheet …
2026-06-17 01:00:02,931 [INFO] Synced 63 rows to /home/liangrd/Follow_up/Candidates.csv
sync exit: 0
=== Wed Jun 17 01:00:03 AM UTC 2026 UTC done ===
=== Wed Jun 17 02:00:01 AM UTC 2026 UTC ===
2026-06-17 02:00:02,195 [INFO] Fetching cloud sheet …
2026-06-17 02:00:03,301 [INFO] Synced 63 rows to /home/liangrd/Follow_up/Candidates.csv
sync exit: 0
=== Wed Jun 17 02:00:03 AM UTC 2026 UTC done ===
=== Wed Jun 17 03:00:01 AM UTC 2026 UTC ===
2026-06-17 03:00:02,446 [INFO] Fetching cloud sheet …
2026-06-17 03:00:03,343 [INFO] Synced 63 rows to /home/liangrd/Follow_up/Candidates.csv
sync exit: 0
=== Wed Jun 17 03:00:03 AM UTC 2026 UTC done ===
=== Wed Jun 17 04:00:01 AM UTC 2026 UTC ===
2026-06-17 04:00:02,519 [INFO] Fetching cloud sheet …
2026-06-17 04:00:03,443 [INFO] Synced 63 rows to /home/liangrd/Follow_up/Candidates.csv
sync exit: 0
=== Wed Jun 17 04:00:03 AM UTC 2026 UTC done ===
=== Wed Jun 17 05:00:01 AM UTC 2026 UTC ===
2026-06-17 05:00:02,526 [INFO] Fetching cloud sheet …
2026-06-17 05:00:03,401 [INFO] Synced 63 rows to /home/liangrd/Follow_up/Candidates.csv
sync exit: 0
=== Wed Jun 17 05:00:03 AM UTC 2026 UTC done ===
=== Wed Jun 17 06:00:01 AM UTC 2026 UTC ===
2026-06-17 06:00:03,408 [INFO] Fetching cloud sheet …
2026-06-17 06:00:04,573 [INFO] Synced 63 rows to /home/liangrd/Follow_up/Candidates.csv
sync exit: 0
=== Wed Jun 17 06:00:04 AM UTC 2026 UTC done ===
=== Wed Jun 17 07:00:01 AM UTC 2026 UTC ===
2026-06-17 07:00:01,890 [INFO] Fetching cloud sheet …
2026-06-17 07:00:02,599 [INFO] Synced 63 rows to /home/liangrd/Follow_up/Candidates.csv
sync exit: 0
=== Wed Jun 17 07:00:02 AM UTC 2026 UTC done ===
=== Wed Jun 17 08:00:01 AM UTC 2026 UTC ===
2026-06-17 08:00:01,863 [INFO] Fetching cloud sheet …
2026-06-17 08:00:02,996 [INFO] Synced 63 rows to /home/liangrd/Follow_up/Candidates.csv
sync exit: 0
=== Wed Jun 17 08:00:03 AM UTC 2026 UTC done ===
=== Wed Jun 17 09:00:01 AM UTC 2026 UTC ===
2026-06-17 09:00:02,176 [INFO] Fetching cloud sheet …
2026-06-17 09:00:03,102 [INFO] Synced 63 rows to /home/liangrd/Follow_up/Candidates.csv
sync exit: 0
=== Wed Jun 17 09:00:03 AM UTC 2026 UTC done ===
=== Wed Jun 17 10:00:01 AM UTC 2026 UTC ===
2026-06-17 10:00:02,244 [INFO] Fetching cloud sheet …
2026-06-17 10:00:03,625 [INFO] Synced 63 rows to /home/liangrd/Follow_up/Candidates.csv
sync exit: 0
=== Wed Jun 17 10:00:03 AM UTC 2026 UTC done ===
=== Wed Jun 17 11:00:01 AM UTC 2026 UTC ===
2026-06-17 11:00:03,255 [INFO] Fetching cloud sheet …
2026-06-17 11:00:04,013 [INFO] Synced 63 rows to /home/liangrd/Follow_up/Candidates.csv
sync exit: 0
=== Wed Jun 17 11:00:04 AM UTC 2026 UTC done ===
=== Wed Jun 17 12:00:01 PM UTC 2026 UTC ===
2026-06-17 12:00:02,411 [INFO] Fetching cloud sheet …
2026-06-17 12:00:03,354 [INFO] Synced 63 rows to /home/liangrd/Follow_up/Candidates.csv
sync exit: 0
=== Wed Jun 17 12:00:03 PM UTC 2026 UTC done ===
=== Wed Jun 17 01:00:01 PM UTC 2026 UTC ===
2026-06-17 13:00:02,527 [INFO] Fetching cloud sheet …
2026-06-17 13:00:03,186 [INFO] Synced 63 rows to /home/liangrd/Follow_up/Candidates.csv
sync exit: 0
=== Wed Jun 17 01:00:03 PM UTC 2026 UTC done ===
=== Wed Jun 17 02:00:01 PM UTC 2026 UTC ===
2026-06-17 14:00:01,984 [INFO] Fetching cloud sheet …
2026-06-17 14:00:02,839 [INFO] Synced 63 rows to /home/liangrd/Follow_up/Candidates.csv
sync exit: 0
=== Wed Jun 17 02:00:02 PM UTC 2026 UTC done ===
=== Wed Jun 17 03:00:01 PM UTC 2026 UTC ===
2026-06-17 15:00:01,826 [INFO] Fetching cloud sheet …
2026-06-17 15:00:02,415 [INFO] Synced 63 rows to /home/liangrd/Follow_up/Candidates.csv
sync exit: 0
=== Wed Jun 17 03:00:02 PM UTC 2026 UTC done ===
=== Wed Jun 17 04:00:01 PM UTC 2026 UTC ===
2026-06-17 16:00:01,637 [INFO] Fetching cloud sheet …
2026-06-17 16:00:02,665 [INFO] Synced 63 rows to /home/liangrd/Follow_up/Candidates.csv
sync exit: 0
=== Wed Jun 17 04:00:02 PM UTC 2026 UTC done ===
=== Wed Jun 17 05:00:01 PM UTC 2026 UTC ===
2026-06-17 17:00:02,953 [INFO] Fetching cloud sheet …
2026-06-17 17:00:03,650 [INFO] Synced 63 rows to /home/liangrd/Follow_up/Candidates.csv
sync exit: 0
=== Wed Jun 17 05:00:03 PM UTC 2026 UTC done ===
=== Wed Jun 17 06:00:01 PM UTC 2026 UTC ===
2026-06-17 18:00:01,729 [INFO] Fetching cloud sheet …
2026-06-17 18:00:02,447 [INFO] Synced 63 rows to /home/liangrd/Follow_up/Candidates.csv
sync exit: 0
=== Wed Jun 17 06:00:02 PM UTC 2026 UTC done ===
=== Wed Jun 17 07:00:01 PM UTC 2026 UTC ===
2026-06-17 19:00:01,597 [INFO] Fetching cloud sheet …
2026-06-17 19:00:02,406 [INFO] Synced 63 rows to /home/liangrd/Follow_up/Candidates.csv
sync exit: 0
=== Wed Jun 17 07:00:02 PM UTC 2026 UTC done ===
=== Wed Jun 17 08:00:01 PM UTC 2026 UTC ===
2026-06-17 20:00:01,647 [INFO] Fetching cloud sheet …
2026-06-17 20:00:02,720 [INFO] Synced 63 rows to /home/liangrd/Follow_up/Candidates.csv
sync exit: 0
=== Wed Jun 17 08:00:02 PM UTC 2026 UTC done ===
=== Wed Jun 17 09:00:01 PM UTC 2026 UTC ===
2026-06-17 21:00:01,920 [INFO] Fetching cloud sheet …
2026-06-17 21:00:02,730 [INFO] Synced 63 rows to /home/liangrd/Follow_up/Candidates.csv
sync exit: 0
=== Wed Jun 17 09:00:02 PM UTC 2026 UTC done ===
=== Wed Jun 17 10:00:01 PM UTC 2026 UTC ===
2026-06-17 22:00:02,483 [INFO] Fetching cloud sheet …
2026-06-17 22:00:03,154 [INFO] Synced 63 rows to /home/liangrd/Follow_up/Candidates.csv
sync exit: 0
=== Wed Jun 17 10:00:03 PM UTC 2026 UTC done ===
=== Wed Jun 17 11:00:01 PM UTC 2026 UTC ===
2026-06-17 23:00:03,037 [INFO] Fetching cloud sheet …
2026-06-17 23:00:03,721 [INFO] Synced 63 rows to /home/liangrd/Follow_up/Candidates.csv
sync exit: 0
=== Wed Jun 17 11:00:03 PM UTC 2026 UTC done ===
