=== Tue Jun 16 12:00:01 AM UTC 2026 UTC ===
2026-06-16 00:00:03,641 [INFO] Fetching cloud sheet …
2026-06-16 00:00:04,686 [INFO] Synced 63 rows to /home/liangrd/Follow_up/Candidates.csv
sync exit: 0
=== Tue Jun 16 12:00:04 AM UTC 2026 UTC done ===
=== Tue Jun 16 01:00:01 AM UTC 2026 UTC ===
2026-06-16 01:00:01,868 [INFO] Fetching cloud sheet …
2026-06-16 01:00:02,475 [INFO] Synced 63 rows to /home/liangrd/Follow_up/Candidates.csv
sync exit: 0
=== Tue Jun 16 01:00:02 AM UTC 2026 UTC done ===
=== Tue Jun 16 02:00:01 AM UTC 2026 UTC ===
2026-06-16 02:00:02,323 [INFO] Fetching cloud sheet …
2026-06-16 02:00:03,564 [INFO] Synced 63 rows to /home/liangrd/Follow_up/Candidates.csv
sync exit: 0
=== Tue Jun 16 02:00:03 AM UTC 2026 UTC done ===
=== Tue Jun 16 03:00:01 AM UTC 2026 UTC ===
2026-06-16 03:00:01,693 [INFO] Fetching cloud sheet …
2026-06-16 03:00:02,746 [INFO] Synced 63 rows to /home/liangrd/Follow_up/Candidates.csv
sync exit: 0
=== Tue Jun 16 03:00:02 AM UTC 2026 UTC done ===
=== Tue Jun 16 04:00:01 AM UTC 2026 UTC ===
2026-06-16 04:00:01,925 [INFO] Fetching cloud sheet …
2026-06-16 04:00:03,002 [INFO] Synced 63 rows to /home/liangrd/Follow_up/Candidates.csv
sync exit: 0
=== Tue Jun 16 04:00:03 AM UTC 2026 UTC done ===
=== Tue Jun 16 05:00:01 AM UTC 2026 UTC ===
2026-06-16 05:00:03,596 [INFO] Fetching cloud sheet …
2026-06-16 05:00:04,404 [INFO] Synced 63 rows to /home/liangrd/Follow_up/Candidates.csv
sync exit: 0
=== Tue Jun 16 05:00:04 AM UTC 2026 UTC done ===
=== Tue Jun 16 06:00:01 AM UTC 2026 UTC ===
2026-06-16 06:00:02,467 [INFO] Fetching cloud sheet …
2026-06-16 06:00:03,658 [INFO] Synced 63 rows to /home/liangrd/Follow_up/Candidates.csv
sync exit: 0
=== Tue Jun 16 06:00:03 AM UTC 2026 UTC done ===
=== Tue Jun 16 07:00:01 AM UTC 2026 UTC ===
2026-06-16 07:00:01,814 [INFO] Fetching cloud sheet …
2026-06-16 07:00:02,776 [INFO] Synced 63 rows to /home/liangrd/Follow_up/Candidates.csv
sync exit: 0
=== Tue Jun 16 07:00:02 AM UTC 2026 UTC done ===
=== Tue Jun 16 08:00:01 AM UTC 2026 UTC ===
2026-06-16 08:00:01,688 [INFO] Fetching cloud sheet …
2026-06-16 08:00:03,334 [INFO] Synced 63 rows to /home/liangrd/Follow_up/Candidates.csv
sync exit: 0
=== Tue Jun 16 08:00:03 AM UTC 2026 UTC done ===
=== Tue Jun 16 09:00:02 AM UTC 2026 UTC ===
2026-06-16 09:00:02,546 [INFO] Fetching cloud sheet …
2026-06-16 09:00:03,570 [INFO] Synced 63 rows to /home/liangrd/Follow_up/Candidates.csv
sync exit: 0
=== Tue Jun 16 09:00:03 AM UTC 2026 UTC done ===
=== Tue Jun 16 10:00:01 AM UTC 2026 UTC ===
2026-06-16 10:00:01,638 [INFO] Fetching cloud sheet …
2026-06-16 10:00:02,643 [INFO] Synced 63 rows to /home/liangrd/Follow_up/Candidates.csv
sync exit: 0
=== Tue Jun 16 10:00:02 AM UTC 2026 UTC done ===
=== Tue Jun 16 11:01:06 AM UTC 2026 UTC ===
2026-06-16 11:01:07,976 [INFO] Fetching cloud sheet …
2026-06-16 11:01:08,888 [INFO] Synced 63 rows to /home/liangrd/Follow_up/Candidates.csv
sync exit: 0
=== Tue Jun 16 11:01:09 AM UTC 2026 UTC done ===
=== Tue Jun 16 12:00:01 PM UTC 2026 UTC ===
2026-06-16 12:00:02,262 [INFO] Fetching cloud sheet …
2026-06-16 12:00:03,193 [INFO] Synced 63 rows to /home/liangrd/Follow_up/Candidates.csv
sync exit: 0
=== Tue Jun 16 12:00:03 PM UTC 2026 UTC done ===
=== Tue Jun 16 01:00:01 PM UTC 2026 UTC ===
2026-06-16 13:00:02,400 [INFO] Fetching cloud sheet …
2026-06-16 13:00:03,080 [INFO] Synced 63 rows to /home/liangrd/Follow_up/Candidates.csv
sync exit: 0
=== Tue Jun 16 01:00:03 PM UTC 2026 UTC done ===
=== Tue Jun 16 02:00:01 PM UTC 2026 UTC ===
2026-06-16 14:00:02,494 [INFO] Fetching cloud sheet …
2026-06-16 14:00:03,666 [INFO] Synced 63 rows to /home/liangrd/Follow_up/Candidates.csv
sync exit: 0
=== Tue Jun 16 02:00:03 PM UTC 2026 UTC done ===
=== Tue Jun 16 03:00:01 PM UTC 2026 UTC ===
2026-06-16 15:00:02,399 [INFO] Fetching cloud sheet …
2026-06-16 15:00:03,127 [INFO] Synced 63 rows to /home/liangrd/Follow_up/Candidates.csv
sync exit: 0
=== Tue Jun 16 03:00:03 PM UTC 2026 UTC done ===
=== Tue Jun 16 04:00:01 PM UTC 2026 UTC ===
2026-06-16 16:00:02,362 [INFO] Fetching cloud sheet …
2026-06-16 16:00:03,114 [INFO] Synced 63 rows to /home/liangrd/Follow_up/Candidates.csv
sync exit: 0
=== Tue Jun 16 04:00:03 PM UTC 2026 UTC done ===
=== Tue Jun 16 05:00:44 PM UTC 2026 UTC ===
2026-06-16 17:00:46,532 [INFO] Fetching cloud sheet …
2026-06-16 17:00:47,519 [INFO] Synced 63 rows to /home/liangrd/Follow_up/Candidates.csv
sync exit: 0
=== Tue Jun 16 05:00:47 PM UTC 2026 UTC done ===
=== Tue Jun 16 06:00:01 PM UTC 2026 UTC ===
2026-06-16 18:00:01,927 [INFO] Fetching cloud sheet …
2026-06-16 18:00:03,462 [INFO] Synced 63 rows to /home/liangrd/Follow_up/Candidates.csv
sync exit: 0
=== Tue Jun 16 06:00:03 PM UTC 2026 UTC done ===
=== Tue Jun 16 07:00:01 PM UTC 2026 UTC ===
2026-06-16 19:00:01,579 [INFO] Fetching cloud sheet …
2026-06-16 19:00:02,139 [INFO] Synced 63 rows to /home/liangrd/Follow_up/Candidates.csv
sync exit: 0
=== Tue Jun 16 07:00:02 PM UTC 2026 UTC done ===
=== Tue Jun 16 08:00:01 PM UTC 2026 UTC ===
2026-06-16 20:00:02,249 [INFO] Fetching cloud sheet …
2026-06-16 20:00:03,067 [INFO] Synced 63 rows to /home/liangrd/Follow_up/Candidates.csv
sync exit: 0
=== Tue Jun 16 08:00:03 PM UTC 2026 UTC done ===
=== Tue Jun 16 09:00:01 PM UTC 2026 UTC ===
2026-06-16 21:00:02,254 [INFO] Fetching cloud sheet …
2026-06-16 21:00:02,943 [INFO] Synced 63 rows to /home/liangrd/Follow_up/Candidates.csv
sync exit: 0
=== Tue Jun 16 09:00:03 PM UTC 2026 UTC done ===
=== Tue Jun 16 10:00:01 PM UTC 2026 UTC ===
2026-06-16 22:00:02,233 [INFO] Fetching cloud sheet …
2026-06-16 22:00:03,024 [INFO] Synced 63 rows to /home/liangrd/Follow_up/Candidates.csv
sync exit: 0
=== Tue Jun 16 10:00:03 PM UTC 2026 UTC done ===
=== Tue Jun 16 11:00:01 PM UTC 2026 UTC ===
2026-06-16 23:00:03,558 [INFO] Fetching cloud sheet …
2026-06-16 23:00:04,800 [INFO] Synced 63 rows to /home/liangrd/Follow_up/Candidates.csv
sync exit: 0
=== Tue Jun 16 11:00:04 PM UTC 2026 UTC done ===
