=== Mon Jun 15 12:00:01 AM UTC 2026 UTC ===
2026-06-15 00:00:03,791 [INFO] Fetching cloud sheet …
2026-06-15 00:00:04,743 [INFO] Synced 62 rows to /home/liangrd/Follow_up/Candidates.csv
sync exit: 0
=== Mon Jun 15 12:00:04 AM UTC 2026 UTC done ===
=== Mon Jun 15 01:00:01 AM UTC 2026 UTC ===
2026-06-15 01:00:01,887 [INFO] Fetching cloud sheet …
2026-06-15 01:00:02,564 [INFO] Synced 62 rows to /home/liangrd/Follow_up/Candidates.csv
sync exit: 0
=== Mon Jun 15 01:00:02 AM UTC 2026 UTC done ===
=== Mon Jun 15 02:00:01 AM UTC 2026 UTC ===
2026-06-15 02:00:01,652 [INFO] Fetching cloud sheet …
2026-06-15 02:00:02,909 [INFO] Synced 62 rows to /home/liangrd/Follow_up/Candidates.csv
sync exit: 0
=== Mon Jun 15 02:00:03 AM UTC 2026 UTC done ===
=== Mon Jun 15 03:00:01 AM UTC 2026 UTC ===
2026-06-15 03:00:01,997 [INFO] Fetching cloud sheet …
2026-06-15 03:00:02,958 [INFO] Synced 62 rows to /home/liangrd/Follow_up/Candidates.csv
sync exit: 0
=== Mon Jun 15 03:00:03 AM UTC 2026 UTC done ===
=== Mon Jun 15 04:00:01 AM UTC 2026 UTC ===
2026-06-15 04:00:02,059 [INFO] Fetching cloud sheet …
2026-06-15 04:00:03,428 [INFO] Synced 62 rows to /home/liangrd/Follow_up/Candidates.csv
sync exit: 0
=== Mon Jun 15 04:00:03 AM UTC 2026 UTC done ===
=== Mon Jun 15 05:00:01 AM UTC 2026 UTC ===
2026-06-15 05:00:03,608 [INFO] Fetching cloud sheet …
2026-06-15 05:00:04,408 [INFO] Synced 62 rows to /home/liangrd/Follow_up/Candidates.csv
sync exit: 0
=== Mon Jun 15 05:00:04 AM UTC 2026 UTC done ===
=== Mon Jun 15 06:00:01 AM UTC 2026 UTC ===
2026-06-15 06:00:01,875 [INFO] Fetching cloud sheet …
2026-06-15 06:00:02,874 [INFO] Synced 62 rows to /home/liangrd/Follow_up/Candidates.csv
sync exit: 0
=== Mon Jun 15 06:00:03 AM UTC 2026 UTC done ===
=== Mon Jun 15 07:00:01 AM UTC 2026 UTC ===
2026-06-15 07:00:02,030 [INFO] Fetching cloud sheet …
2026-06-15 07:00:02,842 [INFO] Synced 62 rows to /home/liangrd/Follow_up/Candidates.csv
sync exit: 0
=== Mon Jun 15 07:00:02 AM UTC 2026 UTC done ===
=== Mon Jun 15 08:00:01 AM UTC 2026 UTC ===
2026-06-15 08:00:02,332 [INFO] Fetching cloud sheet …
2026-06-15 08:00:03,645 [INFO] Synced 62 rows to /home/liangrd/Follow_up/Candidates.csv
sync exit: 0
=== Mon Jun 15 08:00:03 AM UTC 2026 UTC done ===
=== Mon Jun 15 09:00:01 AM UTC 2026 UTC ===
2026-06-15 09:00:01,754 [INFO] Fetching cloud sheet …
2026-06-15 09:00:02,482 [INFO] Synced 62 rows to /home/liangrd/Follow_up/Candidates.csv
sync exit: 0
=== Mon Jun 15 09:00:02 AM UTC 2026 UTC done ===
=== Mon Jun 15 10:00:01 AM UTC 2026 UTC ===
2026-06-15 10:00:01,624 [INFO] Fetching cloud sheet …
2026-06-15 10:00:03,085 [INFO] Synced 62 rows to /home/liangrd/Follow_up/Candidates.csv
sync exit: 0
=== Mon Jun 15 10:00:03 AM UTC 2026 UTC done ===
=== Mon Jun 15 11:00:01 AM UTC 2026 UTC ===
2026-06-15 11:00:02,948 [INFO] Fetching cloud sheet …
2026-06-15 11:00:03,735 [INFO] Synced 63 rows to /home/liangrd/Follow_up/Candidates.csv
sync exit: 0
=== Mon Jun 15 11:00:03 AM UTC 2026 UTC done ===
=== Mon Jun 15 12:00:01 PM UTC 2026 UTC ===
2026-06-15 12:00:03,030 [INFO] Fetching cloud sheet …
2026-06-15 12:00:04,062 [INFO] Synced 63 rows to /home/liangrd/Follow_up/Candidates.csv
sync exit: 0
=== Mon Jun 15 12:00:04 PM UTC 2026 UTC done ===
=== Mon Jun 15 01:00:01 PM UTC 2026 UTC ===
2026-06-15 13:00:02,236 [INFO] Fetching cloud sheet …
2026-06-15 13:00:02,885 [INFO] Synced 63 rows to /home/liangrd/Follow_up/Candidates.csv
sync exit: 0
=== Mon Jun 15 01:00:02 PM UTC 2026 UTC done ===
=== Mon Jun 15 02:00:01 PM UTC 2026 UTC ===
2026-06-15 14:00:02,162 [INFO] Fetching cloud sheet …
2026-06-15 14:00:02,999 [INFO] Synced 63 rows to /home/liangrd/Follow_up/Candidates.csv
sync exit: 0
=== Mon Jun 15 02:00:03 PM UTC 2026 UTC done ===
=== Mon Jun 15 03:00:01 PM UTC 2026 UTC ===
2026-06-15 15:00:02,381 [INFO] Fetching cloud sheet …
2026-06-15 15:00:03,007 [INFO] Synced 63 rows to /home/liangrd/Follow_up/Candidates.csv
sync exit: 0
=== Mon Jun 15 03:00:03 PM UTC 2026 UTC done ===
=== Mon Jun 15 04:00:01 PM UTC 2026 UTC ===
2026-06-15 16:00:02,094 [INFO] Fetching cloud sheet …
2026-06-15 16:00:02,881 [INFO] Synced 63 rows to /home/liangrd/Follow_up/Candidates.csv
sync exit: 0
=== Mon Jun 15 04:00:02 PM UTC 2026 UTC done ===
=== Mon Jun 15 05:00:01 PM UTC 2026 UTC ===
2026-06-15 17:00:03,139 [INFO] Fetching cloud sheet …
2026-06-15 17:00:03,890 [INFO] Synced 63 rows to /home/liangrd/Follow_up/Candidates.csv
sync exit: 0
=== Mon Jun 15 05:00:04 PM UTC 2026 UTC done ===
=== Mon Jun 15 06:00:01 PM UTC 2026 UTC ===
2026-06-15 18:00:02,098 [INFO] Fetching cloud sheet …
2026-06-15 18:00:02,905 [INFO] Synced 63 rows to /home/liangrd/Follow_up/Candidates.csv
sync exit: 0
=== Mon Jun 15 06:00:02 PM UTC 2026 UTC done ===
=== Mon Jun 15 07:00:01 PM UTC 2026 UTC ===
2026-06-15 19:00:02,061 [INFO] Fetching cloud sheet …
2026-06-15 19:00:02,662 [INFO] Synced 63 rows to /home/liangrd/Follow_up/Candidates.csv
sync exit: 0
=== Mon Jun 15 07:00:02 PM UTC 2026 UTC done ===
=== Mon Jun 15 08:00:01 PM UTC 2026 UTC ===
2026-06-15 20:00:01,862 [INFO] Fetching cloud sheet …
2026-06-15 20:00:02,678 [INFO] Synced 63 rows to /home/liangrd/Follow_up/Candidates.csv
sync exit: 0
=== Mon Jun 15 08:00:02 PM UTC 2026 UTC done ===
=== Mon Jun 15 09:00:01 PM UTC 2026 UTC ===
2026-06-15 21:00:01,862 [INFO] Fetching cloud sheet …
2026-06-15 21:00:02,417 [INFO] Synced 63 rows to /home/liangrd/Follow_up/Candidates.csv
sync exit: 0
=== Mon Jun 15 09:00:02 PM UTC 2026 UTC done ===
=== Mon Jun 15 10:00:01 PM UTC 2026 UTC ===
2026-06-15 22:00:01,770 [INFO] Fetching cloud sheet …
2026-06-15 22:00:03,070 [INFO] Synced 63 rows to /home/liangrd/Follow_up/Candidates.csv
sync exit: 0
=== Mon Jun 15 10:00:03 PM UTC 2026 UTC done ===
=== Mon Jun 15 11:00:01 PM UTC 2026 UTC ===
2026-06-15 23:00:02,861 [INFO] Fetching cloud sheet …
2026-06-15 23:00:03,622 [INFO] Synced 63 rows to /home/liangrd/Follow_up/Candidates.csv
sync exit: 0
=== Mon Jun 15 11:00:03 PM UTC 2026 UTC done ===
