=== Tue Jun 23 12:00:01 AM UTC 2026 UTC ===
2026-06-23 00:00:02,656 [INFO] Fetching cloud sheet …
2026-06-23 00:00:03,433 [INFO] Synced 65 rows to /home/liangrd/Follow_up/Candidates.csv
sync exit: 0
=== Tue Jun 23 12:00:03 AM UTC 2026 UTC done ===
=== Tue Jun 23 01:00:01 AM UTC 2026 UTC ===
2026-06-23 01:00:01,797 [INFO] Fetching cloud sheet …
2026-06-23 01:00:02,444 [INFO] Synced 65 rows to /home/liangrd/Follow_up/Candidates.csv
sync exit: 0
=== Tue Jun 23 01:00:02 AM UTC 2026 UTC done ===
=== Tue Jun 23 02:00:01 AM UTC 2026 UTC ===
2026-06-23 02:00:02,150 [INFO] Fetching cloud sheet …
2026-06-23 02:00:03,189 [INFO] Synced 65 rows to /home/liangrd/Follow_up/Candidates.csv
sync exit: 0
=== Tue Jun 23 02:00:03 AM UTC 2026 UTC done ===
=== Tue Jun 23 03:00:01 AM UTC 2026 UTC ===
2026-06-23 03:00:01,593 [INFO] Fetching cloud sheet …
2026-06-23 03:00:02,689 [INFO] Synced 65 rows to /home/liangrd/Follow_up/Candidates.csv
sync exit: 0
=== Tue Jun 23 03:00:02 AM UTC 2026 UTC done ===
=== Tue Jun 23 04:00:01 AM UTC 2026 UTC ===
2026-06-23 04:00:02,104 [INFO] Fetching cloud sheet …
2026-06-23 04:00:03,256 [INFO] Synced 65 rows to /home/liangrd/Follow_up/Candidates.csv
sync exit: 0
=== Tue Jun 23 04:00:03 AM UTC 2026 UTC done ===
=== Tue Jun 23 05:00:01 AM UTC 2026 UTC ===
2026-06-23 05:00:02,341 [INFO] Fetching cloud sheet …
2026-06-23 05:00:03,109 [INFO] Synced 65 rows to /home/liangrd/Follow_up/Candidates.csv
sync exit: 0
=== Tue Jun 23 05:00:03 AM UTC 2026 UTC done ===
=== Tue Jun 23 06:00:01 AM UTC 2026 UTC ===
2026-06-23 06:00:02,430 [INFO] Fetching cloud sheet …
2026-06-23 06:00:03,571 [INFO] Synced 65 rows to /home/liangrd/Follow_up/Candidates.csv
sync exit: 0
=== Tue Jun 23 06:00:03 AM UTC 2026 UTC done ===
=== Tue Jun 23 07:00:01 AM UTC 2026 UTC ===
2026-06-23 07:00:02,079 [INFO] Fetching cloud sheet …
2026-06-23 07:00:02,803 [INFO] Synced 66 rows to /home/liangrd/Follow_up/Candidates.csv
sync exit: 0
=== Tue Jun 23 07:00:02 AM UTC 2026 UTC done ===
=== Tue Jun 23 08:00:01 AM UTC 2026 UTC ===
2026-06-23 08:00:01,731 [INFO] Fetching cloud sheet …
2026-06-23 08:00:03,040 [INFO] Synced 66 rows to /home/liangrd/Follow_up/Candidates.csv
sync exit: 0
=== Tue Jun 23 08:00:03 AM UTC 2026 UTC done ===
=== Tue Jun 23 09:00:01 AM UTC 2026 UTC ===
2026-06-23 09:00:02,494 [INFO] Fetching cloud sheet …
2026-06-23 09:00:03,303 [INFO] Synced 66 rows to /home/liangrd/Follow_up/Candidates.csv
sync exit: 0
=== Tue Jun 23 09:00:03 AM UTC 2026 UTC done ===
=== Tue Jun 23 10:00:01 AM UTC 2026 UTC ===
2026-06-23 10:00:02,315 [INFO] Fetching cloud sheet …
2026-06-23 10:00:03,264 [INFO] Synced 66 rows to /home/liangrd/Follow_up/Candidates.csv
sync exit: 0
=== Tue Jun 23 10:00:03 AM UTC 2026 UTC done ===
=== Tue Jun 23 11:00:01 AM UTC 2026 UTC ===
2026-06-23 11:00:02,741 [INFO] Fetching cloud sheet …
2026-06-23 11:00:03,482 [INFO] Synced 66 rows to /home/liangrd/Follow_up/Candidates.csv
sync exit: 0
=== Tue Jun 23 11:00:03 AM UTC 2026 UTC done ===
=== Tue Jun 23 12:00:01 PM UTC 2026 UTC ===
2026-06-23 12:00:02,925 [INFO] Fetching cloud sheet …
2026-06-23 12:00:03,917 [INFO] Synced 66 rows to /home/liangrd/Follow_up/Candidates.csv
sync exit: 0
=== Tue Jun 23 12:00:04 PM UTC 2026 UTC done ===
=== Tue Jun 23 01:00:02 PM UTC 2026 UTC ===
2026-06-23 13:00:02,547 [INFO] Fetching cloud sheet …
2026-06-23 13:00:03,072 [INFO] Synced 66 rows to /home/liangrd/Follow_up/Candidates.csv
sync exit: 0
=== Tue Jun 23 01:00:03 PM UTC 2026 UTC done ===
=== Tue Jun 23 02:00:01 PM UTC 2026 UTC ===
2026-06-23 14:00:01,593 [INFO] Fetching cloud sheet …
2026-06-23 14:00:02,315 [INFO] Synced 66 rows to /home/liangrd/Follow_up/Candidates.csv
sync exit: 0
=== Tue Jun 23 02:00:02 PM UTC 2026 UTC done ===
=== Tue Jun 23 03:00:01 PM UTC 2026 UTC ===
2026-06-23 15:00:02,332 [INFO] Fetching cloud sheet …
2026-06-23 15:00:02,902 [INFO] Synced 66 rows to /home/liangrd/Follow_up/Candidates.csv
sync exit: 0
=== Tue Jun 23 03:00:03 PM UTC 2026 UTC done ===
=== Tue Jun 23 04:00:01 PM UTC 2026 UTC ===
2026-06-23 16:00:02,293 [INFO] Fetching cloud sheet …
2026-06-23 16:00:03,099 [INFO] Synced 66 rows to /home/liangrd/Follow_up/Candidates.csv
sync exit: 0
=== Tue Jun 23 04:00:03 PM UTC 2026 UTC done ===
=== Tue Jun 23 05:00:01 PM UTC 2026 UTC ===
2026-06-23 17:00:03,169 [INFO] Fetching cloud sheet …
2026-06-23 17:00:03,834 [INFO] Synced 66 rows to /home/liangrd/Follow_up/Candidates.csv
sync exit: 0
=== Tue Jun 23 05:00:04 PM UTC 2026 UTC done ===
=== Tue Jun 23 06:00:01 PM UTC 2026 UTC ===
2026-06-23 18:00:03,267 [INFO] Fetching cloud sheet …
2026-06-23 18:00:04,089 [INFO] Synced 66 rows to /home/liangrd/Follow_up/Candidates.csv
sync exit: 0
=== Tue Jun 23 06:00:04 PM UTC 2026 UTC done ===
=== Tue Jun 23 07:00:01 PM UTC 2026 UTC ===
2026-06-23 19:00:01,701 [INFO] Fetching cloud sheet …
2026-06-23 19:00:02,221 [INFO] Synced 66 rows to /home/liangrd/Follow_up/Candidates.csv
sync exit: 0
=== Tue Jun 23 07:00:02 PM UTC 2026 UTC done ===
=== Tue Jun 23 08:00:01 PM UTC 2026 UTC ===
2026-06-23 20:00:01,696 [INFO] Fetching cloud sheet …
2026-06-23 20:00:02,623 [INFO] Synced 66 rows to /home/liangrd/Follow_up/Candidates.csv
sync exit: 0
=== Tue Jun 23 08:00:02 PM UTC 2026 UTC done ===
=== Tue Jun 23 09:00:01 PM UTC 2026 UTC ===
2026-06-23 21:00:02,151 [INFO] Fetching cloud sheet …
2026-06-23 21:00:02,674 [INFO] Synced 66 rows to /home/liangrd/Follow_up/Candidates.csv
sync exit: 0
=== Tue Jun 23 09:00:02 PM UTC 2026 UTC done ===
=== Tue Jun 23 10:00:02 PM UTC 2026 UTC ===
2026-06-23 22:00:02,536 [INFO] Fetching cloud sheet …
2026-06-23 22:00:03,239 [INFO] Synced 66 rows to /home/liangrd/Follow_up/Candidates.csv
sync exit: 0
=== Tue Jun 23 10:00:03 PM UTC 2026 UTC done ===
=== Tue Jun 23 11:00:01 PM UTC 2026 UTC ===
2026-06-23 23:00:02,476 [INFO] Fetching cloud sheet …
2026-06-23 23:00:03,034 [INFO] Synced 66 rows to /home/liangrd/Follow_up/Candidates.csv
sync exit: 0
=== Tue Jun 23 11:00:03 PM UTC 2026 UTC done ===
