=== Wed Jun 24 12:00:01 AM UTC 2026 UTC ===
2026-06-24 00:00:03,429 [INFO] Fetching cloud sheet …
2026-06-24 00:00:04,262 [INFO] Synced 66 rows to /home/liangrd/Follow_up/Candidates.csv
sync exit: 0
=== Wed Jun 24 12:00:04 AM UTC 2026 UTC done ===
=== Wed Jun 24 01:00:01 AM UTC 2026 UTC ===
2026-06-24 01:00:01,834 [INFO] Fetching cloud sheet …
2026-06-24 01:00:02,444 [INFO] Synced 66 rows to /home/liangrd/Follow_up/Candidates.csv
sync exit: 0
=== Wed Jun 24 01:00:02 AM UTC 2026 UTC done ===
=== Wed Jun 24 02:00:01 AM UTC 2026 UTC ===
2026-06-24 02:00:01,695 [INFO] Fetching cloud sheet …
2026-06-24 02:00:03,790 [INFO] Synced 66 rows to /home/liangrd/Follow_up/Candidates.csv
sync exit: 0
=== Wed Jun 24 02:00:03 AM UTC 2026 UTC done ===
=== Wed Jun 24 03:00:01 AM UTC 2026 UTC ===
2026-06-24 03:00:02,309 [INFO] Fetching cloud sheet …
2026-06-24 03:00:03,457 [INFO] Synced 66 rows to /home/liangrd/Follow_up/Candidates.csv
sync exit: 0
=== Wed Jun 24 03:00:03 AM UTC 2026 UTC done ===
=== Wed Jun 24 04:00:01 AM UTC 2026 UTC ===
2026-06-24 04:00:02,041 [INFO] Fetching cloud sheet …
2026-06-24 04:00:02,918 [INFO] Synced 66 rows to /home/liangrd/Follow_up/Candidates.csv
sync exit: 0
=== Wed Jun 24 04:00:03 AM UTC 2026 UTC done ===
=== Wed Jun 24 05:00:01 AM UTC 2026 UTC ===
2026-06-24 05:00:03,428 [INFO] Fetching cloud sheet …
2026-06-24 05:00:04,114 [INFO] Synced 66 rows to /home/liangrd/Follow_up/Candidates.csv
sync exit: 0
=== Wed Jun 24 05:00:04 AM UTC 2026 UTC done ===
=== Wed Jun 24 06:00:01 AM UTC 2026 UTC ===
2026-06-24 06:00:02,896 [INFO] Fetching cloud sheet …
2026-06-24 06:00:04,336 [INFO] Synced 66 rows to /home/liangrd/Follow_up/Candidates.csv
sync exit: 0
=== Wed Jun 24 06:00:04 AM UTC 2026 UTC done ===
=== Wed Jun 24 07:00:01 AM UTC 2026 UTC ===
2026-06-24 07:00:01,974 [INFO] Fetching cloud sheet …
2026-06-24 07:00:02,881 [INFO] Synced 66 rows to /home/liangrd/Follow_up/Candidates.csv
sync exit: 0
=== Wed Jun 24 07:00:02 AM UTC 2026 UTC done ===
=== Wed Jun 24 08:00:01 AM UTC 2026 UTC ===
2026-06-24 08:00:02,501 [INFO] Fetching cloud sheet …
2026-06-24 08:00:03,514 [INFO] Synced 66 rows to /home/liangrd/Follow_up/Candidates.csv
sync exit: 0
=== Wed Jun 24 08:00:03 AM UTC 2026 UTC done ===
=== Wed Jun 24 09:00:01 AM UTC 2026 UTC ===
2026-06-24 09:00:02,039 [INFO] Fetching cloud sheet …
2026-06-24 09:00:02,795 [INFO] Synced 66 rows to /home/liangrd/Follow_up/Candidates.csv
sync exit: 0
=== Wed Jun 24 09:00:02 AM UTC 2026 UTC done ===
=== Wed Jun 24 10:00:01 AM UTC 2026 UTC ===
2026-06-24 10:00:02,105 [INFO] Fetching cloud sheet …
2026-06-24 10:00:03,151 [INFO] Synced 66 rows to /home/liangrd/Follow_up/Candidates.csv
sync exit: 0
=== Wed Jun 24 10:00:03 AM UTC 2026 UTC done ===
=== Wed Jun 24 11:00:01 AM UTC 2026 UTC ===
2026-06-24 11:00:03,187 [INFO] Fetching cloud sheet …
2026-06-24 11:00:03,968 [INFO] Synced 66 rows to /home/liangrd/Follow_up/Candidates.csv
sync exit: 0
=== Wed Jun 24 11:00:04 AM UTC 2026 UTC done ===
=== Wed Jun 24 12:00:01 PM UTC 2026 UTC ===
2026-06-24 12:00:01,648 [INFO] Fetching cloud sheet …
2026-06-24 12:00:02,763 [INFO] Synced 66 rows to /home/liangrd/Follow_up/Candidates.csv
sync exit: 0
=== Wed Jun 24 12:00:02 PM UTC 2026 UTC done ===
=== Wed Jun 24 01:00:01 PM UTC 2026 UTC ===
2026-06-24 13:00:02,261 [INFO] Fetching cloud sheet …
2026-06-24 13:00:02,812 [INFO] Synced 66 rows to /home/liangrd/Follow_up/Candidates.csv
sync exit: 0
=== Wed Jun 24 01:00:02 PM UTC 2026 UTC done ===
=== Wed Jun 24 02:00:01 PM UTC 2026 UTC ===
2026-06-24 14:00:01,798 [INFO] Fetching cloud sheet …
2026-06-24 14:00:02,625 [INFO] Synced 66 rows to /home/liangrd/Follow_up/Candidates.csv
sync exit: 0
=== Wed Jun 24 02:00:02 PM UTC 2026 UTC done ===
=== Wed Jun 24 03:00:01 PM UTC 2026 UTC ===
2026-06-24 15:00:01,719 [INFO] Fetching cloud sheet …
2026-06-24 15:00:02,450 [INFO] Synced 66 rows to /home/liangrd/Follow_up/Candidates.csv
sync exit: 0
=== Wed Jun 24 03:00:02 PM UTC 2026 UTC done ===
=== Wed Jun 24 04:00:01 PM UTC 2026 UTC ===
2026-06-24 16:00:01,953 [INFO] Fetching cloud sheet …
2026-06-24 16:00:03,039 [INFO] Synced 66 rows to /home/liangrd/Follow_up/Candidates.csv
sync exit: 0
=== Wed Jun 24 04:00:03 PM UTC 2026 UTC done ===
=== Wed Jun 24 05:00:01 PM UTC 2026 UTC ===
2026-06-24 17:00:02,444 [INFO] Fetching cloud sheet …
2026-06-24 17:00:02,956 [INFO] Synced 66 rows to /home/liangrd/Follow_up/Candidates.csv
sync exit: 0
=== Wed Jun 24 05:00:03 PM UTC 2026 UTC done ===
=== Wed Jun 24 06:00:01 PM UTC 2026 UTC ===
2026-06-24 18:00:03,777 [INFO] Fetching cloud sheet …
2026-06-24 18:00:04,611 [INFO] Synced 66 rows to /home/liangrd/Follow_up/Candidates.csv
sync exit: 0
=== Wed Jun 24 06:00:04 PM UTC 2026 UTC done ===
=== Wed Jun 24 07:00:01 PM UTC 2026 UTC ===
2026-06-24 19:00:02,202 [INFO] Fetching cloud sheet …
2026-06-24 19:00:02,687 [INFO] Synced 66 rows to /home/liangrd/Follow_up/Candidates.csv
sync exit: 0
=== Wed Jun 24 07:00:02 PM UTC 2026 UTC done ===
=== Wed Jun 24 08:00:01 PM UTC 2026 UTC ===
2026-06-24 20:00:02,199 [INFO] Fetching cloud sheet …
2026-06-24 20:00:02,968 [INFO] Synced 66 rows to /home/liangrd/Follow_up/Candidates.csv
sync exit: 0
=== Wed Jun 24 08:00:03 PM UTC 2026 UTC done ===
=== Wed Jun 24 09:00:01 PM UTC 2026 UTC ===
2026-06-24 21:00:02,480 [INFO] Fetching cloud sheet …
2026-06-24 21:00:02,985 [INFO] Synced 66 rows to /home/liangrd/Follow_up/Candidates.csv
sync exit: 0
=== Wed Jun 24 09:00:03 PM UTC 2026 UTC done ===
=== Wed Jun 24 10:00:01 PM UTC 2026 UTC ===
2026-06-24 22:00:02,218 [INFO] Fetching cloud sheet …
2026-06-24 22:00:02,939 [INFO] Synced 66 rows to /home/liangrd/Follow_up/Candidates.csv
sync exit: 0
=== Wed Jun 24 10:00:03 PM UTC 2026 UTC done ===
=== Wed Jun 24 11:00:01 PM UTC 2026 UTC ===
2026-06-24 23:00:03,643 [INFO] Fetching cloud sheet …
2026-06-24 23:00:04,231 [INFO] Synced 66 rows to /home/liangrd/Follow_up/Candidates.csv
sync exit: 0
=== Wed Jun 24 11:00:04 PM UTC 2026 UTC done ===
