=== Sat Jun 20 12:00:01 AM UTC 2026 UTC ===
2026-06-20 00:00:03,180 [INFO] Fetching cloud sheet …
2026-06-20 00:00:04,023 [INFO] Synced 64 rows to /home/liangrd/Follow_up/Candidates.csv
sync exit: 0
=== Sat Jun 20 12:00:04 AM UTC 2026 UTC done ===
=== Sat Jun 20 01:00:01 AM UTC 2026 UTC ===
2026-06-20 01:00:02,434 [INFO] Fetching cloud sheet …
2026-06-20 01:00:02,948 [INFO] Synced 64 rows to /home/liangrd/Follow_up/Candidates.csv
sync exit: 0
=== Sat Jun 20 01:00:03 AM UTC 2026 UTC done ===
=== Sat Jun 20 02:00:01 AM UTC 2026 UTC ===
2026-06-20 02:00:02,245 [INFO] Fetching cloud sheet …
2026-06-20 02:00:03,020 [INFO] Synced 64 rows to /home/liangrd/Follow_up/Candidates.csv
sync exit: 0
=== Sat Jun 20 02:00:03 AM UTC 2026 UTC done ===
=== Sat Jun 20 03:00:01 AM UTC 2026 UTC ===
2026-06-20 03:00:01,984 [INFO] Fetching cloud sheet …
2026-06-20 03:00:02,853 [INFO] Synced 64 rows to /home/liangrd/Follow_up/Candidates.csv
sync exit: 0
=== Sat Jun 20 03:00:02 AM UTC 2026 UTC done ===
=== Sat Jun 20 04:00:01 AM UTC 2026 UTC ===
2026-06-20 04:00:02,299 [INFO] Fetching cloud sheet …
2026-06-20 04:00:03,005 [INFO] Synced 64 rows to /home/liangrd/Follow_up/Candidates.csv
sync exit: 0
=== Sat Jun 20 04:00:03 AM UTC 2026 UTC done ===
=== Sat Jun 20 05:00:01 AM UTC 2026 UTC ===
2026-06-20 05:00:03,333 [INFO] Fetching cloud sheet …
2026-06-20 05:00:03,982 [INFO] Synced 64 rows to /home/liangrd/Follow_up/Candidates.csv
sync exit: 0
=== Sat Jun 20 05:00:04 AM UTC 2026 UTC done ===
=== Sat Jun 20 06:00:01 AM UTC 2026 UTC ===
2026-06-20 06:00:03,010 [INFO] Fetching cloud sheet …
2026-06-20 06:00:03,914 [INFO] Synced 64 rows to /home/liangrd/Follow_up/Candidates.csv
sync exit: 0
=== Sat Jun 20 06:00:04 AM UTC 2026 UTC done ===
=== Sat Jun 20 07:00:01 AM UTC 2026 UTC ===
2026-06-20 07:00:02,299 [INFO] Fetching cloud sheet …
2026-06-20 07:00:02,823 [INFO] Synced 64 rows to /home/liangrd/Follow_up/Candidates.csv
sync exit: 0
=== Sat Jun 20 07:00:02 AM UTC 2026 UTC done ===
=== Sat Jun 20 08:00:02 AM UTC 2026 UTC ===
2026-06-20 08:00:02,552 [INFO] Fetching cloud sheet …
2026-06-20 08:00:03,284 [INFO] Synced 64 rows to /home/liangrd/Follow_up/Candidates.csv
sync exit: 0
=== Sat Jun 20 08:00:03 AM UTC 2026 UTC done ===
=== Sat Jun 20 09:00:01 AM UTC 2026 UTC ===
2026-06-20 09:00:01,670 [INFO] Fetching cloud sheet …
2026-06-20 09:00:02,702 [INFO] Synced 64 rows to /home/liangrd/Follow_up/Candidates.csv
sync exit: 0
=== Sat Jun 20 09:00:02 AM UTC 2026 UTC done ===
=== Sat Jun 20 10:00:01 AM UTC 2026 UTC ===
2026-06-20 10:00:02,106 [INFO] Fetching cloud sheet …
2026-06-20 10:00:02,846 [INFO] Synced 64 rows to /home/liangrd/Follow_up/Candidates.csv
sync exit: 0
=== Sat Jun 20 10:00:02 AM UTC 2026 UTC done ===
=== Sat Jun 20 11:00:01 AM UTC 2026 UTC ===
2026-06-20 11:00:02,086 [INFO] Fetching cloud sheet …
2026-06-20 11:00:02,678 [INFO] Synced 64 rows to /home/liangrd/Follow_up/Candidates.csv
sync exit: 0
=== Sat Jun 20 11:00:02 AM UTC 2026 UTC done ===
=== Sat Jun 20 12:00:01 PM UTC 2026 UTC ===
2026-06-20 12:00:02,770 [INFO] Fetching cloud sheet …
2026-06-20 12:00:03,617 [INFO] Synced 64 rows to /home/liangrd/Follow_up/Candidates.csv
sync exit: 0
=== Sat Jun 20 12:00:03 PM UTC 2026 UTC done ===
=== Sat Jun 20 01:00:01 PM UTC 2026 UTC ===
2026-06-20 13:00:02,088 [INFO] Fetching cloud sheet …
2026-06-20 13:00:02,761 [INFO] Synced 64 rows to /home/liangrd/Follow_up/Candidates.csv
sync exit: 0
=== Sat Jun 20 01:00:02 PM UTC 2026 UTC done ===
=== Sat Jun 20 02:00:01 PM UTC 2026 UTC ===
2026-06-20 14:00:02,129 [INFO] Fetching cloud sheet …
2026-06-20 14:00:03,344 [INFO] Synced 64 rows to /home/liangrd/Follow_up/Candidates.csv
sync exit: 0
=== Sat Jun 20 02:00:03 PM UTC 2026 UTC done ===
=== Sat Jun 20 03:00:01 PM UTC 2026 UTC ===
2026-06-20 15:00:02,205 [INFO] Fetching cloud sheet …
2026-06-20 15:00:02,747 [INFO] Synced 64 rows to /home/liangrd/Follow_up/Candidates.csv
sync exit: 0
=== Sat Jun 20 03:00:02 PM UTC 2026 UTC done ===
=== Sat Jun 20 04:00:01 PM UTC 2026 UTC ===
2026-06-20 16:00:02,062 [INFO] Fetching cloud sheet …
2026-06-20 16:00:03,007 [INFO] Synced 64 rows to /home/liangrd/Follow_up/Candidates.csv
sync exit: 0
=== Sat Jun 20 04:00:03 PM UTC 2026 UTC done ===
=== Sat Jun 20 05:00:01 PM UTC 2026 UTC ===
2026-06-20 17:00:03,263 [INFO] Fetching cloud sheet …
2026-06-20 17:00:03,956 [INFO] Synced 64 rows to /home/liangrd/Follow_up/Candidates.csv
sync exit: 0
=== Sat Jun 20 05:00:04 PM UTC 2026 UTC done ===
=== Sat Jun 20 06:00:01 PM UTC 2026 UTC ===
2026-06-20 18:00:03,442 [INFO] Fetching cloud sheet …
2026-06-20 18:00:04,095 [INFO] Synced 64 rows to /home/liangrd/Follow_up/Candidates.csv
sync exit: 0
=== Sat Jun 20 06:00:04 PM UTC 2026 UTC done ===
=== Sat Jun 20 07:00:01 PM UTC 2026 UTC ===
2026-06-20 19:00:01,618 [INFO] Fetching cloud sheet …
2026-06-20 19:00:02,180 [INFO] Synced 64 rows to /home/liangrd/Follow_up/Candidates.csv
sync exit: 0
=== Sat Jun 20 07:00:02 PM UTC 2026 UTC done ===
=== Sat Jun 20 08:00:02 PM UTC 2026 UTC ===
2026-06-20 20:00:02,551 [INFO] Fetching cloud sheet …
2026-06-20 20:00:03,272 [INFO] Synced 64 rows to /home/liangrd/Follow_up/Candidates.csv
sync exit: 0
=== Sat Jun 20 08:00:03 PM UTC 2026 UTC done ===
=== Sat Jun 20 09:00:01 PM UTC 2026 UTC ===
2026-06-20 21:00:01,561 [INFO] Fetching cloud sheet …
2026-06-20 21:00:02,035 [INFO] Synced 64 rows to /home/liangrd/Follow_up/Candidates.csv
sync exit: 0
=== Sat Jun 20 09:00:02 PM UTC 2026 UTC done ===
=== Sat Jun 20 10:00:01 PM UTC 2026 UTC ===
2026-06-20 22:00:02,061 [INFO] Fetching cloud sheet …
2026-06-20 22:00:02,733 [INFO] Synced 64 rows to /home/liangrd/Follow_up/Candidates.csv
sync exit: 0
=== Sat Jun 20 10:00:02 PM UTC 2026 UTC done ===
=== Sat Jun 20 11:00:01 PM UTC 2026 UTC ===
2026-06-20 23:00:03,159 [INFO] Fetching cloud sheet …
2026-06-20 23:00:03,808 [INFO] Synced 64 rows to /home/liangrd/Follow_up/Candidates.csv
sync exit: 0
=== Sat Jun 20 11:00:03 PM UTC 2026 UTC done ===
