=== Sat Jun 13 12:00:01 AM UTC 2026 UTC ===
2026-06-13 00:00:03,536 [INFO] Fetching cloud sheet …
2026-06-13 00:00:04,634 [INFO] Synced 62 rows to /home/liangrd/Follow_up/Candidates.csv
sync exit: 0
=== Sat Jun 13 12:00:04 AM UTC 2026 UTC done ===
=== Sat Jun 13 01:00:01 AM UTC 2026 UTC ===
2026-06-13 01:00:01,757 [INFO] Fetching cloud sheet …
2026-06-13 01:00:02,360 [INFO] Synced 62 rows to /home/liangrd/Follow_up/Candidates.csv
sync exit: 0
=== Sat Jun 13 01:00:02 AM UTC 2026 UTC done ===
=== Sat Jun 13 02:00:01 AM UTC 2026 UTC ===
2026-06-13 02:00:02,307 [INFO] Fetching cloud sheet …
2026-06-13 02:00:03,215 [INFO] Synced 62 rows to /home/liangrd/Follow_up/Candidates.csv
sync exit: 0
=== Sat Jun 13 02:00:03 AM UTC 2026 UTC done ===
=== Sat Jun 13 03:00:01 AM UTC 2026 UTC ===
2026-06-13 03:00:02,242 [INFO] Fetching cloud sheet …
2026-06-13 03:00:02,822 [INFO] Synced 62 rows to /home/liangrd/Follow_up/Candidates.csv
sync exit: 0
=== Sat Jun 13 03:00:02 AM UTC 2026 UTC done ===
=== Sat Jun 13 04:00:01 AM UTC 2026 UTC ===
2026-06-13 04:00:01,847 [INFO] Fetching cloud sheet …
2026-06-13 04:00:02,908 [INFO] Synced 62 rows to /home/liangrd/Follow_up/Candidates.csv
sync exit: 0
=== Sat Jun 13 04:00:02 AM UTC 2026 UTC done ===
=== Sat Jun 13 05:00:01 AM UTC 2026 UTC ===
2026-06-13 05:00:02,957 [INFO] Fetching cloud sheet …
2026-06-13 05:00:03,720 [INFO] Synced 62 rows to /home/liangrd/Follow_up/Candidates.csv
sync exit: 0
=== Sat Jun 13 05:00:03 AM UTC 2026 UTC done ===
=== Sat Jun 13 06:00:01 AM UTC 2026 UTC ===
2026-06-13 06:00:03,197 [INFO] Fetching cloud sheet …
2026-06-13 06:00:04,115 [INFO] Synced 62 rows to /home/liangrd/Follow_up/Candidates.csv
sync exit: 0
=== Sat Jun 13 06:00:04 AM UTC 2026 UTC done ===
=== Sat Jun 13 07:00:01 AM UTC 2026 UTC ===
2026-06-13 07:00:02,293 [INFO] Fetching cloud sheet …
2026-06-13 07:00:02,881 [INFO] Synced 62 rows to /home/liangrd/Follow_up/Candidates.csv
sync exit: 0
=== Sat Jun 13 07:00:03 AM UTC 2026 UTC done ===
=== Sat Jun 13 08:00:02 AM UTC 2026 UTC ===
2026-06-13 08:00:02,546 [INFO] Fetching cloud sheet …
2026-06-13 08:00:03,409 [INFO] Synced 62 rows to /home/liangrd/Follow_up/Candidates.csv
sync exit: 0
=== Sat Jun 13 08:00:03 AM UTC 2026 UTC done ===
=== Sat Jun 13 09:00:01 AM UTC 2026 UTC ===
2026-06-13 09:00:02,419 [INFO] Fetching cloud sheet …
2026-06-13 09:00:02,993 [INFO] Synced 62 rows to /home/liangrd/Follow_up/Candidates.csv
sync exit: 0
=== Sat Jun 13 09:00:03 AM UTC 2026 UTC done ===
=== Sat Jun 13 10:00:01 AM UTC 2026 UTC ===
2026-06-13 10:00:02,315 [INFO] Fetching cloud sheet …
2026-06-13 10:00:03,170 [INFO] Synced 62 rows to /home/liangrd/Follow_up/Candidates.csv
sync exit: 0
=== Sat Jun 13 10:00:03 AM UTC 2026 UTC done ===
=== Sat Jun 13 11:00:01 AM UTC 2026 UTC ===
2026-06-13 11:00:01,939 [INFO] Fetching cloud sheet …
2026-06-13 11:00:02,561 [INFO] Synced 62 rows to /home/liangrd/Follow_up/Candidates.csv
sync exit: 0
=== Sat Jun 13 11:00:02 AM UTC 2026 UTC done ===
=== Sat Jun 13 12:00:01 PM UTC 2026 UTC ===
2026-06-13 12:00:03,184 [INFO] Fetching cloud sheet …
2026-06-13 12:00:04,094 [INFO] Synced 62 rows to /home/liangrd/Follow_up/Candidates.csv
sync exit: 0
=== Sat Jun 13 12:00:04 PM UTC 2026 UTC done ===
=== Sat Jun 13 01:00:01 PM UTC 2026 UTC ===
2026-06-13 13:00:02,259 [INFO] Fetching cloud sheet …
2026-06-13 13:00:03,090 [INFO] Synced 62 rows to /home/liangrd/Follow_up/Candidates.csv
sync exit: 0
=== Sat Jun 13 01:00:03 PM UTC 2026 UTC done ===
=== Sat Jun 13 02:00:01 PM UTC 2026 UTC ===
2026-06-13 14:00:01,976 [INFO] Fetching cloud sheet …
2026-06-13 14:00:03,169 [INFO] Synced 62 rows to /home/liangrd/Follow_up/Candidates.csv
sync exit: 0
=== Sat Jun 13 02:00:03 PM UTC 2026 UTC done ===
=== Sat Jun 13 03:00:01 PM UTC 2026 UTC ===
2026-06-13 15:00:02,256 [INFO] Fetching cloud sheet …
2026-06-13 15:00:03,012 [INFO] Synced 62 rows to /home/liangrd/Follow_up/Candidates.csv
sync exit: 0
=== Sat Jun 13 03:00:03 PM UTC 2026 UTC done ===
=== Sat Jun 13 04:00:01 PM UTC 2026 UTC ===
2026-06-13 16:00:02,046 [INFO] Fetching cloud sheet …
2026-06-13 16:00:02,938 [INFO] Synced 62 rows to /home/liangrd/Follow_up/Candidates.csv
sync exit: 0
=== Sat Jun 13 04:00:03 PM UTC 2026 UTC done ===
=== Sat Jun 13 05:00:01 PM UTC 2026 UTC ===
2026-06-13 17:00:03,297 [INFO] Fetching cloud sheet …
2026-06-13 17:00:04,129 [INFO] Synced 62 rows to /home/liangrd/Follow_up/Candidates.csv
sync exit: 0
=== Sat Jun 13 05:00:04 PM UTC 2026 UTC done ===
=== Sat Jun 13 06:00:01 PM UTC 2026 UTC ===
2026-06-13 18:00:03,381 [INFO] Fetching cloud sheet …
2026-06-13 18:00:04,493 [INFO] Synced 62 rows to /home/liangrd/Follow_up/Candidates.csv
sync exit: 0
=== Sat Jun 13 06:00:04 PM UTC 2026 UTC done ===
=== Sat Jun 13 07:00:01 PM UTC 2026 UTC ===
2026-06-13 19:00:01,692 [INFO] Fetching cloud sheet …
2026-06-13 19:00:02,284 [INFO] Synced 62 rows to /home/liangrd/Follow_up/Candidates.csv
sync exit: 0
=== Sat Jun 13 07:00:02 PM UTC 2026 UTC done ===
=== Sat Jun 13 08:00:01 PM UTC 2026 UTC ===
2026-06-13 20:00:02,319 [INFO] Fetching cloud sheet …
2026-06-13 20:00:03,150 [INFO] Synced 62 rows to /home/liangrd/Follow_up/Candidates.csv
sync exit: 0
=== Sat Jun 13 08:00:03 PM UTC 2026 UTC done ===
=== Sat Jun 13 09:00:01 PM UTC 2026 UTC ===
2026-06-13 21:00:02,180 [INFO] Fetching cloud sheet …
2026-06-13 21:00:02,817 [INFO] Synced 62 rows to /home/liangrd/Follow_up/Candidates.csv
sync exit: 0
=== Sat Jun 13 09:00:02 PM UTC 2026 UTC done ===
=== Sat Jun 13 10:00:01 PM UTC 2026 UTC ===
2026-06-13 22:00:01,985 [INFO] Fetching cloud sheet …
2026-06-13 22:00:02,770 [INFO] Synced 62 rows to /home/liangrd/Follow_up/Candidates.csv
sync exit: 0
=== Sat Jun 13 10:00:02 PM UTC 2026 UTC done ===
=== Sat Jun 13 11:00:01 PM UTC 2026 UTC ===
2026-06-13 23:00:02,092 [INFO] Fetching cloud sheet …
2026-06-13 23:00:02,957 [INFO] Synced 62 rows to /home/liangrd/Follow_up/Candidates.csv
sync exit: 0
=== Sat Jun 13 11:00:03 PM UTC 2026 UTC done ===
