=== Thu Jun 18 12:00:01 AM UTC 2026 UTC ===
2026-06-18 00:00:02,103 [INFO] Fetching cloud sheet …
2026-06-18 00:00:02,864 [INFO] Synced 63 rows to /home/liangrd/Follow_up/Candidates.csv
sync exit: 0
=== Thu Jun 18 12:00:02 AM UTC 2026 UTC done ===
=== Thu Jun 18 01:00:01 AM UTC 2026 UTC ===
2026-06-18 01:00:02,115 [INFO] Fetching cloud sheet …
2026-06-18 01:00:03,154 [INFO] Synced 63 rows to /home/liangrd/Follow_up/Candidates.csv
sync exit: 0
=== Thu Jun 18 01:00:03 AM UTC 2026 UTC done ===
=== Thu Jun 18 02:00:01 AM UTC 2026 UTC ===
2026-06-18 02:00:02,432 [INFO] Fetching cloud sheet …
2026-06-18 02:00:03,921 [INFO] Synced 63 rows to /home/liangrd/Follow_up/Candidates.csv
sync exit: 0
=== Thu Jun 18 02:00:04 AM UTC 2026 UTC done ===
=== Thu Jun 18 03:00:01 AM UTC 2026 UTC ===
2026-06-18 03:00:02,151 [INFO] Fetching cloud sheet …
2026-06-18 03:00:02,769 [INFO] Synced 63 rows to /home/liangrd/Follow_up/Candidates.csv
sync exit: 0
=== Thu Jun 18 03:00:02 AM UTC 2026 UTC done ===
=== Thu Jun 18 04:00:01 AM UTC 2026 UTC ===
2026-06-18 04:00:01,987 [INFO] Fetching cloud sheet …
2026-06-18 04:00:03,085 [INFO] Synced 63 rows to /home/liangrd/Follow_up/Candidates.csv
sync exit: 0
=== Thu Jun 18 04:00:03 AM UTC 2026 UTC done ===
=== Thu Jun 18 05:00:01 AM UTC 2026 UTC ===
2026-06-18 05:00:01,846 [INFO] Fetching cloud sheet …
2026-06-18 05:00:02,454 [INFO] Synced 63 rows to /home/liangrd/Follow_up/Candidates.csv
sync exit: 0
=== Thu Jun 18 05:00:02 AM UTC 2026 UTC done ===
=== Thu Jun 18 06:00:01 AM UTC 2026 UTC ===
2026-06-18 06:00:03,355 [INFO] Fetching cloud sheet …
2026-06-18 06:00:04,407 [INFO] Synced 63 rows to /home/liangrd/Follow_up/Candidates.csv
sync exit: 0
=== Thu Jun 18 06:00:04 AM UTC 2026 UTC done ===
=== Thu Jun 18 07:00:01 AM UTC 2026 UTC ===
2026-06-18 07:00:01,794 [INFO] Fetching cloud sheet …
2026-06-18 07:00:02,554 [INFO] Synced 63 rows to /home/liangrd/Follow_up/Candidates.csv
sync exit: 0
=== Thu Jun 18 07:00:02 AM UTC 2026 UTC done ===
=== Thu Jun 18 08:00:01 AM UTC 2026 UTC ===
2026-06-18 08:00:01,957 [INFO] Fetching cloud sheet …
2026-06-18 08:00:03,146 [INFO] Synced 63 rows to /home/liangrd/Follow_up/Candidates.csv
sync exit: 0
=== Thu Jun 18 08:00:03 AM UTC 2026 UTC done ===
=== Thu Jun 18 09:00:01 AM UTC 2026 UTC ===
2026-06-18 09:00:02,429 [INFO] Fetching cloud sheet …
2026-06-18 09:00:03,044 [INFO] Synced 63 rows to /home/liangrd/Follow_up/Candidates.csv
sync exit: 0
=== Thu Jun 18 09:00:03 AM UTC 2026 UTC done ===
=== Thu Jun 18 10:00:01 AM UTC 2026 UTC ===
2026-06-18 10:00:01,932 [INFO] Fetching cloud sheet …
2026-06-18 10:00:03,320 [INFO] Synced 63 rows to /home/liangrd/Follow_up/Candidates.csv
sync exit: 0
=== Thu Jun 18 10:00:03 AM UTC 2026 UTC done ===
=== Thu Jun 18 11:00:01 AM UTC 2026 UTC ===
2026-06-18 11:00:03,048 [INFO] Fetching cloud sheet …
2026-06-18 11:00:03,972 [INFO] Synced 63 rows to /home/liangrd/Follow_up/Candidates.csv
sync exit: 0
=== Thu Jun 18 11:00:04 AM UTC 2026 UTC done ===
=== Thu Jun 18 12:00:01 PM UTC 2026 UTC ===
2026-06-18 12:00:02,538 [INFO] Fetching cloud sheet …
2026-06-18 12:00:03,316 [INFO] Synced 63 rows to /home/liangrd/Follow_up/Candidates.csv
sync exit: 0
=== Thu Jun 18 12:00:03 PM UTC 2026 UTC done ===
=== Thu Jun 18 01:00:01 PM UTC 2026 UTC ===
2026-06-18 13:00:01,603 [INFO] Fetching cloud sheet …
2026-06-18 13:00:02,562 [INFO] Synced 63 rows to /home/liangrd/Follow_up/Candidates.csv
sync exit: 0
=== Thu Jun 18 01:00:02 PM UTC 2026 UTC done ===
=== Thu Jun 18 02:00:01 PM UTC 2026 UTC ===
2026-06-18 14:00:02,107 [INFO] Fetching cloud sheet …
2026-06-18 14:00:02,964 [INFO] Synced 63 rows to /home/liangrd/Follow_up/Candidates.csv
sync exit: 0
=== Thu Jun 18 02:00:03 PM UTC 2026 UTC done ===
=== Thu Jun 18 03:00:01 PM UTC 2026 UTC ===
2026-06-18 15:00:01,674 [INFO] Fetching cloud sheet …
2026-06-18 15:00:02,611 [INFO] Synced 63 rows to /home/liangrd/Follow_up/Candidates.csv
sync exit: 0
=== Thu Jun 18 03:00:02 PM UTC 2026 UTC done ===
=== Thu Jun 18 04:00:01 PM UTC 2026 UTC ===
2026-06-18 16:00:01,912 [INFO] Fetching cloud sheet …
2026-06-18 16:00:02,577 [INFO] Synced 63 rows to /home/liangrd/Follow_up/Candidates.csv
sync exit: 0
=== Thu Jun 18 04:00:02 PM UTC 2026 UTC done ===
=== Thu Jun 18 05:00:01 PM UTC 2026 UTC ===
2026-06-18 17:00:02,729 [INFO] Fetching cloud sheet …
2026-06-18 17:00:03,273 [INFO] Synced 63 rows to /home/liangrd/Follow_up/Candidates.csv
sync exit: 0
=== Thu Jun 18 05:00:03 PM UTC 2026 UTC done ===
=== Thu Jun 18 06:00:01 PM UTC 2026 UTC ===
2026-06-18 18:00:03,272 [INFO] Fetching cloud sheet …
2026-06-18 18:00:04,121 [INFO] Synced 63 rows to /home/liangrd/Follow_up/Candidates.csv
sync exit: 0
=== Thu Jun 18 06:00:04 PM UTC 2026 UTC done ===
=== Thu Jun 18 07:00:01 PM UTC 2026 UTC ===
2026-06-18 19:00:02,502 [INFO] Fetching cloud sheet …
2026-06-18 19:00:02,967 [INFO] Synced 63 rows to /home/liangrd/Follow_up/Candidates.csv
sync exit: 0
=== Thu Jun 18 07:00:03 PM UTC 2026 UTC done ===
=== Thu Jun 18 08:00:01 PM UTC 2026 UTC ===
2026-06-18 20:00:02,217 [INFO] Fetching cloud sheet …
2026-06-18 20:00:02,927 [INFO] Synced 63 rows to /home/liangrd/Follow_up/Candidates.csv
sync exit: 0
=== Thu Jun 18 08:00:03 PM UTC 2026 UTC done ===
=== Thu Jun 18 09:00:01 PM UTC 2026 UTC ===
2026-06-18 21:00:02,199 [INFO] Fetching cloud sheet …
2026-06-18 21:00:02,635 [INFO] Synced 63 rows to /home/liangrd/Follow_up/Candidates.csv
sync exit: 0
=== Thu Jun 18 09:00:02 PM UTC 2026 UTC done ===
=== Thu Jun 18 10:00:01 PM UTC 2026 UTC ===
2026-06-18 22:00:02,228 [INFO] Fetching cloud sheet …
2026-06-18 22:00:02,924 [INFO] Synced 63 rows to /home/liangrd/Follow_up/Candidates.csv
sync exit: 0
=== Thu Jun 18 10:00:03 PM UTC 2026 UTC done ===
=== Thu Jun 18 11:00:01 PM UTC 2026 UTC ===
2026-06-18 23:00:02,032 [INFO] Fetching cloud sheet …
2026-06-18 23:00:02,725 [INFO] Synced 63 rows to /home/liangrd/Follow_up/Candidates.csv
sync exit: 0
=== Thu Jun 18 11:00:02 PM UTC 2026 UTC done ===
