      raj2000    dej2000   object_id  ...  e_i_psf      z_psf  e_z_psf
0  298.952588 -48.537177   480799158  ...   0.0081  16.776400   0.0093
1  298.961893 -48.550652   480799159  ...   0.0053  12.807600   0.0066
2  298.974132 -48.557398   480799162  ...   0.0126  17.625401   0.0148
3  298.975618 -48.561971  1584538453  ...   0.0653        NaN      NaN
4  298.970351 -48.540340  1584538554  ...      NaN        NaN      NaN

[5 rows x 15 columns]
Saved catalog to /home/liangrd/optical_data/EP260518a/skymapper.csv
===============================================
Updating Data: 2026-06-02 04:02:21.191
===============================================
Found 17 remote files.
[SKIP] File already exists: 
/home/liangrd/optical_data/EP251222a/TNOT/stack_EP251222a_rp_wcs.fits
[SKIP] Local directory does not exist for target 
'/home/tnot/EP/20251212/stack_WXTJ043559-012325_rp_wcs.fits': 
/home/liangrd/optical_data/WXTJ043559-012325/TNOT
[SKIP] File already exists: 
/home/liangrd/optical_data/EP260131a/TNOT/stack_EP260131a_rp_wcs.fits
[SKIP] Local directory does not exist for target 
'/home/tnot/EP/20251219/stack_EPJ0619.5+0606_rp_wcs.fits': 
/home/liangrd/optical_data/EPJ0619.5+0606/TNOT
[SKIP] Local directory does not exist for target 
'/home/tnot/EP/20251213/stack_WXT_J001838+115903_rp_wcs.fits': 
/home/liangrd/optical_data/WXT/TNOT
[SKIP] Local directory does not exist for target 
'/home/tnot/EP/20251208/stack_RXSJ052540.6+425139_rp_wcs.fits': 
/home/liangrd/optical_data/RXSJ052540.6+425139/TNOT
[SKIP] Local directory does not exist for target 
'/home/tnot/EP/20251208/stack_WXTJ031644+08d316_rp_wcs.fits': 
/home/liangrd/optical_data/WXTJ031644+08d316/TNOT
[SKIP] File already exists: 
/home/liangrd/optical_data/EP251222a/TNOT/stack_EP251222a_rp_wcs.fits
[SKIP] Local directory does not exist for target 
'/home/tnot/EP/20251209/stack_WXTJ032216+233553_rp_wcs.fits': 
/home/liangrd/optical_data/WXTJ032216+233553/TNOT
[SKIP] Local directory does not exist for target 
'/home/tnot/EP/20251209/stack_WXTJ110746+454221_rp_wcs.fits': 
/home/liangrd/optical_data/WXTJ110746+454221/TNOT
[SKIP] File already exists: 
/home/liangrd/optical_data/EP251221a/TNOT/stack_EP251221a_rp_wcs.fits
[SKIP] File already exists: 
/home/liangrd/optical_data/EP260209a/TNOT/stack_EP260209a_rp_wcs.fits
[SKIP] Local directory does not exist for target 
'/home/tnot/EP/20251211/stack_WXTJ2_rp_wcs.fits': 
/home/liangrd/optical_data/WXTJ2/TNOT
[SKIP] Local directory does not exist for target 
'/home/tnot/EP/20251213_Li/stack_WXT_J001838+115903_rp_wcs.fits': 
/home/liangrd/optical_data/WXT/TNOT
[SKIP] Local directory does not exist for target 
'/home/tnot/EP/20260109/stack_WXT_J030902+581637_rp_wcs.fits': 
/home/liangrd/optical_data/WXT/TNOT
[SKIP] File already exists: 
/home/liangrd/optical_data/EP251222a/TNOT/stack_EP251222a_rp_wcs.fits
[SKIP] Local directory does not exist for target 
'/home/tnot/EP/20251214/stack_EP20251214a_rp_wcs.fits': 
/home/liangrd/optical_data/EP20251214a/TNOT
🔍 Querying remote Sitian files...
📦 Found 50 files on server
⏭️ Skip existing: 2025-12-27_EP251222a_g_com_10.wcs.fits
⏭️ Skip existing: 2025-12-28_EP251222a_g_com_10.wcs.fits
⏭️ Skip existing: 2025-12-29_EP251222a_g_com_5.wcs.fits
⏭️ Skip existing: 2025-12-30_EP251229a_g_com_10.wcs.fits
⏭️ Skip existing: 2025-12-31_EP251229a_g_com_10.wcs.fits
⏭️ Skip existing: 2026-01-03_EP260101a_g_com_3.wcs.fits
⏭️ Skip existing: 2026-01-05_EP260104a_g_com_9.wcs.fits
⏭️ Skip existing: 2026-01-05_EP260105a_g_com_1.wcs.fits
⏭️ Skip existing: 2026-01-06_EP260104a_g_com_10.wcs.fits
⏭️ Skip existing: 2026-01-06_EP260105a_g_com_10.wcs.fits
⏭️ Skip existing: 2026-01-07_EP260104a_g_com_10.wcs.fits
⏭️ Skip existing: 2026-01-08_EP260101a_g_com_10.wcs.fits
⏭️ Skip existing: 2026-01-10_EP260105b_g_com_3.wcs.fits
⏭️ Skip existing: 2026-01-11_EP260110a_g_com_10.wcs.fits
⏭️ Skip existing: 2026-01-12_EP260104a_g_com_10.wcs.fits
⏭️ Skip existing: 2026-01-12_EP260105a_g_com_10.wcs.fits
⏭️ Skip existing: 2026-01-12_EP260110a_g_com_10.wcs.fits
⏭️ Skip existing: 2026-01-13_EP260101a_g_com_10.wcs.fits
⏭️ Skip existing: 2026-01-15_EP260101a_g_com_10.wcs.fits
⏭️ Skip existing: 2026-01-16_EP251221a_g_com_10.wcs.fits
⏭️ Skip existing: 2026-01-17_EP251221a_g_com_10.wcs.fits
⏭️ Skip existing: 2026-01-20_EP260110a_g_com_9.wcs.fits
⏭️ Skip existing: 2026-01-21_EP251229a_g_com_10.wcs.fits
⏭️ Skip existing: 2026-01-21_EP260101a_g_com_9.wcs.fits
⏭️ Skip existing: 2026-01-22_EP251229a_g_com_9.wcs.fits
⏭️ Skip existing: 2026-01-22_EP260101a_g_com_10.wcs.fits
⏭️ Skip existing: 2026-01-22_EP260105a_g_com_10.wcs.fits
⏭️ Skip existing: 2026-01-22_EP260110a_g_com_10.wcs.fits
⏭️ Skip existing: 2026-01-23_EP260105b_g_com_10.wcs.fits
⏭️ Skip existing: 2026-01-23_EP260116a_g_com_10.wcs.fits
⏭️ Skip existing: 2026-01-26_EP260110a_g_com_10.wcs.fits
⏭️ Skip existing: 2026-01-27_EP260116a_g_com_10.wcs.fits
⏭️ Skip existing: 2026-02-08_EP260110a_g_com_9.wcs.fits
⏭️ Skip existing: 2026-02-10_EP260110a_g_com_9.wcs.fits
⏭️ Skip existing: 2026-02-10_EP260209a_g_com_10.wcs.fits
⏭️ Skip existing: 2026-02-11_EP260116a_g_com_10.wcs.fits
⏭️ Skip existing: 2026-02-11_EP260126a_g_com_10.wcs.fits
⏭️ Skip existing: 2026-02-15_EP260116a_g_com_10.wcs.fits
⏭️ Skip existing: 2026-02-15_EP260126a_g_com_10.wcs.fits
⏭️ Skip existing: 2026-02-15_EP260209a_g_com_10.wcs.fits
⏭️ Skip existing: 2026-03-10_EP260213a_g_com_10.wcs.fits
⏭️ Skip existing: 2026-03-11_EP260209a_g_com_10.wcs.fits
⏭️ Skip existing: 2026-03-11_EP260223a_g_com_9.wcs.fits
⏭️ Skip existing: 2026-03-12_EP260210a_g_com_10.wcs.fits
⏭️ Skip existing: 2026-03-18_EP260223a_g_com_10.wcs.fits
⏭️ Skip existing: 2026-03-20_EP260223a_g_com_10.wcs.fits
⏭️ Skip existing: 2026-03-23_EP260321a_g_com_3.wcs.fits
⏭️ Skip existing: 2026-04-20_EP260329b_g_com_10.wcs.fits
⏭️ Skip existing: 2026-04-20_EP260402a_g_com_11.wcs.fits
⬇️ Downloading 2026-06-01_EP260530a_g_com_10.fits → 
/home/liangrd/optical_data/EP260530a/sitian
✅ Sitian data download finished.
[ERROR] 
/home/liangrd/optical_data/EP251229a/sitian/2025-12-30_EP251229a_g_com_10.wcs.fi
ts: buffer is too small for requested array
[ERROR] 
/home/liangrd/optical_data/EP251229a/sitian/2025-12-31_EP251229a_g_com_10.wcs.fi
ts: buffer is too small for requested array
[ERROR] 
/home/liangrd/optical_data/EP260105a/WHUT/EP260105a_20260125_0013_i_wcs.fits: 
'NoneType' object has no attribute 'get'
[WARN] Unknown band in 
/home/liangrd/optical_data/EP260131a/NOT/EP260131a_stack_r.fits
[WARN] Unknown band in 
/home/liangrd/optical_data/EP260131a/NOT/EP260131a_stack_z.fits
[WARN] Unknown band in /home/liangrd/optical_data/EP260131a/VLT/stack_r.fits
[WARN] Unknown band in /home/liangrd/optical_data/EP260131a/VLT/stack_g.fits
[WARN] No DATE-OBS in 
/home/liangrd/optical_data/EP260131a/NTT/EP260131a_g_wcs_ultracam_20260215.fits
[WARN] Unknown band in 
/home/liangrd/optical_data/EP260131a/SOAR/cutout_Liang/SOAR_mode4_restored.fits
[ERROR] 
/home/liangrd/optical_data/EP260131a/NTT_REDUCED/EP260131a_u_wcs_ultracam_202602
15_bkg_sub/PSF_model_image_EP260131a_u_wcs_ultracam_20260215_bkg_sub_APT.fits: 
'NoneType' object has no attribute 'get'
[ERROR] 
/home/liangrd/optical_data/EP260131a/NTT_REDUCED/EP260131a_g_wcs_ultracam_202602
20_bkg_sub/PSF_model_image_EP260131a_g_wcs_ultracam_20260220_bkg_sub_APT.fits: 
'NoneType' object has no attribute 'get'
[ERROR] 
/home/liangrd/optical_data/EP260131a/NTT_REDUCED/EP260131a_u_wcs_ultracam_202602
19/PSF_model_image_EP260131a_u_wcs_ultracam_20260219_APT.fits: 'NoneType' object
has no attribute 'get'
[ERROR] 
/home/liangrd/optical_data/EP260131a/NTT_REDUCED/EP260131a_u_wcs_ultracam_202602
20/PSF_model_image_EP260131a_u_wcs_ultracam_20260220_APT.fits: 'NoneType' object
has no attribute 'get'
[WARN] No DATE-OBS in 
/home/liangrd/optical_data/EP260131a/NTT_REDUCED/EP260131a_g_wcs_ultracam_202602
15/EP260131a_g_wcs_ultracam_20260215_APT.fits
[ERROR] 
/home/liangrd/optical_data/EP260131a/NTT_REDUCED/EP260131a_r_wcs_ultracam_202602
15/PSF_model_image_EP260131a_r_wcs_ultracam_20260215_APT.fits: 'NoneType' object
has no attribute 'get'
[ERROR] 
/home/liangrd/optical_data/EP260131a/NTT_REDUCED/EP260131a_g_wcs_ultracam_202602
19_bkg_sub/PSF_model_image_EP260131a_g_wcs_ultracam_20260219_bkg_sub_APT.fits: 
'NoneType' object has no attribute 'get'
[ERROR] 
/home/liangrd/optical_data/EP260131a/NTT_REDUCED/EP260131a_g_wcs_ultracam_202602
22/PSF_model_image_EP260131a_g_wcs_ultracam_20260222_APT.fits: 'NoneType' object
has no attribute 'get'
[ERROR] 
/home/liangrd/optical_data/EP260131a/NTT_REDUCED/EP260131a_r_wcs_ultracam_202602
19/PSF_model_image_EP260131a_r_wcs_ultracam_20260219_APT.fits: 'NoneType' object
has no attribute 'get'
[ERROR] 
/home/liangrd/optical_data/EP260131a/NTT_REDUCED/EP260131a_r_wcs_ultracam_202602
20/PSF_model_image_EP260131a_r_wcs_ultracam_20260220_APT.fits: 'NoneType' object
has no attribute 'get'
[ERROR] 
/home/liangrd/optical_data/EP260131a/NTT_REDUCED/EP260131a_u_wcs_ultracam_202602
22/PSF_model_image_EP260131a_u_wcs_ultracam_20260222_APT.fits: 'NoneType' object
has no attribute 'get'
[ERROR] 
/home/liangrd/optical_data/EP260131a/NTT_REDUCED/EP260131a_r_wcs_ultracam_202602
22/PSF_model_image_EP260131a_r_wcs_ultracam_20260222_APT.fits: 'NoneType' object
has no attribute 'get'
[ERROR] 
/home/liangrd/optical_data/EP260324a/WHUT/EP260324a_20260328_0001_i.fits: 
'NoneType' object has no attribute 'get'
[ERROR] 
/home/liangrd/optical_data/EP260329b/sitian/2026-04-20_EP260329b_g_com_10.wcs.fi
ts: Empty or corrupt FITS file
[ERROR] 
/home/liangrd/optical_data/EP260518a/TRT_REDUCED/EP260518a_TRT_20260523_AUS_V_st
ack_bgsub_reproject_wmean/PSF_model_image_EP260518a_TRT_20260523_AUS_V_stack_bgs
ub_reproject_wmean_APT.fits: 'NoneType' object has no attribute 'get'
[OK] Saved:
  - /home/liangrd/Follow_up/results/all_targets_timeline.csv
  - /home/liangrd/Follow_up/results/all_targets_timeline.png
[ERROR] 
/home/liangrd/optical_data/EP251229a/sitian/2025-12-30_EP251229a_g_com_10.wcs.fi
ts: buffer is too small for requested array
[ERROR] 
/home/liangrd/optical_data/EP251229a/sitian/2025-12-31_EP251229a_g_com_10.wcs.fi
ts: buffer is too small for requested array
[ERROR] 
/home/liangrd/optical_data/EP260105a/WHUT/EP260105a_20260125_0013_i_wcs.fits: 
'NoneType' object has no attribute 'get'
[WARN] Unknown band in 
/home/liangrd/optical_data/EP260131a/NOT/EP260131a_stack_r.fits
[WARN] Unknown band in 
/home/liangrd/optical_data/EP260131a/NOT/EP260131a_stack_z.fits
[WARN] Unknown band in /home/liangrd/optical_data/EP260131a/VLT/stack_r.fits
[WARN] Unknown band in /home/liangrd/optical_data/EP260131a/VLT/stack_g.fits
[WARN] No DATE-OBS in 
/home/liangrd/optical_data/EP260131a/NTT/EP260131a_g_wcs_ultracam_20260215.fits
[WARN] Unknown band in 
/home/liangrd/optical_data/EP260131a/SOAR/cutout_Liang/SOAR_mode4_restored.fits
[ERROR] 
/home/liangrd/optical_data/EP260131a/NTT_REDUCED/EP260131a_u_wcs_ultracam_202602
15_bkg_sub/PSF_model_image_EP260131a_u_wcs_ultracam_20260215_bkg_sub_APT.fits: 
'NoneType' object has no attribute 'get'
[ERROR] 
/home/liangrd/optical_data/EP260131a/NTT_REDUCED/EP260131a_g_wcs_ultracam_202602
20_bkg_sub/PSF_model_image_EP260131a_g_wcs_ultracam_20260220_bkg_sub_APT.fits: 
'NoneType' object has no attribute 'get'
[ERROR] 
/home/liangrd/optical_data/EP260131a/NTT_REDUCED/EP260131a_u_wcs_ultracam_202602
19/PSF_model_image_EP260131a_u_wcs_ultracam_20260219_APT.fits: 'NoneType' object
has no attribute 'get'
[ERROR] 
/home/liangrd/optical_data/EP260131a/NTT_REDUCED/EP260131a_u_wcs_ultracam_202602
20/PSF_model_image_EP260131a_u_wcs_ultracam_20260220_APT.fits: 'NoneType' object
has no attribute 'get'
[WARN] No DATE-OBS in 
/home/liangrd/optical_data/EP260131a/NTT_REDUCED/EP260131a_g_wcs_ultracam_202602
15/EP260131a_g_wcs_ultracam_20260215_APT.fits
[ERROR] 
/home/liangrd/optical_data/EP260131a/NTT_REDUCED/EP260131a_r_wcs_ultracam_202602
15/PSF_model_image_EP260131a_r_wcs_ultracam_20260215_APT.fits: 'NoneType' object
has no attribute 'get'
[ERROR] 
/home/liangrd/optical_data/EP260131a/NTT_REDUCED/EP260131a_g_wcs_ultracam_202602
19_bkg_sub/PSF_model_image_EP260131a_g_wcs_ultracam_20260219_bkg_sub_APT.fits: 
'NoneType' object has no attribute 'get'
[ERROR] 
/home/liangrd/optical_data/EP260131a/NTT_REDUCED/EP260131a_g_wcs_ultracam_202602
22/PSF_model_image_EP260131a_g_wcs_ultracam_20260222_APT.fits: 'NoneType' object
has no attribute 'get'
[ERROR] 
/home/liangrd/optical_data/EP260131a/NTT_REDUCED/EP260131a_r_wcs_ultracam_202602
19/PSF_model_image_EP260131a_r_wcs_ultracam_20260219_APT.fits: 'NoneType' object
has no attribute 'get'
[ERROR] 
/home/liangrd/optical_data/EP260131a/NTT_REDUCED/EP260131a_r_wcs_ultracam_202602
20/PSF_model_image_EP260131a_r_wcs_ultracam_20260220_APT.fits: 'NoneType' object
has no attribute 'get'
[ERROR] 
/home/liangrd/optical_data/EP260131a/NTT_REDUCED/EP260131a_u_wcs_ultracam_202602
22/PSF_model_image_EP260131a_u_wcs_ultracam_20260222_APT.fits: 'NoneType' object
has no attribute 'get'
[ERROR] 
/home/liangrd/optical_data/EP260131a/NTT_REDUCED/EP260131a_r_wcs_ultracam_202602
22/PSF_model_image_EP260131a_r_wcs_ultracam_20260222_APT.fits: 'NoneType' object
has no attribute 'get'
[ERROR] 
/home/liangrd/optical_data/EP260324a/WHUT/EP260324a_20260328_0001_i.fits: 
'NoneType' object has no attribute 'get'
[ERROR] 
/home/liangrd/optical_data/EP260329b/sitian/2026-04-20_EP260329b_g_com_10.wcs.fi
ts: Empty or corrupt FITS file
[ERROR] 
/home/liangrd/optical_data/EP260518a/TRT_REDUCED/EP260518a_TRT_20260523_AUS_V_st
ack_bgsub_reproject_wmean/PSF_model_image_EP260518a_TRT_20260523_AUS_V_stack_bgs
ub_reproject_wmean_APT.fits: 'NoneType' object has no attribute 'get'
[OK] Saved interactive figure to 
/home/liangrd/Follow_up/results/all_targets_timeline.html
[OK] Saved:
  - /home/liangrd/Follow_up/results/all_targets_timeline.csv
  - /home/liangrd/Follow_up/results/all_targets_timeline.html
[OK] Saved results to /home/liangrd/Follow_up/results/all_targets_meta.csv
Traceback (most recent call last):
  File "/home/liangrd/Follow_up/code/update_data.py", line 38, in <module>
    show_cumulative_observations()
  File "/home/liangrd/Follow_up/code/utils.py", line 1317, in show_cumulative_observations
    candidates['Obs Time'] = pd.to_datetime(candidates['Obs Time'])
                             ^^^^^^^^^^^^^^^^^^^^^^^^^^^^^^^^^^^^^^
  File "/home/liangrd/epenv/lib/python3.12/site-packages/pandas/core/tools/datetimes.py", line 1067, in to_datetime
    values = convert_listlike(arg._values, format)
             ^^^^^^^^^^^^^^^^^^^^^^^^^^^^^^^^^^^^^
  File "/home/liangrd/epenv/lib/python3.12/site-packages/pandas/core/tools/datetimes.py", line 433, in _convert_listlike_datetimes
    return _array_strptime_with_fallback(arg, name, utc, format, exact, errors)
           ^^^^^^^^^^^^^^^^^^^^^^^^^^^^^^^^^^^^^^^^^^^^^^^^^^^^^^^^^^^^^^^^^^^^
  File "/home/liangrd/epenv/lib/python3.12/site-packages/pandas/core/tools/datetimes.py", line 467, in _array_strptime_with_fallback
    result, tz_out = array_strptime(arg, fmt, exact=exact, errors=errors, utc=utc)
                     ^^^^^^^^^^^^^^^^^^^^^^^^^^^^^^^^^^^^^^^^^^^^^^^^^^^^^^^^^^^^^
  File "strptime.pyx", line 501, in pandas._libs.tslibs.strptime.array_strptime
  File "strptime.pyx", line 451, in pandas._libs.tslibs.strptime.array_strptime
  File "strptime.pyx", line 583, in pandas._libs.tslibs.strptime._parse_with_format
ValueError: time data "2026-05-14T16:56:06" doesn't match format "%Y-%m-%d %H:%M:%S", at position 51. You might want to try:
    - passing `format` if your strings have a consistent format;
    - passing `format='ISO8601'` if your strings are all ISO8601 but not necessarily in exactly the same format;
    - passing `format='mixed'`, and the format will be inferred for each element individually. You might want to use `dayfirst` alongside this.
      raj2000    dej2000   object_id  ...  e_i_psf      z_psf  e_z_psf
0  298.952588 -48.537177   480799158  ...   0.0081  16.776400   0.0093
1  298.961893 -48.550652   480799159  ...   0.0053  12.807600   0.0066
2  298.974132 -48.557398   480799162  ...   0.0126  17.625401   0.0148
3  298.975618 -48.561971  1584538453  ...   0.0653        NaN      NaN
4  298.970351 -48.540340  1584538554  ...      NaN        NaN      NaN

[5 rows x 15 columns]
Saved catalog to /home/liangrd/optical_data/EP260518a/skymapper.csv
===============================================
Updating Data: 2026-06-02 10:02:24.097
===============================================
Found 17 remote files.
[SKIP] File already exists: 
/home/liangrd/optical_data/EP251222a/TNOT/stack_EP251222a_rp_wcs.fits
[SKIP] Local directory does not exist for target 
'/home/tnot/EP/20251212/stack_WXTJ043559-012325_rp_wcs.fits': 
/home/liangrd/optical_data/WXTJ043559-012325/TNOT
[SKIP] File already exists: 
/home/liangrd/optical_data/EP260131a/TNOT/stack_EP260131a_rp_wcs.fits
[SKIP] Local directory does not exist for target 
'/home/tnot/EP/20251219/stack_EPJ0619.5+0606_rp_wcs.fits': 
/home/liangrd/optical_data/EPJ0619.5+0606/TNOT
[SKIP] Local directory does not exist for target 
'/home/tnot/EP/20251213/stack_WXT_J001838+115903_rp_wcs.fits': 
/home/liangrd/optical_data/WXT/TNOT
[SKIP] Local directory does not exist for target 
'/home/tnot/EP/20251208/stack_RXSJ052540.6+425139_rp_wcs.fits': 
/home/liangrd/optical_data/RXSJ052540.6+425139/TNOT
[SKIP] Local directory does not exist for target 
'/home/tnot/EP/20251208/stack_WXTJ031644+08d316_rp_wcs.fits': 
/home/liangrd/optical_data/WXTJ031644+08d316/TNOT
[SKIP] File already exists: 
/home/liangrd/optical_data/EP251222a/TNOT/stack_EP251222a_rp_wcs.fits
[SKIP] Local directory does not exist for target 
'/home/tnot/EP/20251209/stack_WXTJ032216+233553_rp_wcs.fits': 
/home/liangrd/optical_data/WXTJ032216+233553/TNOT
[SKIP] Local directory does not exist for target 
'/home/tnot/EP/20251209/stack_WXTJ110746+454221_rp_wcs.fits': 
/home/liangrd/optical_data/WXTJ110746+454221/TNOT
[SKIP] File already exists: 
/home/liangrd/optical_data/EP251221a/TNOT/stack_EP251221a_rp_wcs.fits
[SKIP] File already exists: 
/home/liangrd/optical_data/EP260209a/TNOT/stack_EP260209a_rp_wcs.fits
[SKIP] Local directory does not exist for target 
'/home/tnot/EP/20251211/stack_WXTJ2_rp_wcs.fits': 
/home/liangrd/optical_data/WXTJ2/TNOT
[SKIP] Local directory does not exist for target 
'/home/tnot/EP/20251213_Li/stack_WXT_J001838+115903_rp_wcs.fits': 
/home/liangrd/optical_data/WXT/TNOT
[SKIP] Local directory does not exist for target 
'/home/tnot/EP/20260109/stack_WXT_J030902+581637_rp_wcs.fits': 
/home/liangrd/optical_data/WXT/TNOT
[SKIP] File already exists: 
/home/liangrd/optical_data/EP251222a/TNOT/stack_EP251222a_rp_wcs.fits
[SKIP] Local directory does not exist for target 
'/home/tnot/EP/20251214/stack_EP20251214a_rp_wcs.fits': 
/home/liangrd/optical_data/EP20251214a/TNOT
🔍 Querying remote Sitian files...
📦 Found 50 files on server
⏭️ Skip existing: 2025-12-27_EP251222a_g_com_10.wcs.fits
⏭️ Skip existing: 2025-12-28_EP251222a_g_com_10.wcs.fits
⏭️ Skip existing: 2025-12-29_EP251222a_g_com_5.wcs.fits
⏭️ Skip existing: 2025-12-30_EP251229a_g_com_10.wcs.fits
⏭️ Skip existing: 2025-12-31_EP251229a_g_com_10.wcs.fits
⏭️ Skip existing: 2026-01-03_EP260101a_g_com_3.wcs.fits
⏭️ Skip existing: 2026-01-05_EP260104a_g_com_9.wcs.fits
⏭️ Skip existing: 2026-01-05_EP260105a_g_com_1.wcs.fits
⏭️ Skip existing: 2026-01-06_EP260104a_g_com_10.wcs.fits
⏭️ Skip existing: 2026-01-06_EP260105a_g_com_10.wcs.fits
⏭️ Skip existing: 2026-01-07_EP260104a_g_com_10.wcs.fits
⏭️ Skip existing: 2026-01-08_EP260101a_g_com_10.wcs.fits
⏭️ Skip existing: 2026-01-10_EP260105b_g_com_3.wcs.fits
⏭️ Skip existing: 2026-01-11_EP260110a_g_com_10.wcs.fits
⏭️ Skip existing: 2026-01-12_EP260104a_g_com_10.wcs.fits
⏭️ Skip existing: 2026-01-12_EP260105a_g_com_10.wcs.fits
⏭️ Skip existing: 2026-01-12_EP260110a_g_com_10.wcs.fits
⏭️ Skip existing: 2026-01-13_EP260101a_g_com_10.wcs.fits
⏭️ Skip existing: 2026-01-15_EP260101a_g_com_10.wcs.fits
⏭️ Skip existing: 2026-01-16_EP251221a_g_com_10.wcs.fits
⏭️ Skip existing: 2026-01-17_EP251221a_g_com_10.wcs.fits
⏭️ Skip existing: 2026-01-20_EP260110a_g_com_9.wcs.fits
⏭️ Skip existing: 2026-01-21_EP251229a_g_com_10.wcs.fits
⏭️ Skip existing: 2026-01-21_EP260101a_g_com_9.wcs.fits
⏭️ Skip existing: 2026-01-22_EP251229a_g_com_9.wcs.fits
⏭️ Skip existing: 2026-01-22_EP260101a_g_com_10.wcs.fits
⏭️ Skip existing: 2026-01-22_EP260105a_g_com_10.wcs.fits
⏭️ Skip existing: 2026-01-22_EP260110a_g_com_10.wcs.fits
⏭️ Skip existing: 2026-01-23_EP260105b_g_com_10.wcs.fits
⏭️ Skip existing: 2026-01-23_EP260116a_g_com_10.wcs.fits
⏭️ Skip existing: 2026-01-26_EP260110a_g_com_10.wcs.fits
⏭️ Skip existing: 2026-01-27_EP260116a_g_com_10.wcs.fits
⏭️ Skip existing: 2026-02-08_EP260110a_g_com_9.wcs.fits
⏭️ Skip existing: 2026-02-10_EP260110a_g_com_9.wcs.fits
⏭️ Skip existing: 2026-02-10_EP260209a_g_com_10.wcs.fits
⏭️ Skip existing: 2026-02-11_EP260116a_g_com_10.wcs.fits
⏭️ Skip existing: 2026-02-11_EP260126a_g_com_10.wcs.fits
⏭️ Skip existing: 2026-02-15_EP260116a_g_com_10.wcs.fits
⏭️ Skip existing: 2026-02-15_EP260126a_g_com_10.wcs.fits
⏭️ Skip existing: 2026-02-15_EP260209a_g_com_10.wcs.fits
⏭️ Skip existing: 2026-03-10_EP260213a_g_com_10.wcs.fits
⏭️ Skip existing: 2026-03-11_EP260209a_g_com_10.wcs.fits
⏭️ Skip existing: 2026-03-11_EP260223a_g_com_9.wcs.fits
⏭️ Skip existing: 2026-03-12_EP260210a_g_com_10.wcs.fits
⏭️ Skip existing: 2026-03-18_EP260223a_g_com_10.wcs.fits
⏭️ Skip existing: 2026-03-20_EP260223a_g_com_10.wcs.fits
⏭️ Skip existing: 2026-03-23_EP260321a_g_com_3.wcs.fits
⏭️ Skip existing: 2026-04-20_EP260329b_g_com_10.wcs.fits
⏭️ Skip existing: 2026-04-20_EP260402a_g_com_11.wcs.fits
⏭️ Skip existing: 2026-06-01_EP260530a_g_com_10.wcs.fits
✅ Sitian data download finished.
[ERROR] 
/home/liangrd/optical_data/EP251229a/sitian/2025-12-30_EP251229a_g_com_10.wcs.fi
ts: buffer is too small for requested array
[ERROR] 
/home/liangrd/optical_data/EP251229a/sitian/2025-12-31_EP251229a_g_com_10.wcs.fi
ts: buffer is too small for requested array
[ERROR] 
/home/liangrd/optical_data/EP260105a/WHUT/EP260105a_20260125_0013_i_wcs.fits: 
'NoneType' object has no attribute 'get'
[WARN] Unknown band in 
/home/liangrd/optical_data/EP260131a/NOT/EP260131a_stack_r.fits
[WARN] Unknown band in 
/home/liangrd/optical_data/EP260131a/NOT/EP260131a_stack_z.fits
[WARN] Unknown band in /home/liangrd/optical_data/EP260131a/VLT/stack_r.fits
[WARN] Unknown band in /home/liangrd/optical_data/EP260131a/VLT/stack_g.fits
[WARN] No DATE-OBS in 
/home/liangrd/optical_data/EP260131a/NTT/EP260131a_g_wcs_ultracam_20260215.fits
[WARN] Unknown band in 
/home/liangrd/optical_data/EP260131a/SOAR/cutout_Liang/SOAR_mode4_restored.fits
[ERROR] 
/home/liangrd/optical_data/EP260131a/NTT_REDUCED/EP260131a_u_wcs_ultracam_202602
15_bkg_sub/PSF_model_image_EP260131a_u_wcs_ultracam_20260215_bkg_sub_APT.fits: 
'NoneType' object has no attribute 'get'
[ERROR] 
/home/liangrd/optical_data/EP260131a/NTT_REDUCED/EP260131a_g_wcs_ultracam_202602
20_bkg_sub/PSF_model_image_EP260131a_g_wcs_ultracam_20260220_bkg_sub_APT.fits: 
'NoneType' object has no attribute 'get'
[ERROR] 
/home/liangrd/optical_data/EP260131a/NTT_REDUCED/EP260131a_u_wcs_ultracam_202602
19/PSF_model_image_EP260131a_u_wcs_ultracam_20260219_APT.fits: 'NoneType' object
has no attribute 'get'
[ERROR] 
/home/liangrd/optical_data/EP260131a/NTT_REDUCED/EP260131a_u_wcs_ultracam_202602
20/PSF_model_image_EP260131a_u_wcs_ultracam_20260220_APT.fits: 'NoneType' object
has no attribute 'get'
[WARN] No DATE-OBS in 
/home/liangrd/optical_data/EP260131a/NTT_REDUCED/EP260131a_g_wcs_ultracam_202602
15/EP260131a_g_wcs_ultracam_20260215_APT.fits
[ERROR] 
/home/liangrd/optical_data/EP260131a/NTT_REDUCED/EP260131a_r_wcs_ultracam_202602
15/PSF_model_image_EP260131a_r_wcs_ultracam_20260215_APT.fits: 'NoneType' object
has no attribute 'get'
[ERROR] 
/home/liangrd/optical_data/EP260131a/NTT_REDUCED/EP260131a_g_wcs_ultracam_202602
19_bkg_sub/PSF_model_image_EP260131a_g_wcs_ultracam_20260219_bkg_sub_APT.fits: 
'NoneType' object has no attribute 'get'
[ERROR] 
/home/liangrd/optical_data/EP260131a/NTT_REDUCED/EP260131a_g_wcs_ultracam_202602
22/PSF_model_image_EP260131a_g_wcs_ultracam_20260222_APT.fits: 'NoneType' object
has no attribute 'get'
[ERROR] 
/home/liangrd/optical_data/EP260131a/NTT_REDUCED/EP260131a_r_wcs_ultracam_202602
19/PSF_model_image_EP260131a_r_wcs_ultracam_20260219_APT.fits: 'NoneType' object
has no attribute 'get'
[ERROR] 
/home/liangrd/optical_data/EP260131a/NTT_REDUCED/EP260131a_r_wcs_ultracam_202602
20/PSF_model_image_EP260131a_r_wcs_ultracam_20260220_APT.fits: 'NoneType' object
has no attribute 'get'
[ERROR] 
/home/liangrd/optical_data/EP260131a/NTT_REDUCED/EP260131a_u_wcs_ultracam_202602
22/PSF_model_image_EP260131a_u_wcs_ultracam_20260222_APT.fits: 'NoneType' object
has no attribute 'get'
[ERROR] 
/home/liangrd/optical_data/EP260131a/NTT_REDUCED/EP260131a_r_wcs_ultracam_202602
22/PSF_model_image_EP260131a_r_wcs_ultracam_20260222_APT.fits: 'NoneType' object
has no attribute 'get'
[ERROR] 
/home/liangrd/optical_data/EP260324a/WHUT/EP260324a_20260328_0001_i.fits: 
'NoneType' object has no attribute 'get'
[ERROR] 
/home/liangrd/optical_data/EP260329b/sitian/2026-04-20_EP260329b_g_com_10.wcs.fi
ts: Empty or corrupt FITS file
[ERROR] 
/home/liangrd/optical_data/EP260518a/TRT_REDUCED/EP260518a_TRT_20260523_AUS_V_st
ack_bgsub_reproject_wmean/PSF_model_image_EP260518a_TRT_20260523_AUS_V_stack_bgs
ub_reproject_wmean_APT.fits: 'NoneType' object has no attribute 'get'
[OK] Saved:
  - /home/liangrd/Follow_up/results/all_targets_timeline.csv
  - /home/liangrd/Follow_up/results/all_targets_timeline.png
[ERROR] 
/home/liangrd/optical_data/EP251229a/sitian/2025-12-30_EP251229a_g_com_10.wcs.fi
ts: buffer is too small for requested array
[ERROR] 
/home/liangrd/optical_data/EP251229a/sitian/2025-12-31_EP251229a_g_com_10.wcs.fi
ts: buffer is too small for requested array
[ERROR] 
/home/liangrd/optical_data/EP260105a/WHUT/EP260105a_20260125_0013_i_wcs.fits: 
'NoneType' object has no attribute 'get'
[WARN] Unknown band in 
/home/liangrd/optical_data/EP260131a/NOT/EP260131a_stack_r.fits
[WARN] Unknown band in 
/home/liangrd/optical_data/EP260131a/NOT/EP260131a_stack_z.fits
[WARN] Unknown band in /home/liangrd/optical_data/EP260131a/VLT/stack_r.fits
[WARN] Unknown band in /home/liangrd/optical_data/EP260131a/VLT/stack_g.fits
[WARN] No DATE-OBS in 
/home/liangrd/optical_data/EP260131a/NTT/EP260131a_g_wcs_ultracam_20260215.fits
[WARN] Unknown band in 
/home/liangrd/optical_data/EP260131a/SOAR/cutout_Liang/SOAR_mode4_restored.fits
[ERROR] 
/home/liangrd/optical_data/EP260131a/NTT_REDUCED/EP260131a_u_wcs_ultracam_202602
15_bkg_sub/PSF_model_image_EP260131a_u_wcs_ultracam_20260215_bkg_sub_APT.fits: 
'NoneType' object has no attribute 'get'
[ERROR] 
/home/liangrd/optical_data/EP260131a/NTT_REDUCED/EP260131a_g_wcs_ultracam_202602
20_bkg_sub/PSF_model_image_EP260131a_g_wcs_ultracam_20260220_bkg_sub_APT.fits: 
'NoneType' object has no attribute 'get'
[ERROR] 
/home/liangrd/optical_data/EP260131a/NTT_REDUCED/EP260131a_u_wcs_ultracam_202602
19/PSF_model_image_EP260131a_u_wcs_ultracam_20260219_APT.fits: 'NoneType' object
has no attribute 'get'
[ERROR] 
/home/liangrd/optical_data/EP260131a/NTT_REDUCED/EP260131a_u_wcs_ultracam_202602
20/PSF_model_image_EP260131a_u_wcs_ultracam_20260220_APT.fits: 'NoneType' object
has no attribute 'get'
[WARN] No DATE-OBS in 
/home/liangrd/optical_data/EP260131a/NTT_REDUCED/EP260131a_g_wcs_ultracam_202602
15/EP260131a_g_wcs_ultracam_20260215_APT.fits
[ERROR] 
/home/liangrd/optical_data/EP260131a/NTT_REDUCED/EP260131a_r_wcs_ultracam_202602
15/PSF_model_image_EP260131a_r_wcs_ultracam_20260215_APT.fits: 'NoneType' object
has no attribute 'get'
[ERROR] 
/home/liangrd/optical_data/EP260131a/NTT_REDUCED/EP260131a_g_wcs_ultracam_202602
19_bkg_sub/PSF_model_image_EP260131a_g_wcs_ultracam_20260219_bkg_sub_APT.fits: 
'NoneType' object has no attribute 'get'
[ERROR] 
/home/liangrd/optical_data/EP260131a/NTT_REDUCED/EP260131a_g_wcs_ultracam_202602
22/PSF_model_image_EP260131a_g_wcs_ultracam_20260222_APT.fits: 'NoneType' object
has no attribute 'get'
[ERROR] 
/home/liangrd/optical_data/EP260131a/NTT_REDUCED/EP260131a_r_wcs_ultracam_202602
19/PSF_model_image_EP260131a_r_wcs_ultracam_20260219_APT.fits: 'NoneType' object
has no attribute 'get'
[ERROR] 
/home/liangrd/optical_data/EP260131a/NTT_REDUCED/EP260131a_r_wcs_ultracam_202602
20/PSF_model_image_EP260131a_r_wcs_ultracam_20260220_APT.fits: 'NoneType' object
has no attribute 'get'
[ERROR] 
/home/liangrd/optical_data/EP260131a/NTT_REDUCED/EP260131a_u_wcs_ultracam_202602
22/PSF_model_image_EP260131a_u_wcs_ultracam_20260222_APT.fits: 'NoneType' object
has no attribute 'get'
[ERROR] 
/home/liangrd/optical_data/EP260131a/NTT_REDUCED/EP260131a_r_wcs_ultracam_202602
22/PSF_model_image_EP260131a_r_wcs_ultracam_20260222_APT.fits: 'NoneType' object
has no attribute 'get'
[ERROR] 
/home/liangrd/optical_data/EP260324a/WHUT/EP260324a_20260328_0001_i.fits: 
'NoneType' object has no attribute 'get'
[ERROR] 
/home/liangrd/optical_data/EP260329b/sitian/2026-04-20_EP260329b_g_com_10.wcs.fi
ts: Empty or corrupt FITS file
[ERROR] 
/home/liangrd/optical_data/EP260518a/TRT_REDUCED/EP260518a_TRT_20260523_AUS_V_st
ack_bgsub_reproject_wmean/PSF_model_image_EP260518a_TRT_20260523_AUS_V_stack_bgs
ub_reproject_wmean_APT.fits: 'NoneType' object has no attribute 'get'
[OK] Saved interactive figure to 
/home/liangrd/Follow_up/results/all_targets_timeline.html
[OK] Saved:
  - /home/liangrd/Follow_up/results/all_targets_timeline.csv
  - /home/liangrd/Follow_up/results/all_targets_timeline.html
[OK] Saved results to /home/liangrd/Follow_up/results/all_targets_meta.csv
Traceback (most recent call last):
  File "/home/liangrd/Follow_up/code/update_data.py", line 38, in <module>
    show_cumulative_observations()
  File "/home/liangrd/Follow_up/code/utils.py", line 1317, in show_cumulative_observations
    candidates['Obs Time'] = pd.to_datetime(candidates['Obs Time'])
                             ^^^^^^^^^^^^^^^^^^^^^^^^^^^^^^^^^^^^^^
  File "/home/liangrd/epenv/lib/python3.12/site-packages/pandas/core/tools/datetimes.py", line 1067, in to_datetime
    values = convert_listlike(arg._values, format)
             ^^^^^^^^^^^^^^^^^^^^^^^^^^^^^^^^^^^^^
  File "/home/liangrd/epenv/lib/python3.12/site-packages/pandas/core/tools/datetimes.py", line 433, in _convert_listlike_datetimes
    return _array_strptime_with_fallback(arg, name, utc, format, exact, errors)
           ^^^^^^^^^^^^^^^^^^^^^^^^^^^^^^^^^^^^^^^^^^^^^^^^^^^^^^^^^^^^^^^^^^^^
  File "/home/liangrd/epenv/lib/python3.12/site-packages/pandas/core/tools/datetimes.py", line 467, in _array_strptime_with_fallback
    result, tz_out = array_strptime(arg, fmt, exact=exact, errors=errors, utc=utc)
                     ^^^^^^^^^^^^^^^^^^^^^^^^^^^^^^^^^^^^^^^^^^^^^^^^^^^^^^^^^^^^^
  File "strptime.pyx", line 501, in pandas._libs.tslibs.strptime.array_strptime
  File "strptime.pyx", line 451, in pandas._libs.tslibs.strptime.array_strptime
  File "strptime.pyx", line 583, in pandas._libs.tslibs.strptime._parse_with_format
ValueError: time data "2026-05-14T16:56:06" doesn't match format "%Y-%m-%d %H:%M:%S", at position 51. You might want to try:
    - passing `format` if your strings have a consistent format;
    - passing `format='ISO8601'` if your strings are all ISO8601 but not necessarily in exactly the same format;
    - passing `format='mixed'`, and the format will be inferred for each element individually. You might want to use `dayfirst` alongside this.
      raj2000    dej2000   object_id  ...  e_i_psf      z_psf  e_z_psf
0  298.952588 -48.537177   480799158  ...   0.0081  16.776400   0.0093
1  298.961893 -48.550652   480799159  ...   0.0053  12.807600   0.0066
2  298.974132 -48.557398   480799162  ...   0.0126  17.625401   0.0148
3  298.975618 -48.561971  1584538453  ...   0.0653        NaN      NaN
4  298.970351 -48.540340  1584538554  ...      NaN        NaN      NaN

[5 rows x 15 columns]
Saved catalog to /home/liangrd/optical_data/EP260518a/skymapper.csv
===============================================
Updating Data: 2026-06-02 16:02:21.435
===============================================
Found 17 remote files.
[SKIP] File already exists: 
/home/liangrd/optical_data/EP251222a/TNOT/stack_EP251222a_rp_wcs.fits
[SKIP] Local directory does not exist for target 
'/home/tnot/EP/20251212/stack_WXTJ043559-012325_rp_wcs.fits': 
/home/liangrd/optical_data/WXTJ043559-012325/TNOT
[SKIP] File already exists: 
/home/liangrd/optical_data/EP260131a/TNOT/stack_EP260131a_rp_wcs.fits
[SKIP] Local directory does not exist for target 
'/home/tnot/EP/20251219/stack_EPJ0619.5+0606_rp_wcs.fits': 
/home/liangrd/optical_data/EPJ0619.5+0606/TNOT
[SKIP] Local directory does not exist for target 
'/home/tnot/EP/20251213/stack_WXT_J001838+115903_rp_wcs.fits': 
/home/liangrd/optical_data/WXT/TNOT
[SKIP] Local directory does not exist for target 
'/home/tnot/EP/20251208/stack_RXSJ052540.6+425139_rp_wcs.fits': 
/home/liangrd/optical_data/RXSJ052540.6+425139/TNOT
[SKIP] Local directory does not exist for target 
'/home/tnot/EP/20251208/stack_WXTJ031644+08d316_rp_wcs.fits': 
/home/liangrd/optical_data/WXTJ031644+08d316/TNOT
[SKIP] File already exists: 
/home/liangrd/optical_data/EP251222a/TNOT/stack_EP251222a_rp_wcs.fits
[SKIP] Local directory does not exist for target 
'/home/tnot/EP/20251209/stack_WXTJ032216+233553_rp_wcs.fits': 
/home/liangrd/optical_data/WXTJ032216+233553/TNOT
[SKIP] Local directory does not exist for target 
'/home/tnot/EP/20251209/stack_WXTJ110746+454221_rp_wcs.fits': 
/home/liangrd/optical_data/WXTJ110746+454221/TNOT
[SKIP] File already exists: 
/home/liangrd/optical_data/EP251221a/TNOT/stack_EP251221a_rp_wcs.fits
[SKIP] File already exists: 
/home/liangrd/optical_data/EP260209a/TNOT/stack_EP260209a_rp_wcs.fits
[SKIP] Local directory does not exist for target 
'/home/tnot/EP/20251211/stack_WXTJ2_rp_wcs.fits': 
/home/liangrd/optical_data/WXTJ2/TNOT
[SKIP] Local directory does not exist for target 
'/home/tnot/EP/20251213_Li/stack_WXT_J001838+115903_rp_wcs.fits': 
/home/liangrd/optical_data/WXT/TNOT
[SKIP] Local directory does not exist for target 
'/home/tnot/EP/20260109/stack_WXT_J030902+581637_rp_wcs.fits': 
/home/liangrd/optical_data/WXT/TNOT
[SKIP] File already exists: 
/home/liangrd/optical_data/EP251222a/TNOT/stack_EP251222a_rp_wcs.fits
[SKIP] Local directory does not exist for target 
'/home/tnot/EP/20251214/stack_EP20251214a_rp_wcs.fits': 
/home/liangrd/optical_data/EP20251214a/TNOT
🔍 Querying remote Sitian files...
📦 Found 50 files on server
⏭️ Skip existing: 2025-12-27_EP251222a_g_com_10.wcs.fits
⏭️ Skip existing: 2025-12-28_EP251222a_g_com_10.wcs.fits
⏭️ Skip existing: 2025-12-29_EP251222a_g_com_5.wcs.fits
⏭️ Skip existing: 2025-12-30_EP251229a_g_com_10.wcs.fits
⏭️ Skip existing: 2025-12-31_EP251229a_g_com_10.wcs.fits
⏭️ Skip existing: 2026-01-03_EP260101a_g_com_3.wcs.fits
⏭️ Skip existing: 2026-01-05_EP260104a_g_com_9.wcs.fits
⏭️ Skip existing: 2026-01-05_EP260105a_g_com_1.wcs.fits
⏭️ Skip existing: 2026-01-06_EP260104a_g_com_10.wcs.fits
⏭️ Skip existing: 2026-01-06_EP260105a_g_com_10.wcs.fits
⏭️ Skip existing: 2026-01-07_EP260104a_g_com_10.wcs.fits
⏭️ Skip existing: 2026-01-08_EP260101a_g_com_10.wcs.fits
⏭️ Skip existing: 2026-01-10_EP260105b_g_com_3.wcs.fits
⏭️ Skip existing: 2026-01-11_EP260110a_g_com_10.wcs.fits
⏭️ Skip existing: 2026-01-12_EP260104a_g_com_10.wcs.fits
⏭️ Skip existing: 2026-01-12_EP260105a_g_com_10.wcs.fits
⏭️ Skip existing: 2026-01-12_EP260110a_g_com_10.wcs.fits
⏭️ Skip existing: 2026-01-13_EP260101a_g_com_10.wcs.fits
⏭️ Skip existing: 2026-01-15_EP260101a_g_com_10.wcs.fits
⏭️ Skip existing: 2026-01-16_EP251221a_g_com_10.wcs.fits
⏭️ Skip existing: 2026-01-17_EP251221a_g_com_10.wcs.fits
⏭️ Skip existing: 2026-01-20_EP260110a_g_com_9.wcs.fits
⏭️ Skip existing: 2026-01-21_EP251229a_g_com_10.wcs.fits
⏭️ Skip existing: 2026-01-21_EP260101a_g_com_9.wcs.fits
⏭️ Skip existing: 2026-01-22_EP251229a_g_com_9.wcs.fits
⏭️ Skip existing: 2026-01-22_EP260101a_g_com_10.wcs.fits
⏭️ Skip existing: 2026-01-22_EP260105a_g_com_10.wcs.fits
⏭️ Skip existing: 2026-01-22_EP260110a_g_com_10.wcs.fits
⏭️ Skip existing: 2026-01-23_EP260105b_g_com_10.wcs.fits
⏭️ Skip existing: 2026-01-23_EP260116a_g_com_10.wcs.fits
⏭️ Skip existing: 2026-01-26_EP260110a_g_com_10.wcs.fits
⏭️ Skip existing: 2026-01-27_EP260116a_g_com_10.wcs.fits
⏭️ Skip existing: 2026-02-08_EP260110a_g_com_9.wcs.fits
⏭️ Skip existing: 2026-02-10_EP260110a_g_com_9.wcs.fits
⏭️ Skip existing: 2026-02-10_EP260209a_g_com_10.wcs.fits
⏭️ Skip existing: 2026-02-11_EP260116a_g_com_10.wcs.fits
⏭️ Skip existing: 2026-02-11_EP260126a_g_com_10.wcs.fits
⏭️ Skip existing: 2026-02-15_EP260116a_g_com_10.wcs.fits
⏭️ Skip existing: 2026-02-15_EP260126a_g_com_10.wcs.fits
⏭️ Skip existing: 2026-02-15_EP260209a_g_com_10.wcs.fits
⏭️ Skip existing: 2026-03-10_EP260213a_g_com_10.wcs.fits
⏭️ Skip existing: 2026-03-11_EP260209a_g_com_10.wcs.fits
⏭️ Skip existing: 2026-03-11_EP260223a_g_com_9.wcs.fits
⏭️ Skip existing: 2026-03-12_EP260210a_g_com_10.wcs.fits
⏭️ Skip existing: 2026-03-18_EP260223a_g_com_10.wcs.fits
⏭️ Skip existing: 2026-03-20_EP260223a_g_com_10.wcs.fits
⏭️ Skip existing: 2026-03-23_EP260321a_g_com_3.wcs.fits
⏭️ Skip existing: 2026-04-20_EP260329b_g_com_10.wcs.fits
⏭️ Skip existing: 2026-04-20_EP260402a_g_com_11.wcs.fits
⏭️ Skip existing: 2026-06-01_EP260530a_g_com_10.wcs.fits
✅ Sitian data download finished.
[ERROR] 
/home/liangrd/optical_data/EP251229a/sitian/2025-12-30_EP251229a_g_com_10.wcs.fi
ts: buffer is too small for requested array
[ERROR] 
/home/liangrd/optical_data/EP251229a/sitian/2025-12-31_EP251229a_g_com_10.wcs.fi
ts: buffer is too small for requested array
[ERROR] 
/home/liangrd/optical_data/EP260105a/WHUT/EP260105a_20260125_0013_i_wcs.fits: 
'NoneType' object has no attribute 'get'
[WARN] Unknown band in 
/home/liangrd/optical_data/EP260131a/NOT/EP260131a_stack_r.fits
[WARN] Unknown band in 
/home/liangrd/optical_data/EP260131a/NOT/EP260131a_stack_z.fits
[WARN] Unknown band in /home/liangrd/optical_data/EP260131a/VLT/stack_r.fits
[WARN] Unknown band in /home/liangrd/optical_data/EP260131a/VLT/stack_g.fits
[WARN] No DATE-OBS in 
/home/liangrd/optical_data/EP260131a/NTT/EP260131a_g_wcs_ultracam_20260215.fits
[WARN] Unknown band in 
/home/liangrd/optical_data/EP260131a/SOAR/cutout_Liang/SOAR_mode4_restored.fits
[ERROR] 
/home/liangrd/optical_data/EP260131a/NTT_REDUCED/EP260131a_u_wcs_ultracam_202602
15_bkg_sub/PSF_model_image_EP260131a_u_wcs_ultracam_20260215_bkg_sub_APT.fits: 
'NoneType' object has no attribute 'get'
[ERROR] 
/home/liangrd/optical_data/EP260131a/NTT_REDUCED/EP260131a_g_wcs_ultracam_202602
20_bkg_sub/PSF_model_image_EP260131a_g_wcs_ultracam_20260220_bkg_sub_APT.fits: 
'NoneType' object has no attribute 'get'
[ERROR] 
/home/liangrd/optical_data/EP260131a/NTT_REDUCED/EP260131a_u_wcs_ultracam_202602
19/PSF_model_image_EP260131a_u_wcs_ultracam_20260219_APT.fits: 'NoneType' object
has no attribute 'get'
[ERROR] 
/home/liangrd/optical_data/EP260131a/NTT_REDUCED/EP260131a_u_wcs_ultracam_202602
20/PSF_model_image_EP260131a_u_wcs_ultracam_20260220_APT.fits: 'NoneType' object
has no attribute 'get'
[WARN] No DATE-OBS in 
/home/liangrd/optical_data/EP260131a/NTT_REDUCED/EP260131a_g_wcs_ultracam_202602
15/EP260131a_g_wcs_ultracam_20260215_APT.fits
[ERROR] 
/home/liangrd/optical_data/EP260131a/NTT_REDUCED/EP260131a_r_wcs_ultracam_202602
15/PSF_model_image_EP260131a_r_wcs_ultracam_20260215_APT.fits: 'NoneType' object
has no attribute 'get'
[ERROR] 
/home/liangrd/optical_data/EP260131a/NTT_REDUCED/EP260131a_g_wcs_ultracam_202602
19_bkg_sub/PSF_model_image_EP260131a_g_wcs_ultracam_20260219_bkg_sub_APT.fits: 
'NoneType' object has no attribute 'get'
[ERROR] 
/home/liangrd/optical_data/EP260131a/NTT_REDUCED/EP260131a_g_wcs_ultracam_202602
22/PSF_model_image_EP260131a_g_wcs_ultracam_20260222_APT.fits: 'NoneType' object
has no attribute 'get'
[ERROR] 
/home/liangrd/optical_data/EP260131a/NTT_REDUCED/EP260131a_r_wcs_ultracam_202602
19/PSF_model_image_EP260131a_r_wcs_ultracam_20260219_APT.fits: 'NoneType' object
has no attribute 'get'
[ERROR] 
/home/liangrd/optical_data/EP260131a/NTT_REDUCED/EP260131a_r_wcs_ultracam_202602
20/PSF_model_image_EP260131a_r_wcs_ultracam_20260220_APT.fits: 'NoneType' object
has no attribute 'get'
[ERROR] 
/home/liangrd/optical_data/EP260131a/NTT_REDUCED/EP260131a_u_wcs_ultracam_202602
22/PSF_model_image_EP260131a_u_wcs_ultracam_20260222_APT.fits: 'NoneType' object
has no attribute 'get'
[ERROR] 
/home/liangrd/optical_data/EP260131a/NTT_REDUCED/EP260131a_r_wcs_ultracam_202602
22/PSF_model_image_EP260131a_r_wcs_ultracam_20260222_APT.fits: 'NoneType' object
has no attribute 'get'
[ERROR] 
/home/liangrd/optical_data/EP260324a/WHUT/EP260324a_20260328_0001_i.fits: 
'NoneType' object has no attribute 'get'
[ERROR] 
/home/liangrd/optical_data/EP260329b/sitian/2026-04-20_EP260329b_g_com_10.wcs.fi
ts: Empty or corrupt FITS file
[ERROR] 
/home/liangrd/optical_data/EP260518a/TRT_REDUCED/EP260518a_TRT_20260523_AUS_V_st
ack_bgsub_reproject_wmean/PSF_model_image_EP260518a_TRT_20260523_AUS_V_stack_bgs
ub_reproject_wmean_APT.fits: 'NoneType' object has no attribute 'get'
[OK] Saved:
  - /home/liangrd/Follow_up/results/all_targets_timeline.csv
  - /home/liangrd/Follow_up/results/all_targets_timeline.png
[ERROR] 
/home/liangrd/optical_data/EP251229a/sitian/2025-12-30_EP251229a_g_com_10.wcs.fi
ts: buffer is too small for requested array
[ERROR] 
/home/liangrd/optical_data/EP251229a/sitian/2025-12-31_EP251229a_g_com_10.wcs.fi
ts: buffer is too small for requested array
[ERROR] 
/home/liangrd/optical_data/EP260105a/WHUT/EP260105a_20260125_0013_i_wcs.fits: 
'NoneType' object has no attribute 'get'
[WARN] Unknown band in 
/home/liangrd/optical_data/EP260131a/NOT/EP260131a_stack_r.fits
[WARN] Unknown band in 
/home/liangrd/optical_data/EP260131a/NOT/EP260131a_stack_z.fits
[WARN] Unknown band in /home/liangrd/optical_data/EP260131a/VLT/stack_r.fits
[WARN] Unknown band in /home/liangrd/optical_data/EP260131a/VLT/stack_g.fits
[WARN] No DATE-OBS in 
/home/liangrd/optical_data/EP260131a/NTT/EP260131a_g_wcs_ultracam_20260215.fits
[WARN] Unknown band in 
/home/liangrd/optical_data/EP260131a/SOAR/cutout_Liang/SOAR_mode4_restored.fits
[ERROR] 
/home/liangrd/optical_data/EP260131a/NTT_REDUCED/EP260131a_u_wcs_ultracam_202602
15_bkg_sub/PSF_model_image_EP260131a_u_wcs_ultracam_20260215_bkg_sub_APT.fits: 
'NoneType' object has no attribute 'get'
[ERROR] 
/home/liangrd/optical_data/EP260131a/NTT_REDUCED/EP260131a_g_wcs_ultracam_202602
20_bkg_sub/PSF_model_image_EP260131a_g_wcs_ultracam_20260220_bkg_sub_APT.fits: 
'NoneType' object has no attribute 'get'
[ERROR] 
/home/liangrd/optical_data/EP260131a/NTT_REDUCED/EP260131a_u_wcs_ultracam_202602
19/PSF_model_image_EP260131a_u_wcs_ultracam_20260219_APT.fits: 'NoneType' object
has no attribute 'get'
[ERROR] 
/home/liangrd/optical_data/EP260131a/NTT_REDUCED/EP260131a_u_wcs_ultracam_202602
20/PSF_model_image_EP260131a_u_wcs_ultracam_20260220_APT.fits: 'NoneType' object
has no attribute 'get'
[WARN] No DATE-OBS in 
/home/liangrd/optical_data/EP260131a/NTT_REDUCED/EP260131a_g_wcs_ultracam_202602
15/EP260131a_g_wcs_ultracam_20260215_APT.fits
[ERROR] 
/home/liangrd/optical_data/EP260131a/NTT_REDUCED/EP260131a_r_wcs_ultracam_202602
15/PSF_model_image_EP260131a_r_wcs_ultracam_20260215_APT.fits: 'NoneType' object
has no attribute 'get'
[ERROR] 
/home/liangrd/optical_data/EP260131a/NTT_REDUCED/EP260131a_g_wcs_ultracam_202602
19_bkg_sub/PSF_model_image_EP260131a_g_wcs_ultracam_20260219_bkg_sub_APT.fits: 
'NoneType' object has no attribute 'get'
[ERROR] 
/home/liangrd/optical_data/EP260131a/NTT_REDUCED/EP260131a_g_wcs_ultracam_202602
22/PSF_model_image_EP260131a_g_wcs_ultracam_20260222_APT.fits: 'NoneType' object
has no attribute 'get'
[ERROR] 
/home/liangrd/optical_data/EP260131a/NTT_REDUCED/EP260131a_r_wcs_ultracam_202602
19/PSF_model_image_EP260131a_r_wcs_ultracam_20260219_APT.fits: 'NoneType' object
has no attribute 'get'
[ERROR] 
/home/liangrd/optical_data/EP260131a/NTT_REDUCED/EP260131a_r_wcs_ultracam_202602
20/PSF_model_image_EP260131a_r_wcs_ultracam_20260220_APT.fits: 'NoneType' object
has no attribute 'get'
[ERROR] 
/home/liangrd/optical_data/EP260131a/NTT_REDUCED/EP260131a_u_wcs_ultracam_202602
22/PSF_model_image_EP260131a_u_wcs_ultracam_20260222_APT.fits: 'NoneType' object
has no attribute 'get'
[ERROR] 
/home/liangrd/optical_data/EP260131a/NTT_REDUCED/EP260131a_r_wcs_ultracam_202602
22/PSF_model_image_EP260131a_r_wcs_ultracam_20260222_APT.fits: 'NoneType' object
has no attribute 'get'
[ERROR] 
/home/liangrd/optical_data/EP260324a/WHUT/EP260324a_20260328_0001_i.fits: 
'NoneType' object has no attribute 'get'
[ERROR] 
/home/liangrd/optical_data/EP260329b/sitian/2026-04-20_EP260329b_g_com_10.wcs.fi
ts: Empty or corrupt FITS file
[ERROR] 
/home/liangrd/optical_data/EP260518a/TRT_REDUCED/EP260518a_TRT_20260523_AUS_V_st
ack_bgsub_reproject_wmean/PSF_model_image_EP260518a_TRT_20260523_AUS_V_stack_bgs
ub_reproject_wmean_APT.fits: 'NoneType' object has no attribute 'get'
[OK] Saved interactive figure to 
/home/liangrd/Follow_up/results/all_targets_timeline.html
[OK] Saved:
  - /home/liangrd/Follow_up/results/all_targets_timeline.csv
  - /home/liangrd/Follow_up/results/all_targets_timeline.html
[OK] Saved results to /home/liangrd/Follow_up/results/all_targets_meta.csv
Traceback (most recent call last):
  File "/home/liangrd/Follow_up/code/update_data.py", line 38, in <module>
    show_cumulative_observations()
  File "/home/liangrd/Follow_up/code/utils.py", line 1317, in show_cumulative_observations
    candidates['Obs Time'] = pd.to_datetime(candidates['Obs Time'])
                             ^^^^^^^^^^^^^^^^^^^^^^^^^^^^^^^^^^^^^^
  File "/home/liangrd/epenv/lib/python3.12/site-packages/pandas/core/tools/datetimes.py", line 1067, in to_datetime
    values = convert_listlike(arg._values, format)
             ^^^^^^^^^^^^^^^^^^^^^^^^^^^^^^^^^^^^^
  File "/home/liangrd/epenv/lib/python3.12/site-packages/pandas/core/tools/datetimes.py", line 433, in _convert_listlike_datetimes
    return _array_strptime_with_fallback(arg, name, utc, format, exact, errors)
           ^^^^^^^^^^^^^^^^^^^^^^^^^^^^^^^^^^^^^^^^^^^^^^^^^^^^^^^^^^^^^^^^^^^^
  File "/home/liangrd/epenv/lib/python3.12/site-packages/pandas/core/tools/datetimes.py", line 467, in _array_strptime_with_fallback
    result, tz_out = array_strptime(arg, fmt, exact=exact, errors=errors, utc=utc)
                     ^^^^^^^^^^^^^^^^^^^^^^^^^^^^^^^^^^^^^^^^^^^^^^^^^^^^^^^^^^^^^
  File "strptime.pyx", line 501, in pandas._libs.tslibs.strptime.array_strptime
  File "strptime.pyx", line 451, in pandas._libs.tslibs.strptime.array_strptime
  File "strptime.pyx", line 583, in pandas._libs.tslibs.strptime._parse_with_format
ValueError: time data "2026-05-14T16:56:06" doesn't match format "%Y-%m-%d %H:%M:%S", at position 51. You might want to try:
    - passing `format` if your strings have a consistent format;
    - passing `format='ISO8601'` if your strings are all ISO8601 but not necessarily in exactly the same format;
    - passing `format='mixed'`, and the format will be inferred for each element individually. You might want to use `dayfirst` alongside this.
      raj2000    dej2000   object_id  ...  e_i_psf      z_psf  e_z_psf
0  298.952588 -48.537177   480799158  ...   0.0081  16.776400   0.0093
1  298.961893 -48.550652   480799159  ...   0.0053  12.807600   0.0066
2  298.974132 -48.557398   480799162  ...   0.0126  17.625401   0.0148
3  298.975618 -48.561971  1584538453  ...   0.0653        NaN      NaN
4  298.970351 -48.540340  1584538554  ...      NaN        NaN      NaN

[5 rows x 15 columns]
Saved catalog to /home/liangrd/optical_data/EP260518a/skymapper.csv
===============================================
Updating Data: 2026-06-02 22:02:24.516
===============================================
Found 17 remote files.
[SKIP] File already exists: 
/home/liangrd/optical_data/EP251222a/TNOT/stack_EP251222a_rp_wcs.fits
[SKIP] Local directory does not exist for target 
'/home/tnot/EP/20251212/stack_WXTJ043559-012325_rp_wcs.fits': 
/home/liangrd/optical_data/WXTJ043559-012325/TNOT
[SKIP] File already exists: 
/home/liangrd/optical_data/EP260131a/TNOT/stack_EP260131a_rp_wcs.fits
[SKIP] Local directory does not exist for target 
'/home/tnot/EP/20251219/stack_EPJ0619.5+0606_rp_wcs.fits': 
/home/liangrd/optical_data/EPJ0619.5+0606/TNOT
[SKIP] Local directory does not exist for target 
'/home/tnot/EP/20251213/stack_WXT_J001838+115903_rp_wcs.fits': 
/home/liangrd/optical_data/WXT/TNOT
[SKIP] Local directory does not exist for target 
'/home/tnot/EP/20251208/stack_RXSJ052540.6+425139_rp_wcs.fits': 
/home/liangrd/optical_data/RXSJ052540.6+425139/TNOT
[SKIP] Local directory does not exist for target 
'/home/tnot/EP/20251208/stack_WXTJ031644+08d316_rp_wcs.fits': 
/home/liangrd/optical_data/WXTJ031644+08d316/TNOT
[SKIP] File already exists: 
/home/liangrd/optical_data/EP251222a/TNOT/stack_EP251222a_rp_wcs.fits
[SKIP] Local directory does not exist for target 
'/home/tnot/EP/20251209/stack_WXTJ032216+233553_rp_wcs.fits': 
/home/liangrd/optical_data/WXTJ032216+233553/TNOT
[SKIP] Local directory does not exist for target 
'/home/tnot/EP/20251209/stack_WXTJ110746+454221_rp_wcs.fits': 
/home/liangrd/optical_data/WXTJ110746+454221/TNOT
[SKIP] File already exists: 
/home/liangrd/optical_data/EP251221a/TNOT/stack_EP251221a_rp_wcs.fits
[SKIP] File already exists: 
/home/liangrd/optical_data/EP260209a/TNOT/stack_EP260209a_rp_wcs.fits
[SKIP] Local directory does not exist for target 
'/home/tnot/EP/20251211/stack_WXTJ2_rp_wcs.fits': 
/home/liangrd/optical_data/WXTJ2/TNOT
[SKIP] Local directory does not exist for target 
'/home/tnot/EP/20251213_Li/stack_WXT_J001838+115903_rp_wcs.fits': 
/home/liangrd/optical_data/WXT/TNOT
[SKIP] Local directory does not exist for target 
'/home/tnot/EP/20260109/stack_WXT_J030902+581637_rp_wcs.fits': 
/home/liangrd/optical_data/WXT/TNOT
[SKIP] File already exists: 
/home/liangrd/optical_data/EP251222a/TNOT/stack_EP251222a_rp_wcs.fits
[SKIP] Local directory does not exist for target 
'/home/tnot/EP/20251214/stack_EP20251214a_rp_wcs.fits': 
/home/liangrd/optical_data/EP20251214a/TNOT
🔍 Querying remote Sitian files...
📦 Found 50 files on server
⏭️ Skip existing: 2025-12-27_EP251222a_g_com_10.wcs.fits
⏭️ Skip existing: 2025-12-28_EP251222a_g_com_10.wcs.fits
⏭️ Skip existing: 2025-12-29_EP251222a_g_com_5.wcs.fits
⏭️ Skip existing: 2025-12-30_EP251229a_g_com_10.wcs.fits
⏭️ Skip existing: 2025-12-31_EP251229a_g_com_10.wcs.fits
⏭️ Skip existing: 2026-01-03_EP260101a_g_com_3.wcs.fits
⏭️ Skip existing: 2026-01-05_EP260104a_g_com_9.wcs.fits
⏭️ Skip existing: 2026-01-05_EP260105a_g_com_1.wcs.fits
⏭️ Skip existing: 2026-01-06_EP260104a_g_com_10.wcs.fits
⏭️ Skip existing: 2026-01-06_EP260105a_g_com_10.wcs.fits
⏭️ Skip existing: 2026-01-07_EP260104a_g_com_10.wcs.fits
⏭️ Skip existing: 2026-01-08_EP260101a_g_com_10.wcs.fits
⏭️ Skip existing: 2026-01-10_EP260105b_g_com_3.wcs.fits
⏭️ Skip existing: 2026-01-11_EP260110a_g_com_10.wcs.fits
⏭️ Skip existing: 2026-01-12_EP260104a_g_com_10.wcs.fits
⏭️ Skip existing: 2026-01-12_EP260105a_g_com_10.wcs.fits
⏭️ Skip existing: 2026-01-12_EP260110a_g_com_10.wcs.fits
⏭️ Skip existing: 2026-01-13_EP260101a_g_com_10.wcs.fits
⏭️ Skip existing: 2026-01-15_EP260101a_g_com_10.wcs.fits
⏭️ Skip existing: 2026-01-16_EP251221a_g_com_10.wcs.fits
⏭️ Skip existing: 2026-01-17_EP251221a_g_com_10.wcs.fits
⏭️ Skip existing: 2026-01-20_EP260110a_g_com_9.wcs.fits
⏭️ Skip existing: 2026-01-21_EP251229a_g_com_10.wcs.fits
⏭️ Skip existing: 2026-01-21_EP260101a_g_com_9.wcs.fits
⏭️ Skip existing: 2026-01-22_EP251229a_g_com_9.wcs.fits
⏭️ Skip existing: 2026-01-22_EP260101a_g_com_10.wcs.fits
⏭️ Skip existing: 2026-01-22_EP260105a_g_com_10.wcs.fits
⏭️ Skip existing: 2026-01-22_EP260110a_g_com_10.wcs.fits
⏭️ Skip existing: 2026-01-23_EP260105b_g_com_10.wcs.fits
⏭️ Skip existing: 2026-01-23_EP260116a_g_com_10.wcs.fits
⏭️ Skip existing: 2026-01-26_EP260110a_g_com_10.wcs.fits
⏭️ Skip existing: 2026-01-27_EP260116a_g_com_10.wcs.fits
⏭️ Skip existing: 2026-02-08_EP260110a_g_com_9.wcs.fits
⏭️ Skip existing: 2026-02-10_EP260110a_g_com_9.wcs.fits
⏭️ Skip existing: 2026-02-10_EP260209a_g_com_10.wcs.fits
⏭️ Skip existing: 2026-02-11_EP260116a_g_com_10.wcs.fits
⏭️ Skip existing: 2026-02-11_EP260126a_g_com_10.wcs.fits
⏭️ Skip existing: 2026-02-15_EP260116a_g_com_10.wcs.fits
⏭️ Skip existing: 2026-02-15_EP260126a_g_com_10.wcs.fits
⏭️ Skip existing: 2026-02-15_EP260209a_g_com_10.wcs.fits
⏭️ Skip existing: 2026-03-10_EP260213a_g_com_10.wcs.fits
⏭️ Skip existing: 2026-03-11_EP260209a_g_com_10.wcs.fits
⏭️ Skip existing: 2026-03-11_EP260223a_g_com_9.wcs.fits
⏭️ Skip existing: 2026-03-12_EP260210a_g_com_10.wcs.fits
⏭️ Skip existing: 2026-03-18_EP260223a_g_com_10.wcs.fits
⏭️ Skip existing: 2026-03-20_EP260223a_g_com_10.wcs.fits
⏭️ Skip existing: 2026-03-23_EP260321a_g_com_3.wcs.fits
⏭️ Skip existing: 2026-04-20_EP260329b_g_com_10.wcs.fits
⏭️ Skip existing: 2026-04-20_EP260402a_g_com_11.wcs.fits
⏭️ Skip existing: 2026-06-01_EP260530a_g_com_10.wcs.fits
✅ Sitian data download finished.
[ERROR] 
/home/liangrd/optical_data/EP251229a/sitian/2025-12-30_EP251229a_g_com_10.wcs.fi
ts: buffer is too small for requested array
[ERROR] 
/home/liangrd/optical_data/EP251229a/sitian/2025-12-31_EP251229a_g_com_10.wcs.fi
ts: buffer is too small for requested array
[ERROR] 
/home/liangrd/optical_data/EP260105a/WHUT/EP260105a_20260125_0013_i_wcs.fits: 
'NoneType' object has no attribute 'get'
[WARN] Unknown band in 
/home/liangrd/optical_data/EP260131a/NOT/EP260131a_stack_r.fits
[WARN] Unknown band in 
/home/liangrd/optical_data/EP260131a/NOT/EP260131a_stack_z.fits
[WARN] Unknown band in /home/liangrd/optical_data/EP260131a/VLT/stack_r.fits
[WARN] Unknown band in /home/liangrd/optical_data/EP260131a/VLT/stack_g.fits
[WARN] No DATE-OBS in 
/home/liangrd/optical_data/EP260131a/NTT/EP260131a_g_wcs_ultracam_20260215.fits
[WARN] Unknown band in 
/home/liangrd/optical_data/EP260131a/SOAR/cutout_Liang/SOAR_mode4_restored.fits
[ERROR] 
/home/liangrd/optical_data/EP260131a/NTT_REDUCED/EP260131a_u_wcs_ultracam_202602
15_bkg_sub/PSF_model_image_EP260131a_u_wcs_ultracam_20260215_bkg_sub_APT.fits: 
'NoneType' object has no attribute 'get'
[ERROR] 
/home/liangrd/optical_data/EP260131a/NTT_REDUCED/EP260131a_g_wcs_ultracam_202602
20_bkg_sub/PSF_model_image_EP260131a_g_wcs_ultracam_20260220_bkg_sub_APT.fits: 
'NoneType' object has no attribute 'get'
[ERROR] 
/home/liangrd/optical_data/EP260131a/NTT_REDUCED/EP260131a_u_wcs_ultracam_202602
19/PSF_model_image_EP260131a_u_wcs_ultracam_20260219_APT.fits: 'NoneType' object
has no attribute 'get'
[ERROR] 
/home/liangrd/optical_data/EP260131a/NTT_REDUCED/EP260131a_u_wcs_ultracam_202602
20/PSF_model_image_EP260131a_u_wcs_ultracam_20260220_APT.fits: 'NoneType' object
has no attribute 'get'
[WARN] No DATE-OBS in 
/home/liangrd/optical_data/EP260131a/NTT_REDUCED/EP260131a_g_wcs_ultracam_202602
15/EP260131a_g_wcs_ultracam_20260215_APT.fits
[ERROR] 
/home/liangrd/optical_data/EP260131a/NTT_REDUCED/EP260131a_r_wcs_ultracam_202602
15/PSF_model_image_EP260131a_r_wcs_ultracam_20260215_APT.fits: 'NoneType' object
has no attribute 'get'
[ERROR] 
/home/liangrd/optical_data/EP260131a/NTT_REDUCED/EP260131a_g_wcs_ultracam_202602
19_bkg_sub/PSF_model_image_EP260131a_g_wcs_ultracam_20260219_bkg_sub_APT.fits: 
'NoneType' object has no attribute 'get'
[ERROR] 
/home/liangrd/optical_data/EP260131a/NTT_REDUCED/EP260131a_g_wcs_ultracam_202602
22/PSF_model_image_EP260131a_g_wcs_ultracam_20260222_APT.fits: 'NoneType' object
has no attribute 'get'
[ERROR] 
/home/liangrd/optical_data/EP260131a/NTT_REDUCED/EP260131a_r_wcs_ultracam_202602
19/PSF_model_image_EP260131a_r_wcs_ultracam_20260219_APT.fits: 'NoneType' object
has no attribute 'get'
[ERROR] 
/home/liangrd/optical_data/EP260131a/NTT_REDUCED/EP260131a_r_wcs_ultracam_202602
20/PSF_model_image_EP260131a_r_wcs_ultracam_20260220_APT.fits: 'NoneType' object
has no attribute 'get'
[ERROR] 
/home/liangrd/optical_data/EP260131a/NTT_REDUCED/EP260131a_u_wcs_ultracam_202602
22/PSF_model_image_EP260131a_u_wcs_ultracam_20260222_APT.fits: 'NoneType' object
has no attribute 'get'
[ERROR] 
/home/liangrd/optical_data/EP260131a/NTT_REDUCED/EP260131a_r_wcs_ultracam_202602
22/PSF_model_image_EP260131a_r_wcs_ultracam_20260222_APT.fits: 'NoneType' object
has no attribute 'get'
[ERROR] 
/home/liangrd/optical_data/EP260324a/WHUT/EP260324a_20260328_0001_i.fits: 
'NoneType' object has no attribute 'get'
[ERROR] 
/home/liangrd/optical_data/EP260329b/sitian/2026-04-20_EP260329b_g_com_10.wcs.fi
ts: Empty or corrupt FITS file
[ERROR] 
/home/liangrd/optical_data/EP260518a/TRT_REDUCED/EP260518a_TRT_20260523_AUS_V_st
ack_bgsub_reproject_wmean/PSF_model_image_EP260518a_TRT_20260523_AUS_V_stack_bgs
ub_reproject_wmean_APT.fits: 'NoneType' object has no attribute 'get'
[OK] Saved:
  - /home/liangrd/Follow_up/results/all_targets_timeline.csv
  - /home/liangrd/Follow_up/results/all_targets_timeline.png
[ERROR] 
/home/liangrd/optical_data/EP251229a/sitian/2025-12-30_EP251229a_g_com_10.wcs.fi
ts: buffer is too small for requested array
[ERROR] 
/home/liangrd/optical_data/EP251229a/sitian/2025-12-31_EP251229a_g_com_10.wcs.fi
ts: buffer is too small for requested array
[ERROR] 
/home/liangrd/optical_data/EP260105a/WHUT/EP260105a_20260125_0013_i_wcs.fits: 
'NoneType' object has no attribute 'get'
[WARN] Unknown band in 
/home/liangrd/optical_data/EP260131a/NOT/EP260131a_stack_r.fits
[WARN] Unknown band in 
/home/liangrd/optical_data/EP260131a/NOT/EP260131a_stack_z.fits
[WARN] Unknown band in /home/liangrd/optical_data/EP260131a/VLT/stack_r.fits
[WARN] Unknown band in /home/liangrd/optical_data/EP260131a/VLT/stack_g.fits
[WARN] No DATE-OBS in 
/home/liangrd/optical_data/EP260131a/NTT/EP260131a_g_wcs_ultracam_20260215.fits
[WARN] Unknown band in 
/home/liangrd/optical_data/EP260131a/SOAR/cutout_Liang/SOAR_mode4_restored.fits
[ERROR] 
/home/liangrd/optical_data/EP260131a/NTT_REDUCED/EP260131a_u_wcs_ultracam_202602
15_bkg_sub/PSF_model_image_EP260131a_u_wcs_ultracam_20260215_bkg_sub_APT.fits: 
'NoneType' object has no attribute 'get'
[ERROR] 
/home/liangrd/optical_data/EP260131a/NTT_REDUCED/EP260131a_g_wcs_ultracam_202602
20_bkg_sub/PSF_model_image_EP260131a_g_wcs_ultracam_20260220_bkg_sub_APT.fits: 
'NoneType' object has no attribute 'get'
[ERROR] 
/home/liangrd/optical_data/EP260131a/NTT_REDUCED/EP260131a_u_wcs_ultracam_202602
19/PSF_model_image_EP260131a_u_wcs_ultracam_20260219_APT.fits: 'NoneType' object
has no attribute 'get'
[ERROR] 
/home/liangrd/optical_data/EP260131a/NTT_REDUCED/EP260131a_u_wcs_ultracam_202602
20/PSF_model_image_EP260131a_u_wcs_ultracam_20260220_APT.fits: 'NoneType' object
has no attribute 'get'
[WARN] No DATE-OBS in 
/home/liangrd/optical_data/EP260131a/NTT_REDUCED/EP260131a_g_wcs_ultracam_202602
15/EP260131a_g_wcs_ultracam_20260215_APT.fits
[ERROR] 
/home/liangrd/optical_data/EP260131a/NTT_REDUCED/EP260131a_r_wcs_ultracam_202602
15/PSF_model_image_EP260131a_r_wcs_ultracam_20260215_APT.fits: 'NoneType' object
has no attribute 'get'
[ERROR] 
/home/liangrd/optical_data/EP260131a/NTT_REDUCED/EP260131a_g_wcs_ultracam_202602
19_bkg_sub/PSF_model_image_EP260131a_g_wcs_ultracam_20260219_bkg_sub_APT.fits: 
'NoneType' object has no attribute 'get'
[ERROR] 
/home/liangrd/optical_data/EP260131a/NTT_REDUCED/EP260131a_g_wcs_ultracam_202602
22/PSF_model_image_EP260131a_g_wcs_ultracam_20260222_APT.fits: 'NoneType' object
has no attribute 'get'
[ERROR] 
/home/liangrd/optical_data/EP260131a/NTT_REDUCED/EP260131a_r_wcs_ultracam_202602
19/PSF_model_image_EP260131a_r_wcs_ultracam_20260219_APT.fits: 'NoneType' object
has no attribute 'get'
[ERROR] 
/home/liangrd/optical_data/EP260131a/NTT_REDUCED/EP260131a_r_wcs_ultracam_202602
20/PSF_model_image_EP260131a_r_wcs_ultracam_20260220_APT.fits: 'NoneType' object
has no attribute 'get'
[ERROR] 
/home/liangrd/optical_data/EP260131a/NTT_REDUCED/EP260131a_u_wcs_ultracam_202602
22/PSF_model_image_EP260131a_u_wcs_ultracam_20260222_APT.fits: 'NoneType' object
has no attribute 'get'
[ERROR] 
/home/liangrd/optical_data/EP260131a/NTT_REDUCED/EP260131a_r_wcs_ultracam_202602
22/PSF_model_image_EP260131a_r_wcs_ultracam_20260222_APT.fits: 'NoneType' object
has no attribute 'get'
[ERROR] 
/home/liangrd/optical_data/EP260324a/WHUT/EP260324a_20260328_0001_i.fits: 
'NoneType' object has no attribute 'get'
[ERROR] 
/home/liangrd/optical_data/EP260329b/sitian/2026-04-20_EP260329b_g_com_10.wcs.fi
ts: Empty or corrupt FITS file
[ERROR] 
/home/liangrd/optical_data/EP260518a/TRT_REDUCED/EP260518a_TRT_20260523_AUS_V_st
ack_bgsub_reproject_wmean/PSF_model_image_EP260518a_TRT_20260523_AUS_V_stack_bgs
ub_reproject_wmean_APT.fits: 'NoneType' object has no attribute 'get'
[OK] Saved interactive figure to 
/home/liangrd/Follow_up/results/all_targets_timeline.html
[OK] Saved:
  - /home/liangrd/Follow_up/results/all_targets_timeline.csv
  - /home/liangrd/Follow_up/results/all_targets_timeline.html
[OK] Saved results to /home/liangrd/Follow_up/results/all_targets_meta.csv
Traceback (most recent call last):
  File "/home/liangrd/Follow_up/code/update_data.py", line 38, in <module>
    show_cumulative_observations()
  File "/home/liangrd/Follow_up/code/utils.py", line 1317, in show_cumulative_observations
    candidates['Obs Time'] = pd.to_datetime(candidates['Obs Time'])
                             ^^^^^^^^^^^^^^^^^^^^^^^^^^^^^^^^^^^^^^
  File "/home/liangrd/epenv/lib/python3.12/site-packages/pandas/core/tools/datetimes.py", line 1067, in to_datetime
    values = convert_listlike(arg._values, format)
             ^^^^^^^^^^^^^^^^^^^^^^^^^^^^^^^^^^^^^
  File "/home/liangrd/epenv/lib/python3.12/site-packages/pandas/core/tools/datetimes.py", line 433, in _convert_listlike_datetimes
    return _array_strptime_with_fallback(arg, name, utc, format, exact, errors)
           ^^^^^^^^^^^^^^^^^^^^^^^^^^^^^^^^^^^^^^^^^^^^^^^^^^^^^^^^^^^^^^^^^^^^
  File "/home/liangrd/epenv/lib/python3.12/site-packages/pandas/core/tools/datetimes.py", line 467, in _array_strptime_with_fallback
    result, tz_out = array_strptime(arg, fmt, exact=exact, errors=errors, utc=utc)
                     ^^^^^^^^^^^^^^^^^^^^^^^^^^^^^^^^^^^^^^^^^^^^^^^^^^^^^^^^^^^^^
  File "strptime.pyx", line 501, in pandas._libs.tslibs.strptime.array_strptime
  File "strptime.pyx", line 451, in pandas._libs.tslibs.strptime.array_strptime
  File "strptime.pyx", line 583, in pandas._libs.tslibs.strptime._parse_with_format
ValueError: time data "2026-05-14T16:56:06" doesn't match format "%Y-%m-%d %H:%M:%S", at position 51. You might want to try:
    - passing `format` if your strings have a consistent format;
    - passing `format='ISO8601'` if your strings are all ISO8601 but not necessarily in exactly the same format;
    - passing `format='mixed'`, and the format will be inferred for each element individually. You might want to use `dayfirst` alongside this.
