=== Sun Jun  7 12:00:01 AM UTC 2026 UTC ===
2026-06-07 00:00:04,030 [INFO] Fetching cloud sheet …
2026-06-07 00:00:04,998 [INFO] Synced 60 rows to /home/liangrd/Follow_up/Candidates.csv
sync exit: 0
=== Sun Jun  7 12:00:05 AM UTC 2026 UTC done ===
=== Sun Jun  7 01:00:01 AM UTC 2026 UTC ===
2026-06-07 01:00:01,816 [INFO] Fetching cloud sheet …
2026-06-07 01:00:02,713 [INFO] Synced 60 rows to /home/liangrd/Follow_up/Candidates.csv
sync exit: 0
=== Sun Jun  7 01:00:02 AM UTC 2026 UTC done ===
=== Sun Jun  7 02:00:01 AM UTC 2026 UTC ===
2026-06-07 02:00:02,144 [INFO] Fetching cloud sheet …
2026-06-07 02:00:03,154 [INFO] Synced 60 rows to /home/liangrd/Follow_up/Candidates.csv
sync exit: 0
=== Sun Jun  7 02:00:03 AM UTC 2026 UTC done ===
=== Sun Jun  7 03:00:01 AM UTC 2026 UTC ===
2026-06-07 03:00:01,747 [INFO] Fetching cloud sheet …
2026-06-07 03:00:02,758 [INFO] Synced 60 rows to /home/liangrd/Follow_up/Candidates.csv
sync exit: 0
=== Sun Jun  7 03:00:02 AM UTC 2026 UTC done ===
=== Sun Jun  7 04:00:01 AM UTC 2026 UTC ===
2026-06-07 04:00:02,412 [INFO] Fetching cloud sheet …
2026-06-07 04:00:03,212 [INFO] Synced 60 rows to /home/liangrd/Follow_up/Candidates.csv
sync exit: 0
=== Sun Jun  7 04:00:03 AM UTC 2026 UTC done ===
=== Sun Jun  7 05:00:01 AM UTC 2026 UTC ===
2026-06-07 05:00:02,379 [INFO] Fetching cloud sheet …
2026-06-07 05:00:03,016 [INFO] Synced 60 rows to /home/liangrd/Follow_up/Candidates.csv
sync exit: 0
=== Sun Jun  7 05:00:03 AM UTC 2026 UTC done ===
=== Sun Jun  7 06:00:01 AM UTC 2026 UTC ===
2026-06-07 06:00:03,491 [INFO] Fetching cloud sheet …
2026-06-07 06:00:04,441 [INFO] Synced 60 rows to /home/liangrd/Follow_up/Candidates.csv
sync exit: 0
=== Sun Jun  7 06:00:04 AM UTC 2026 UTC done ===
=== Sun Jun  7 07:00:01 AM UTC 2026 UTC ===
2026-06-07 07:00:02,211 [INFO] Fetching cloud sheet …
2026-06-07 07:00:02,889 [INFO] Synced 60 rows to /home/liangrd/Follow_up/Candidates.csv
sync exit: 0
=== Sun Jun  7 07:00:03 AM UTC 2026 UTC done ===
=== Sun Jun  7 08:00:01 AM UTC 2026 UTC ===
2026-06-07 08:00:02,455 [INFO] Fetching cloud sheet …
2026-06-07 08:00:03,300 [INFO] Synced 60 rows to /home/liangrd/Follow_up/Candidates.csv
sync exit: 0
=== Sun Jun  7 08:00:03 AM UTC 2026 UTC done ===
=== Sun Jun  7 09:00:01 AM UTC 2026 UTC ===
2026-06-07 09:00:01,970 [INFO] Fetching cloud sheet …
2026-06-07 09:00:02,584 [INFO] Synced 60 rows to /home/liangrd/Follow_up/Candidates.csv
sync exit: 0
=== Sun Jun  7 09:00:02 AM UTC 2026 UTC done ===
=== Sun Jun  7 10:00:01 AM UTC 2026 UTC ===
2026-06-07 10:00:02,172 [INFO] Fetching cloud sheet …
2026-06-07 10:00:03,030 [INFO] Synced 60 rows to /home/liangrd/Follow_up/Candidates.csv
sync exit: 0
=== Sun Jun  7 10:00:03 AM UTC 2026 UTC done ===
=== Sun Jun  7 11:00:01 AM UTC 2026 UTC ===
2026-06-07 11:00:03,389 [INFO] Fetching cloud sheet …
2026-06-07 11:00:04,239 [INFO] Synced 60 rows to /home/liangrd/Follow_up/Candidates.csv
sync exit: 0
=== Sun Jun  7 11:00:04 AM UTC 2026 UTC done ===
=== Sun Jun  7 12:00:01 PM UTC 2026 UTC ===
2026-06-07 12:00:03,255 [INFO] Fetching cloud sheet …
2026-06-07 12:00:04,336 [INFO] Synced 60 rows to /home/liangrd/Follow_up/Candidates.csv
sync exit: 0
=== Sun Jun  7 12:00:04 PM UTC 2026 UTC done ===
=== Sun Jun  7 01:00:01 PM UTC 2026 UTC ===
2026-06-07 13:00:02,159 [INFO] Fetching cloud sheet …
2026-06-07 13:00:02,783 [INFO] Synced 60 rows to /home/liangrd/Follow_up/Candidates.csv
sync exit: 0
=== Sun Jun  7 01:00:02 PM UTC 2026 UTC done ===
=== Sun Jun  7 02:00:01 PM UTC 2026 UTC ===
2026-06-07 14:00:01,866 [INFO] Fetching cloud sheet …
2026-06-07 14:00:03,016 [INFO] Synced 60 rows to /home/liangrd/Follow_up/Candidates.csv
sync exit: 0
=== Sun Jun  7 02:00:03 PM UTC 2026 UTC done ===
=== Sun Jun  7 03:00:01 PM UTC 2026 UTC ===
2026-06-07 15:00:01,721 [INFO] Fetching cloud sheet …
2026-06-07 15:00:02,544 [INFO] Synced 60 rows to /home/liangrd/Follow_up/Candidates.csv
sync exit: 0
=== Sun Jun  7 03:00:02 PM UTC 2026 UTC done ===
=== Sun Jun  7 04:00:01 PM UTC 2026 UTC ===
2026-06-07 16:00:02,301 [INFO] Fetching cloud sheet …
2026-06-07 16:00:03,130 [INFO] Synced 60 rows to /home/liangrd/Follow_up/Candidates.csv
sync exit: 0
=== Sun Jun  7 04:00:03 PM UTC 2026 UTC done ===
=== Sun Jun  7 05:00:01 PM UTC 2026 UTC ===
2026-06-07 17:00:02,959 [INFO] Fetching cloud sheet …
2026-06-07 17:00:03,745 [INFO] Synced 60 rows to /home/liangrd/Follow_up/Candidates.csv
sync exit: 0
=== Sun Jun  7 05:00:03 PM UTC 2026 UTC done ===
=== Sun Jun  7 06:00:01 PM UTC 2026 UTC ===
2026-06-07 18:00:02,859 [INFO] Fetching cloud sheet …
2026-06-07 18:00:03,827 [INFO] Synced 60 rows to /home/liangrd/Follow_up/Candidates.csv
sync exit: 0
=== Sun Jun  7 06:00:03 PM UTC 2026 UTC done ===
=== Sun Jun  7 07:00:01 PM UTC 2026 UTC ===
2026-06-07 19:00:01,651 [INFO] Fetching cloud sheet …
2026-06-07 19:00:02,489 [INFO] Synced 60 rows to /home/liangrd/Follow_up/Candidates.csv
sync exit: 0
=== Sun Jun  7 07:00:02 PM UTC 2026 UTC done ===
=== Sun Jun  7 08:00:01 PM UTC 2026 UTC ===
2026-06-07 20:00:02,221 [INFO] Fetching cloud sheet …
2026-06-07 20:00:02,958 [INFO] Synced 60 rows to /home/liangrd/Follow_up/Candidates.csv
sync exit: 0
=== Sun Jun  7 08:00:03 PM UTC 2026 UTC done ===
=== Sun Jun  7 09:00:01 PM UTC 2026 UTC ===
2026-06-07 21:00:01,691 [INFO] Fetching cloud sheet …
2026-06-07 21:00:02,772 [INFO] Synced 60 rows to /home/liangrd/Follow_up/Candidates.csv
sync exit: 0
=== Sun Jun  7 09:00:02 PM UTC 2026 UTC done ===
=== Sun Jun  7 10:00:02 PM UTC 2026 UTC ===
2026-06-07 22:00:02,546 [INFO] Fetching cloud sheet …
2026-06-07 22:00:03,296 [INFO] Synced 60 rows to /home/liangrd/Follow_up/Candidates.csv
sync exit: 0
=== Sun Jun  7 10:00:03 PM UTC 2026 UTC done ===
=== Sun Jun  7 11:00:01 PM UTC 2026 UTC ===
2026-06-07 23:00:01,648 [INFO] Fetching cloud sheet …
2026-06-07 23:00:02,410 [INFO] Synced 60 rows to /home/liangrd/Follow_up/Candidates.csv
sync exit: 0
=== Sun Jun  7 11:00:02 PM UTC 2026 UTC done ===
