=== Fri Jun  5 12:00:01 AM UTC 2026 UTC ===
2026-06-05 00:00:02,839 [INFO] Fetching cloud sheet …
2026-06-05 00:00:03,776 [INFO] Synced 60 rows to /home/liangrd/Follow_up/Candidates.csv
sync exit: 0
=== Fri Jun  5 12:00:03 AM UTC 2026 UTC done ===
=== Fri Jun  5 01:00:01 AM UTC 2026 UTC ===
2026-06-05 01:00:02,396 [INFO] Fetching cloud sheet …
2026-06-05 01:00:03,034 [INFO] Synced 60 rows to /home/liangrd/Follow_up/Candidates.csv
sync exit: 0
=== Fri Jun  5 01:00:03 AM UTC 2026 UTC done ===
=== Fri Jun  5 02:00:01 AM UTC 2026 UTC ===
2026-06-05 02:00:02,288 [INFO] Fetching cloud sheet …
2026-06-05 02:00:03,628 [INFO] Synced 60 rows to /home/liangrd/Follow_up/Candidates.csv
sync exit: 0
=== Fri Jun  5 02:00:03 AM UTC 2026 UTC done ===
=== Fri Jun  5 03:00:01 AM UTC 2026 UTC ===
2026-06-05 03:00:02,146 [INFO] Fetching cloud sheet …
2026-06-05 03:00:02,964 [INFO] Synced 60 rows to /home/liangrd/Follow_up/Candidates.csv
sync exit: 0
=== Fri Jun  5 03:00:03 AM UTC 2026 UTC done ===
=== Fri Jun  5 04:00:01 AM UTC 2026 UTC ===
2026-06-05 04:00:02,481 [INFO] Fetching cloud sheet …
2026-06-05 04:00:03,465 [INFO] Synced 60 rows to /home/liangrd/Follow_up/Candidates.csv
sync exit: 0
=== Fri Jun  5 04:00:03 AM UTC 2026 UTC done ===
=== Fri Jun  5 05:00:01 AM UTC 2026 UTC ===
2026-06-05 05:00:03,372 [INFO] Fetching cloud sheet …
2026-06-05 05:00:04,291 [INFO] Synced 60 rows to /home/liangrd/Follow_up/Candidates.csv
sync exit: 0
=== Fri Jun  5 05:00:04 AM UTC 2026 UTC done ===
=== Fri Jun  5 06:00:01 AM UTC 2026 UTC ===
2026-06-05 06:00:03,336 [INFO] Fetching cloud sheet …
2026-06-05 06:00:04,911 [INFO] Synced 60 rows to /home/liangrd/Follow_up/Candidates.csv
sync exit: 0
=== Fri Jun  5 06:00:05 AM UTC 2026 UTC done ===
=== Fri Jun  5 07:00:01 AM UTC 2026 UTC ===
2026-06-05 07:00:02,521 [INFO] Fetching cloud sheet …
2026-06-05 07:00:03,409 [INFO] Synced 60 rows to /home/liangrd/Follow_up/Candidates.csv
sync exit: 0
=== Fri Jun  5 07:00:03 AM UTC 2026 UTC done ===
=== Fri Jun  5 08:00:01 AM UTC 2026 UTC ===
2026-06-05 08:00:02,512 [INFO] Fetching cloud sheet …
2026-06-05 08:00:04,056 [INFO] Synced 60 rows to /home/liangrd/Follow_up/Candidates.csv
sync exit: 0
=== Fri Jun  5 08:00:04 AM UTC 2026 UTC done ===
=== Fri Jun  5 09:00:01 AM UTC 2026 UTC ===
2026-06-05 09:00:01,682 [INFO] Fetching cloud sheet …
2026-06-05 09:00:03,156 [INFO] Synced 60 rows to /home/liangrd/Follow_up/Candidates.csv
sync exit: 0
=== Fri Jun  5 09:00:03 AM UTC 2026 UTC done ===
=== Fri Jun  5 10:00:01 AM UTC 2026 UTC ===
2026-06-05 10:00:01,873 [INFO] Fetching cloud sheet …
2026-06-05 10:00:03,210 [INFO] Synced 60 rows to /home/liangrd/Follow_up/Candidates.csv
sync exit: 0
=== Fri Jun  5 10:00:03 AM UTC 2026 UTC done ===
=== Fri Jun  5 11:00:01 AM UTC 2026 UTC ===
2026-06-05 11:00:03,649 [INFO] Fetching cloud sheet …
2026-06-05 11:00:04,373 [INFO] Synced 60 rows to /home/liangrd/Follow_up/Candidates.csv
sync exit: 0
=== Fri Jun  5 11:00:04 AM UTC 2026 UTC done ===
=== Fri Jun  5 12:00:01 PM UTC 2026 UTC ===
2026-06-05 12:00:03,047 [INFO] Fetching cloud sheet …
2026-06-05 12:00:04,194 [INFO] Synced 60 rows to /home/liangrd/Follow_up/Candidates.csv
sync exit: 0
=== Fri Jun  5 12:00:04 PM UTC 2026 UTC done ===
=== Fri Jun  5 01:00:01 PM UTC 2026 UTC ===
2026-06-05 13:00:01,869 [INFO] Fetching cloud sheet …
2026-06-05 13:00:02,562 [INFO] Synced 60 rows to /home/liangrd/Follow_up/Candidates.csv
sync exit: 0
=== Fri Jun  5 01:00:02 PM UTC 2026 UTC done ===
=== Fri Jun  5 02:00:01 PM UTC 2026 UTC ===
2026-06-05 14:00:02,116 [INFO] Fetching cloud sheet …
2026-06-05 14:00:03,088 [INFO] Synced 60 rows to /home/liangrd/Follow_up/Candidates.csv
sync exit: 0
=== Fri Jun  5 02:00:03 PM UTC 2026 UTC done ===
=== Fri Jun  5 03:00:01 PM UTC 2026 UTC ===
2026-06-05 15:00:01,756 [INFO] Fetching cloud sheet …
2026-06-05 15:00:02,467 [INFO] Synced 60 rows to /home/liangrd/Follow_up/Candidates.csv
sync exit: 0
=== Fri Jun  5 03:00:02 PM UTC 2026 UTC done ===
=== Fri Jun  5 04:00:01 PM UTC 2026 UTC ===
2026-06-05 16:00:02,135 [INFO] Fetching cloud sheet …
2026-06-05 16:00:02,996 [INFO] Synced 60 rows to /home/liangrd/Follow_up/Candidates.csv
sync exit: 0
=== Fri Jun  5 04:00:03 PM UTC 2026 UTC done ===
=== Fri Jun  5 05:00:01 PM UTC 2026 UTC ===
2026-06-05 17:00:03,060 [INFO] Fetching cloud sheet …
2026-06-05 17:00:03,825 [INFO] Synced 60 rows to /home/liangrd/Follow_up/Candidates.csv
sync exit: 0
=== Fri Jun  5 05:00:04 PM UTC 2026 UTC done ===
=== Fri Jun  5 06:00:01 PM UTC 2026 UTC ===
2026-06-05 18:00:02,991 [INFO] Fetching cloud sheet …
2026-06-05 18:00:03,962 [INFO] Synced 60 rows to /home/liangrd/Follow_up/Candidates.csv
sync exit: 0
=== Fri Jun  5 06:00:04 PM UTC 2026 UTC done ===
=== Fri Jun  5 07:00:02 PM UTC 2026 UTC ===
2026-06-05 19:00:02,553 [INFO] Fetching cloud sheet …
2026-06-05 19:00:03,222 [INFO] Synced 60 rows to /home/liangrd/Follow_up/Candidates.csv
sync exit: 0
=== Fri Jun  5 07:00:03 PM UTC 2026 UTC done ===
=== Fri Jun  5 08:00:01 PM UTC 2026 UTC ===
2026-06-05 20:00:01,860 [INFO] Fetching cloud sheet …
2026-06-05 20:00:02,714 [INFO] Synced 60 rows to /home/liangrd/Follow_up/Candidates.csv
sync exit: 0
=== Fri Jun  5 08:00:02 PM UTC 2026 UTC done ===
=== Fri Jun  5 09:00:01 PM UTC 2026 UTC ===
2026-06-05 21:00:02,339 [INFO] Fetching cloud sheet …
2026-06-05 21:00:03,030 [INFO] Synced 60 rows to /home/liangrd/Follow_up/Candidates.csv
sync exit: 0
=== Fri Jun  5 09:00:03 PM UTC 2026 UTC done ===
=== Fri Jun  5 10:00:01 PM UTC 2026 UTC ===
2026-06-05 22:00:01,718 [INFO] Fetching cloud sheet …
2026-06-05 22:00:02,530 [INFO] Synced 60 rows to /home/liangrd/Follow_up/Candidates.csv
sync exit: 0
=== Fri Jun  5 10:00:02 PM UTC 2026 UTC done ===
=== Fri Jun  5 11:00:01 PM UTC 2026 UTC ===
2026-06-05 23:00:02,366 [INFO] Fetching cloud sheet …
2026-06-05 23:00:02,979 [INFO] Synced 60 rows to /home/liangrd/Follow_up/Candidates.csv
sync exit: 0
=== Fri Jun  5 11:00:03 PM UTC 2026 UTC done ===
