=== Fri Jun 26 12:00:01 AM UTC 2026 UTC ===
2026-06-26 00:00:02,163 [INFO] Fetching cloud sheet …
2026-06-26 00:00:03,022 [INFO] Synced 66 rows to /home/liangrd/Follow_up/Candidates.csv
sync exit: 0
=== Fri Jun 26 12:00:03 AM UTC 2026 UTC done ===
=== Fri Jun 26 01:00:01 AM UTC 2026 UTC ===
2026-06-26 01:00:03,528 [INFO] Fetching cloud sheet …
2026-06-26 01:00:04,257 [INFO] Synced 66 rows to /home/liangrd/Follow_up/Candidates.csv
sync exit: 0
=== Fri Jun 26 01:00:04 AM UTC 2026 UTC done ===
=== Fri Jun 26 02:00:01 AM UTC 2026 UTC ===
2026-06-26 02:00:02,305 [INFO] Fetching cloud sheet …
2026-06-26 02:00:03,435 [INFO] Synced 66 rows to /home/liangrd/Follow_up/Candidates.csv
sync exit: 0
=== Fri Jun 26 02:00:03 AM UTC 2026 UTC done ===
=== Fri Jun 26 03:00:01 AM UTC 2026 UTC ===
2026-06-26 03:00:01,996 [INFO] Fetching cloud sheet …
2026-06-26 03:00:02,654 [INFO] Synced 66 rows to /home/liangrd/Follow_up/Candidates.csv
sync exit: 0
=== Fri Jun 26 03:00:02 AM UTC 2026 UTC done ===
=== Fri Jun 26 04:00:01 AM UTC 2026 UTC ===
2026-06-26 04:00:02,294 [INFO] Fetching cloud sheet …
2026-06-26 04:00:03,176 [INFO] Synced 66 rows to /home/liangrd/Follow_up/Candidates.csv
sync exit: 0
=== Fri Jun 26 04:00:03 AM UTC 2026 UTC done ===
=== Fri Jun 26 05:00:01 AM UTC 2026 UTC ===
2026-06-26 05:00:02,551 [INFO] Fetching cloud sheet …
2026-06-26 05:00:03,207 [INFO] Synced 66 rows to /home/liangrd/Follow_up/Candidates.csv
sync exit: 0
=== Fri Jun 26 05:00:03 AM UTC 2026 UTC done ===
=== Fri Jun 26 06:00:01 AM UTC 2026 UTC ===
2026-06-26 06:00:02,952 [INFO] Fetching cloud sheet …
2026-06-26 06:00:04,048 [INFO] Synced 66 rows to /home/liangrd/Follow_up/Candidates.csv
sync exit: 0
=== Fri Jun 26 06:00:04 AM UTC 2026 UTC done ===
=== Fri Jun 26 07:00:01 AM UTC 2026 UTC ===
2026-06-26 07:00:01,682 [INFO] Fetching cloud sheet …
2026-06-26 07:00:02,444 [INFO] Synced 66 rows to /home/liangrd/Follow_up/Candidates.csv
sync exit: 0
=== Fri Jun 26 07:00:02 AM UTC 2026 UTC done ===
=== Fri Jun 26 08:00:01 AM UTC 2026 UTC ===
2026-06-26 08:00:01,972 [INFO] Fetching cloud sheet …
2026-06-26 08:00:03,192 [INFO] Synced 66 rows to /home/liangrd/Follow_up/Candidates.csv
sync exit: 0
=== Fri Jun 26 08:00:03 AM UTC 2026 UTC done ===
=== Fri Jun 26 09:00:01 AM UTC 2026 UTC ===
2026-06-26 09:00:01,801 [INFO] Fetching cloud sheet …
2026-06-26 09:00:02,708 [INFO] Synced 66 rows to /home/liangrd/Follow_up/Candidates.csv
sync exit: 0
=== Fri Jun 26 09:00:02 AM UTC 2026 UTC done ===
=== Fri Jun 26 10:00:01 AM UTC 2026 UTC ===
2026-06-26 10:00:01,595 [INFO] Fetching cloud sheet …
2026-06-26 10:00:02,492 [INFO] Synced 66 rows to /home/liangrd/Follow_up/Candidates.csv
sync exit: 0
=== Fri Jun 26 10:00:02 AM UTC 2026 UTC done ===
=== Fri Jun 26 11:00:01 AM UTC 2026 UTC ===
2026-06-26 11:00:02,781 [INFO] Fetching cloud sheet …
2026-06-26 11:00:03,422 [INFO] Synced 66 rows to /home/liangrd/Follow_up/Candidates.csv
sync exit: 0
=== Fri Jun 26 11:00:03 AM UTC 2026 UTC done ===
=== Fri Jun 26 12:00:01 PM UTC 2026 UTC ===
2026-06-26 12:00:03,732 [INFO] Fetching cloud sheet …
2026-06-26 12:00:04,558 [INFO] Synced 66 rows to /home/liangrd/Follow_up/Candidates.csv
sync exit: 0
=== Fri Jun 26 12:00:04 PM UTC 2026 UTC done ===
=== Fri Jun 26 01:00:01 PM UTC 2026 UTC ===
2026-06-26 13:00:03,539 [INFO] Fetching cloud sheet …
2026-06-26 13:00:04,111 [INFO] Synced 66 rows to /home/liangrd/Follow_up/Candidates.csv
sync exit: 0
=== Fri Jun 26 01:00:04 PM UTC 2026 UTC done ===
=== Fri Jun 26 02:00:01 PM UTC 2026 UTC ===
2026-06-26 14:00:02,283 [INFO] Fetching cloud sheet …
2026-06-26 14:00:03,128 [INFO] Synced 66 rows to /home/liangrd/Follow_up/Candidates.csv
sync exit: 0
=== Fri Jun 26 02:00:03 PM UTC 2026 UTC done ===
=== Fri Jun 26 03:00:01 PM UTC 2026 UTC ===
2026-06-26 15:00:01,687 [INFO] Fetching cloud sheet …
2026-06-26 15:00:02,741 [INFO] Synced 66 rows to /home/liangrd/Follow_up/Candidates.csv
sync exit: 0
=== Fri Jun 26 03:00:02 PM UTC 2026 UTC done ===
=== Fri Jun 26 04:00:01 PM UTC 2026 UTC ===
2026-06-26 16:00:02,346 [INFO] Fetching cloud sheet …
2026-06-26 16:00:03,732 [INFO] Synced 66 rows to /home/liangrd/Follow_up/Candidates.csv
sync exit: 0
=== Fri Jun 26 04:00:03 PM UTC 2026 UTC done ===
=== Fri Jun 26 05:00:01 PM UTC 2026 UTC ===
2026-06-26 17:00:02,073 [INFO] Fetching cloud sheet …
2026-06-26 17:00:02,743 [INFO] Synced 66 rows to /home/liangrd/Follow_up/Candidates.csv
sync exit: 0
=== Fri Jun 26 05:00:02 PM UTC 2026 UTC done ===
=== Fri Jun 26 06:00:01 PM UTC 2026 UTC ===
2026-06-26 18:00:02,846 [INFO] Fetching cloud sheet …
2026-06-26 18:00:03,714 [INFO] Synced 66 rows to /home/liangrd/Follow_up/Candidates.csv
sync exit: 0
=== Fri Jun 26 06:00:03 PM UTC 2026 UTC done ===
=== Fri Jun 26 07:00:01 PM UTC 2026 UTC ===
2026-06-26 19:00:02,491 [INFO] Fetching cloud sheet …
2026-06-26 19:00:02,979 [INFO] Synced 66 rows to /home/liangrd/Follow_up/Candidates.csv
sync exit: 0
=== Fri Jun 26 07:00:03 PM UTC 2026 UTC done ===
=== Fri Jun 26 08:00:01 PM UTC 2026 UTC ===
2026-06-26 20:00:01,587 [INFO] Fetching cloud sheet …
2026-06-26 20:00:02,558 [INFO] Synced 66 rows to /home/liangrd/Follow_up/Candidates.csv
sync exit: 0
=== Fri Jun 26 08:00:02 PM UTC 2026 UTC done ===
=== Fri Jun 26 09:00:01 PM UTC 2026 UTC ===
2026-06-26 21:00:02,219 [INFO] Fetching cloud sheet …
2026-06-26 21:00:02,704 [INFO] Synced 66 rows to /home/liangrd/Follow_up/Candidates.csv
sync exit: 0
=== Fri Jun 26 09:00:02 PM UTC 2026 UTC done ===
=== Fri Jun 26 10:00:01 PM UTC 2026 UTC ===
2026-06-26 22:00:01,814 [INFO] Fetching cloud sheet …
2026-06-26 22:00:02,473 [INFO] Synced 66 rows to /home/liangrd/Follow_up/Candidates.csv
sync exit: 0
=== Fri Jun 26 10:00:02 PM UTC 2026 UTC done ===
=== Fri Jun 26 11:00:01 PM UTC 2026 UTC ===
2026-06-26 23:00:02,907 [INFO] Fetching cloud sheet …
2026-06-26 23:00:03,573 [INFO] Synced 66 rows to /home/liangrd/Follow_up/Candidates.csv
sync exit: 0
=== Fri Jun 26 11:00:03 PM UTC 2026 UTC done ===
