=== Sun May 31 08:00:01 AM UTC 2026 UTC ===
2026-05-31 08:00:02,389 [INFO] Fetching cloud sheet …
2026-05-31 08:00:02,390 [ERROR] Pipeline failed
Traceback (most recent call last):
  File "/home/liangrd/Follow_up/code/obs_manage.py", line 517, in main
    sync_cloud_to_csv()
  File "/home/liangrd/Follow_up/code/obs_manage.py", line 150, in sync_cloud_to_csv
    resp = _run_lark_cli(
           ^^^^^^^^^^^^^^
  File "/home/liangrd/Follow_up/code/obs_manage.py", line 100, in _run_lark_cli
    result = subprocess.run(cmd, capture_output=True, text=True, timeout=60)
             ^^^^^^^^^^^^^^^^^^^^^^^^^^^^^^^^^^^^^^^^^^^^^^^^^^^^^^^^^^^^^^^
  File "/home/liangrd/anaconda3/envs/autophot/lib/python3.11/subprocess.py", line 548, in run
    with Popen(*popenargs, **kwargs) as process:
         ^^^^^^^^^^^^^^^^^^^^^^^^^^^
  File "/home/liangrd/anaconda3/envs/autophot/lib/python3.11/subprocess.py", line 1026, in __init__
    self._execute_child(args, executable, preexec_fn, close_fds,
  File "/home/liangrd/anaconda3/envs/autophot/lib/python3.11/subprocess.py", line 1955, in _execute_child
    raise child_exception_type(errno_num, err_msg, err_filename)
FileNotFoundError: [Errno 2] No such file or directory: 'lark-cli'
sync exit: 1
=== Sun May 31 08:00:02 AM UTC 2026 UTC done ===
=== Sun May 31 09:00:01 AM UTC 2026 UTC ===
2026-05-31 09:00:02,141 [INFO] Fetching cloud sheet …
2026-05-31 09:00:02,142 [ERROR] Pipeline failed
Traceback (most recent call last):
  File "/home/liangrd/Follow_up/code/obs_manage.py", line 517, in main
    sync_cloud_to_csv()
  File "/home/liangrd/Follow_up/code/obs_manage.py", line 150, in sync_cloud_to_csv
    resp = _run_lark_cli(
           ^^^^^^^^^^^^^^
  File "/home/liangrd/Follow_up/code/obs_manage.py", line 100, in _run_lark_cli
    result = subprocess.run(cmd, capture_output=True, text=True, timeout=60)
             ^^^^^^^^^^^^^^^^^^^^^^^^^^^^^^^^^^^^^^^^^^^^^^^^^^^^^^^^^^^^^^^
  File "/home/liangrd/anaconda3/envs/autophot/lib/python3.11/subprocess.py", line 548, in run
    with Popen(*popenargs, **kwargs) as process:
         ^^^^^^^^^^^^^^^^^^^^^^^^^^^
  File "/home/liangrd/anaconda3/envs/autophot/lib/python3.11/subprocess.py", line 1026, in __init__
    self._execute_child(args, executable, preexec_fn, close_fds,
  File "/home/liangrd/anaconda3/envs/autophot/lib/python3.11/subprocess.py", line 1955, in _execute_child
    raise child_exception_type(errno_num, err_msg, err_filename)
FileNotFoundError: [Errno 2] No such file or directory: 'lark-cli'
sync exit: 1
=== Sun May 31 09:00:02 AM UTC 2026 UTC done ===
=== Sun May 31 10:00:01 AM UTC 2026 UTC ===
2026-05-31 10:00:01,933 [INFO] Fetching cloud sheet …
2026-05-31 10:00:01,934 [ERROR] Pipeline failed
Traceback (most recent call last):
  File "/home/liangrd/Follow_up/code/obs_manage.py", line 517, in main
    sync_cloud_to_csv()
  File "/home/liangrd/Follow_up/code/obs_manage.py", line 150, in sync_cloud_to_csv
    resp = _run_lark_cli(
           ^^^^^^^^^^^^^^
  File "/home/liangrd/Follow_up/code/obs_manage.py", line 100, in _run_lark_cli
    result = subprocess.run(cmd, capture_output=True, text=True, timeout=60)
             ^^^^^^^^^^^^^^^^^^^^^^^^^^^^^^^^^^^^^^^^^^^^^^^^^^^^^^^^^^^^^^^
  File "/home/liangrd/anaconda3/envs/autophot/lib/python3.11/subprocess.py", line 548, in run
    with Popen(*popenargs, **kwargs) as process:
         ^^^^^^^^^^^^^^^^^^^^^^^^^^^
  File "/home/liangrd/anaconda3/envs/autophot/lib/python3.11/subprocess.py", line 1026, in __init__
    self._execute_child(args, executable, preexec_fn, close_fds,
  File "/home/liangrd/anaconda3/envs/autophot/lib/python3.11/subprocess.py", line 1955, in _execute_child
    raise child_exception_type(errno_num, err_msg, err_filename)
FileNotFoundError: [Errno 2] No such file or directory: 'lark-cli'
sync exit: 1
=== Sun May 31 10:00:02 AM UTC 2026 UTC done ===
=== Sun May 31 11:00:01 AM UTC 2026 UTC ===
2026-05-31 11:00:03,536 [INFO] Fetching cloud sheet …
2026-05-31 11:00:03,543 [ERROR] Pipeline failed
Traceback (most recent call last):
  File "/home/liangrd/Follow_up/code/obs_manage.py", line 517, in main
    sync_cloud_to_csv()
  File "/home/liangrd/Follow_up/code/obs_manage.py", line 150, in sync_cloud_to_csv
    resp = _run_lark_cli(
           ^^^^^^^^^^^^^^
  File "/home/liangrd/Follow_up/code/obs_manage.py", line 100, in _run_lark_cli
    result = subprocess.run(cmd, capture_output=True, text=True, timeout=60)
             ^^^^^^^^^^^^^^^^^^^^^^^^^^^^^^^^^^^^^^^^^^^^^^^^^^^^^^^^^^^^^^^
  File "/home/liangrd/anaconda3/envs/autophot/lib/python3.11/subprocess.py", line 548, in run
    with Popen(*popenargs, **kwargs) as process:
         ^^^^^^^^^^^^^^^^^^^^^^^^^^^
  File "/home/liangrd/anaconda3/envs/autophot/lib/python3.11/subprocess.py", line 1026, in __init__
    self._execute_child(args, executable, preexec_fn, close_fds,
  File "/home/liangrd/anaconda3/envs/autophot/lib/python3.11/subprocess.py", line 1955, in _execute_child
    raise child_exception_type(errno_num, err_msg, err_filename)
FileNotFoundError: [Errno 2] No such file or directory: 'lark-cli'
sync exit: 1
=== Sun May 31 11:00:03 AM UTC 2026 UTC done ===
=== Sun May 31 12:00:01 PM UTC 2026 UTC ===
2026-05-31 12:00:03,366 [INFO] Fetching cloud sheet …
2026-05-31 12:00:03,367 [ERROR] Pipeline failed
Traceback (most recent call last):
  File "/home/liangrd/Follow_up/code/obs_manage.py", line 517, in main
    sync_cloud_to_csv()
  File "/home/liangrd/Follow_up/code/obs_manage.py", line 150, in sync_cloud_to_csv
    resp = _run_lark_cli(
           ^^^^^^^^^^^^^^
  File "/home/liangrd/Follow_up/code/obs_manage.py", line 100, in _run_lark_cli
    result = subprocess.run(cmd, capture_output=True, text=True, timeout=60)
             ^^^^^^^^^^^^^^^^^^^^^^^^^^^^^^^^^^^^^^^^^^^^^^^^^^^^^^^^^^^^^^^
  File "/home/liangrd/anaconda3/envs/autophot/lib/python3.11/subprocess.py", line 548, in run
    with Popen(*popenargs, **kwargs) as process:
         ^^^^^^^^^^^^^^^^^^^^^^^^^^^
  File "/home/liangrd/anaconda3/envs/autophot/lib/python3.11/subprocess.py", line 1026, in __init__
    self._execute_child(args, executable, preexec_fn, close_fds,
  File "/home/liangrd/anaconda3/envs/autophot/lib/python3.11/subprocess.py", line 1955, in _execute_child
    raise child_exception_type(errno_num, err_msg, err_filename)
FileNotFoundError: [Errno 2] No such file or directory: 'lark-cli'
sync exit: 1
=== Sun May 31 12:00:03 PM UTC 2026 UTC done ===
=== Sun May 31 01:00:01 PM UTC 2026 UTC ===
2026-05-31 13:00:02,112 [INFO] Fetching cloud sheet …
2026-05-31 13:00:02,113 [ERROR] Pipeline failed
Traceback (most recent call last):
  File "/home/liangrd/Follow_up/code/obs_manage.py", line 517, in main
    sync_cloud_to_csv()
  File "/home/liangrd/Follow_up/code/obs_manage.py", line 150, in sync_cloud_to_csv
    resp = _run_lark_cli(
           ^^^^^^^^^^^^^^
  File "/home/liangrd/Follow_up/code/obs_manage.py", line 100, in _run_lark_cli
    result = subprocess.run(cmd, capture_output=True, text=True, timeout=60)
             ^^^^^^^^^^^^^^^^^^^^^^^^^^^^^^^^^^^^^^^^^^^^^^^^^^^^^^^^^^^^^^^
  File "/home/liangrd/anaconda3/envs/autophot/lib/python3.11/subprocess.py", line 548, in run
    with Popen(*popenargs, **kwargs) as process:
         ^^^^^^^^^^^^^^^^^^^^^^^^^^^
  File "/home/liangrd/anaconda3/envs/autophot/lib/python3.11/subprocess.py", line 1026, in __init__
    self._execute_child(args, executable, preexec_fn, close_fds,
  File "/home/liangrd/anaconda3/envs/autophot/lib/python3.11/subprocess.py", line 1955, in _execute_child
    raise child_exception_type(errno_num, err_msg, err_filename)
FileNotFoundError: [Errno 2] No such file or directory: 'lark-cli'
sync exit: 1
=== Sun May 31 01:00:02 PM UTC 2026 UTC done ===
=== Sun May 31 02:00:01 PM UTC 2026 UTC ===
2026-05-31 14:00:01,882 [INFO] Fetching cloud sheet …
2026-05-31 14:00:01,882 [ERROR] Pipeline failed
Traceback (most recent call last):
  File "/home/liangrd/Follow_up/code/obs_manage.py", line 517, in main
    sync_cloud_to_csv()
  File "/home/liangrd/Follow_up/code/obs_manage.py", line 150, in sync_cloud_to_csv
    resp = _run_lark_cli(
           ^^^^^^^^^^^^^^
  File "/home/liangrd/Follow_up/code/obs_manage.py", line 100, in _run_lark_cli
    result = subprocess.run(cmd, capture_output=True, text=True, timeout=60)
             ^^^^^^^^^^^^^^^^^^^^^^^^^^^^^^^^^^^^^^^^^^^^^^^^^^^^^^^^^^^^^^^
  File "/home/liangrd/anaconda3/envs/autophot/lib/python3.11/subprocess.py", line 548, in run
    with Popen(*popenargs, **kwargs) as process:
         ^^^^^^^^^^^^^^^^^^^^^^^^^^^
  File "/home/liangrd/anaconda3/envs/autophot/lib/python3.11/subprocess.py", line 1026, in __init__
    self._execute_child(args, executable, preexec_fn, close_fds,
  File "/home/liangrd/anaconda3/envs/autophot/lib/python3.11/subprocess.py", line 1955, in _execute_child
    raise child_exception_type(errno_num, err_msg, err_filename)
FileNotFoundError: [Errno 2] No such file or directory: 'lark-cli'
sync exit: 1
=== Sun May 31 02:00:01 PM UTC 2026 UTC done ===
=== Sun May 31 03:00:01 PM UTC 2026 UTC ===
2026-05-31 15:00:01,829 [INFO] Fetching cloud sheet …
2026-05-31 15:00:01,830 [ERROR] Pipeline failed
Traceback (most recent call last):
  File "/home/liangrd/Follow_up/code/obs_manage.py", line 517, in main
    sync_cloud_to_csv()
  File "/home/liangrd/Follow_up/code/obs_manage.py", line 150, in sync_cloud_to_csv
    resp = _run_lark_cli(
           ^^^^^^^^^^^^^^
  File "/home/liangrd/Follow_up/code/obs_manage.py", line 100, in _run_lark_cli
    result = subprocess.run(cmd, capture_output=True, text=True, timeout=60)
             ^^^^^^^^^^^^^^^^^^^^^^^^^^^^^^^^^^^^^^^^^^^^^^^^^^^^^^^^^^^^^^^
  File "/home/liangrd/anaconda3/envs/autophot/lib/python3.11/subprocess.py", line 548, in run
    with Popen(*popenargs, **kwargs) as process:
         ^^^^^^^^^^^^^^^^^^^^^^^^^^^
  File "/home/liangrd/anaconda3/envs/autophot/lib/python3.11/subprocess.py", line 1026, in __init__
    self._execute_child(args, executable, preexec_fn, close_fds,
  File "/home/liangrd/anaconda3/envs/autophot/lib/python3.11/subprocess.py", line 1955, in _execute_child
    raise child_exception_type(errno_num, err_msg, err_filename)
FileNotFoundError: [Errno 2] No such file or directory: 'lark-cli'
sync exit: 1
=== Sun May 31 03:00:01 PM UTC 2026 UTC done ===
=== Sun May 31 04:00:01 PM UTC 2026 UTC ===
2026-05-31 16:00:01,570 [INFO] Fetching cloud sheet …
2026-05-31 16:00:01,570 [ERROR] Pipeline failed
Traceback (most recent call last):
  File "/home/liangrd/Follow_up/code/obs_manage.py", line 517, in main
    sync_cloud_to_csv()
  File "/home/liangrd/Follow_up/code/obs_manage.py", line 150, in sync_cloud_to_csv
    resp = _run_lark_cli(
           ^^^^^^^^^^^^^^
  File "/home/liangrd/Follow_up/code/obs_manage.py", line 100, in _run_lark_cli
    result = subprocess.run(cmd, capture_output=True, text=True, timeout=60)
             ^^^^^^^^^^^^^^^^^^^^^^^^^^^^^^^^^^^^^^^^^^^^^^^^^^^^^^^^^^^^^^^
  File "/home/liangrd/anaconda3/envs/autophot/lib/python3.11/subprocess.py", line 548, in run
    with Popen(*popenargs, **kwargs) as process:
         ^^^^^^^^^^^^^^^^^^^^^^^^^^^
  File "/home/liangrd/anaconda3/envs/autophot/lib/python3.11/subprocess.py", line 1026, in __init__
    self._execute_child(args, executable, preexec_fn, close_fds,
  File "/home/liangrd/anaconda3/envs/autophot/lib/python3.11/subprocess.py", line 1955, in _execute_child
    raise child_exception_type(errno_num, err_msg, err_filename)
FileNotFoundError: [Errno 2] No such file or directory: 'lark-cli'
sync exit: 1
=== Sun May 31 04:00:01 PM UTC 2026 UTC done ===
=== Sun May 31 05:00:01 PM UTC 2026 UTC ===
2026-05-31 17:00:03,812 [INFO] Fetching cloud sheet …
2026-05-31 17:00:03,814 [ERROR] Pipeline failed
Traceback (most recent call last):
  File "/home/liangrd/Follow_up/code/obs_manage.py", line 517, in main
    sync_cloud_to_csv()
  File "/home/liangrd/Follow_up/code/obs_manage.py", line 150, in sync_cloud_to_csv
    resp = _run_lark_cli(
           ^^^^^^^^^^^^^^
  File "/home/liangrd/Follow_up/code/obs_manage.py", line 100, in _run_lark_cli
    result = subprocess.run(cmd, capture_output=True, text=True, timeout=60)
             ^^^^^^^^^^^^^^^^^^^^^^^^^^^^^^^^^^^^^^^^^^^^^^^^^^^^^^^^^^^^^^^
  File "/home/liangrd/anaconda3/envs/autophot/lib/python3.11/subprocess.py", line 548, in run
    with Popen(*popenargs, **kwargs) as process:
         ^^^^^^^^^^^^^^^^^^^^^^^^^^^
  File "/home/liangrd/anaconda3/envs/autophot/lib/python3.11/subprocess.py", line 1026, in __init__
    self._execute_child(args, executable, preexec_fn, close_fds,
  File "/home/liangrd/anaconda3/envs/autophot/lib/python3.11/subprocess.py", line 1955, in _execute_child
    raise child_exception_type(errno_num, err_msg, err_filename)
FileNotFoundError: [Errno 2] No such file or directory: 'lark-cli'
sync exit: 1
=== Sun May 31 05:00:03 PM UTC 2026 UTC done ===
=== Sun May 31 06:00:01 PM UTC 2026 UTC ===
2026-05-31 18:00:03,087 [INFO] Fetching cloud sheet …
2026-05-31 18:00:03,089 [ERROR] Pipeline failed
Traceback (most recent call last):
  File "/home/liangrd/Follow_up/code/obs_manage.py", line 517, in main
    sync_cloud_to_csv()
  File "/home/liangrd/Follow_up/code/obs_manage.py", line 150, in sync_cloud_to_csv
    resp = _run_lark_cli(
           ^^^^^^^^^^^^^^
  File "/home/liangrd/Follow_up/code/obs_manage.py", line 100, in _run_lark_cli
    result = subprocess.run(cmd, capture_output=True, text=True, timeout=60)
             ^^^^^^^^^^^^^^^^^^^^^^^^^^^^^^^^^^^^^^^^^^^^^^^^^^^^^^^^^^^^^^^
  File "/home/liangrd/anaconda3/envs/autophot/lib/python3.11/subprocess.py", line 548, in run
    with Popen(*popenargs, **kwargs) as process:
         ^^^^^^^^^^^^^^^^^^^^^^^^^^^
  File "/home/liangrd/anaconda3/envs/autophot/lib/python3.11/subprocess.py", line 1026, in __init__
    self._execute_child(args, executable, preexec_fn, close_fds,
  File "/home/liangrd/anaconda3/envs/autophot/lib/python3.11/subprocess.py", line 1955, in _execute_child
    raise child_exception_type(errno_num, err_msg, err_filename)
FileNotFoundError: [Errno 2] No such file or directory: 'lark-cli'
sync exit: 1
=== Sun May 31 06:00:03 PM UTC 2026 UTC done ===
=== Sun May 31 07:00:01 PM UTC 2026 UTC ===
2026-05-31 19:00:01,871 [INFO] Fetching cloud sheet …
2026-05-31 19:00:01,872 [ERROR] Pipeline failed
Traceback (most recent call last):
  File "/home/liangrd/Follow_up/code/obs_manage.py", line 517, in main
    sync_cloud_to_csv()
  File "/home/liangrd/Follow_up/code/obs_manage.py", line 150, in sync_cloud_to_csv
    resp = _run_lark_cli(
           ^^^^^^^^^^^^^^
  File "/home/liangrd/Follow_up/code/obs_manage.py", line 100, in _run_lark_cli
    result = subprocess.run(cmd, capture_output=True, text=True, timeout=60)
             ^^^^^^^^^^^^^^^^^^^^^^^^^^^^^^^^^^^^^^^^^^^^^^^^^^^^^^^^^^^^^^^
  File "/home/liangrd/anaconda3/envs/autophot/lib/python3.11/subprocess.py", line 548, in run
    with Popen(*popenargs, **kwargs) as process:
         ^^^^^^^^^^^^^^^^^^^^^^^^^^^
  File "/home/liangrd/anaconda3/envs/autophot/lib/python3.11/subprocess.py", line 1026, in __init__
    self._execute_child(args, executable, preexec_fn, close_fds,
  File "/home/liangrd/anaconda3/envs/autophot/lib/python3.11/subprocess.py", line 1955, in _execute_child
    raise child_exception_type(errno_num, err_msg, err_filename)
FileNotFoundError: [Errno 2] No such file or directory: 'lark-cli'
sync exit: 1
=== Sun May 31 07:00:01 PM UTC 2026 UTC done ===
=== Sun May 31 08:00:01 PM UTC 2026 UTC ===
2026-05-31 20:00:01,608 [INFO] Fetching cloud sheet …
2026-05-31 20:00:01,608 [ERROR] Pipeline failed
Traceback (most recent call last):
  File "/home/liangrd/Follow_up/code/obs_manage.py", line 517, in main
    sync_cloud_to_csv()
  File "/home/liangrd/Follow_up/code/obs_manage.py", line 150, in sync_cloud_to_csv
    resp = _run_lark_cli(
           ^^^^^^^^^^^^^^
  File "/home/liangrd/Follow_up/code/obs_manage.py", line 100, in _run_lark_cli
    result = subprocess.run(cmd, capture_output=True, text=True, timeout=60)
             ^^^^^^^^^^^^^^^^^^^^^^^^^^^^^^^^^^^^^^^^^^^^^^^^^^^^^^^^^^^^^^^
  File "/home/liangrd/anaconda3/envs/autophot/lib/python3.11/subprocess.py", line 548, in run
    with Popen(*popenargs, **kwargs) as process:
         ^^^^^^^^^^^^^^^^^^^^^^^^^^^
  File "/home/liangrd/anaconda3/envs/autophot/lib/python3.11/subprocess.py", line 1026, in __init__
    self._execute_child(args, executable, preexec_fn, close_fds,
  File "/home/liangrd/anaconda3/envs/autophot/lib/python3.11/subprocess.py", line 1955, in _execute_child
    raise child_exception_type(errno_num, err_msg, err_filename)
FileNotFoundError: [Errno 2] No such file or directory: 'lark-cli'
sync exit: 1
=== Sun May 31 08:00:01 PM UTC 2026 UTC done ===
=== Sun May 31 09:00:01 PM UTC 2026 UTC ===
2026-05-31 21:00:02,346 [INFO] Fetching cloud sheet …
2026-05-31 21:00:02,347 [ERROR] Pipeline failed
Traceback (most recent call last):
  File "/home/liangrd/Follow_up/code/obs_manage.py", line 517, in main
    sync_cloud_to_csv()
  File "/home/liangrd/Follow_up/code/obs_manage.py", line 150, in sync_cloud_to_csv
    resp = _run_lark_cli(
           ^^^^^^^^^^^^^^
  File "/home/liangrd/Follow_up/code/obs_manage.py", line 100, in _run_lark_cli
    result = subprocess.run(cmd, capture_output=True, text=True, timeout=60)
             ^^^^^^^^^^^^^^^^^^^^^^^^^^^^^^^^^^^^^^^^^^^^^^^^^^^^^^^^^^^^^^^
  File "/home/liangrd/anaconda3/envs/autophot/lib/python3.11/subprocess.py", line 548, in run
    with Popen(*popenargs, **kwargs) as process:
         ^^^^^^^^^^^^^^^^^^^^^^^^^^^
  File "/home/liangrd/anaconda3/envs/autophot/lib/python3.11/subprocess.py", line 1026, in __init__
    self._execute_child(args, executable, preexec_fn, close_fds,
  File "/home/liangrd/anaconda3/envs/autophot/lib/python3.11/subprocess.py", line 1955, in _execute_child
    raise child_exception_type(errno_num, err_msg, err_filename)
FileNotFoundError: [Errno 2] No such file or directory: 'lark-cli'
sync exit: 1
=== Sun May 31 09:00:02 PM UTC 2026 UTC done ===
=== Sun May 31 10:00:01 PM UTC 2026 UTC ===
2026-05-31 22:00:02,118 [INFO] Fetching cloud sheet …
2026-05-31 22:00:02,119 [ERROR] Pipeline failed
Traceback (most recent call last):
  File "/home/liangrd/Follow_up/code/obs_manage.py", line 517, in main
    sync_cloud_to_csv()
  File "/home/liangrd/Follow_up/code/obs_manage.py", line 150, in sync_cloud_to_csv
    resp = _run_lark_cli(
           ^^^^^^^^^^^^^^
  File "/home/liangrd/Follow_up/code/obs_manage.py", line 100, in _run_lark_cli
    result = subprocess.run(cmd, capture_output=True, text=True, timeout=60)
             ^^^^^^^^^^^^^^^^^^^^^^^^^^^^^^^^^^^^^^^^^^^^^^^^^^^^^^^^^^^^^^^
  File "/home/liangrd/anaconda3/envs/autophot/lib/python3.11/subprocess.py", line 548, in run
    with Popen(*popenargs, **kwargs) as process:
         ^^^^^^^^^^^^^^^^^^^^^^^^^^^
  File "/home/liangrd/anaconda3/envs/autophot/lib/python3.11/subprocess.py", line 1026, in __init__
    self._execute_child(args, executable, preexec_fn, close_fds,
  File "/home/liangrd/anaconda3/envs/autophot/lib/python3.11/subprocess.py", line 1955, in _execute_child
    raise child_exception_type(errno_num, err_msg, err_filename)
FileNotFoundError: [Errno 2] No such file or directory: 'lark-cli'
sync exit: 1
=== Sun May 31 10:00:02 PM UTC 2026 UTC done ===
=== Sun May 31 11:00:01 PM UTC 2026 UTC ===
2026-05-31 23:00:03,495 [INFO] Fetching cloud sheet …
2026-05-31 23:00:03,498 [ERROR] Pipeline failed
Traceback (most recent call last):
  File "/home/liangrd/Follow_up/code/obs_manage.py", line 517, in main
    sync_cloud_to_csv()
  File "/home/liangrd/Follow_up/code/obs_manage.py", line 150, in sync_cloud_to_csv
    resp = _run_lark_cli(
           ^^^^^^^^^^^^^^
  File "/home/liangrd/Follow_up/code/obs_manage.py", line 100, in _run_lark_cli
    result = subprocess.run(cmd, capture_output=True, text=True, timeout=60)
             ^^^^^^^^^^^^^^^^^^^^^^^^^^^^^^^^^^^^^^^^^^^^^^^^^^^^^^^^^^^^^^^
  File "/home/liangrd/anaconda3/envs/autophot/lib/python3.11/subprocess.py", line 548, in run
    with Popen(*popenargs, **kwargs) as process:
         ^^^^^^^^^^^^^^^^^^^^^^^^^^^
  File "/home/liangrd/anaconda3/envs/autophot/lib/python3.11/subprocess.py", line 1026, in __init__
    self._execute_child(args, executable, preexec_fn, close_fds,
  File "/home/liangrd/anaconda3/envs/autophot/lib/python3.11/subprocess.py", line 1955, in _execute_child
    raise child_exception_type(errno_num, err_msg, err_filename)
FileNotFoundError: [Errno 2] No such file or directory: 'lark-cli'
sync exit: 1
=== Sun May 31 11:00:03 PM UTC 2026 UTC done ===
