=== Thu Jun 25 12:00:01 AM UTC 2026 UTC ===
2026-06-25 00:00:03,265 [INFO] Fetching cloud sheet …
2026-06-25 00:00:04,040 [INFO] Synced 66 rows to /home/liangrd/Follow_up/Candidates.csv
sync exit: 0
=== Thu Jun 25 12:00:04 AM UTC 2026 UTC done ===
=== Thu Jun 25 01:00:01 AM UTC 2026 UTC ===
2026-06-25 01:00:01,585 [INFO] Fetching cloud sheet …
2026-06-25 01:00:02,372 [INFO] Synced 66 rows to /home/liangrd/Follow_up/Candidates.csv
sync exit: 0
=== Thu Jun 25 01:00:02 AM UTC 2026 UTC done ===
=== Thu Jun 25 02:00:01 AM UTC 2026 UTC ===
2026-06-25 02:00:01,937 [INFO] Fetching cloud sheet …
2026-06-25 02:00:03,243 [INFO] Synced 66 rows to /home/liangrd/Follow_up/Candidates.csv
sync exit: 0
=== Thu Jun 25 02:00:03 AM UTC 2026 UTC done ===
=== Thu Jun 25 03:00:01 AM UTC 2026 UTC ===
2026-06-25 03:00:01,856 [INFO] Fetching cloud sheet …
2026-06-25 03:00:02,833 [INFO] Synced 66 rows to /home/liangrd/Follow_up/Candidates.csv
sync exit: 0
=== Thu Jun 25 03:00:02 AM UTC 2026 UTC done ===
=== Thu Jun 25 04:00:01 AM UTC 2026 UTC ===
2026-06-25 04:00:02,527 [INFO] Fetching cloud sheet …
2026-06-25 04:00:03,356 [INFO] Synced 66 rows to /home/liangrd/Follow_up/Candidates.csv
sync exit: 0
=== Thu Jun 25 04:00:03 AM UTC 2026 UTC done ===
=== Thu Jun 25 05:00:01 AM UTC 2026 UTC ===
2026-06-25 05:00:02,769 [INFO] Fetching cloud sheet …
2026-06-25 05:00:03,609 [INFO] Synced 66 rows to /home/liangrd/Follow_up/Candidates.csv
sync exit: 0
=== Thu Jun 25 05:00:03 AM UTC 2026 UTC done ===
=== Thu Jun 25 06:00:01 AM UTC 2026 UTC ===
2026-06-25 06:00:03,599 [INFO] Fetching cloud sheet …
2026-06-25 06:00:04,569 [INFO] Synced 66 rows to /home/liangrd/Follow_up/Candidates.csv
sync exit: 0
=== Thu Jun 25 06:00:04 AM UTC 2026 UTC done ===
=== Thu Jun 25 07:00:01 AM UTC 2026 UTC ===
2026-06-25 07:00:02,351 [INFO] Fetching cloud sheet …
2026-06-25 07:00:03,038 [INFO] Synced 66 rows to /home/liangrd/Follow_up/Candidates.csv
sync exit: 0
=== Thu Jun 25 07:00:03 AM UTC 2026 UTC done ===
=== Thu Jun 25 08:00:01 AM UTC 2026 UTC ===
2026-06-25 08:00:02,012 [INFO] Fetching cloud sheet …
2026-06-25 08:00:03,272 [INFO] Synced 66 rows to /home/liangrd/Follow_up/Candidates.csv
sync exit: 0
=== Thu Jun 25 08:00:03 AM UTC 2026 UTC done ===
=== Thu Jun 25 09:00:01 AM UTC 2026 UTC ===
2026-06-25 09:00:01,916 [INFO] Fetching cloud sheet …
2026-06-25 09:00:02,668 [INFO] Synced 66 rows to /home/liangrd/Follow_up/Candidates.csv
sync exit: 0
=== Thu Jun 25 09:00:02 AM UTC 2026 UTC done ===
=== Thu Jun 25 10:00:01 AM UTC 2026 UTC ===
2026-06-25 10:00:01,602 [INFO] Fetching cloud sheet …
2026-06-25 10:00:02,491 [INFO] Synced 66 rows to /home/liangrd/Follow_up/Candidates.csv
sync exit: 0
=== Thu Jun 25 10:00:02 AM UTC 2026 UTC done ===
=== Thu Jun 25 11:00:01 AM UTC 2026 UTC ===
2026-06-25 11:00:02,318 [INFO] Fetching cloud sheet …
2026-06-25 11:00:03,202 [INFO] Synced 66 rows to /home/liangrd/Follow_up/Candidates.csv
sync exit: 0
=== Thu Jun 25 11:00:03 AM UTC 2026 UTC done ===
=== Thu Jun 25 12:00:01 PM UTC 2026 UTC ===
2026-06-25 12:00:03,295 [INFO] Fetching cloud sheet …
2026-06-25 12:00:04,199 [INFO] Synced 66 rows to /home/liangrd/Follow_up/Candidates.csv
sync exit: 0
=== Thu Jun 25 12:00:04 PM UTC 2026 UTC done ===
=== Thu Jun 25 01:00:01 PM UTC 2026 UTC ===
2026-06-25 13:00:01,846 [INFO] Fetching cloud sheet …
2026-06-25 13:00:02,953 [INFO] Synced 66 rows to /home/liangrd/Follow_up/Candidates.csv
sync exit: 0
=== Thu Jun 25 01:00:03 PM UTC 2026 UTC done ===
=== Thu Jun 25 02:00:01 PM UTC 2026 UTC ===
2026-06-25 14:00:01,869 [INFO] Fetching cloud sheet …
2026-06-25 14:00:02,978 [INFO] Synced 66 rows to /home/liangrd/Follow_up/Candidates.csv
sync exit: 0
=== Thu Jun 25 02:00:03 PM UTC 2026 UTC done ===
=== Thu Jun 25 03:00:01 PM UTC 2026 UTC ===
2026-06-25 15:00:02,305 [INFO] Fetching cloud sheet …
2026-06-25 15:00:02,893 [INFO] Synced 66 rows to /home/liangrd/Follow_up/Candidates.csv
sync exit: 0
=== Thu Jun 25 03:00:03 PM UTC 2026 UTC done ===
=== Thu Jun 25 04:00:01 PM UTC 2026 UTC ===
2026-06-25 16:00:01,600 [INFO] Fetching cloud sheet …
2026-06-25 16:00:02,573 [INFO] Synced 66 rows to /home/liangrd/Follow_up/Candidates.csv
sync exit: 0
=== Thu Jun 25 04:00:02 PM UTC 2026 UTC done ===
=== Thu Jun 25 05:00:01 PM UTC 2026 UTC ===
2026-06-25 17:00:01,723 [INFO] Fetching cloud sheet …
2026-06-25 17:00:02,390 [INFO] Synced 66 rows to /home/liangrd/Follow_up/Candidates.csv
sync exit: 0
=== Thu Jun 25 05:00:02 PM UTC 2026 UTC done ===
=== Thu Jun 25 06:00:01 PM UTC 2026 UTC ===
2026-06-25 18:00:03,454 [INFO] Fetching cloud sheet …
2026-06-25 18:00:04,315 [INFO] Synced 66 rows to /home/liangrd/Follow_up/Candidates.csv
sync exit: 0
=== Thu Jun 25 06:00:04 PM UTC 2026 UTC done ===
=== Thu Jun 25 07:00:01 PM UTC 2026 UTC ===
2026-06-25 19:00:02,037 [INFO] Fetching cloud sheet …
2026-06-25 19:00:02,561 [INFO] Synced 66 rows to /home/liangrd/Follow_up/Candidates.csv
sync exit: 0
=== Thu Jun 25 07:00:02 PM UTC 2026 UTC done ===
=== Thu Jun 25 08:00:01 PM UTC 2026 UTC ===
2026-06-25 20:00:02,090 [INFO] Fetching cloud sheet …
2026-06-25 20:00:02,817 [INFO] Synced 66 rows to /home/liangrd/Follow_up/Candidates.csv
sync exit: 0
=== Thu Jun 25 08:00:02 PM UTC 2026 UTC done ===
=== Thu Jun 25 09:00:01 PM UTC 2026 UTC ===
2026-06-25 21:00:02,320 [INFO] Fetching cloud sheet …
2026-06-25 21:00:02,799 [INFO] Synced 66 rows to /home/liangrd/Follow_up/Candidates.csv
sync exit: 0
=== Thu Jun 25 09:00:02 PM UTC 2026 UTC done ===
=== Thu Jun 25 10:00:01 PM UTC 2026 UTC ===
2026-06-25 22:00:02,342 [INFO] Fetching cloud sheet …
2026-06-25 22:00:03,030 [INFO] Synced 66 rows to /home/liangrd/Follow_up/Candidates.csv
sync exit: 0
=== Thu Jun 25 10:00:03 PM UTC 2026 UTC done ===
=== Thu Jun 25 11:00:01 PM UTC 2026 UTC ===
2026-06-25 23:00:02,384 [INFO] Fetching cloud sheet …
2026-06-25 23:00:02,994 [INFO] Synced 66 rows to /home/liangrd/Follow_up/Candidates.csv
sync exit: 0
=== Thu Jun 25 11:00:03 PM UTC 2026 UTC done ===
