=== Tue Jun 30 12:00:01 AM UTC 2026 UTC ===
2026-06-30 00:00:03,085 [INFO] Fetching cloud sheet …
2026-06-30 00:00:03,976 [INFO] Synced 66 rows to /home/liangrd/Follow_up/Candidates.csv
sync exit: 0
=== Tue Jun 30 12:00:04 AM UTC 2026 UTC done ===
=== Tue Jun 30 01:00:01 AM UTC 2026 UTC ===
2026-06-30 01:00:01,910 [INFO] Fetching cloud sheet …
2026-06-30 01:00:02,631 [INFO] Synced 66 rows to /home/liangrd/Follow_up/Candidates.csv
sync exit: 0
=== Tue Jun 30 01:00:02 AM UTC 2026 UTC done ===
=== Tue Jun 30 02:00:01 AM UTC 2026 UTC ===
2026-06-30 02:00:02,462 [INFO] Fetching cloud sheet …
2026-06-30 02:00:03,351 [INFO] Synced 66 rows to /home/liangrd/Follow_up/Candidates.csv
sync exit: 0
=== Tue Jun 30 02:00:03 AM UTC 2026 UTC done ===
=== Tue Jun 30 03:00:01 AM UTC 2026 UTC ===
2026-06-30 03:00:02,119 [INFO] Fetching cloud sheet …
2026-06-30 03:00:02,803 [INFO] Synced 66 rows to /home/liangrd/Follow_up/Candidates.csv
sync exit: 0
=== Tue Jun 30 03:00:02 AM UTC 2026 UTC done ===
=== Tue Jun 30 04:00:01 AM UTC 2026 UTC ===
2026-06-30 04:00:01,648 [INFO] Fetching cloud sheet …
2026-06-30 04:00:02,854 [INFO] Synced 66 rows to /home/liangrd/Follow_up/Candidates.csv
sync exit: 0
=== Tue Jun 30 04:00:02 AM UTC 2026 UTC done ===
=== Tue Jun 30 05:00:01 AM UTC 2026 UTC ===
2026-06-30 05:00:03,572 [INFO] Fetching cloud sheet …
2026-06-30 05:00:04,325 [INFO] Synced 66 rows to /home/liangrd/Follow_up/Candidates.csv
sync exit: 0
=== Tue Jun 30 05:00:04 AM UTC 2026 UTC done ===
=== Tue Jun 30 06:00:01 AM UTC 2026 UTC ===
2026-06-30 06:00:02,714 [INFO] Fetching cloud sheet …
2026-06-30 06:00:03,624 [INFO] Synced 66 rows to /home/liangrd/Follow_up/Candidates.csv
sync exit: 0
=== Tue Jun 30 06:00:03 AM UTC 2026 UTC done ===
=== Tue Jun 30 07:00:01 AM UTC 2026 UTC ===
2026-06-30 07:00:02,466 [INFO] Fetching cloud sheet …
2026-06-30 07:00:03,146 [INFO] Synced 66 rows to /home/liangrd/Follow_up/Candidates.csv
sync exit: 0
=== Tue Jun 30 07:00:03 AM UTC 2026 UTC done ===
=== Tue Jun 30 08:00:01 AM UTC 2026 UTC ===
2026-06-30 08:00:01,886 [INFO] Fetching cloud sheet …
2026-06-30 08:00:03,129 [INFO] Synced 68 rows to /home/liangrd/Follow_up/Candidates.csv
sync exit: 0
=== Tue Jun 30 08:00:03 AM UTC 2026 UTC done ===
=== Tue Jun 30 09:00:01 AM UTC 2026 UTC ===
2026-06-30 09:00:01,916 [INFO] Fetching cloud sheet …
2026-06-30 09:00:02,629 [INFO] Synced 68 rows to /home/liangrd/Follow_up/Candidates.csv
sync exit: 0
=== Tue Jun 30 09:00:02 AM UTC 2026 UTC done ===
=== Tue Jun 30 10:00:01 AM UTC 2026 UTC ===
2026-06-30 10:00:02,094 [INFO] Fetching cloud sheet …
2026-06-30 10:00:03,219 [INFO] Synced 68 rows to /home/liangrd/Follow_up/Candidates.csv
sync exit: 0
=== Tue Jun 30 10:00:03 AM UTC 2026 UTC done ===
=== Tue Jun 30 11:00:01 AM UTC 2026 UTC ===
2026-06-30 11:00:03,591 [INFO] Fetching cloud sheet …
2026-06-30 11:00:04,377 [INFO] Synced 68 rows to /home/liangrd/Follow_up/Candidates.csv
sync exit: 0
=== Tue Jun 30 11:00:04 AM UTC 2026 UTC done ===
=== Tue Jun 30 12:00:01 PM UTC 2026 UTC ===
2026-06-30 12:00:02,448 [INFO] Fetching cloud sheet …
2026-06-30 12:00:03,875 [INFO] Synced 68 rows to /home/liangrd/Follow_up/Candidates.csv
sync exit: 0
=== Tue Jun 30 12:00:03 PM UTC 2026 UTC done ===
=== Tue Jun 30 01:00:01 PM UTC 2026 UTC ===
2026-06-30 13:00:01,713 [INFO] Fetching cloud sheet …
2026-06-30 13:00:02,290 [INFO] Synced 68 rows to /home/liangrd/Follow_up/Candidates.csv
sync exit: 0
=== Tue Jun 30 01:00:02 PM UTC 2026 UTC done ===
=== Tue Jun 30 02:00:01 PM UTC 2026 UTC ===
2026-06-30 14:00:02,030 [INFO] Fetching cloud sheet …
2026-06-30 14:00:02,850 [INFO] Synced 68 rows to /home/liangrd/Follow_up/Candidates.csv
sync exit: 0
=== Tue Jun 30 02:00:02 PM UTC 2026 UTC done ===
=== Tue Jun 30 03:00:01 PM UTC 2026 UTC ===
2026-06-30 15:00:01,775 [INFO] Fetching cloud sheet …
2026-06-30 15:00:02,436 [INFO] Synced 68 rows to /home/liangrd/Follow_up/Candidates.csv
sync exit: 0
=== Tue Jun 30 03:00:02 PM UTC 2026 UTC done ===
=== Tue Jun 30 04:00:01 PM UTC 2026 UTC ===
2026-06-30 16:00:02,237 [INFO] Fetching cloud sheet …
2026-06-30 16:00:02,983 [INFO] Synced 68 rows to /home/liangrd/Follow_up/Candidates.csv
sync exit: 0
=== Tue Jun 30 04:00:03 PM UTC 2026 UTC done ===
=== Tue Jun 30 05:00:01 PM UTC 2026 UTC ===
2026-06-30 17:00:02,344 [INFO] Fetching cloud sheet …
2026-06-30 17:00:02,871 [INFO] Synced 68 rows to /home/liangrd/Follow_up/Candidates.csv
sync exit: 0
=== Tue Jun 30 05:00:02 PM UTC 2026 UTC done ===
=== Tue Jun 30 06:00:01 PM UTC 2026 UTC ===
2026-06-30 18:00:03,369 [INFO] Fetching cloud sheet …
2026-06-30 18:00:04,250 [INFO] Synced 68 rows to /home/liangrd/Follow_up/Candidates.csv
sync exit: 0
=== Tue Jun 30 06:00:04 PM UTC 2026 UTC done ===
=== Tue Jun 30 07:00:01 PM UTC 2026 UTC ===
2026-06-30 19:00:02,217 [INFO] Fetching cloud sheet …
2026-06-30 19:00:02,744 [INFO] Synced 68 rows to /home/liangrd/Follow_up/Candidates.csv
sync exit: 0
=== Tue Jun 30 07:00:02 PM UTC 2026 UTC done ===
=== Tue Jun 30 08:00:01 PM UTC 2026 UTC ===
2026-06-30 20:00:01,627 [INFO] Fetching cloud sheet …
2026-06-30 20:00:02,610 [INFO] Synced 68 rows to /home/liangrd/Follow_up/Candidates.csv
sync exit: 0
=== Tue Jun 30 08:00:02 PM UTC 2026 UTC done ===
=== Tue Jun 30 09:00:01 PM UTC 2026 UTC ===
2026-06-30 21:00:02,444 [INFO] Fetching cloud sheet …
2026-06-30 21:00:02,928 [INFO] Synced 68 rows to /home/liangrd/Follow_up/Candidates.csv
sync exit: 0
=== Tue Jun 30 09:00:03 PM UTC 2026 UTC done ===
=== Tue Jun 30 10:00:01 PM UTC 2026 UTC ===
2026-06-30 22:00:01,941 [INFO] Fetching cloud sheet …
2026-06-30 22:00:02,598 [INFO] Synced 68 rows to /home/liangrd/Follow_up/Candidates.csv
sync exit: 0
=== Tue Jun 30 10:00:02 PM UTC 2026 UTC done ===
=== Tue Jun 30 11:00:02 PM UTC 2026 UTC ===
2026-06-30 23:00:03,185 [INFO] Fetching cloud sheet …
2026-06-30 23:00:03,684 [INFO] Synced 68 rows to /home/liangrd/Follow_up/Candidates.csv
sync exit: 0
=== Tue Jun 30 11:00:03 PM UTC 2026 UTC done ===
