=== Thu Jun  4 12:00:01 AM UTC 2026 UTC ===
2026-06-04 00:00:03,208 [INFO] Fetching cloud sheet …
2026-06-04 00:00:04,177 [INFO] Synced 60 rows to /home/liangrd/Follow_up/Candidates.csv
sync exit: 0
=== Thu Jun  4 12:00:04 AM UTC 2026 UTC done ===
=== Thu Jun  4 01:00:01 AM UTC 2026 UTC ===
2026-06-04 01:00:01,762 [INFO] Fetching cloud sheet …
2026-06-04 01:00:02,465 [INFO] Synced 60 rows to /home/liangrd/Follow_up/Candidates.csv
sync exit: 0
=== Thu Jun  4 01:00:02 AM UTC 2026 UTC done ===
=== Thu Jun  4 02:00:01 AM UTC 2026 UTC ===
2026-06-04 02:00:01,864 [INFO] Fetching cloud sheet …
2026-06-04 02:00:03,717 [INFO] Synced 60 rows to /home/liangrd/Follow_up/Candidates.csv
sync exit: 0
=== Thu Jun  4 02:00:03 AM UTC 2026 UTC done ===
=== Thu Jun  4 03:00:01 AM UTC 2026 UTC ===
2026-06-04 03:00:02,142 [INFO] Fetching cloud sheet …
2026-06-04 03:00:03,089 [INFO] Synced 60 rows to /home/liangrd/Follow_up/Candidates.csv
sync exit: 0
=== Thu Jun  4 03:00:03 AM UTC 2026 UTC done ===
=== Thu Jun  4 04:00:01 AM UTC 2026 UTC ===
2026-06-04 04:00:01,598 [INFO] Fetching cloud sheet …
2026-06-04 04:00:02,805 [INFO] Synced 60 rows to /home/liangrd/Follow_up/Candidates.csv
sync exit: 0
=== Thu Jun  4 04:00:02 AM UTC 2026 UTC done ===
=== Thu Jun  4 05:00:01 AM UTC 2026 UTC ===
2026-06-04 05:00:03,505 [INFO] Fetching cloud sheet …
2026-06-04 05:00:04,233 [INFO] Synced 60 rows to /home/liangrd/Follow_up/Candidates.csv
sync exit: 0
=== Thu Jun  4 05:00:04 AM UTC 2026 UTC done ===
=== Thu Jun  4 06:00:01 AM UTC 2026 UTC ===
2026-06-04 06:00:02,818 [INFO] Fetching cloud sheet …
2026-06-04 06:00:03,964 [INFO] Synced 60 rows to /home/liangrd/Follow_up/Candidates.csv
sync exit: 0
=== Thu Jun  4 06:00:04 AM UTC 2026 UTC done ===
=== Thu Jun  4 07:00:01 AM UTC 2026 UTC ===
2026-06-04 07:00:01,665 [INFO] Fetching cloud sheet …
2026-06-04 07:00:02,899 [INFO] Synced 60 rows to /home/liangrd/Follow_up/Candidates.csv
sync exit: 0
=== Thu Jun  4 07:00:03 AM UTC 2026 UTC done ===
=== Thu Jun  4 08:00:01 AM UTC 2026 UTC ===
2026-06-04 08:00:02,355 [INFO] Fetching cloud sheet …
2026-06-04 08:00:03,554 [INFO] Synced 60 rows to /home/liangrd/Follow_up/Candidates.csv
sync exit: 0
=== Thu Jun  4 08:00:03 AM UTC 2026 UTC done ===
=== Thu Jun  4 09:00:01 AM UTC 2026 UTC ===
2026-06-04 09:00:02,206 [INFO] Fetching cloud sheet …
2026-06-04 09:00:03,039 [INFO] Synced 60 rows to /home/liangrd/Follow_up/Candidates.csv
sync exit: 0
=== Thu Jun  4 09:00:03 AM UTC 2026 UTC done ===
=== Thu Jun  4 10:00:01 AM UTC 2026 UTC ===
2026-06-04 10:00:01,658 [INFO] Fetching cloud sheet …
2026-06-04 10:00:03,104 [INFO] Synced 60 rows to /home/liangrd/Follow_up/Candidates.csv
sync exit: 0
=== Thu Jun  4 10:00:03 AM UTC 2026 UTC done ===
=== Thu Jun  4 11:00:01 AM UTC 2026 UTC ===
2026-06-04 11:00:04,404 [INFO] Fetching cloud sheet …
2026-06-04 11:00:05,147 [INFO] Synced 60 rows to /home/liangrd/Follow_up/Candidates.csv
sync exit: 0
=== Thu Jun  4 11:00:05 AM UTC 2026 UTC done ===
=== Thu Jun  4 12:00:01 PM UTC 2026 UTC ===
2026-06-04 12:00:03,677 [INFO] Fetching cloud sheet …
2026-06-04 12:00:04,695 [INFO] Synced 60 rows to /home/liangrd/Follow_up/Candidates.csv
sync exit: 0
=== Thu Jun  4 12:00:04 PM UTC 2026 UTC done ===
=== Thu Jun  4 01:00:01 PM UTC 2026 UTC ===
2026-06-04 13:00:02,413 [INFO] Fetching cloud sheet …
2026-06-04 13:00:03,073 [INFO] Synced 60 rows to /home/liangrd/Follow_up/Candidates.csv
sync exit: 0
=== Thu Jun  4 01:00:03 PM UTC 2026 UTC done ===
=== Thu Jun  4 02:00:01 PM UTC 2026 UTC ===
2026-06-04 14:00:02,449 [INFO] Fetching cloud sheet …
2026-06-04 14:00:03,352 [INFO] Synced 60 rows to /home/liangrd/Follow_up/Candidates.csv
sync exit: 0
=== Thu Jun  4 02:00:03 PM UTC 2026 UTC done ===
=== Thu Jun  4 03:00:01 PM UTC 2026 UTC ===
2026-06-04 15:00:02,178 [INFO] Fetching cloud sheet …
2026-06-04 15:00:02,852 [INFO] Synced 60 rows to /home/liangrd/Follow_up/Candidates.csv
sync exit: 0
=== Thu Jun  4 03:00:02 PM UTC 2026 UTC done ===
=== Thu Jun  4 04:00:01 PM UTC 2026 UTC ===
2026-06-04 16:00:02,348 [INFO] Fetching cloud sheet …
2026-06-04 16:00:03,631 [INFO] Synced 60 rows to /home/liangrd/Follow_up/Candidates.csv
sync exit: 0
=== Thu Jun  4 04:00:03 PM UTC 2026 UTC done ===
=== Thu Jun  4 05:00:01 PM UTC 2026 UTC ===
2026-06-04 17:00:02,984 [INFO] Fetching cloud sheet …
2026-06-04 17:00:03,712 [INFO] Synced 60 rows to /home/liangrd/Follow_up/Candidates.csv
sync exit: 0
=== Thu Jun  4 05:00:03 PM UTC 2026 UTC done ===
=== Thu Jun  4 06:00:01 PM UTC 2026 UTC ===
2026-06-04 18:00:03,487 [INFO] Fetching cloud sheet …
2026-06-04 18:00:04,531 [INFO] Synced 60 rows to /home/liangrd/Follow_up/Candidates.csv
sync exit: 0
=== Thu Jun  4 06:00:04 PM UTC 2026 UTC done ===
=== Thu Jun  4 07:00:01 PM UTC 2026 UTC ===
2026-06-04 19:00:02,258 [INFO] Fetching cloud sheet …
2026-06-04 19:00:02,944 [INFO] Synced 60 rows to /home/liangrd/Follow_up/Candidates.csv
sync exit: 0
=== Thu Jun  4 07:00:03 PM UTC 2026 UTC done ===
=== Thu Jun  4 08:00:01 PM UTC 2026 UTC ===
2026-06-04 20:00:02,394 [INFO] Fetching cloud sheet …
2026-06-04 20:00:03,226 [INFO] Synced 60 rows to /home/liangrd/Follow_up/Candidates.csv
sync exit: 0
=== Thu Jun  4 08:00:03 PM UTC 2026 UTC done ===
=== Thu Jun  4 09:00:01 PM UTC 2026 UTC ===
2026-06-04 21:00:01,820 [INFO] Fetching cloud sheet …
2026-06-04 21:00:02,739 [INFO] Synced 60 rows to /home/liangrd/Follow_up/Candidates.csv
sync exit: 0
=== Thu Jun  4 09:00:02 PM UTC 2026 UTC done ===
=== Thu Jun  4 10:00:01 PM UTC 2026 UTC ===
2026-06-04 22:00:02,258 [INFO] Fetching cloud sheet …
2026-06-04 22:00:03,091 [INFO] Synced 60 rows to /home/liangrd/Follow_up/Candidates.csv
sync exit: 0
=== Thu Jun  4 10:00:03 PM UTC 2026 UTC done ===
=== Thu Jun  4 11:00:01 PM UTC 2026 UTC ===
2026-06-04 23:00:03,047 [INFO] Fetching cloud sheet …
2026-06-04 23:00:03,843 [INFO] Synced 60 rows to /home/liangrd/Follow_up/Candidates.csv
sync exit: 0
=== Thu Jun  4 11:00:03 PM UTC 2026 UTC done ===
