=== Sat Jun 27 12:00:01 AM UTC 2026 UTC ===
2026-06-27 00:00:02,466 [INFO] Fetching cloud sheet …
2026-06-27 00:00:03,141 [INFO] Synced 66 rows to /home/liangrd/Follow_up/Candidates.csv
sync exit: 0
=== Sat Jun 27 12:00:03 AM UTC 2026 UTC done ===
=== Sat Jun 27 01:00:01 AM UTC 2026 UTC ===
2026-06-27 01:00:01,824 [INFO] Fetching cloud sheet …
2026-06-27 01:00:02,336 [INFO] Synced 66 rows to /home/liangrd/Follow_up/Candidates.csv
sync exit: 0
=== Sat Jun 27 01:00:02 AM UTC 2026 UTC done ===
=== Sat Jun 27 02:00:01 AM UTC 2026 UTC ===
2026-06-27 02:00:01,763 [INFO] Fetching cloud sheet …
2026-06-27 02:00:02,503 [INFO] Synced 66 rows to /home/liangrd/Follow_up/Candidates.csv
sync exit: 0
=== Sat Jun 27 02:00:02 AM UTC 2026 UTC done ===
=== Sat Jun 27 03:00:01 AM UTC 2026 UTC ===
2026-06-27 03:00:02,139 [INFO] Fetching cloud sheet …
2026-06-27 03:00:02,710 [INFO] Synced 66 rows to /home/liangrd/Follow_up/Candidates.csv
sync exit: 0
=== Sat Jun 27 03:00:02 AM UTC 2026 UTC done ===
=== Sat Jun 27 04:00:01 AM UTC 2026 UTC ===
2026-06-27 04:00:02,351 [INFO] Fetching cloud sheet …
2026-06-27 04:00:03,092 [INFO] Synced 66 rows to /home/liangrd/Follow_up/Candidates.csv
sync exit: 0
=== Sat Jun 27 04:00:03 AM UTC 2026 UTC done ===
=== Sat Jun 27 05:00:17 AM UTC 2026 UTC ===
2026-06-27 05:00:19,813 [INFO] Fetching cloud sheet …
2026-06-27 05:00:20,563 [INFO] Synced 66 rows to /home/liangrd/Follow_up/Candidates.csv
sync exit: 0
=== Sat Jun 27 05:00:20 AM UTC 2026 UTC done ===
=== Sat Jun 27 06:00:01 AM UTC 2026 UTC ===
2026-06-27 06:00:01,602 [INFO] Fetching cloud sheet …
2026-06-27 06:00:02,368 [INFO] Synced 66 rows to /home/liangrd/Follow_up/Candidates.csv
sync exit: 0
=== Sat Jun 27 06:00:02 AM UTC 2026 UTC done ===
=== Sat Jun 27 07:00:01 AM UTC 2026 UTC ===
2026-06-27 07:00:02,096 [INFO] Fetching cloud sheet …
2026-06-27 07:00:02,671 [INFO] Synced 66 rows to /home/liangrd/Follow_up/Candidates.csv
sync exit: 0
=== Sat Jun 27 07:00:02 AM UTC 2026 UTC done ===
=== Sat Jun 27 08:00:01 AM UTC 2026 UTC ===
2026-06-27 08:00:02,002 [INFO] Fetching cloud sheet …
2026-06-27 08:00:02,808 [INFO] Synced 66 rows to /home/liangrd/Follow_up/Candidates.csv
sync exit: 0
=== Sat Jun 27 08:00:02 AM UTC 2026 UTC done ===
=== Sat Jun 27 09:00:01 AM UTC 2026 UTC ===
2026-06-27 09:00:02,458 [INFO] Fetching cloud sheet …
2026-06-27 09:00:02,996 [INFO] Synced 66 rows to /home/liangrd/Follow_up/Candidates.csv
sync exit: 0
=== Sat Jun 27 09:00:03 AM UTC 2026 UTC done ===
=== Sat Jun 27 10:00:01 AM UTC 2026 UTC ===
2026-06-27 10:00:02,181 [INFO] Fetching cloud sheet …
2026-06-27 10:00:02,922 [INFO] Synced 66 rows to /home/liangrd/Follow_up/Candidates.csv
sync exit: 0
=== Sat Jun 27 10:00:03 AM UTC 2026 UTC done ===
=== Sat Jun 27 11:00:01 AM UTC 2026 UTC ===
2026-06-27 11:00:03,694 [INFO] Fetching cloud sheet …
2026-06-27 11:00:04,230 [INFO] Synced 66 rows to /home/liangrd/Follow_up/Candidates.csv
sync exit: 0
=== Sat Jun 27 11:00:04 AM UTC 2026 UTC done ===
=== Sat Jun 27 12:00:01 PM UTC 2026 UTC ===
2026-06-27 12:00:03,152 [INFO] Fetching cloud sheet …
2026-06-27 12:00:04,015 [INFO] Synced 66 rows to /home/liangrd/Follow_up/Candidates.csv
sync exit: 0
=== Sat Jun 27 12:00:04 PM UTC 2026 UTC done ===
=== Sat Jun 27 01:00:01 PM UTC 2026 UTC ===
2026-06-27 13:00:01,874 [INFO] Fetching cloud sheet …
2026-06-27 13:00:02,668 [INFO] Synced 66 rows to /home/liangrd/Follow_up/Candidates.csv
sync exit: 0
=== Sat Jun 27 01:00:02 PM UTC 2026 UTC done ===
=== Sat Jun 27 02:00:01 PM UTC 2026 UTC ===
2026-06-27 14:00:02,090 [INFO] Fetching cloud sheet …
2026-06-27 14:00:02,874 [INFO] Synced 66 rows to /home/liangrd/Follow_up/Candidates.csv
sync exit: 0
=== Sat Jun 27 02:00:03 PM UTC 2026 UTC done ===
=== Sat Jun 27 03:00:01 PM UTC 2026 UTC ===
2026-06-27 15:00:02,307 [INFO] Fetching cloud sheet …
2026-06-27 15:00:02,856 [INFO] Synced 66 rows to /home/liangrd/Follow_up/Candidates.csv
sync exit: 0
=== Sat Jun 27 03:00:02 PM UTC 2026 UTC done ===
=== Sat Jun 27 04:00:02 PM UTC 2026 UTC ===
2026-06-27 16:00:02,563 [INFO] Fetching cloud sheet …
2026-06-27 16:00:03,275 [INFO] Synced 66 rows to /home/liangrd/Follow_up/Candidates.csv
sync exit: 0
=== Sat Jun 27 04:00:03 PM UTC 2026 UTC done ===
=== Sat Jun 27 05:00:01 PM UTC 2026 UTC ===
2026-06-27 17:00:02,325 [INFO] Fetching cloud sheet …
2026-06-27 17:00:02,849 [INFO] Synced 66 rows to /home/liangrd/Follow_up/Candidates.csv
sync exit: 0
=== Sat Jun 27 05:00:02 PM UTC 2026 UTC done ===
=== Sat Jun 27 06:00:01 PM UTC 2026 UTC ===
2026-06-27 18:00:03,545 [INFO] Fetching cloud sheet …
2026-06-27 18:00:04,322 [INFO] Synced 66 rows to /home/liangrd/Follow_up/Candidates.csv
sync exit: 0
=== Sat Jun 27 06:00:04 PM UTC 2026 UTC done ===
=== Sat Jun 27 07:00:01 PM UTC 2026 UTC ===
2026-06-27 19:00:02,064 [INFO] Fetching cloud sheet …
2026-06-27 19:00:02,579 [INFO] Synced 66 rows to /home/liangrd/Follow_up/Candidates.csv
sync exit: 0
=== Sat Jun 27 07:00:02 PM UTC 2026 UTC done ===
=== Sat Jun 27 08:00:01 PM UTC 2026 UTC ===
2026-06-27 20:00:02,252 [INFO] Fetching cloud sheet …
2026-06-27 20:00:02,956 [INFO] Synced 66 rows to /home/liangrd/Follow_up/Candidates.csv
sync exit: 0
=== Sat Jun 27 08:00:03 PM UTC 2026 UTC done ===
=== Sat Jun 27 09:00:01 PM UTC 2026 UTC ===
2026-06-27 21:00:01,668 [INFO] Fetching cloud sheet …
2026-06-27 21:00:02,502 [INFO] Synced 66 rows to /home/liangrd/Follow_up/Candidates.csv
sync exit: 0
=== Sat Jun 27 09:00:02 PM UTC 2026 UTC done ===
=== Sat Jun 27 10:00:01 PM UTC 2026 UTC ===
2026-06-27 22:00:01,669 [INFO] Fetching cloud sheet …
2026-06-27 22:00:02,401 [INFO] Synced 66 rows to /home/liangrd/Follow_up/Candidates.csv
sync exit: 0
=== Sat Jun 27 10:00:02 PM UTC 2026 UTC done ===
=== Sat Jun 27 11:00:01 PM UTC 2026 UTC ===
2026-06-27 23:00:02,761 [INFO] Fetching cloud sheet …
2026-06-27 23:00:03,452 [INFO] Synced 66 rows to /home/liangrd/Follow_up/Candidates.csv
sync exit: 0
=== Sat Jun 27 11:00:03 PM UTC 2026 UTC done ===
