=== Sat Jun  6 12:00:01 AM UTC 2026 UTC ===
2026-06-06 00:00:03,166 [INFO] Fetching cloud sheet …
2026-06-06 00:00:04,180 [INFO] Synced 60 rows to /home/liangrd/Follow_up/Candidates.csv
sync exit: 0
=== Sat Jun  6 12:00:04 AM UTC 2026 UTC done ===
=== Sat Jun  6 01:00:01 AM UTC 2026 UTC ===
2026-06-06 01:00:01,884 [INFO] Fetching cloud sheet …
2026-06-06 01:00:02,583 [INFO] Synced 60 rows to /home/liangrd/Follow_up/Candidates.csv
sync exit: 0
=== Sat Jun  6 01:00:02 AM UTC 2026 UTC done ===
=== Sat Jun  6 02:00:01 AM UTC 2026 UTC ===
2026-06-06 02:00:01,642 [INFO] Fetching cloud sheet …
2026-06-06 02:00:02,961 [INFO] Synced 60 rows to /home/liangrd/Follow_up/Candidates.csv
sync exit: 0
=== Sat Jun  6 02:00:03 AM UTC 2026 UTC done ===
=== Sat Jun  6 03:00:01 AM UTC 2026 UTC ===
2026-06-06 03:00:01,608 [INFO] Fetching cloud sheet …
2026-06-06 03:00:02,212 [INFO] Synced 60 rows to /home/liangrd/Follow_up/Candidates.csv
sync exit: 0
=== Sat Jun  6 03:00:02 AM UTC 2026 UTC done ===
=== Sat Jun  6 04:00:01 AM UTC 2026 UTC ===
2026-06-06 04:00:01,873 [INFO] Fetching cloud sheet …
2026-06-06 04:00:03,098 [INFO] Synced 60 rows to /home/liangrd/Follow_up/Candidates.csv
sync exit: 0
=== Sat Jun  6 04:00:03 AM UTC 2026 UTC done ===
=== Sat Jun  6 05:00:02 AM UTC 2026 UTC ===
2026-06-06 05:00:03,523 [INFO] Fetching cloud sheet …
2026-06-06 05:00:04,423 [INFO] Synced 60 rows to /home/liangrd/Follow_up/Candidates.csv
sync exit: 0
=== Sat Jun  6 05:00:04 AM UTC 2026 UTC done ===
=== Sat Jun  6 06:00:01 AM UTC 2026 UTC ===
2026-06-06 06:00:03,797 [INFO] Fetching cloud sheet …
2026-06-06 06:00:04,829 [INFO] Synced 60 rows to /home/liangrd/Follow_up/Candidates.csv
sync exit: 0
=== Sat Jun  6 06:00:04 AM UTC 2026 UTC done ===
=== Sat Jun  6 07:00:01 AM UTC 2026 UTC ===
2026-06-06 07:00:02,510 [INFO] Fetching cloud sheet …
2026-06-06 07:00:03,233 [INFO] Synced 60 rows to /home/liangrd/Follow_up/Candidates.csv
sync exit: 0
=== Sat Jun  6 07:00:03 AM UTC 2026 UTC done ===
=== Sat Jun  6 08:00:01 AM UTC 2026 UTC ===
2026-06-06 08:00:02,464 [INFO] Fetching cloud sheet …
2026-06-06 08:00:03,270 [INFO] Synced 60 rows to /home/liangrd/Follow_up/Candidates.csv
sync exit: 0
=== Sat Jun  6 08:00:03 AM UTC 2026 UTC done ===
=== Sat Jun  6 09:00:01 AM UTC 2026 UTC ===
2026-06-06 09:00:01,881 [INFO] Fetching cloud sheet …
2026-06-06 09:00:02,614 [INFO] Synced 60 rows to /home/liangrd/Follow_up/Candidates.csv
sync exit: 0
=== Sat Jun  6 09:00:02 AM UTC 2026 UTC done ===
=== Sat Jun  6 10:00:01 AM UTC 2026 UTC ===
2026-06-06 10:00:02,307 [INFO] Fetching cloud sheet …
2026-06-06 10:00:03,141 [INFO] Synced 60 rows to /home/liangrd/Follow_up/Candidates.csv
sync exit: 0
=== Sat Jun  6 10:00:03 AM UTC 2026 UTC done ===
=== Sat Jun  6 11:00:01 AM UTC 2026 UTC ===
2026-06-06 11:00:01,982 [INFO] Fetching cloud sheet …
2026-06-06 11:00:02,914 [INFO] Synced 60 rows to /home/liangrd/Follow_up/Candidates.csv
sync exit: 0
=== Sat Jun  6 11:00:03 AM UTC 2026 UTC done ===
=== Sat Jun  6 12:00:01 PM UTC 2026 UTC ===
2026-06-06 12:00:03,044 [INFO] Fetching cloud sheet …
2026-06-06 12:00:04,017 [INFO] Synced 60 rows to /home/liangrd/Follow_up/Candidates.csv
sync exit: 0
=== Sat Jun  6 12:00:04 PM UTC 2026 UTC done ===
=== Sat Jun  6 01:00:01 PM UTC 2026 UTC ===
2026-06-06 13:00:01,815 [INFO] Fetching cloud sheet …
2026-06-06 13:00:02,434 [INFO] Synced 60 rows to /home/liangrd/Follow_up/Candidates.csv
sync exit: 0
=== Sat Jun  6 01:00:02 PM UTC 2026 UTC done ===
=== Sat Jun  6 02:00:01 PM UTC 2026 UTC ===
2026-06-06 14:00:02,289 [INFO] Fetching cloud sheet …
2026-06-06 14:00:03,136 [INFO] Synced 60 rows to /home/liangrd/Follow_up/Candidates.csv
sync exit: 0
=== Sat Jun  6 02:00:03 PM UTC 2026 UTC done ===
=== Sat Jun  6 03:00:01 PM UTC 2026 UTC ===
2026-06-06 15:00:02,088 [INFO] Fetching cloud sheet …
2026-06-06 15:00:02,858 [INFO] Synced 60 rows to /home/liangrd/Follow_up/Candidates.csv
sync exit: 0
=== Sat Jun  6 03:00:02 PM UTC 2026 UTC done ===
=== Sat Jun  6 04:00:02 PM UTC 2026 UTC ===
2026-06-06 16:00:02,556 [INFO] Fetching cloud sheet …
2026-06-06 16:00:03,401 [INFO] Synced 60 rows to /home/liangrd/Follow_up/Candidates.csv
sync exit: 0
=== Sat Jun  6 04:00:03 PM UTC 2026 UTC done ===
=== Sat Jun  6 05:00:01 PM UTC 2026 UTC ===
2026-06-06 17:00:03,001 [INFO] Fetching cloud sheet …
2026-06-06 17:00:03,724 [INFO] Synced 60 rows to /home/liangrd/Follow_up/Candidates.csv
sync exit: 0
=== Sat Jun  6 05:00:03 PM UTC 2026 UTC done ===
=== Sat Jun  6 06:00:01 PM UTC 2026 UTC ===
2026-06-06 18:00:02,916 [INFO] Fetching cloud sheet …
2026-06-06 18:00:03,882 [INFO] Synced 60 rows to /home/liangrd/Follow_up/Candidates.csv
sync exit: 0
=== Sat Jun  6 06:00:04 PM UTC 2026 UTC done ===
=== Sat Jun  6 07:00:01 PM UTC 2026 UTC ===
2026-06-06 19:00:01,768 [INFO] Fetching cloud sheet …
2026-06-06 19:00:02,426 [INFO] Synced 60 rows to /home/liangrd/Follow_up/Candidates.csv
sync exit: 0
=== Sat Jun  6 07:00:02 PM UTC 2026 UTC done ===
=== Sat Jun  6 08:00:01 PM UTC 2026 UTC ===
2026-06-06 20:00:02,349 [INFO] Fetching cloud sheet …
2026-06-06 20:00:03,149 [INFO] Synced 60 rows to /home/liangrd/Follow_up/Candidates.csv
sync exit: 0
=== Sat Jun  6 08:00:03 PM UTC 2026 UTC done ===
=== Sat Jun  6 09:00:01 PM UTC 2026 UTC ===
2026-06-06 21:00:01,888 [INFO] Fetching cloud sheet …
2026-06-06 21:00:02,513 [INFO] Synced 60 rows to /home/liangrd/Follow_up/Candidates.csv
sync exit: 0
=== Sat Jun  6 09:00:02 PM UTC 2026 UTC done ===
=== Sat Jun  6 10:00:01 PM UTC 2026 UTC ===
2026-06-06 22:00:02,143 [INFO] Fetching cloud sheet …
2026-06-06 22:00:02,940 [INFO] Synced 60 rows to /home/liangrd/Follow_up/Candidates.csv
sync exit: 0
=== Sat Jun  6 10:00:03 PM UTC 2026 UTC done ===
=== Sat Jun  6 11:00:01 PM UTC 2026 UTC ===
2026-06-06 23:00:02,072 [INFO] Fetching cloud sheet …
2026-06-06 23:00:02,991 [INFO] Synced 60 rows to /home/liangrd/Follow_up/Candidates.csv
sync exit: 0
=== Sat Jun  6 11:00:03 PM UTC 2026 UTC done ===
