=== Mon Jun  8 12:00:01 AM UTC 2026 UTC ===
2026-06-08 00:00:03,018 [INFO] Fetching cloud sheet …
2026-06-08 00:00:04,008 [INFO] Synced 60 rows to /home/liangrd/Follow_up/Candidates.csv
sync exit: 0
=== Mon Jun  8 12:00:04 AM UTC 2026 UTC done ===
=== Mon Jun  8 01:00:01 AM UTC 2026 UTC ===
2026-06-08 01:00:01,826 [INFO] Fetching cloud sheet …
2026-06-08 01:00:02,573 [INFO] Synced 60 rows to /home/liangrd/Follow_up/Candidates.csv
sync exit: 0
=== Mon Jun  8 01:00:02 AM UTC 2026 UTC done ===
=== Mon Jun  8 02:00:01 AM UTC 2026 UTC ===
2026-06-08 02:00:02,319 [INFO] Fetching cloud sheet …
2026-06-08 02:00:03,806 [INFO] Synced 60 rows to /home/liangrd/Follow_up/Candidates.csv
sync exit: 0
=== Mon Jun  8 02:00:03 AM UTC 2026 UTC done ===
=== Mon Jun  8 03:00:02 AM UTC 2026 UTC ===
2026-06-08 03:00:02,536 [INFO] Fetching cloud sheet …
2026-06-08 03:00:03,437 [INFO] Synced 60 rows to /home/liangrd/Follow_up/Candidates.csv
sync exit: 0
=== Mon Jun  8 03:00:03 AM UTC 2026 UTC done ===
=== Mon Jun  8 04:00:01 AM UTC 2026 UTC ===
2026-06-08 04:00:02,211 [INFO] Fetching cloud sheet …
2026-06-08 04:00:07,779 [INFO] Synced 60 rows to /home/liangrd/Follow_up/Candidates.csv
sync exit: 0
=== Mon Jun  8 04:00:07 AM UTC 2026 UTC done ===
=== Mon Jun  8 05:00:01 AM UTC 2026 UTC ===
2026-06-08 05:00:01,948 [INFO] Fetching cloud sheet …
2026-06-08 05:00:02,923 [INFO] Synced 60 rows to /home/liangrd/Follow_up/Candidates.csv
sync exit: 0
=== Mon Jun  8 05:00:03 AM UTC 2026 UTC done ===
=== Mon Jun  8 06:00:01 AM UTC 2026 UTC ===
2026-06-08 06:00:02,879 [INFO] Fetching cloud sheet …
2026-06-08 06:00:04,547 [INFO] Synced 60 rows to /home/liangrd/Follow_up/Candidates.csv
sync exit: 0
=== Mon Jun  8 06:00:04 AM UTC 2026 UTC done ===
=== Mon Jun  8 07:00:01 AM UTC 2026 UTC ===
2026-06-08 07:00:02,477 [INFO] Fetching cloud sheet …
2026-06-08 07:00:03,909 [INFO] Synced 60 rows to /home/liangrd/Follow_up/Candidates.csv
sync exit: 0
=== Mon Jun  8 07:00:04 AM UTC 2026 UTC done ===
=== Mon Jun  8 08:00:01 AM UTC 2026 UTC ===
2026-06-08 08:00:02,401 [INFO] Fetching cloud sheet …
2026-06-08 08:00:03,664 [INFO] Synced 60 rows to /home/liangrd/Follow_up/Candidates.csv
sync exit: 0
=== Mon Jun  8 08:00:03 AM UTC 2026 UTC done ===
=== Mon Jun  8 09:00:01 AM UTC 2026 UTC ===
2026-06-08 09:00:02,511 [INFO] Fetching cloud sheet …
2026-06-08 09:00:03,431 [INFO] Synced 60 rows to /home/liangrd/Follow_up/Candidates.csv
sync exit: 0
=== Mon Jun  8 09:00:03 AM UTC 2026 UTC done ===
=== Mon Jun  8 10:00:01 AM UTC 2026 UTC ===
2026-06-08 10:00:02,272 [INFO] Fetching cloud sheet …
2026-06-08 10:00:03,445 [INFO] Synced 60 rows to /home/liangrd/Follow_up/Candidates.csv
sync exit: 0
=== Mon Jun  8 10:00:03 AM UTC 2026 UTC done ===
=== Mon Jun  8 11:00:01 AM UTC 2026 UTC ===
2026-06-08 11:00:02,666 [INFO] Fetching cloud sheet …
2026-06-08 11:00:03,490 [INFO] Synced 60 rows to /home/liangrd/Follow_up/Candidates.csv
sync exit: 0
=== Mon Jun  8 11:00:03 AM UTC 2026 UTC done ===
=== Mon Jun  8 12:00:01 PM UTC 2026 UTC ===
2026-06-08 12:00:03,172 [INFO] Fetching cloud sheet …
2026-06-08 12:00:04,074 [INFO] Synced 60 rows to /home/liangrd/Follow_up/Candidates.csv
sync exit: 0
=== Mon Jun  8 12:00:04 PM UTC 2026 UTC done ===
=== Mon Jun  8 01:00:01 PM UTC 2026 UTC ===
2026-06-08 13:00:01,885 [INFO] Fetching cloud sheet …
2026-06-08 13:00:02,763 [INFO] Synced 60 rows to /home/liangrd/Follow_up/Candidates.csv
sync exit: 0
=== Mon Jun  8 01:00:02 PM UTC 2026 UTC done ===
=== Mon Jun  8 02:00:01 PM UTC 2026 UTC ===
2026-06-08 14:00:01,612 [INFO] Fetching cloud sheet …
2026-06-08 14:00:02,798 [INFO] Synced 60 rows to /home/liangrd/Follow_up/Candidates.csv
sync exit: 0
=== Mon Jun  8 02:00:02 PM UTC 2026 UTC done ===
=== Mon Jun  8 03:00:01 PM UTC 2026 UTC ===
2026-06-08 15:00:02,122 [INFO] Fetching cloud sheet …
2026-06-08 15:00:02,775 [INFO] Synced 60 rows to /home/liangrd/Follow_up/Candidates.csv
sync exit: 0
=== Mon Jun  8 03:00:02 PM UTC 2026 UTC done ===
=== Mon Jun  8 04:00:01 PM UTC 2026 UTC ===
2026-06-08 16:00:02,529 [INFO] Fetching cloud sheet …
2026-06-08 16:00:03,339 [INFO] Synced 60 rows to /home/liangrd/Follow_up/Candidates.csv
sync exit: 0
=== Mon Jun  8 04:00:03 PM UTC 2026 UTC done ===
=== Mon Jun  8 05:00:01 PM UTC 2026 UTC ===
2026-06-08 17:00:02,801 [INFO] Fetching cloud sheet …
2026-06-08 17:00:03,686 [INFO] Synced 60 rows to /home/liangrd/Follow_up/Candidates.csv
sync exit: 0
=== Mon Jun  8 05:00:03 PM UTC 2026 UTC done ===
=== Mon Jun  8 06:00:01 PM UTC 2026 UTC ===
2026-06-08 18:00:03,011 [INFO] Fetching cloud sheet …
2026-06-08 18:00:03,972 [INFO] Synced 60 rows to /home/liangrd/Follow_up/Candidates.csv
sync exit: 0
=== Mon Jun  8 06:00:04 PM UTC 2026 UTC done ===
=== Mon Jun  8 07:00:01 PM UTC 2026 UTC ===
2026-06-08 19:00:01,734 [INFO] Fetching cloud sheet …
2026-06-08 19:00:02,344 [INFO] Synced 60 rows to /home/liangrd/Follow_up/Candidates.csv
sync exit: 0
=== Mon Jun  8 07:00:02 PM UTC 2026 UTC done ===
=== Mon Jun  8 08:00:01 PM UTC 2026 UTC ===
2026-06-08 20:00:01,999 [INFO] Fetching cloud sheet …
2026-06-08 20:00:02,899 [INFO] Synced 60 rows to /home/liangrd/Follow_up/Candidates.csv
sync exit: 0
=== Mon Jun  8 08:00:03 PM UTC 2026 UTC done ===
=== Mon Jun  8 09:00:01 PM UTC 2026 UTC ===
2026-06-08 21:00:01,715 [INFO] Fetching cloud sheet …
2026-06-08 21:00:02,456 [INFO] Synced 60 rows to /home/liangrd/Follow_up/Candidates.csv
sync exit: 0
=== Mon Jun  8 09:00:02 PM UTC 2026 UTC done ===
=== Mon Jun  8 10:00:01 PM UTC 2026 UTC ===
2026-06-08 22:00:02,129 [INFO] Fetching cloud sheet …
2026-06-08 22:00:02,889 [INFO] Synced 60 rows to /home/liangrd/Follow_up/Candidates.csv
sync exit: 0
=== Mon Jun  8 10:00:02 PM UTC 2026 UTC done ===
=== Mon Jun  8 11:00:01 PM UTC 2026 UTC ===
2026-06-08 23:00:03,363 [INFO] Fetching cloud sheet …
2026-06-08 23:00:04,196 [INFO] Synced 60 rows to /home/liangrd/Follow_up/Candidates.csv
sync exit: 0
=== Mon Jun  8 11:00:04 PM UTC 2026 UTC done ===
