=== Sun Jun 21 12:00:02 AM UTC 2026 UTC ===
2026-06-21 00:00:04,033 [INFO] Fetching cloud sheet …
2026-06-21 00:00:04,903 [INFO] Synced 64 rows to /home/liangrd/Follow_up/Candidates.csv
sync exit: 0
=== Sun Jun 21 12:00:05 AM UTC 2026 UTC done ===
=== Sun Jun 21 01:00:01 AM UTC 2026 UTC ===
2026-06-21 01:00:02,332 [INFO] Fetching cloud sheet …
2026-06-21 01:00:02,874 [INFO] Synced 64 rows to /home/liangrd/Follow_up/Candidates.csv
sync exit: 0
=== Sun Jun 21 01:00:02 AM UTC 2026 UTC done ===
=== Sun Jun 21 02:00:01 AM UTC 2026 UTC ===
2026-06-21 02:00:01,662 [INFO] Fetching cloud sheet …
2026-06-21 02:00:02,429 [INFO] Synced 64 rows to /home/liangrd/Follow_up/Candidates.csv
sync exit: 0
=== Sun Jun 21 02:00:02 AM UTC 2026 UTC done ===
=== Sun Jun 21 03:00:01 AM UTC 2026 UTC ===
2026-06-21 03:00:02,299 [INFO] Fetching cloud sheet …
2026-06-21 03:00:02,878 [INFO] Synced 64 rows to /home/liangrd/Follow_up/Candidates.csv
sync exit: 0
=== Sun Jun 21 03:00:02 AM UTC 2026 UTC done ===
=== Sun Jun 21 04:00:01 AM UTC 2026 UTC ===
2026-06-21 04:00:02,159 [INFO] Fetching cloud sheet …
2026-06-21 04:00:02,850 [INFO] Synced 64 rows to /home/liangrd/Follow_up/Candidates.csv
sync exit: 0
=== Sun Jun 21 04:00:02 AM UTC 2026 UTC done ===
=== Sun Jun 21 05:00:53 AM UTC 2026 UTC ===
2026-06-21 05:00:55,354 [INFO] Fetching cloud sheet …
2026-06-21 05:00:56,003 [INFO] Synced 64 rows to /home/liangrd/Follow_up/Candidates.csv
sync exit: 0
=== Sun Jun 21 05:00:56 AM UTC 2026 UTC done ===
=== Sun Jun 21 06:00:01 AM UTC 2026 UTC ===
2026-06-21 06:00:02,137 [INFO] Fetching cloud sheet …
2026-06-21 06:00:03,085 [INFO] Synced 64 rows to /home/liangrd/Follow_up/Candidates.csv
sync exit: 0
=== Sun Jun 21 06:00:03 AM UTC 2026 UTC done ===
=== Sun Jun 21 07:00:01 AM UTC 2026 UTC ===
2026-06-21 07:00:02,456 [INFO] Fetching cloud sheet …
2026-06-21 07:00:02,962 [INFO] Synced 64 rows to /home/liangrd/Follow_up/Candidates.csv
sync exit: 0
=== Sun Jun 21 07:00:03 AM UTC 2026 UTC done ===
=== Sun Jun 21 08:00:01 AM UTC 2026 UTC ===
2026-06-21 08:00:02,004 [INFO] Fetching cloud sheet …
2026-06-21 08:00:02,932 [INFO] Synced 64 rows to /home/liangrd/Follow_up/Candidates.csv
sync exit: 0
=== Sun Jun 21 08:00:03 AM UTC 2026 UTC done ===
=== Sun Jun 21 09:00:01 AM UTC 2026 UTC ===
2026-06-21 09:00:02,363 [INFO] Fetching cloud sheet …
2026-06-21 09:00:02,898 [INFO] Synced 64 rows to /home/liangrd/Follow_up/Candidates.csv
sync exit: 0
=== Sun Jun 21 09:00:02 AM UTC 2026 UTC done ===
=== Sun Jun 21 10:00:01 AM UTC 2026 UTC ===
2026-06-21 10:00:02,369 [INFO] Fetching cloud sheet …
2026-06-21 10:00:03,065 [INFO] Synced 64 rows to /home/liangrd/Follow_up/Candidates.csv
sync exit: 0
=== Sun Jun 21 10:00:03 AM UTC 2026 UTC done ===
=== Sun Jun 21 11:00:01 AM UTC 2026 UTC ===
2026-06-21 11:00:03,019 [INFO] Fetching cloud sheet …
2026-06-21 11:00:03,594 [INFO] Synced 64 rows to /home/liangrd/Follow_up/Candidates.csv
sync exit: 0
=== Sun Jun 21 11:00:03 AM UTC 2026 UTC done ===
=== Sun Jun 21 12:00:01 PM UTC 2026 UTC ===
2026-06-21 12:00:03,259 [INFO] Fetching cloud sheet …
2026-06-21 12:00:04,023 [INFO] Synced 64 rows to /home/liangrd/Follow_up/Candidates.csv
sync exit: 0
=== Sun Jun 21 12:00:04 PM UTC 2026 UTC done ===
=== Sun Jun 21 01:00:02 PM UTC 2026 UTC ===
2026-06-21 13:00:02,551 [INFO] Fetching cloud sheet …
2026-06-21 13:00:03,104 [INFO] Synced 64 rows to /home/liangrd/Follow_up/Candidates.csv
sync exit: 0
=== Sun Jun 21 01:00:03 PM UTC 2026 UTC done ===
=== Sun Jun 21 02:00:01 PM UTC 2026 UTC ===
2026-06-21 14:00:02,112 [INFO] Fetching cloud sheet …
2026-06-21 14:00:02,916 [INFO] Synced 64 rows to /home/liangrd/Follow_up/Candidates.csv
sync exit: 0
=== Sun Jun 21 02:00:03 PM UTC 2026 UTC done ===
=== Sun Jun 21 03:00:01 PM UTC 2026 UTC ===
2026-06-21 15:00:01,652 [INFO] Fetching cloud sheet …
2026-06-21 15:00:02,213 [INFO] Synced 64 rows to /home/liangrd/Follow_up/Candidates.csv
sync exit: 0
=== Sun Jun 21 03:00:02 PM UTC 2026 UTC done ===
=== Sun Jun 21 04:00:01 PM UTC 2026 UTC ===
2026-06-21 16:00:01,603 [INFO] Fetching cloud sheet …
2026-06-21 16:00:02,320 [INFO] Synced 64 rows to /home/liangrd/Follow_up/Candidates.csv
sync exit: 0
=== Sun Jun 21 04:00:02 PM UTC 2026 UTC done ===
=== Sun Jun 21 05:00:01 PM UTC 2026 UTC ===
2026-06-21 17:00:03,565 [INFO] Fetching cloud sheet …
2026-06-21 17:00:04,180 [INFO] Synced 64 rows to /home/liangrd/Follow_up/Candidates.csv
sync exit: 0
=== Sun Jun 21 05:00:04 PM UTC 2026 UTC done ===
=== Sun Jun 21 06:00:01 PM UTC 2026 UTC ===
2026-06-21 18:00:02,653 [INFO] Fetching cloud sheet …
2026-06-21 18:00:03,443 [INFO] Synced 64 rows to /home/liangrd/Follow_up/Candidates.csv
sync exit: 0
=== Sun Jun 21 06:00:03 PM UTC 2026 UTC done ===
=== Sun Jun 21 07:00:01 PM UTC 2026 UTC ===
2026-06-21 19:00:01,936 [INFO] Fetching cloud sheet …
2026-06-21 19:00:02,440 [INFO] Synced 64 rows to /home/liangrd/Follow_up/Candidates.csv
sync exit: 0
=== Sun Jun 21 07:00:02 PM UTC 2026 UTC done ===
=== Sun Jun 21 08:00:01 PM UTC 2026 UTC ===
2026-06-21 20:00:01,832 [INFO] Fetching cloud sheet …
2026-06-21 20:00:02,499 [INFO] Synced 64 rows to /home/liangrd/Follow_up/Candidates.csv
sync exit: 0
=== Sun Jun 21 08:00:02 PM UTC 2026 UTC done ===
=== Sun Jun 21 09:00:01 PM UTC 2026 UTC ===
2026-06-21 21:00:01,833 [INFO] Fetching cloud sheet …
2026-06-21 21:00:02,321 [INFO] Synced 64 rows to /home/liangrd/Follow_up/Candidates.csv
sync exit: 0
=== Sun Jun 21 09:00:02 PM UTC 2026 UTC done ===
=== Sun Jun 21 10:00:01 PM UTC 2026 UTC ===
2026-06-21 22:00:02,136 [INFO] Fetching cloud sheet …
2026-06-21 22:00:02,826 [INFO] Synced 64 rows to /home/liangrd/Follow_up/Candidates.csv
sync exit: 0
=== Sun Jun 21 10:00:02 PM UTC 2026 UTC done ===
=== Sun Jun 21 11:00:01 PM UTC 2026 UTC ===
2026-06-21 23:00:02,941 [INFO] Fetching cloud sheet …
2026-06-21 23:00:03,472 [INFO] Synced 64 rows to /home/liangrd/Follow_up/Candidates.csv
sync exit: 0
=== Sun Jun 21 11:00:03 PM UTC 2026 UTC done ===
