=== Fri Jun 19 12:00:01 AM UTC 2026 UTC ===
2026-06-19 00:00:02,997 [INFO] Fetching cloud sheet …
2026-06-19 00:00:04,071 [INFO] Synced 63 rows to /home/liangrd/Follow_up/Candidates.csv
sync exit: 0
=== Fri Jun 19 12:00:04 AM UTC 2026 UTC done ===
=== Fri Jun 19 01:00:01 AM UTC 2026 UTC ===
2026-06-19 01:00:02,417 [INFO] Fetching cloud sheet …
2026-06-19 01:00:02,942 [INFO] Synced 63 rows to /home/liangrd/Follow_up/Candidates.csv
sync exit: 0
=== Fri Jun 19 01:00:03 AM UTC 2026 UTC done ===
=== Fri Jun 19 02:00:01 AM UTC 2026 UTC ===
2026-06-19 02:00:02,487 [INFO] Fetching cloud sheet …
2026-06-19 02:00:03,213 [INFO] Synced 63 rows to /home/liangrd/Follow_up/Candidates.csv
sync exit: 0
=== Fri Jun 19 02:00:03 AM UTC 2026 UTC done ===
=== Fri Jun 19 03:00:01 AM UTC 2026 UTC ===
2026-06-19 03:00:02,397 [INFO] Fetching cloud sheet …
2026-06-19 03:00:02,894 [INFO] Synced 64 rows to /home/liangrd/Follow_up/Candidates.csv
sync exit: 0
=== Fri Jun 19 03:00:02 AM UTC 2026 UTC done ===
=== Fri Jun 19 04:00:01 AM UTC 2026 UTC ===
2026-06-19 04:00:02,220 [INFO] Fetching cloud sheet …
2026-06-19 04:00:03,043 [INFO] Synced 64 rows to /home/liangrd/Follow_up/Candidates.csv
sync exit: 0
=== Fri Jun 19 04:00:03 AM UTC 2026 UTC done ===
=== Fri Jun 19 05:00:01 AM UTC 2026 UTC ===
2026-06-19 05:00:02,394 [INFO] Fetching cloud sheet …
2026-06-19 05:00:02,890 [INFO] Synced 64 rows to /home/liangrd/Follow_up/Candidates.csv
sync exit: 0
=== Fri Jun 19 05:00:03 AM UTC 2026 UTC done ===
=== Fri Jun 19 06:00:01 AM UTC 2026 UTC ===
2026-06-19 06:00:03,391 [INFO] Fetching cloud sheet …
2026-06-19 06:00:04,222 [INFO] Synced 64 rows to /home/liangrd/Follow_up/Candidates.csv
sync exit: 0
=== Fri Jun 19 06:00:04 AM UTC 2026 UTC done ===
=== Fri Jun 19 07:00:01 AM UTC 2026 UTC ===
2026-06-19 07:00:01,712 [INFO] Fetching cloud sheet …
2026-06-19 07:00:02,685 [INFO] Synced 64 rows to /home/liangrd/Follow_up/Candidates.csv
sync exit: 0
=== Fri Jun 19 07:00:02 AM UTC 2026 UTC done ===
=== Fri Jun 19 08:00:01 AM UTC 2026 UTC ===
2026-06-19 08:00:01,759 [INFO] Fetching cloud sheet …
2026-06-19 08:00:02,886 [INFO] Synced 64 rows to /home/liangrd/Follow_up/Candidates.csv
sync exit: 0
=== Fri Jun 19 08:00:03 AM UTC 2026 UTC done ===
=== Fri Jun 19 09:00:01 AM UTC 2026 UTC ===
2026-06-19 09:00:02,235 [INFO] Fetching cloud sheet …
2026-06-19 09:00:02,729 [INFO] Synced 64 rows to /home/liangrd/Follow_up/Candidates.csv
sync exit: 0
=== Fri Jun 19 09:00:02 AM UTC 2026 UTC done ===
=== Fri Jun 19 10:00:01 AM UTC 2026 UTC ===
2026-06-19 10:00:01,936 [INFO] Fetching cloud sheet …
2026-06-19 10:00:02,974 [INFO] Synced 64 rows to /home/liangrd/Follow_up/Candidates.csv
sync exit: 0
=== Fri Jun 19 10:00:03 AM UTC 2026 UTC done ===
=== Fri Jun 19 11:00:01 AM UTC 2026 UTC ===
2026-06-19 11:00:03,151 [INFO] Fetching cloud sheet …
2026-06-19 11:00:03,953 [INFO] Synced 64 rows to /home/liangrd/Follow_up/Candidates.csv
sync exit: 0
=== Fri Jun 19 11:00:04 AM UTC 2026 UTC done ===
=== Fri Jun 19 12:00:01 PM UTC 2026 UTC ===
2026-06-19 12:00:03,800 [INFO] Fetching cloud sheet …
2026-06-19 12:00:04,552 [INFO] Synced 64 rows to /home/liangrd/Follow_up/Candidates.csv
sync exit: 0
=== Fri Jun 19 12:00:04 PM UTC 2026 UTC done ===
=== Fri Jun 19 01:00:01 PM UTC 2026 UTC ===
2026-06-19 13:00:01,935 [INFO] Fetching cloud sheet …
2026-06-19 13:00:02,692 [INFO] Synced 64 rows to /home/liangrd/Follow_up/Candidates.csv
sync exit: 0
=== Fri Jun 19 01:00:02 PM UTC 2026 UTC done ===
=== Fri Jun 19 02:00:01 PM UTC 2026 UTC ===
2026-06-19 14:00:02,219 [INFO] Fetching cloud sheet …
2026-06-19 14:00:03,138 [INFO] Synced 64 rows to /home/liangrd/Follow_up/Candidates.csv
sync exit: 0
=== Fri Jun 19 02:00:03 PM UTC 2026 UTC done ===
=== Fri Jun 19 03:00:01 PM UTC 2026 UTC ===
2026-06-19 15:00:02,224 [INFO] Fetching cloud sheet …
2026-06-19 15:00:02,878 [INFO] Synced 64 rows to /home/liangrd/Follow_up/Candidates.csv
sync exit: 0
=== Fri Jun 19 03:00:02 PM UTC 2026 UTC done ===
=== Fri Jun 19 04:00:01 PM UTC 2026 UTC ===
2026-06-19 16:00:02,096 [INFO] Fetching cloud sheet …
2026-06-19 16:00:02,808 [INFO] Synced 64 rows to /home/liangrd/Follow_up/Candidates.csv
sync exit: 0
=== Fri Jun 19 04:00:02 PM UTC 2026 UTC done ===
=== Fri Jun 19 05:00:01 PM UTC 2026 UTC ===
2026-06-19 17:00:03,136 [INFO] Fetching cloud sheet …
2026-06-19 17:00:03,818 [INFO] Synced 64 rows to /home/liangrd/Follow_up/Candidates.csv
sync exit: 0
=== Fri Jun 19 05:00:03 PM UTC 2026 UTC done ===
=== Fri Jun 19 06:00:01 PM UTC 2026 UTC ===
2026-06-19 18:00:03,218 [INFO] Fetching cloud sheet …
2026-06-19 18:00:04,017 [INFO] Synced 64 rows to /home/liangrd/Follow_up/Candidates.csv
sync exit: 0
=== Fri Jun 19 06:00:04 PM UTC 2026 UTC done ===
=== Fri Jun 19 07:00:01 PM UTC 2026 UTC ===
2026-06-19 19:00:02,432 [INFO] Fetching cloud sheet …
2026-06-19 19:00:02,909 [INFO] Synced 64 rows to /home/liangrd/Follow_up/Candidates.csv
sync exit: 0
=== Fri Jun 19 07:00:03 PM UTC 2026 UTC done ===
=== Fri Jun 19 08:00:01 PM UTC 2026 UTC ===
2026-06-19 20:00:02,229 [INFO] Fetching cloud sheet …
2026-06-19 20:00:02,939 [INFO] Synced 64 rows to /home/liangrd/Follow_up/Candidates.csv
sync exit: 0
=== Fri Jun 19 08:00:03 PM UTC 2026 UTC done ===
=== Fri Jun 19 09:00:01 PM UTC 2026 UTC ===
2026-06-19 21:00:02,267 [INFO] Fetching cloud sheet …
2026-06-19 21:00:02,758 [INFO] Synced 64 rows to /home/liangrd/Follow_up/Candidates.csv
sync exit: 0
=== Fri Jun 19 09:00:02 PM UTC 2026 UTC done ===
=== Fri Jun 19 10:00:01 PM UTC 2026 UTC ===
2026-06-19 22:00:01,972 [INFO] Fetching cloud sheet …
2026-06-19 22:00:02,640 [INFO] Synced 64 rows to /home/liangrd/Follow_up/Candidates.csv
sync exit: 0
=== Fri Jun 19 10:00:02 PM UTC 2026 UTC done ===
=== Fri Jun 19 11:00:01 PM UTC 2026 UTC ===
2026-06-19 23:00:02,783 [INFO] Fetching cloud sheet …
2026-06-19 23:00:03,532 [INFO] Synced 64 rows to /home/liangrd/Follow_up/Candidates.csv
sync exit: 0
=== Fri Jun 19 11:00:03 PM UTC 2026 UTC done ===
