=== Sun Jun 28 12:00:01 AM UTC 2026 UTC ===
2026-06-28 00:00:03,350 [INFO] Fetching cloud sheet …
2026-06-28 00:00:04,123 [INFO] Synced 66 rows to /home/liangrd/Follow_up/Candidates.csv
sync exit: 0
=== Sun Jun 28 12:00:04 AM UTC 2026 UTC done ===
=== Sun Jun 28 01:00:01 AM UTC 2026 UTC ===
2026-06-28 01:00:01,879 [INFO] Fetching cloud sheet …
2026-06-28 01:00:02,390 [INFO] Synced 66 rows to /home/liangrd/Follow_up/Candidates.csv
sync exit: 0
=== Sun Jun 28 01:00:02 AM UTC 2026 UTC done ===
=== Sun Jun 28 02:00:01 AM UTC 2026 UTC ===
2026-06-28 02:00:02,503 [INFO] Fetching cloud sheet …
2026-06-28 02:00:03,280 [INFO] Synced 66 rows to /home/liangrd/Follow_up/Candidates.csv
sync exit: 0
=== Sun Jun 28 02:00:03 AM UTC 2026 UTC done ===
=== Sun Jun 28 03:00:01 AM UTC 2026 UTC ===
2026-06-28 03:00:01,960 [INFO] Fetching cloud sheet …
2026-06-28 03:00:02,568 [INFO] Synced 66 rows to /home/liangrd/Follow_up/Candidates.csv
sync exit: 0
=== Sun Jun 28 03:00:02 AM UTC 2026 UTC done ===
=== Sun Jun 28 04:00:01 AM UTC 2026 UTC ===
2026-06-28 04:00:02,305 [INFO] Fetching cloud sheet …
2026-06-28 04:00:03,011 [INFO] Synced 66 rows to /home/liangrd/Follow_up/Candidates.csv
sync exit: 0
=== Sun Jun 28 04:00:03 AM UTC 2026 UTC done ===
=== Sun Jun 28 05:00:01 AM UTC 2026 UTC ===
2026-06-28 05:00:02,610 [INFO] Fetching cloud sheet …
2026-06-28 05:00:03,276 [INFO] Synced 66 rows to /home/liangrd/Follow_up/Candidates.csv
sync exit: 0
=== Sun Jun 28 05:00:03 AM UTC 2026 UTC done ===
=== Sun Jun 28 06:00:01 AM UTC 2026 UTC ===
2026-06-28 06:00:02,366 [INFO] Fetching cloud sheet …
2026-06-28 06:00:03,106 [INFO] Synced 66 rows to /home/liangrd/Follow_up/Candidates.csv
sync exit: 0
=== Sun Jun 28 06:00:03 AM UTC 2026 UTC done ===
=== Sun Jun 28 07:00:01 AM UTC 2026 UTC ===
2026-06-28 07:00:01,868 [INFO] Fetching cloud sheet …
2026-06-28 07:00:02,583 [INFO] Synced 66 rows to /home/liangrd/Follow_up/Candidates.csv
sync exit: 0
=== Sun Jun 28 07:00:02 AM UTC 2026 UTC done ===
=== Sun Jun 28 08:00:01 AM UTC 2026 UTC ===
2026-06-28 08:00:02,290 [INFO] Fetching cloud sheet …
2026-06-28 08:00:03,144 [INFO] Synced 66 rows to /home/liangrd/Follow_up/Candidates.csv
sync exit: 0
=== Sun Jun 28 08:00:03 AM UTC 2026 UTC done ===
=== Sun Jun 28 09:00:01 AM UTC 2026 UTC ===
2026-06-28 09:00:01,870 [INFO] Fetching cloud sheet …
2026-06-28 09:00:02,481 [INFO] Synced 66 rows to /home/liangrd/Follow_up/Candidates.csv
sync exit: 0
=== Sun Jun 28 09:00:02 AM UTC 2026 UTC done ===
=== Sun Jun 28 10:00:01 AM UTC 2026 UTC ===
2026-06-28 10:00:01,838 [INFO] Fetching cloud sheet …
2026-06-28 10:00:02,903 [INFO] Synced 66 rows to /home/liangrd/Follow_up/Candidates.csv
sync exit: 0
=== Sun Jun 28 10:00:02 AM UTC 2026 UTC done ===
=== Sun Jun 28 11:00:01 AM UTC 2026 UTC ===
2026-06-28 11:00:01,877 [INFO] Fetching cloud sheet …
2026-06-28 11:00:02,408 [INFO] Synced 66 rows to /home/liangrd/Follow_up/Candidates.csv
sync exit: 0
=== Sun Jun 28 11:00:02 AM UTC 2026 UTC done ===
=== Sun Jun 28 12:00:01 PM UTC 2026 UTC ===
2026-06-28 12:00:03,221 [INFO] Fetching cloud sheet …
2026-06-28 12:00:04,139 [INFO] Synced 66 rows to /home/liangrd/Follow_up/Candidates.csv
sync exit: 0
=== Sun Jun 28 12:00:04 PM UTC 2026 UTC done ===
=== Sun Jun 28 01:00:01 PM UTC 2026 UTC ===
2026-06-28 13:00:02,001 [INFO] Fetching cloud sheet …
2026-06-28 13:00:02,523 [INFO] Synced 66 rows to /home/liangrd/Follow_up/Candidates.csv
sync exit: 0
=== Sun Jun 28 01:00:02 PM UTC 2026 UTC done ===
=== Sun Jun 28 02:00:01 PM UTC 2026 UTC ===
2026-06-28 14:00:01,841 [INFO] Fetching cloud sheet …
2026-06-28 14:00:02,664 [INFO] Synced 66 rows to /home/liangrd/Follow_up/Candidates.csv
sync exit: 0
=== Sun Jun 28 02:00:02 PM UTC 2026 UTC done ===
=== Sun Jun 28 03:00:01 PM UTC 2026 UTC ===
2026-06-28 15:00:01,934 [INFO] Fetching cloud sheet …
2026-06-28 15:00:02,475 [INFO] Synced 66 rows to /home/liangrd/Follow_up/Candidates.csv
sync exit: 0
=== Sun Jun 28 03:00:02 PM UTC 2026 UTC done ===
=== Sun Jun 28 04:00:01 PM UTC 2026 UTC ===
2026-06-28 16:00:02,192 [INFO] Fetching cloud sheet …
2026-06-28 16:00:02,929 [INFO] Synced 66 rows to /home/liangrd/Follow_up/Candidates.csv
sync exit: 0
=== Sun Jun 28 04:00:03 PM UTC 2026 UTC done ===
=== Sun Jun 28 05:00:01 PM UTC 2026 UTC ===
2026-06-28 17:00:03,230 [INFO] Fetching cloud sheet …
2026-06-28 17:00:03,748 [INFO] Synced 66 rows to /home/liangrd/Follow_up/Candidates.csv
sync exit: 0
=== Sun Jun 28 05:00:03 PM UTC 2026 UTC done ===
=== Sun Jun 28 06:00:01 PM UTC 2026 UTC ===
2026-06-28 18:00:03,336 [INFO] Fetching cloud sheet …
2026-06-28 18:00:04,169 [INFO] Synced 66 rows to /home/liangrd/Follow_up/Candidates.csv
sync exit: 0
=== Sun Jun 28 06:00:04 PM UTC 2026 UTC done ===
=== Sun Jun 28 07:00:01 PM UTC 2026 UTC ===
2026-06-28 19:00:02,025 [INFO] Fetching cloud sheet …
2026-06-28 19:00:02,541 [INFO] Synced 66 rows to /home/liangrd/Follow_up/Candidates.csv
sync exit: 0
=== Sun Jun 28 07:00:02 PM UTC 2026 UTC done ===
=== Sun Jun 28 08:00:01 PM UTC 2026 UTC ===
2026-06-28 20:00:02,265 [INFO] Fetching cloud sheet …
2026-06-28 20:00:03,004 [INFO] Synced 66 rows to /home/liangrd/Follow_up/Candidates.csv
sync exit: 0
=== Sun Jun 28 08:00:03 PM UTC 2026 UTC done ===
=== Sun Jun 28 09:00:01 PM UTC 2026 UTC ===
2026-06-28 21:00:01,710 [INFO] Fetching cloud sheet …
2026-06-28 21:00:02,374 [INFO] Synced 66 rows to /home/liangrd/Follow_up/Candidates.csv
sync exit: 0
=== Sun Jun 28 09:00:02 PM UTC 2026 UTC done ===
=== Sun Jun 28 10:00:01 PM UTC 2026 UTC ===
2026-06-28 22:00:02,082 [INFO] Fetching cloud sheet …
2026-06-28 22:00:02,772 [INFO] Synced 66 rows to /home/liangrd/Follow_up/Candidates.csv
sync exit: 0
=== Sun Jun 28 10:00:02 PM UTC 2026 UTC done ===
=== Sun Jun 28 11:00:01 PM UTC 2026 UTC ===
2026-06-28 23:00:02,441 [INFO] Fetching cloud sheet …
2026-06-28 23:00:03,000 [INFO] Synced 66 rows to /home/liangrd/Follow_up/Candidates.csv
sync exit: 0
=== Sun Jun 28 11:00:03 PM UTC 2026 UTC done ===
