=== Thu Jun 11 12:00:01 AM UTC 2026 UTC ===
2026-06-11 00:00:03,587 [INFO] Fetching cloud sheet …
2026-06-11 00:00:04,634 [INFO] Synced 62 rows to /home/liangrd/Follow_up/Candidates.csv
sync exit: 0
=== Thu Jun 11 12:00:04 AM UTC 2026 UTC done ===
=== Thu Jun 11 01:00:01 AM UTC 2026 UTC ===
2026-06-11 01:00:01,673 [INFO] Fetching cloud sheet …
2026-06-11 01:00:02,426 [INFO] Synced 62 rows to /home/liangrd/Follow_up/Candidates.csv
sync exit: 0
=== Thu Jun 11 01:00:02 AM UTC 2026 UTC done ===
=== Thu Jun 11 02:00:01 AM UTC 2026 UTC ===
2026-06-11 02:00:02,368 [INFO] Fetching cloud sheet …
2026-06-11 02:00:03,494 [INFO] Synced 62 rows to /home/liangrd/Follow_up/Candidates.csv
sync exit: 0
=== Thu Jun 11 02:00:03 AM UTC 2026 UTC done ===
=== Thu Jun 11 03:00:01 AM UTC 2026 UTC ===
2026-06-11 03:00:02,409 [INFO] Fetching cloud sheet …
2026-06-11 03:00:03,219 [INFO] Synced 62 rows to /home/liangrd/Follow_up/Candidates.csv
sync exit: 0
=== Thu Jun 11 03:00:03 AM UTC 2026 UTC done ===
=== Thu Jun 11 04:00:01 AM UTC 2026 UTC ===
2026-06-11 04:00:02,122 [INFO] Fetching cloud sheet …
2026-06-11 04:00:03,427 [INFO] Synced 62 rows to /home/liangrd/Follow_up/Candidates.csv
sync exit: 0
=== Thu Jun 11 04:00:03 AM UTC 2026 UTC done ===
=== Thu Jun 11 05:00:01 AM UTC 2026 UTC ===
2026-06-11 05:00:03,069 [INFO] Fetching cloud sheet …
2026-06-11 05:00:03,859 [INFO] Synced 62 rows to /home/liangrd/Follow_up/Candidates.csv
sync exit: 0
=== Thu Jun 11 05:00:03 AM UTC 2026 UTC done ===
=== Thu Jun 11 06:00:01 AM UTC 2026 UTC ===
2026-06-11 06:00:03,571 [INFO] Fetching cloud sheet …
2026-06-11 06:00:04,652 [INFO] Synced 62 rows to /home/liangrd/Follow_up/Candidates.csv
sync exit: 0
=== Thu Jun 11 06:00:04 AM UTC 2026 UTC done ===
=== Thu Jun 11 07:00:01 AM UTC 2026 UTC ===
2026-06-11 07:00:01,644 [INFO] Fetching cloud sheet …
2026-06-11 07:00:02,868 [INFO] Synced 62 rows to /home/liangrd/Follow_up/Candidates.csv
sync exit: 0
=== Thu Jun 11 07:00:03 AM UTC 2026 UTC done ===
=== Thu Jun 11 08:00:01 AM UTC 2026 UTC ===
2026-06-11 08:00:02,071 [INFO] Fetching cloud sheet …
2026-06-11 08:00:03,055 [INFO] Synced 62 rows to /home/liangrd/Follow_up/Candidates.csv
sync exit: 0
=== Thu Jun 11 08:00:03 AM UTC 2026 UTC done ===
=== Thu Jun 11 09:00:01 AM UTC 2026 UTC ===
2026-06-11 09:00:02,020 [INFO] Fetching cloud sheet …
2026-06-11 09:00:02,800 [INFO] Synced 62 rows to /home/liangrd/Follow_up/Candidates.csv
sync exit: 0
=== Thu Jun 11 09:00:02 AM UTC 2026 UTC done ===
=== Thu Jun 11 10:00:01 AM UTC 2026 UTC ===
2026-06-11 10:00:01,841 [INFO] Fetching cloud sheet …
2026-06-11 10:00:02,905 [INFO] Synced 62 rows to /home/liangrd/Follow_up/Candidates.csv
sync exit: 0
=== Thu Jun 11 10:00:02 AM UTC 2026 UTC done ===
=== Thu Jun 11 11:00:01 AM UTC 2026 UTC ===
2026-06-11 11:00:02,057 [INFO] Fetching cloud sheet …
2026-06-11 11:00:02,935 [INFO] Synced 62 rows to /home/liangrd/Follow_up/Candidates.csv
sync exit: 0
=== Thu Jun 11 11:00:03 AM UTC 2026 UTC done ===
=== Thu Jun 11 12:00:01 PM UTC 2026 UTC ===
2026-06-11 12:00:03,461 [INFO] Fetching cloud sheet …
2026-06-11 12:00:04,597 [INFO] Synced 62 rows to /home/liangrd/Follow_up/Candidates.csv
sync exit: 0
=== Thu Jun 11 12:00:04 PM UTC 2026 UTC done ===
=== Thu Jun 11 01:00:01 PM UTC 2026 UTC ===
2026-06-11 13:00:02,493 [INFO] Fetching cloud sheet …
2026-06-11 13:00:03,146 [INFO] Synced 62 rows to /home/liangrd/Follow_up/Candidates.csv
sync exit: 0
=== Thu Jun 11 01:00:03 PM UTC 2026 UTC done ===
=== Thu Jun 11 02:00:01 PM UTC 2026 UTC ===
2026-06-11 14:00:01,660 [INFO] Fetching cloud sheet …
2026-06-11 14:00:02,670 [INFO] Synced 62 rows to /home/liangrd/Follow_up/Candidates.csv
sync exit: 0
=== Thu Jun 11 02:00:02 PM UTC 2026 UTC done ===
=== Thu Jun 11 03:00:01 PM UTC 2026 UTC ===
2026-06-11 15:00:01,910 [INFO] Fetching cloud sheet …
2026-06-11 15:00:02,789 [INFO] Synced 62 rows to /home/liangrd/Follow_up/Candidates.csv
sync exit: 0
=== Thu Jun 11 03:00:02 PM UTC 2026 UTC done ===
=== Thu Jun 11 04:00:01 PM UTC 2026 UTC ===
2026-06-11 16:00:01,741 [INFO] Fetching cloud sheet …
2026-06-11 16:00:02,837 [INFO] Synced 62 rows to /home/liangrd/Follow_up/Candidates.csv
sync exit: 0
=== Thu Jun 11 04:00:02 PM UTC 2026 UTC done ===
=== Thu Jun 11 05:00:01 PM UTC 2026 UTC ===
2026-06-11 17:00:02,931 [INFO] Fetching cloud sheet …
2026-06-11 17:00:03,641 [INFO] Synced 62 rows to /home/liangrd/Follow_up/Candidates.csv
sync exit: 0
=== Thu Jun 11 05:00:03 PM UTC 2026 UTC done ===
=== Thu Jun 11 06:00:01 PM UTC 2026 UTC ===
2026-06-11 18:00:03,011 [INFO] Fetching cloud sheet …
2026-06-11 18:00:03,988 [INFO] Synced 62 rows to /home/liangrd/Follow_up/Candidates.csv
sync exit: 0
=== Thu Jun 11 06:00:04 PM UTC 2026 UTC done ===
=== Thu Jun 11 07:00:01 PM UTC 2026 UTC ===
2026-06-11 19:00:01,912 [INFO] Fetching cloud sheet …
2026-06-11 19:00:02,550 [INFO] Synced 62 rows to /home/liangrd/Follow_up/Candidates.csv
sync exit: 0
=== Thu Jun 11 07:00:02 PM UTC 2026 UTC done ===
=== Thu Jun 11 08:00:01 PM UTC 2026 UTC ===
2026-06-11 20:00:02,456 [INFO] Fetching cloud sheet …
2026-06-11 20:00:03,167 [INFO] Synced 62 rows to /home/liangrd/Follow_up/Candidates.csv
sync exit: 0
=== Thu Jun 11 08:00:03 PM UTC 2026 UTC done ===
=== Thu Jun 11 09:00:01 PM UTC 2026 UTC ===
2026-06-11 21:00:02,062 [INFO] Fetching cloud sheet …
2026-06-11 21:00:02,696 [INFO] Synced 62 rows to /home/liangrd/Follow_up/Candidates.csv
sync exit: 0
=== Thu Jun 11 09:00:02 PM UTC 2026 UTC done ===
=== Thu Jun 11 10:00:01 PM UTC 2026 UTC ===
2026-06-11 22:00:01,580 [INFO] Fetching cloud sheet …
2026-06-11 22:00:02,530 [INFO] Synced 62 rows to /home/liangrd/Follow_up/Candidates.csv
sync exit: 0
=== Thu Jun 11 10:00:02 PM UTC 2026 UTC done ===
=== Thu Jun 11 11:00:01 PM UTC 2026 UTC ===
2026-06-11 23:00:02,937 [INFO] Fetching cloud sheet …
2026-06-11 23:00:03,605 [INFO] Synced 62 rows to /home/liangrd/Follow_up/Candidates.csv
sync exit: 0
=== Thu Jun 11 11:00:03 PM UTC 2026 UTC done ===
