=== Fri Jun 12 12:00:01 AM UTC 2026 UTC ===
2026-06-12 00:00:02,818 [INFO] Fetching cloud sheet …
2026-06-12 00:00:03,806 [INFO] Synced 62 rows to /home/liangrd/Follow_up/Candidates.csv
sync exit: 0
=== Fri Jun 12 12:00:04 AM UTC 2026 UTC done ===
=== Fri Jun 12 01:00:01 AM UTC 2026 UTC ===
2026-06-12 01:00:01,913 [INFO] Fetching cloud sheet …
2026-06-12 01:00:02,605 [INFO] Synced 62 rows to /home/liangrd/Follow_up/Candidates.csv
sync exit: 0
=== Fri Jun 12 01:00:02 AM UTC 2026 UTC done ===
=== Fri Jun 12 02:00:01 AM UTC 2026 UTC ===
2026-06-12 02:00:01,903 [INFO] Fetching cloud sheet …
2026-06-12 02:00:03,033 [INFO] Synced 62 rows to /home/liangrd/Follow_up/Candidates.csv
sync exit: 0
=== Fri Jun 12 02:00:03 AM UTC 2026 UTC done ===
=== Fri Jun 12 03:00:01 AM UTC 2026 UTC ===
2026-06-12 03:00:01,948 [INFO] Fetching cloud sheet …
2026-06-12 03:00:02,817 [INFO] Synced 62 rows to /home/liangrd/Follow_up/Candidates.csv
sync exit: 0
=== Fri Jun 12 03:00:02 AM UTC 2026 UTC done ===
=== Fri Jun 12 04:00:01 AM UTC 2026 UTC ===
2026-06-12 04:00:01,819 [INFO] Fetching cloud sheet …
2026-06-12 04:00:08,059 [INFO] Synced 62 rows to /home/liangrd/Follow_up/Candidates.csv
sync exit: 0
=== Fri Jun 12 04:00:08 AM UTC 2026 UTC done ===
=== Fri Jun 12 05:00:01 AM UTC 2026 UTC ===
2026-06-12 05:00:03,468 [INFO] Fetching cloud sheet …
2026-06-12 05:00:04,253 [INFO] Synced 62 rows to /home/liangrd/Follow_up/Candidates.csv
sync exit: 0
=== Fri Jun 12 05:00:04 AM UTC 2026 UTC done ===
=== Fri Jun 12 06:00:01 AM UTC 2026 UTC ===
2026-06-12 06:00:03,012 [INFO] Fetching cloud sheet …
2026-06-12 06:00:04,446 [INFO] Synced 62 rows to /home/liangrd/Follow_up/Candidates.csv
sync exit: 0
=== Fri Jun 12 06:00:04 AM UTC 2026 UTC done ===
=== Fri Jun 12 07:00:01 AM UTC 2026 UTC ===
2026-06-12 07:00:02,515 [INFO] Fetching cloud sheet …
2026-06-12 07:00:03,318 [INFO] Synced 62 rows to /home/liangrd/Follow_up/Candidates.csv
sync exit: 0
=== Fri Jun 12 07:00:03 AM UTC 2026 UTC done ===
=== Fri Jun 12 08:00:01 AM UTC 2026 UTC ===
2026-06-12 08:00:02,097 [INFO] Fetching cloud sheet …
2026-06-12 08:00:03,218 [INFO] Synced 62 rows to /home/liangrd/Follow_up/Candidates.csv
sync exit: 0
=== Fri Jun 12 08:00:03 AM UTC 2026 UTC done ===
=== Fri Jun 12 09:00:01 AM UTC 2026 UTC ===
2026-06-12 09:00:02,157 [INFO] Fetching cloud sheet …
2026-06-12 09:00:03,109 [INFO] Synced 62 rows to /home/liangrd/Follow_up/Candidates.csv
sync exit: 0
=== Fri Jun 12 09:00:03 AM UTC 2026 UTC done ===
=== Fri Jun 12 10:00:01 AM UTC 2026 UTC ===
2026-06-12 10:00:02,091 [INFO] Fetching cloud sheet …
2026-06-12 10:00:03,397 [INFO] Synced 62 rows to /home/liangrd/Follow_up/Candidates.csv
sync exit: 0
=== Fri Jun 12 10:00:03 AM UTC 2026 UTC done ===
=== Fri Jun 12 11:00:01 AM UTC 2026 UTC ===
2026-06-12 11:00:02,157 [INFO] Fetching cloud sheet …
2026-06-12 11:00:03,015 [INFO] Synced 62 rows to /home/liangrd/Follow_up/Candidates.csv
sync exit: 0
=== Fri Jun 12 11:00:03 AM UTC 2026 UTC done ===
=== Fri Jun 12 12:00:01 PM UTC 2026 UTC ===
2026-06-12 12:00:03,646 [INFO] Fetching cloud sheet …
2026-06-12 12:00:04,559 [INFO] Synced 62 rows to /home/liangrd/Follow_up/Candidates.csv
sync exit: 0
=== Fri Jun 12 12:00:04 PM UTC 2026 UTC done ===
=== Fri Jun 12 01:00:01 PM UTC 2026 UTC ===
2026-06-12 13:00:01,634 [INFO] Fetching cloud sheet …
2026-06-12 13:00:02,239 [INFO] Synced 62 rows to /home/liangrd/Follow_up/Candidates.csv
sync exit: 0
=== Fri Jun 12 01:00:02 PM UTC 2026 UTC done ===
=== Fri Jun 12 02:00:01 PM UTC 2026 UTC ===
2026-06-12 14:00:02,388 [INFO] Fetching cloud sheet …
2026-06-12 14:00:03,403 [INFO] Synced 62 rows to /home/liangrd/Follow_up/Candidates.csv
sync exit: 0
=== Fri Jun 12 02:00:03 PM UTC 2026 UTC done ===
=== Fri Jun 12 03:00:01 PM UTC 2026 UTC ===
2026-06-12 15:00:02,079 [INFO] Fetching cloud sheet …
2026-06-12 15:00:02,776 [INFO] Synced 62 rows to /home/liangrd/Follow_up/Candidates.csv
sync exit: 0
=== Fri Jun 12 03:00:02 PM UTC 2026 UTC done ===
=== Fri Jun 12 04:00:01 PM UTC 2026 UTC ===
2026-06-12 16:00:01,789 [INFO] Fetching cloud sheet …
2026-06-12 16:00:02,851 [INFO] Synced 62 rows to /home/liangrd/Follow_up/Candidates.csv
sync exit: 0
=== Fri Jun 12 04:00:02 PM UTC 2026 UTC done ===
=== Fri Jun 12 05:00:01 PM UTC 2026 UTC ===
2026-06-12 17:00:03,765 [INFO] Fetching cloud sheet …
2026-06-12 17:00:04,575 [INFO] Synced 62 rows to /home/liangrd/Follow_up/Candidates.csv
sync exit: 0
=== Fri Jun 12 05:00:04 PM UTC 2026 UTC done ===
=== Fri Jun 12 06:00:01 PM UTC 2026 UTC ===
2026-06-12 18:00:03,461 [INFO] Fetching cloud sheet …
2026-06-12 18:00:04,349 [INFO] Synced 62 rows to /home/liangrd/Follow_up/Candidates.csv
sync exit: 0
=== Fri Jun 12 06:00:04 PM UTC 2026 UTC done ===
=== Fri Jun 12 07:00:01 PM UTC 2026 UTC ===
2026-06-12 19:00:02,345 [INFO] Fetching cloud sheet …
2026-06-12 19:00:02,923 [INFO] Synced 62 rows to /home/liangrd/Follow_up/Candidates.csv
sync exit: 0
=== Fri Jun 12 07:00:03 PM UTC 2026 UTC done ===
=== Fri Jun 12 08:00:01 PM UTC 2026 UTC ===
2026-06-12 20:00:01,919 [INFO] Fetching cloud sheet …
2026-06-12 20:00:02,679 [INFO] Synced 62 rows to /home/liangrd/Follow_up/Candidates.csv
sync exit: 0
=== Fri Jun 12 08:00:02 PM UTC 2026 UTC done ===
=== Fri Jun 12 09:00:01 PM UTC 2026 UTC ===
2026-06-12 21:00:01,659 [INFO] Fetching cloud sheet …
2026-06-12 21:00:02,212 [INFO] Synced 62 rows to /home/liangrd/Follow_up/Candidates.csv
sync exit: 0
=== Fri Jun 12 09:00:02 PM UTC 2026 UTC done ===
=== Fri Jun 12 10:00:01 PM UTC 2026 UTC ===
2026-06-12 22:00:02,020 [INFO] Fetching cloud sheet …
2026-06-12 22:00:02,742 [INFO] Synced 62 rows to /home/liangrd/Follow_up/Candidates.csv
sync exit: 0
=== Fri Jun 12 10:00:02 PM UTC 2026 UTC done ===
=== Fri Jun 12 11:00:01 PM UTC 2026 UTC ===
2026-06-12 23:00:03,241 [INFO] Fetching cloud sheet …
2026-06-12 23:00:03,948 [INFO] Synced 62 rows to /home/liangrd/Follow_up/Candidates.csv
sync exit: 0
=== Fri Jun 12 11:00:04 PM UTC 2026 UTC done ===
