===============================================
Updating Data: 2026-04-03 04:00:02.820
===============================================
Found 17 remote files.
[SKIP] File already exists: 
/home/liangrd/optical_data/EP251222a/TNOT/stack_EP251222a_rp_wcs.fits
[SKIP] Local directory does not exist for target 
'/home/tnot/EP/20251212/stack_WXTJ043559-012325_rp_wcs.fits': 
/home/liangrd/optical_data/WXTJ043559-012325/TNOT
[SKIP] File already exists: 
/home/liangrd/optical_data/EP260131a/TNOT/stack_EP260131a_rp_wcs.fits
[SKIP] Local directory does not exist for target 
'/home/tnot/EP/20251219/stack_EPJ0619.5+0606_rp_wcs.fits': 
/home/liangrd/optical_data/EPJ0619.5+0606/TNOT
[SKIP] Local directory does not exist for target 
'/home/tnot/EP/20251213/stack_WXT_J001838+115903_rp_wcs.fits': 
/home/liangrd/optical_data/WXT/TNOT
[SKIP] Local directory does not exist for target 
'/home/tnot/EP/20251208/stack_RXSJ052540.6+425139_rp_wcs.fits': 
/home/liangrd/optical_data/RXSJ052540.6+425139/TNOT
[SKIP] Local directory does not exist for target 
'/home/tnot/EP/20251208/stack_WXTJ031644+08d316_rp_wcs.fits': 
/home/liangrd/optical_data/WXTJ031644+08d316/TNOT
[SKIP] File already exists: 
/home/liangrd/optical_data/EP251222a/TNOT/stack_EP251222a_rp_wcs.fits
[SKIP] Local directory does not exist for target 
'/home/tnot/EP/20251209/stack_WXTJ032216+233553_rp_wcs.fits': 
/home/liangrd/optical_data/WXTJ032216+233553/TNOT
[SKIP] Local directory does not exist for target 
'/home/tnot/EP/20251209/stack_WXTJ110746+454221_rp_wcs.fits': 
/home/liangrd/optical_data/WXTJ110746+454221/TNOT
[SKIP] File already exists: 
/home/liangrd/optical_data/EP251221a/TNOT/stack_EP251221a_rp_wcs.fits
[SKIP] File already exists: 
/home/liangrd/optical_data/EP260209a/TNOT/stack_EP260209a_rp_wcs.fits
[SKIP] Local directory does not exist for target 
'/home/tnot/EP/20251211/stack_WXTJ2_rp_wcs.fits': 
/home/liangrd/optical_data/WXTJ2/TNOT
[SKIP] Local directory does not exist for target 
'/home/tnot/EP/20251213_Li/stack_WXT_J001838+115903_rp_wcs.fits': 
/home/liangrd/optical_data/WXT/TNOT
[SKIP] Local directory does not exist for target 
'/home/tnot/EP/20260109/stack_WXT_J030902+581637_rp_wcs.fits': 
/home/liangrd/optical_data/WXT/TNOT
[SKIP] File already exists: 
/home/liangrd/optical_data/EP251222a/TNOT/stack_EP251222a_rp_wcs.fits
[SKIP] Local directory does not exist for target 
'/home/tnot/EP/20251214/stack_EP20251214a_rp_wcs.fits': 
/home/liangrd/optical_data/EP20251214a/TNOT
🔍 Querying remote Sitian files...
❌ Failed to list remote files
ssh: connect to host www.xinglong-naoc.cn port 20210: Connection timed out

[ERROR] 
/home/liangrd/optical_data/EP251229a/sitian/2025-12-30_EP251229a_g_com_10.wcs.fi
ts: buffer is too small for requested array
[ERROR] 
/home/liangrd/optical_data/EP251229a/sitian/2025-12-31_EP251229a_g_com_10.wcs.fi
ts: buffer is too small for requested array
[ERROR] 
/home/liangrd/optical_data/EP260105a/WHUT/EP260105a_20260125_0013_i_wcs.fits: 
'NoneType' object has no attribute 'get'
[OK] Saved:
  - /home/liangrd/Follow_up/results/all_targets_timeline.csv
  - /home/liangrd/Follow_up/results/all_targets_timeline.png
[ERROR] 
/home/liangrd/optical_data/EP251229a/sitian/2025-12-30_EP251229a_g_com_10.wcs.fi
ts: buffer is too small for requested array
[ERROR] 
/home/liangrd/optical_data/EP251229a/sitian/2025-12-31_EP251229a_g_com_10.wcs.fi
ts: buffer is too small for requested array
[ERROR] 
/home/liangrd/optical_data/EP260105a/WHUT/EP260105a_20260125_0013_i_wcs.fits: 
'NoneType' object has no attribute 'get'
[OK] Saved interactive figure to 
/home/liangrd/Follow_up/results/all_targets_timeline.html
[OK] Saved:
  - /home/liangrd/Follow_up/results/all_targets_timeline.csv
  - /home/liangrd/Follow_up/results/all_targets_timeline.html
[OK] Saved results to /home/liangrd/Follow_up/results/all_targets_meta.csv
========================================
Plotting photometry for EP251212a...
No valid photometry data for EP251212a.
Traceback (most recent call last):
  File "/home/liangrd/Follow_up/code/update_data.py", line 39, in <module>
    plot_all_lcs()
  File "/home/liangrd/Follow_up/code/plot_photometry.py", line 343, in plot_all_lcs
    plot_photometry_plotly(data_dir, target, SAVE_DIR)
  File "/home/liangrd/Follow_up/code/plot_photometry.py", line 154, in plot_photometry_plotly
    valid_data = data[data['status'] == 'ok']
                      ~~~~^^^^^^^^^^
  File "/home/liangrd/epenv/lib/python3.12/site-packages/astropy/table/table.py", line 2105, in __getitem__
    return self.columns[item]
           ~~~~~~~~~~~~^^^^^^
  File "/home/liangrd/epenv/lib/python3.12/site-packages/astropy/table/table.py", line 267, in __getitem__
    return OrderedDict.__getitem__(self, item)
           ^^^^^^^^^^^^^^^^^^^^^^^^^^^^^^^^^^^
KeyError: 'status'
===============================================
Updating Data: 2026-04-03 10:00:03.275
===============================================
Found 17 remote files.
[SKIP] File already exists: 
/home/liangrd/optical_data/EP251222a/TNOT/stack_EP251222a_rp_wcs.fits
[SKIP] Local directory does not exist for target 
'/home/tnot/EP/20251212/stack_WXTJ043559-012325_rp_wcs.fits': 
/home/liangrd/optical_data/WXTJ043559-012325/TNOT
[SKIP] File already exists: 
/home/liangrd/optical_data/EP260131a/TNOT/stack_EP260131a_rp_wcs.fits
[SKIP] Local directory does not exist for target 
'/home/tnot/EP/20251219/stack_EPJ0619.5+0606_rp_wcs.fits': 
/home/liangrd/optical_data/EPJ0619.5+0606/TNOT
[SKIP] Local directory does not exist for target 
'/home/tnot/EP/20251213/stack_WXT_J001838+115903_rp_wcs.fits': 
/home/liangrd/optical_data/WXT/TNOT
[SKIP] Local directory does not exist for target 
'/home/tnot/EP/20251208/stack_RXSJ052540.6+425139_rp_wcs.fits': 
/home/liangrd/optical_data/RXSJ052540.6+425139/TNOT
[SKIP] Local directory does not exist for target 
'/home/tnot/EP/20251208/stack_WXTJ031644+08d316_rp_wcs.fits': 
/home/liangrd/optical_data/WXTJ031644+08d316/TNOT
[SKIP] File already exists: 
/home/liangrd/optical_data/EP251222a/TNOT/stack_EP251222a_rp_wcs.fits
[SKIP] Local directory does not exist for target 
'/home/tnot/EP/20251209/stack_WXTJ032216+233553_rp_wcs.fits': 
/home/liangrd/optical_data/WXTJ032216+233553/TNOT
[SKIP] Local directory does not exist for target 
'/home/tnot/EP/20251209/stack_WXTJ110746+454221_rp_wcs.fits': 
/home/liangrd/optical_data/WXTJ110746+454221/TNOT
[SKIP] File already exists: 
/home/liangrd/optical_data/EP251221a/TNOT/stack_EP251221a_rp_wcs.fits
[SKIP] File already exists: 
/home/liangrd/optical_data/EP260209a/TNOT/stack_EP260209a_rp_wcs.fits
[SKIP] Local directory does not exist for target 
'/home/tnot/EP/20251211/stack_WXTJ2_rp_wcs.fits': 
/home/liangrd/optical_data/WXTJ2/TNOT
[SKIP] Local directory does not exist for target 
'/home/tnot/EP/20251213_Li/stack_WXT_J001838+115903_rp_wcs.fits': 
/home/liangrd/optical_data/WXT/TNOT
[SKIP] Local directory does not exist for target 
'/home/tnot/EP/20260109/stack_WXT_J030902+581637_rp_wcs.fits': 
/home/liangrd/optical_data/WXT/TNOT
[SKIP] File already exists: 
/home/liangrd/optical_data/EP251222a/TNOT/stack_EP251222a_rp_wcs.fits
[SKIP] Local directory does not exist for target 
'/home/tnot/EP/20251214/stack_EP20251214a_rp_wcs.fits': 
/home/liangrd/optical_data/EP20251214a/TNOT
🔍 Querying remote Sitian files...
❌ Failed to list remote files
ssh: connect to host www.xinglong-naoc.cn port 20210: Connection timed out

[ERROR] 
/home/liangrd/optical_data/EP251229a/sitian/2025-12-30_EP251229a_g_com_10.wcs.fi
ts: buffer is too small for requested array
[ERROR] 
/home/liangrd/optical_data/EP251229a/sitian/2025-12-31_EP251229a_g_com_10.wcs.fi
ts: buffer is too small for requested array
[ERROR] 
/home/liangrd/optical_data/EP260105a/WHUT/EP260105a_20260125_0013_i_wcs.fits: 
'NoneType' object has no attribute 'get'
[OK] Saved:
  - /home/liangrd/Follow_up/results/all_targets_timeline.csv
  - /home/liangrd/Follow_up/results/all_targets_timeline.png
[ERROR] 
/home/liangrd/optical_data/EP251229a/sitian/2025-12-30_EP251229a_g_com_10.wcs.fi
ts: buffer is too small for requested array
[ERROR] 
/home/liangrd/optical_data/EP251229a/sitian/2025-12-31_EP251229a_g_com_10.wcs.fi
ts: buffer is too small for requested array
[ERROR] 
/home/liangrd/optical_data/EP260105a/WHUT/EP260105a_20260125_0013_i_wcs.fits: 
'NoneType' object has no attribute 'get'
[OK] Saved interactive figure to 
/home/liangrd/Follow_up/results/all_targets_timeline.html
[OK] Saved:
  - /home/liangrd/Follow_up/results/all_targets_timeline.csv
  - /home/liangrd/Follow_up/results/all_targets_timeline.html
[OK] Saved results to /home/liangrd/Follow_up/results/all_targets_meta.csv
========================================
Plotting photometry for EP251212a...
No valid photometry data for EP251212a.
Traceback (most recent call last):
  File "/home/liangrd/Follow_up/code/update_data.py", line 39, in <module>
    plot_all_lcs()
  File "/home/liangrd/Follow_up/code/plot_photometry.py", line 343, in plot_all_lcs
    plot_photometry_plotly(data_dir, target, SAVE_DIR)
  File "/home/liangrd/Follow_up/code/plot_photometry.py", line 154, in plot_photometry_plotly
    valid_data = data[data['status'] == 'ok']
                      ~~~~^^^^^^^^^^
  File "/home/liangrd/epenv/lib/python3.12/site-packages/astropy/table/table.py", line 2105, in __getitem__
    return self.columns[item]
           ~~~~~~~~~~~~^^^^^^
  File "/home/liangrd/epenv/lib/python3.12/site-packages/astropy/table/table.py", line 267, in __getitem__
    return OrderedDict.__getitem__(self, item)
           ^^^^^^^^^^^^^^^^^^^^^^^^^^^^^^^^^^^
KeyError: 'status'
===============================================
Updating Data: 2026-04-03 16:00:03.019
===============================================
Found 17 remote files.
[SKIP] File already exists: 
/home/liangrd/optical_data/EP251222a/TNOT/stack_EP251222a_rp_wcs.fits
[SKIP] Local directory does not exist for target 
'/home/tnot/EP/20251212/stack_WXTJ043559-012325_rp_wcs.fits': 
/home/liangrd/optical_data/WXTJ043559-012325/TNOT
[SKIP] File already exists: 
/home/liangrd/optical_data/EP260131a/TNOT/stack_EP260131a_rp_wcs.fits
[SKIP] Local directory does not exist for target 
'/home/tnot/EP/20251219/stack_EPJ0619.5+0606_rp_wcs.fits': 
/home/liangrd/optical_data/EPJ0619.5+0606/TNOT
[SKIP] Local directory does not exist for target 
'/home/tnot/EP/20251213/stack_WXT_J001838+115903_rp_wcs.fits': 
/home/liangrd/optical_data/WXT/TNOT
[SKIP] Local directory does not exist for target 
'/home/tnot/EP/20251208/stack_RXSJ052540.6+425139_rp_wcs.fits': 
/home/liangrd/optical_data/RXSJ052540.6+425139/TNOT
[SKIP] Local directory does not exist for target 
'/home/tnot/EP/20251208/stack_WXTJ031644+08d316_rp_wcs.fits': 
/home/liangrd/optical_data/WXTJ031644+08d316/TNOT
[SKIP] File already exists: 
/home/liangrd/optical_data/EP251222a/TNOT/stack_EP251222a_rp_wcs.fits
[SKIP] Local directory does not exist for target 
'/home/tnot/EP/20251209/stack_WXTJ032216+233553_rp_wcs.fits': 
/home/liangrd/optical_data/WXTJ032216+233553/TNOT
[SKIP] Local directory does not exist for target 
'/home/tnot/EP/20251209/stack_WXTJ110746+454221_rp_wcs.fits': 
/home/liangrd/optical_data/WXTJ110746+454221/TNOT
[SKIP] File already exists: 
/home/liangrd/optical_data/EP251221a/TNOT/stack_EP251221a_rp_wcs.fits
[SKIP] File already exists: 
/home/liangrd/optical_data/EP260209a/TNOT/stack_EP260209a_rp_wcs.fits
[SKIP] Local directory does not exist for target 
'/home/tnot/EP/20251211/stack_WXTJ2_rp_wcs.fits': 
/home/liangrd/optical_data/WXTJ2/TNOT
[SKIP] Local directory does not exist for target 
'/home/tnot/EP/20251213_Li/stack_WXT_J001838+115903_rp_wcs.fits': 
/home/liangrd/optical_data/WXT/TNOT
[SKIP] Local directory does not exist for target 
'/home/tnot/EP/20260109/stack_WXT_J030902+581637_rp_wcs.fits': 
/home/liangrd/optical_data/WXT/TNOT
[SKIP] File already exists: 
/home/liangrd/optical_data/EP251222a/TNOT/stack_EP251222a_rp_wcs.fits
[SKIP] Local directory does not exist for target 
'/home/tnot/EP/20251214/stack_EP20251214a_rp_wcs.fits': 
/home/liangrd/optical_data/EP20251214a/TNOT
🔍 Querying remote Sitian files...
❌ Failed to list remote files
ssh: connect to host www.xinglong-naoc.cn port 20210: Connection timed out

[ERROR] 
/home/liangrd/optical_data/EP251229a/sitian/2025-12-30_EP251229a_g_com_10.wcs.fi
ts: buffer is too small for requested array
[ERROR] 
/home/liangrd/optical_data/EP251229a/sitian/2025-12-31_EP251229a_g_com_10.wcs.fi
ts: buffer is too small for requested array
[ERROR] 
/home/liangrd/optical_data/EP260105a/WHUT/EP260105a_20260125_0013_i_wcs.fits: 
'NoneType' object has no attribute 'get'
[OK] Saved:
  - /home/liangrd/Follow_up/results/all_targets_timeline.csv
  - /home/liangrd/Follow_up/results/all_targets_timeline.png
[ERROR] 
/home/liangrd/optical_data/EP251229a/sitian/2025-12-30_EP251229a_g_com_10.wcs.fi
ts: buffer is too small for requested array
[ERROR] 
/home/liangrd/optical_data/EP251229a/sitian/2025-12-31_EP251229a_g_com_10.wcs.fi
ts: buffer is too small for requested array
[ERROR] 
/home/liangrd/optical_data/EP260105a/WHUT/EP260105a_20260125_0013_i_wcs.fits: 
'NoneType' object has no attribute 'get'
[OK] Saved interactive figure to 
/home/liangrd/Follow_up/results/all_targets_timeline.html
[OK] Saved:
  - /home/liangrd/Follow_up/results/all_targets_timeline.csv
  - /home/liangrd/Follow_up/results/all_targets_timeline.html
[OK] Saved results to /home/liangrd/Follow_up/results/all_targets_meta.csv
========================================
Plotting photometry for EP251212a...
No valid photometry data for EP251212a.
Traceback (most recent call last):
  File "/home/liangrd/Follow_up/code/update_data.py", line 39, in <module>
    plot_all_lcs()
  File "/home/liangrd/Follow_up/code/plot_photometry.py", line 343, in plot_all_lcs
    plot_photometry_plotly(data_dir, target, SAVE_DIR)
  File "/home/liangrd/Follow_up/code/plot_photometry.py", line 154, in plot_photometry_plotly
    valid_data = data[data['status'] == 'ok']
                      ~~~~^^^^^^^^^^
  File "/home/liangrd/epenv/lib/python3.12/site-packages/astropy/table/table.py", line 2105, in __getitem__
    return self.columns[item]
           ~~~~~~~~~~~~^^^^^^
  File "/home/liangrd/epenv/lib/python3.12/site-packages/astropy/table/table.py", line 267, in __getitem__
    return OrderedDict.__getitem__(self, item)
           ^^^^^^^^^^^^^^^^^^^^^^^^^^^^^^^^^^^
KeyError: 'status'
===============================================
Updating Data: 2026-04-03 22:00:03.379
===============================================
Found 17 remote files.
[SKIP] File already exists: 
/home/liangrd/optical_data/EP251222a/TNOT/stack_EP251222a_rp_wcs.fits
[SKIP] Local directory does not exist for target 
'/home/tnot/EP/20251212/stack_WXTJ043559-012325_rp_wcs.fits': 
/home/liangrd/optical_data/WXTJ043559-012325/TNOT
[SKIP] File already exists: 
/home/liangrd/optical_data/EP260131a/TNOT/stack_EP260131a_rp_wcs.fits
[SKIP] Local directory does not exist for target 
'/home/tnot/EP/20251219/stack_EPJ0619.5+0606_rp_wcs.fits': 
/home/liangrd/optical_data/EPJ0619.5+0606/TNOT
[SKIP] Local directory does not exist for target 
'/home/tnot/EP/20251213/stack_WXT_J001838+115903_rp_wcs.fits': 
/home/liangrd/optical_data/WXT/TNOT
[SKIP] Local directory does not exist for target 
'/home/tnot/EP/20251208/stack_RXSJ052540.6+425139_rp_wcs.fits': 
/home/liangrd/optical_data/RXSJ052540.6+425139/TNOT
[SKIP] Local directory does not exist for target 
'/home/tnot/EP/20251208/stack_WXTJ031644+08d316_rp_wcs.fits': 
/home/liangrd/optical_data/WXTJ031644+08d316/TNOT
[SKIP] File already exists: 
/home/liangrd/optical_data/EP251222a/TNOT/stack_EP251222a_rp_wcs.fits
[SKIP] Local directory does not exist for target 
'/home/tnot/EP/20251209/stack_WXTJ032216+233553_rp_wcs.fits': 
/home/liangrd/optical_data/WXTJ032216+233553/TNOT
[SKIP] Local directory does not exist for target 
'/home/tnot/EP/20251209/stack_WXTJ110746+454221_rp_wcs.fits': 
/home/liangrd/optical_data/WXTJ110746+454221/TNOT
[SKIP] File already exists: 
/home/liangrd/optical_data/EP251221a/TNOT/stack_EP251221a_rp_wcs.fits
[SKIP] File already exists: 
/home/liangrd/optical_data/EP260209a/TNOT/stack_EP260209a_rp_wcs.fits
[SKIP] Local directory does not exist for target 
'/home/tnot/EP/20251211/stack_WXTJ2_rp_wcs.fits': 
/home/liangrd/optical_data/WXTJ2/TNOT
[SKIP] Local directory does not exist for target 
'/home/tnot/EP/20251213_Li/stack_WXT_J001838+115903_rp_wcs.fits': 
/home/liangrd/optical_data/WXT/TNOT
[SKIP] Local directory does not exist for target 
'/home/tnot/EP/20260109/stack_WXT_J030902+581637_rp_wcs.fits': 
/home/liangrd/optical_data/WXT/TNOT
[SKIP] File already exists: 
/home/liangrd/optical_data/EP251222a/TNOT/stack_EP251222a_rp_wcs.fits
[SKIP] Local directory does not exist for target 
'/home/tnot/EP/20251214/stack_EP20251214a_rp_wcs.fits': 
/home/liangrd/optical_data/EP20251214a/TNOT
🔍 Querying remote Sitian files...
❌ Failed to list remote files
ssh: connect to host www.xinglong-naoc.cn port 20210: Connection timed out

[ERROR] 
/home/liangrd/optical_data/EP251229a/sitian/2025-12-30_EP251229a_g_com_10.wcs.fi
ts: buffer is too small for requested array
[ERROR] 
/home/liangrd/optical_data/EP251229a/sitian/2025-12-31_EP251229a_g_com_10.wcs.fi
ts: buffer is too small for requested array
[ERROR] 
/home/liangrd/optical_data/EP260105a/WHUT/EP260105a_20260125_0013_i_wcs.fits: 
'NoneType' object has no attribute 'get'
[OK] Saved:
  - /home/liangrd/Follow_up/results/all_targets_timeline.csv
  - /home/liangrd/Follow_up/results/all_targets_timeline.png
[ERROR] 
/home/liangrd/optical_data/EP251229a/sitian/2025-12-30_EP251229a_g_com_10.wcs.fi
ts: buffer is too small for requested array
[ERROR] 
/home/liangrd/optical_data/EP251229a/sitian/2025-12-31_EP251229a_g_com_10.wcs.fi
ts: buffer is too small for requested array
[ERROR] 
/home/liangrd/optical_data/EP260105a/WHUT/EP260105a_20260125_0013_i_wcs.fits: 
'NoneType' object has no attribute 'get'
[OK] Saved interactive figure to 
/home/liangrd/Follow_up/results/all_targets_timeline.html
[OK] Saved:
  - /home/liangrd/Follow_up/results/all_targets_timeline.csv
  - /home/liangrd/Follow_up/results/all_targets_timeline.html
[OK] Saved results to /home/liangrd/Follow_up/results/all_targets_meta.csv
========================================
Plotting photometry for EP251212a...
No valid photometry data for EP251212a.
Traceback (most recent call last):
  File "/home/liangrd/Follow_up/code/update_data.py", line 39, in <module>
    plot_all_lcs()
  File "/home/liangrd/Follow_up/code/plot_photometry.py", line 343, in plot_all_lcs
    plot_photometry_plotly(data_dir, target, SAVE_DIR)
  File "/home/liangrd/Follow_up/code/plot_photometry.py", line 154, in plot_photometry_plotly
    valid_data = data[data['status'] == 'ok']
                      ~~~~^^^^^^^^^^
  File "/home/liangrd/epenv/lib/python3.12/site-packages/astropy/table/table.py", line 2105, in __getitem__
    return self.columns[item]
           ~~~~~~~~~~~~^^^^^^
  File "/home/liangrd/epenv/lib/python3.12/site-packages/astropy/table/table.py", line 267, in __getitem__
    return OrderedDict.__getitem__(self, item)
           ^^^^^^^^^^^^^^^^^^^^^^^^^^^^^^^^^^^
KeyError: 'status'
