=== Wed Jun  3 12:00:01 AM UTC 2026 UTC ===
2026-06-03 00:00:03,226 [INFO] Fetching cloud sheet …
2026-06-03 00:00:04,270 [INFO] Synced 56 rows to /home/liangrd/Follow_up/Candidates.csv
sync exit: 0
=== Wed Jun  3 12:00:04 AM UTC 2026 UTC done ===
=== Wed Jun  3 01:00:01 AM UTC 2026 UTC ===
2026-06-03 01:00:01,921 [INFO] Fetching cloud sheet …
2026-06-03 01:00:02,645 [INFO] Synced 56 rows to /home/liangrd/Follow_up/Candidates.csv
sync exit: 0
=== Wed Jun  3 01:00:02 AM UTC 2026 UTC done ===
=== Wed Jun  3 02:00:01 AM UTC 2026 UTC ===
2026-06-03 02:00:01,665 [INFO] Fetching cloud sheet …
2026-06-03 02:00:03,449 [INFO] Synced 56 rows to /home/liangrd/Follow_up/Candidates.csv
sync exit: 0
=== Wed Jun  3 02:00:03 AM UTC 2026 UTC done ===
=== Wed Jun  3 03:00:01 AM UTC 2026 UTC ===
2026-06-03 03:00:01,839 [INFO] Fetching cloud sheet …
2026-06-03 03:00:02,737 [INFO] Synced 56 rows to /home/liangrd/Follow_up/Candidates.csv
sync exit: 0
=== Wed Jun  3 03:00:02 AM UTC 2026 UTC done ===
=== Wed Jun  3 04:00:01 AM UTC 2026 UTC ===
2026-06-03 04:00:02,168 [INFO] Fetching cloud sheet …
2026-06-03 04:00:03,121 [INFO] Synced 56 rows to /home/liangrd/Follow_up/Candidates.csv
sync exit: 0
=== Wed Jun  3 04:00:03 AM UTC 2026 UTC done ===
=== Wed Jun  3 05:00:01 AM UTC 2026 UTC ===
2026-06-03 05:00:02,594 [INFO] Fetching cloud sheet …
2026-06-03 05:00:03,473 [INFO] Synced 56 rows to /home/liangrd/Follow_up/Candidates.csv
sync exit: 0
=== Wed Jun  3 05:00:03 AM UTC 2026 UTC done ===
=== Wed Jun  3 06:00:01 AM UTC 2026 UTC ===
2026-06-03 06:00:02,953 [INFO] Fetching cloud sheet …
2026-06-03 06:00:04,424 [INFO] Synced 56 rows to /home/liangrd/Follow_up/Candidates.csv
sync exit: 0
=== Wed Jun  3 06:00:04 AM UTC 2026 UTC done ===
=== Wed Jun  3 07:00:01 AM UTC 2026 UTC ===
2026-06-03 07:00:01,982 [INFO] Fetching cloud sheet …
2026-06-03 07:00:03,228 [INFO] Synced 56 rows to /home/liangrd/Follow_up/Candidates.csv
sync exit: 0
=== Wed Jun  3 07:00:03 AM UTC 2026 UTC done ===
=== Wed Jun  3 08:00:01 AM UTC 2026 UTC ===
2026-06-03 08:00:01,797 [INFO] Fetching cloud sheet …
2026-06-03 08:00:03,420 [INFO] Synced 60 rows to /home/liangrd/Follow_up/Candidates.csv
sync exit: 0
=== Wed Jun  3 08:00:03 AM UTC 2026 UTC done ===
=== Wed Jun  3 09:00:01 AM UTC 2026 UTC ===
2026-06-03 09:00:01,917 [INFO] Fetching cloud sheet …
2026-06-03 09:00:02,666 [INFO] Synced 60 rows to /home/liangrd/Follow_up/Candidates.csv
sync exit: 0
=== Wed Jun  3 09:00:02 AM UTC 2026 UTC done ===
=== Wed Jun  3 10:00:01 AM UTC 2026 UTC ===
2026-06-03 10:00:02,238 [INFO] Fetching cloud sheet …
2026-06-03 10:00:03,326 [INFO] Synced 60 rows to /home/liangrd/Follow_up/Candidates.csv
sync exit: 0
=== Wed Jun  3 10:00:03 AM UTC 2026 UTC done ===
=== Wed Jun  3 11:00:01 AM UTC 2026 UTC ===
2026-06-03 11:00:02,757 [INFO] Fetching cloud sheet …
2026-06-03 11:00:03,569 [INFO] Synced 60 rows to /home/liangrd/Follow_up/Candidates.csv
sync exit: 0
=== Wed Jun  3 11:00:03 AM UTC 2026 UTC done ===
=== Wed Jun  3 12:00:01 PM UTC 2026 UTC ===
2026-06-03 12:00:03,109 [INFO] Fetching cloud sheet …
2026-06-03 12:00:04,135 [INFO] Synced 60 rows to /home/liangrd/Follow_up/Candidates.csv
sync exit: 0
=== Wed Jun  3 12:00:04 PM UTC 2026 UTC done ===
=== Wed Jun  3 01:00:01 PM UTC 2026 UTC ===
2026-06-03 13:00:01,800 [INFO] Fetching cloud sheet …
2026-06-03 13:00:02,475 [INFO] Synced 60 rows to /home/liangrd/Follow_up/Candidates.csv
sync exit: 0
=== Wed Jun  3 01:00:02 PM UTC 2026 UTC done ===
=== Wed Jun  3 02:00:01 PM UTC 2026 UTC ===
2026-06-03 14:00:02,030 [INFO] Fetching cloud sheet …
2026-06-03 14:00:02,969 [INFO] Synced 60 rows to /home/liangrd/Follow_up/Candidates.csv
sync exit: 0
=== Wed Jun  3 02:00:03 PM UTC 2026 UTC done ===
=== Wed Jun  3 03:00:01 PM UTC 2026 UTC ===
2026-06-03 15:00:01,770 [INFO] Fetching cloud sheet …
2026-06-03 15:00:02,526 [INFO] Synced 60 rows to /home/liangrd/Follow_up/Candidates.csv
sync exit: 0
=== Wed Jun  3 03:00:02 PM UTC 2026 UTC done ===
=== Wed Jun  3 04:00:01 PM UTC 2026 UTC ===
2026-06-03 16:00:02,149 [INFO] Fetching cloud sheet …
2026-06-03 16:00:02,990 [INFO] Synced 60 rows to /home/liangrd/Follow_up/Candidates.csv
sync exit: 0
=== Wed Jun  3 04:00:03 PM UTC 2026 UTC done ===
=== Wed Jun  3 05:00:01 PM UTC 2026 UTC ===
2026-06-03 17:00:03,132 [INFO] Fetching cloud sheet …
2026-06-03 17:00:03,911 [INFO] Synced 60 rows to /home/liangrd/Follow_up/Candidates.csv
sync exit: 0
=== Wed Jun  3 05:00:04 PM UTC 2026 UTC done ===
=== Wed Jun  3 06:00:01 PM UTC 2026 UTC ===
2026-06-03 18:00:03,189 [INFO] Fetching cloud sheet …
2026-06-03 18:00:04,001 [INFO] Synced 60 rows to /home/liangrd/Follow_up/Candidates.csv
sync exit: 0
=== Wed Jun  3 06:00:04 PM UTC 2026 UTC done ===
=== Wed Jun  3 07:00:02 PM UTC 2026 UTC ===
2026-06-03 19:00:02,632 [INFO] Fetching cloud sheet …
2026-06-03 19:00:03,967 [INFO] Synced 60 rows to /home/liangrd/Follow_up/Candidates.csv
sync exit: 0
=== Wed Jun  3 07:00:04 PM UTC 2026 UTC done ===
=== Wed Jun  3 08:00:01 PM UTC 2026 UTC ===
2026-06-03 20:00:02,448 [INFO] Fetching cloud sheet …
2026-06-03 20:00:03,334 [INFO] Synced 60 rows to /home/liangrd/Follow_up/Candidates.csv
sync exit: 0
=== Wed Jun  3 08:00:03 PM UTC 2026 UTC done ===
=== Wed Jun  3 09:00:01 PM UTC 2026 UTC ===
2026-06-03 21:00:01,918 [INFO] Fetching cloud sheet …
2026-06-03 21:00:02,530 [INFO] Synced 60 rows to /home/liangrd/Follow_up/Candidates.csv
sync exit: 0
=== Wed Jun  3 09:00:02 PM UTC 2026 UTC done ===
=== Wed Jun  3 10:00:01 PM UTC 2026 UTC ===
2026-06-03 22:00:02,167 [INFO] Fetching cloud sheet …
2026-06-03 22:00:02,962 [INFO] Synced 60 rows to /home/liangrd/Follow_up/Candidates.csv
sync exit: 0
=== Wed Jun  3 10:00:03 PM UTC 2026 UTC done ===
=== Wed Jun  3 11:00:01 PM UTC 2026 UTC ===
2026-06-03 23:00:03,066 [INFO] Fetching cloud sheet …
2026-06-03 23:00:03,822 [INFO] Synced 60 rows to /home/liangrd/Follow_up/Candidates.csv
sync exit: 0
=== Wed Jun  3 11:00:04 PM UTC 2026 UTC done ===
