=== Sat May 30 07:30:01 AM UTC 2026 === obs_manage daily run ===
2026-05-30 07:30:03,169 [INFO] Fetching cloud sheet …
2026-05-30 07:30:03,170 [ERROR] Pipeline failed
Traceback (most recent call last):
  File "/home/liangrd/Follow_up/code/obs_manage.py", line 517, in main
    sync_cloud_to_csv()
  File "/home/liangrd/Follow_up/code/obs_manage.py", line 150, in sync_cloud_to_csv
    resp = _run_lark_cli(
           ^^^^^^^^^^^^^^
  File "/home/liangrd/Follow_up/code/obs_manage.py", line 100, in _run_lark_cli
    result = subprocess.run(cmd, capture_output=True, text=True, timeout=60)
             ^^^^^^^^^^^^^^^^^^^^^^^^^^^^^^^^^^^^^^^^^^^^^^^^^^^^^^^^^^^^^^^
  File "/home/liangrd/anaconda3/envs/autophot/lib/python3.11/subprocess.py", line 548, in run
    with Popen(*popenargs, **kwargs) as process:
         ^^^^^^^^^^^^^^^^^^^^^^^^^^^
  File "/home/liangrd/anaconda3/envs/autophot/lib/python3.11/subprocess.py", line 1026, in __init__
    self._execute_child(args, executable, preexec_fn, close_fds,
  File "/home/liangrd/anaconda3/envs/autophot/lib/python3.11/subprocess.py", line 1955, in _execute_child
    raise child_exception_type(errno_num, err_msg, err_filename)
FileNotFoundError: [Errno 2] No such file or directory: 'lark-cli'
/home/liangrd/Follow_up/code/obs_manage_cron.sh: line 22: openclaw: command not found
=== Sat May 30 07:30:04 AM UTC 2026 done ===
