WARNING: NonRotationTransformationWarning: transforming other coordinates from <ICRS Frame> to <GCRS Frame (obstime=[datetime.datetime(2026, 6, 8, 7, 0, 3, 239136)
 datetime.datetime(2026, 6, 8, 13, 0, 3, 239136)
 datetime.datetime(2026, 6, 8, 19, 0, 3, 239136)
 datetime.datetime(2026, 6, 9, 1, 0, 3, 239136)
 datetime.datetime(2026, 6, 9, 7, 0, 3, 239136)
 datetime.datetime(2026, 6, 9, 13, 0, 3, 239136)
 datetime.datetime(2026, 6, 9, 19, 0, 3, 239136)
 datetime.datetime(2026, 6, 10, 1, 0, 3, 239136)
 datetime.datetime(2026, 6, 10, 7, 0, 3, 239136)
 datetime.datetime(2026, 6, 10, 13, 0, 3, 239136)
 datetime.datetime(2026, 6, 10, 19, 0, 3, 239136)
 datetime.datetime(2026, 6, 11, 1, 0, 3, 239136)], obsgeoloc=(0., 0., 0.) m, obsgeovel=(0., 0., 0.) m / s)>. Angular separation can depend on the direction of the transformation. [astropy.coordinates.baseframe]
WARNING: NonRotationTransformationWarning: transforming other coordinates from <ICRS Frame> to <GCRS Frame (obstime=[datetime.datetime(2026, 6, 8, 7, 0, 3, 253960)
 datetime.datetime(2026, 6, 8, 13, 0, 3, 253960)
 datetime.datetime(2026, 6, 8, 19, 0, 3, 253960)
 datetime.datetime(2026, 6, 9, 1, 0, 3, 253960)
 datetime.datetime(2026, 6, 9, 7, 0, 3, 253960)
 datetime.datetime(2026, 6, 9, 13, 0, 3, 253960)
 datetime.datetime(2026, 6, 9, 19, 0, 3, 253960)
 datetime.datetime(2026, 6, 10, 1, 0, 3, 253960)
 datetime.datetime(2026, 6, 10, 7, 0, 3, 253960)
 datetime.datetime(2026, 6, 10, 13, 0, 3, 253960)
 datetime.datetime(2026, 6, 10, 19, 0, 3, 253960)
 datetime.datetime(2026, 6, 11, 1, 0, 3, 253960)], obsgeoloc=(0., 0., 0.) m, obsgeovel=(0., 0., 0.) m / s)>. Angular separation can depend on the direction of the transformation. [astropy.coordinates.baseframe]
WARNING: NonRotationTransformationWarning: transforming other coordinates from <ICRS Frame> to <GCRS Frame (obstime=[datetime.datetime(2026, 6, 8, 7, 0, 3, 405769)
 datetime.datetime(2026, 6, 8, 13, 0, 3, 405769)
 datetime.datetime(2026, 6, 8, 19, 0, 3, 405769)
 datetime.datetime(2026, 6, 9, 1, 0, 3, 405769)
 datetime.datetime(2026, 6, 9, 7, 0, 3, 405769)
 datetime.datetime(2026, 6, 9, 13, 0, 3, 405769)
 datetime.datetime(2026, 6, 9, 19, 0, 3, 405769)
 datetime.datetime(2026, 6, 10, 1, 0, 3, 405769)
 datetime.datetime(2026, 6, 10, 7, 0, 3, 405769)
 datetime.datetime(2026, 6, 10, 13, 0, 3, 405769)
 datetime.datetime(2026, 6, 10, 19, 0, 3, 405769)
 datetime.datetime(2026, 6, 11, 1, 0, 3, 405769)], obsgeoloc=(0., 0., 0.) m, obsgeovel=(0., 0., 0.) m / s)>. Angular separation can depend on the direction of the transformation. [astropy.coordinates.baseframe]
WARNING: NonRotationTransformationWarning: transforming other coordinates from <ICRS Frame> to <GCRS Frame (obstime=[datetime.datetime(2026, 6, 8, 7, 0, 3, 416224)
 datetime.datetime(2026, 6, 8, 13, 0, 3, 416224)
 datetime.datetime(2026, 6, 8, 19, 0, 3, 416224)
 datetime.datetime(2026, 6, 9, 1, 0, 3, 416224)
 datetime.datetime(2026, 6, 9, 7, 0, 3, 416224)
 datetime.datetime(2026, 6, 9, 13, 0, 3, 416224)
 datetime.datetime(2026, 6, 9, 19, 0, 3, 416224)
 datetime.datetime(2026, 6, 10, 1, 0, 3, 416224)
 datetime.datetime(2026, 6, 10, 7, 0, 3, 416224)
 datetime.datetime(2026, 6, 10, 13, 0, 3, 416224)
 datetime.datetime(2026, 6, 10, 19, 0, 3, 416224)
 datetime.datetime(2026, 6, 11, 1, 0, 3, 416224)], obsgeoloc=(0., 0., 0.) m, obsgeovel=(0., 0., 0.) m / s)>. Angular separation can depend on the direction of the transformation. [astropy.coordinates.baseframe]
WARNING: NonRotationTransformationWarning: transforming other coordinates from <ICRS Frame> to <GCRS Frame (obstime=[datetime.datetime(2026, 6, 8, 7, 0, 3, 547854)
 datetime.datetime(2026, 6, 8, 13, 0, 3, 547854)
 datetime.datetime(2026, 6, 8, 19, 0, 3, 547854)
 datetime.datetime(2026, 6, 9, 1, 0, 3, 547854)
 datetime.datetime(2026, 6, 9, 7, 0, 3, 547854)
 datetime.datetime(2026, 6, 9, 13, 0, 3, 547854)
 datetime.datetime(2026, 6, 9, 19, 0, 3, 547854)
 datetime.datetime(2026, 6, 10, 1, 0, 3, 547854)
 datetime.datetime(2026, 6, 10, 7, 0, 3, 547854)
 datetime.datetime(2026, 6, 10, 13, 0, 3, 547854)
 datetime.datetime(2026, 6, 10, 19, 0, 3, 547854)
 datetime.datetime(2026, 6, 11, 1, 0, 3, 547854)], obsgeoloc=(0., 0., 0.) m, obsgeovel=(0., 0., 0.) m / s)>. Angular separation can depend on the direction of the transformation. [astropy.coordinates.baseframe]
WARNING: NonRotationTransformationWarning: transforming other coordinates from <ICRS Frame> to <GCRS Frame (obstime=[datetime.datetime(2026, 6, 8, 7, 0, 3, 558213)
 datetime.datetime(2026, 6, 8, 13, 0, 3, 558213)
 datetime.datetime(2026, 6, 8, 19, 0, 3, 558213)
 datetime.datetime(2026, 6, 9, 1, 0, 3, 558213)
 datetime.datetime(2026, 6, 9, 7, 0, 3, 558213)
 datetime.datetime(2026, 6, 9, 13, 0, 3, 558213)
 datetime.datetime(2026, 6, 9, 19, 0, 3, 558213)
 datetime.datetime(2026, 6, 10, 1, 0, 3, 558213)
 datetime.datetime(2026, 6, 10, 7, 0, 3, 558213)
 datetime.datetime(2026, 6, 10, 13, 0, 3, 558213)
 datetime.datetime(2026, 6, 10, 19, 0, 3, 558213)
 datetime.datetime(2026, 6, 11, 1, 0, 3, 558213)], obsgeoloc=(0., 0., 0.) m, obsgeovel=(0., 0., 0.) m / s)>. Angular separation can depend on the direction of the transformation. [astropy.coordinates.baseframe]
WARNING: NonRotationTransformationWarning: transforming other coordinates from <ICRS Frame> to <GCRS Frame (obstime=[datetime.datetime(2026, 6, 8, 7, 0, 3, 689687)
 datetime.datetime(2026, 6, 8, 13, 0, 3, 689687)
 datetime.datetime(2026, 6, 8, 19, 0, 3, 689687)
 datetime.datetime(2026, 6, 9, 1, 0, 3, 689687)
 datetime.datetime(2026, 6, 9, 7, 0, 3, 689687)
 datetime.datetime(2026, 6, 9, 13, 0, 3, 689687)
 datetime.datetime(2026, 6, 9, 19, 0, 3, 689687)
 datetime.datetime(2026, 6, 10, 1, 0, 3, 689687)
 datetime.datetime(2026, 6, 10, 7, 0, 3, 689687)
 datetime.datetime(2026, 6, 10, 13, 0, 3, 689687)
 datetime.datetime(2026, 6, 10, 19, 0, 3, 689687)
 datetime.datetime(2026, 6, 11, 1, 0, 3, 689687)], obsgeoloc=(0., 0., 0.) m, obsgeovel=(0., 0., 0.) m / s)>. Angular separation can depend on the direction of the transformation. [astropy.coordinates.baseframe]
WARNING: NonRotationTransformationWarning: transforming other coordinates from <ICRS Frame> to <GCRS Frame (obstime=[datetime.datetime(2026, 6, 8, 7, 0, 3, 700101)
 datetime.datetime(2026, 6, 8, 13, 0, 3, 700101)
 datetime.datetime(2026, 6, 8, 19, 0, 3, 700101)
 datetime.datetime(2026, 6, 9, 1, 0, 3, 700101)
 datetime.datetime(2026, 6, 9, 7, 0, 3, 700101)
 datetime.datetime(2026, 6, 9, 13, 0, 3, 700101)
 datetime.datetime(2026, 6, 9, 19, 0, 3, 700101)
 datetime.datetime(2026, 6, 10, 1, 0, 3, 700101)
 datetime.datetime(2026, 6, 10, 7, 0, 3, 700101)
 datetime.datetime(2026, 6, 10, 13, 0, 3, 700101)
 datetime.datetime(2026, 6, 10, 19, 0, 3, 700101)
 datetime.datetime(2026, 6, 11, 1, 0, 3, 700101)], obsgeoloc=(0., 0., 0.) m, obsgeovel=(0., 0., 0.) m / s)>. Angular separation can depend on the direction of the transformation. [astropy.coordinates.baseframe]
WARNING: NonRotationTransformationWarning: transforming other coordinates from <ICRS Frame> to <GCRS Frame (obstime=[datetime.datetime(2026, 6, 8, 7, 0, 3, 833297)
 datetime.datetime(2026, 6, 8, 13, 0, 3, 833297)
 datetime.datetime(2026, 6, 8, 19, 0, 3, 833297)
 datetime.datetime(2026, 6, 9, 1, 0, 3, 833297)
 datetime.datetime(2026, 6, 9, 7, 0, 3, 833297)
 datetime.datetime(2026, 6, 9, 13, 0, 3, 833297)
 datetime.datetime(2026, 6, 9, 19, 0, 3, 833297)
 datetime.datetime(2026, 6, 10, 1, 0, 3, 833297)
 datetime.datetime(2026, 6, 10, 7, 0, 3, 833297)
 datetime.datetime(2026, 6, 10, 13, 0, 3, 833297)
 datetime.datetime(2026, 6, 10, 19, 0, 3, 833297)
 datetime.datetime(2026, 6, 11, 1, 0, 3, 833297)], obsgeoloc=(0., 0., 0.) m, obsgeovel=(0., 0., 0.) m / s)>. Angular separation can depend on the direction of the transformation. [astropy.coordinates.baseframe]
WARNING: NonRotationTransformationWarning: transforming other coordinates from <ICRS Frame> to <GCRS Frame (obstime=[datetime.datetime(2026, 6, 8, 7, 0, 3, 843701)
 datetime.datetime(2026, 6, 8, 13, 0, 3, 843701)
 datetime.datetime(2026, 6, 8, 19, 0, 3, 843701)
 datetime.datetime(2026, 6, 9, 1, 0, 3, 843701)
 datetime.datetime(2026, 6, 9, 7, 0, 3, 843701)
 datetime.datetime(2026, 6, 9, 13, 0, 3, 843701)
 datetime.datetime(2026, 6, 9, 19, 0, 3, 843701)
 datetime.datetime(2026, 6, 10, 1, 0, 3, 843701)
 datetime.datetime(2026, 6, 10, 7, 0, 3, 843701)
 datetime.datetime(2026, 6, 10, 13, 0, 3, 843701)
 datetime.datetime(2026, 6, 10, 19, 0, 3, 843701)
 datetime.datetime(2026, 6, 11, 1, 0, 3, 843701)], obsgeoloc=(0., 0., 0.) m, obsgeovel=(0., 0., 0.) m / s)>. Angular separation can depend on the direction of the transformation. [astropy.coordinates.baseframe]
WARNING: NonRotationTransformationWarning: transforming other coordinates from <ICRS Frame> to <GCRS Frame (obstime=[datetime.datetime(2026, 6, 8, 7, 0, 3, 971387)
 datetime.datetime(2026, 6, 8, 13, 0, 3, 971387)
 datetime.datetime(2026, 6, 8, 19, 0, 3, 971387)
 datetime.datetime(2026, 6, 9, 1, 0, 3, 971387)
 datetime.datetime(2026, 6, 9, 7, 0, 3, 971387)
 datetime.datetime(2026, 6, 9, 13, 0, 3, 971387)
 datetime.datetime(2026, 6, 9, 19, 0, 3, 971387)
 datetime.datetime(2026, 6, 10, 1, 0, 3, 971387)
 datetime.datetime(2026, 6, 10, 7, 0, 3, 971387)
 datetime.datetime(2026, 6, 10, 13, 0, 3, 971387)
 datetime.datetime(2026, 6, 10, 19, 0, 3, 971387)
 datetime.datetime(2026, 6, 11, 1, 0, 3, 971387)], obsgeoloc=(0., 0., 0.) m, obsgeovel=(0., 0., 0.) m / s)>. Angular separation can depend on the direction of the transformation. [astropy.coordinates.baseframe]
WARNING: NonRotationTransformationWarning: transforming other coordinates from <ICRS Frame> to <GCRS Frame (obstime=[datetime.datetime(2026, 6, 8, 7, 0, 3, 981745)
 datetime.datetime(2026, 6, 8, 13, 0, 3, 981745)
 datetime.datetime(2026, 6, 8, 19, 0, 3, 981745)
 datetime.datetime(2026, 6, 9, 1, 0, 3, 981745)
 datetime.datetime(2026, 6, 9, 7, 0, 3, 981745)
 datetime.datetime(2026, 6, 9, 13, 0, 3, 981745)
 datetime.datetime(2026, 6, 9, 19, 0, 3, 981745)
 datetime.datetime(2026, 6, 10, 1, 0, 3, 981745)
 datetime.datetime(2026, 6, 10, 7, 0, 3, 981745)
 datetime.datetime(2026, 6, 10, 13, 0, 3, 981745)
 datetime.datetime(2026, 6, 10, 19, 0, 3, 981745)
 datetime.datetime(2026, 6, 11, 1, 0, 3, 981745)], obsgeoloc=(0., 0., 0.) m, obsgeovel=(0., 0., 0.) m / s)>. Angular separation can depend on the direction of the transformation. [astropy.coordinates.baseframe]
WARNING: NonRotationTransformationWarning: transforming other coordinates from <ICRS Frame> to <GCRS Frame (obstime=[datetime.datetime(2026, 6, 8, 7, 0, 4, 109331)
 datetime.datetime(2026, 6, 8, 13, 0, 4, 109331)
 datetime.datetime(2026, 6, 8, 19, 0, 4, 109331)
 datetime.datetime(2026, 6, 9, 1, 0, 4, 109331)
 datetime.datetime(2026, 6, 9, 7, 0, 4, 109331)
 datetime.datetime(2026, 6, 9, 13, 0, 4, 109331)
 datetime.datetime(2026, 6, 9, 19, 0, 4, 109331)
 datetime.datetime(2026, 6, 10, 1, 0, 4, 109331)
 datetime.datetime(2026, 6, 10, 7, 0, 4, 109331)
 datetime.datetime(2026, 6, 10, 13, 0, 4, 109331)
 datetime.datetime(2026, 6, 10, 19, 0, 4, 109331)
 datetime.datetime(2026, 6, 11, 1, 0, 4, 109331)], obsgeoloc=(0., 0., 0.) m, obsgeovel=(0., 0., 0.) m / s)>. Angular separation can depend on the direction of the transformation. [astropy.coordinates.baseframe]
WARNING: NonRotationTransformationWarning: transforming other coordinates from <ICRS Frame> to <GCRS Frame (obstime=[datetime.datetime(2026, 6, 8, 7, 0, 4, 119642)
 datetime.datetime(2026, 6, 8, 13, 0, 4, 119642)
 datetime.datetime(2026, 6, 8, 19, 0, 4, 119642)
 datetime.datetime(2026, 6, 9, 1, 0, 4, 119642)
 datetime.datetime(2026, 6, 9, 7, 0, 4, 119642)
 datetime.datetime(2026, 6, 9, 13, 0, 4, 119642)
 datetime.datetime(2026, 6, 9, 19, 0, 4, 119642)
 datetime.datetime(2026, 6, 10, 1, 0, 4, 119642)
 datetime.datetime(2026, 6, 10, 7, 0, 4, 119642)
 datetime.datetime(2026, 6, 10, 13, 0, 4, 119642)
 datetime.datetime(2026, 6, 10, 19, 0, 4, 119642)
 datetime.datetime(2026, 6, 11, 1, 0, 4, 119642)], obsgeoloc=(0., 0., 0.) m, obsgeovel=(0., 0., 0.) m / s)>. Angular separation can depend on the direction of the transformation. [astropy.coordinates.baseframe]
Calculating lunar distance for EP260509a...
Calculating lunar distance for EP260512a...
Calculating lunar distance for EP250514a...
Calculating lunar distance for EP260526a...
Calculating lunar distance for EP260602a...
Calculating lunar distance for EP260602b...
Calculating lunar distance for EP260602c...
Markdown file saved to Candidates_lunar.md
