WARNING: NonRotationTransformationWarning: transforming other coordinates from <ICRS Frame> to <GCRS Frame (obstime=[datetime.datetime(2026, 5, 30, 7, 0, 3, 294311)
 datetime.datetime(2026, 5, 30, 13, 0, 3, 294311)
 datetime.datetime(2026, 5, 30, 19, 0, 3, 294311)
 datetime.datetime(2026, 5, 31, 1, 0, 3, 294311)
 datetime.datetime(2026, 5, 31, 7, 0, 3, 294311)
 datetime.datetime(2026, 5, 31, 13, 0, 3, 294311)
 datetime.datetime(2026, 5, 31, 19, 0, 3, 294311)
 datetime.datetime(2026, 6, 1, 1, 0, 3, 294311)
 datetime.datetime(2026, 6, 1, 7, 0, 3, 294311)
 datetime.datetime(2026, 6, 1, 13, 0, 3, 294311)
 datetime.datetime(2026, 6, 1, 19, 0, 3, 294311)
 datetime.datetime(2026, 6, 2, 1, 0, 3, 294311)], obsgeoloc=(0., 0., 0.) m, obsgeovel=(0., 0., 0.) m / s)>. Angular separation can depend on the direction of the transformation. [astropy.coordinates.baseframe]
WARNING: NonRotationTransformationWarning: transforming other coordinates from <ICRS Frame> to <GCRS Frame (obstime=[datetime.datetime(2026, 5, 30, 7, 0, 3, 308266)
 datetime.datetime(2026, 5, 30, 13, 0, 3, 308266)
 datetime.datetime(2026, 5, 30, 19, 0, 3, 308266)
 datetime.datetime(2026, 5, 31, 1, 0, 3, 308266)
 datetime.datetime(2026, 5, 31, 7, 0, 3, 308266)
 datetime.datetime(2026, 5, 31, 13, 0, 3, 308266)
 datetime.datetime(2026, 5, 31, 19, 0, 3, 308266)
 datetime.datetime(2026, 6, 1, 1, 0, 3, 308266)
 datetime.datetime(2026, 6, 1, 7, 0, 3, 308266)
 datetime.datetime(2026, 6, 1, 13, 0, 3, 308266)
 datetime.datetime(2026, 6, 1, 19, 0, 3, 308266)
 datetime.datetime(2026, 6, 2, 1, 0, 3, 308266)], obsgeoloc=(0., 0., 0.) m, obsgeovel=(0., 0., 0.) m / s)>. Angular separation can depend on the direction of the transformation. [astropy.coordinates.baseframe]
WARNING: NonRotationTransformationWarning: transforming other coordinates from <ICRS Frame> to <GCRS Frame (obstime=[datetime.datetime(2026, 5, 30, 7, 0, 3, 462122)
 datetime.datetime(2026, 5, 30, 13, 0, 3, 462122)
 datetime.datetime(2026, 5, 30, 19, 0, 3, 462122)
 datetime.datetime(2026, 5, 31, 1, 0, 3, 462122)
 datetime.datetime(2026, 5, 31, 7, 0, 3, 462122)
 datetime.datetime(2026, 5, 31, 13, 0, 3, 462122)
 datetime.datetime(2026, 5, 31, 19, 0, 3, 462122)
 datetime.datetime(2026, 6, 1, 1, 0, 3, 462122)
 datetime.datetime(2026, 6, 1, 7, 0, 3, 462122)
 datetime.datetime(2026, 6, 1, 13, 0, 3, 462122)
 datetime.datetime(2026, 6, 1, 19, 0, 3, 462122)
 datetime.datetime(2026, 6, 2, 1, 0, 3, 462122)], obsgeoloc=(0., 0., 0.) m, obsgeovel=(0., 0., 0.) m / s)>. Angular separation can depend on the direction of the transformation. [astropy.coordinates.baseframe]
WARNING: NonRotationTransformationWarning: transforming other coordinates from <ICRS Frame> to <GCRS Frame (obstime=[datetime.datetime(2026, 5, 30, 7, 0, 3, 471621)
 datetime.datetime(2026, 5, 30, 13, 0, 3, 471621)
 datetime.datetime(2026, 5, 30, 19, 0, 3, 471621)
 datetime.datetime(2026, 5, 31, 1, 0, 3, 471621)
 datetime.datetime(2026, 5, 31, 7, 0, 3, 471621)
 datetime.datetime(2026, 5, 31, 13, 0, 3, 471621)
 datetime.datetime(2026, 5, 31, 19, 0, 3, 471621)
 datetime.datetime(2026, 6, 1, 1, 0, 3, 471621)
 datetime.datetime(2026, 6, 1, 7, 0, 3, 471621)
 datetime.datetime(2026, 6, 1, 13, 0, 3, 471621)
 datetime.datetime(2026, 6, 1, 19, 0, 3, 471621)
 datetime.datetime(2026, 6, 2, 1, 0, 3, 471621)], obsgeoloc=(0., 0., 0.) m, obsgeovel=(0., 0., 0.) m / s)>. Angular separation can depend on the direction of the transformation. [astropy.coordinates.baseframe]
WARNING: NonRotationTransformationWarning: transforming other coordinates from <ICRS Frame> to <GCRS Frame (obstime=[datetime.datetime(2026, 5, 30, 7, 0, 3, 606184)
 datetime.datetime(2026, 5, 30, 13, 0, 3, 606184)
 datetime.datetime(2026, 5, 30, 19, 0, 3, 606184)
 datetime.datetime(2026, 5, 31, 1, 0, 3, 606184)
 datetime.datetime(2026, 5, 31, 7, 0, 3, 606184)
 datetime.datetime(2026, 5, 31, 13, 0, 3, 606184)
 datetime.datetime(2026, 5, 31, 19, 0, 3, 606184)
 datetime.datetime(2026, 6, 1, 1, 0, 3, 606184)
 datetime.datetime(2026, 6, 1, 7, 0, 3, 606184)
 datetime.datetime(2026, 6, 1, 13, 0, 3, 606184)
 datetime.datetime(2026, 6, 1, 19, 0, 3, 606184)
 datetime.datetime(2026, 6, 2, 1, 0, 3, 606184)], obsgeoloc=(0., 0., 0.) m, obsgeovel=(0., 0., 0.) m / s)>. Angular separation can depend on the direction of the transformation. [astropy.coordinates.baseframe]
WARNING: NonRotationTransformationWarning: transforming other coordinates from <ICRS Frame> to <GCRS Frame (obstime=[datetime.datetime(2026, 5, 30, 7, 0, 3, 615597)
 datetime.datetime(2026, 5, 30, 13, 0, 3, 615597)
 datetime.datetime(2026, 5, 30, 19, 0, 3, 615597)
 datetime.datetime(2026, 5, 31, 1, 0, 3, 615597)
 datetime.datetime(2026, 5, 31, 7, 0, 3, 615597)
 datetime.datetime(2026, 5, 31, 13, 0, 3, 615597)
 datetime.datetime(2026, 5, 31, 19, 0, 3, 615597)
 datetime.datetime(2026, 6, 1, 1, 0, 3, 615597)
 datetime.datetime(2026, 6, 1, 7, 0, 3, 615597)
 datetime.datetime(2026, 6, 1, 13, 0, 3, 615597)
 datetime.datetime(2026, 6, 1, 19, 0, 3, 615597)
 datetime.datetime(2026, 6, 2, 1, 0, 3, 615597)], obsgeoloc=(0., 0., 0.) m, obsgeovel=(0., 0., 0.) m / s)>. Angular separation can depend on the direction of the transformation. [astropy.coordinates.baseframe]
WARNING: NonRotationTransformationWarning: transforming other coordinates from <ICRS Frame> to <GCRS Frame (obstime=[datetime.datetime(2026, 5, 30, 7, 0, 3, 748567)
 datetime.datetime(2026, 5, 30, 13, 0, 3, 748567)
 datetime.datetime(2026, 5, 30, 19, 0, 3, 748567)
 datetime.datetime(2026, 5, 31, 1, 0, 3, 748567)
 datetime.datetime(2026, 5, 31, 7, 0, 3, 748567)
 datetime.datetime(2026, 5, 31, 13, 0, 3, 748567)
 datetime.datetime(2026, 5, 31, 19, 0, 3, 748567)
 datetime.datetime(2026, 6, 1, 1, 0, 3, 748567)
 datetime.datetime(2026, 6, 1, 7, 0, 3, 748567)
 datetime.datetime(2026, 6, 1, 13, 0, 3, 748567)
 datetime.datetime(2026, 6, 1, 19, 0, 3, 748567)
 datetime.datetime(2026, 6, 2, 1, 0, 3, 748567)], obsgeoloc=(0., 0., 0.) m, obsgeovel=(0., 0., 0.) m / s)>. Angular separation can depend on the direction of the transformation. [astropy.coordinates.baseframe]
WARNING: NonRotationTransformationWarning: transforming other coordinates from <ICRS Frame> to <GCRS Frame (obstime=[datetime.datetime(2026, 5, 30, 7, 0, 3, 758141)
 datetime.datetime(2026, 5, 30, 13, 0, 3, 758141)
 datetime.datetime(2026, 5, 30, 19, 0, 3, 758141)
 datetime.datetime(2026, 5, 31, 1, 0, 3, 758141)
 datetime.datetime(2026, 5, 31, 7, 0, 3, 758141)
 datetime.datetime(2026, 5, 31, 13, 0, 3, 758141)
 datetime.datetime(2026, 5, 31, 19, 0, 3, 758141)
 datetime.datetime(2026, 6, 1, 1, 0, 3, 758141)
 datetime.datetime(2026, 6, 1, 7, 0, 3, 758141)
 datetime.datetime(2026, 6, 1, 13, 0, 3, 758141)
 datetime.datetime(2026, 6, 1, 19, 0, 3, 758141)
 datetime.datetime(2026, 6, 2, 1, 0, 3, 758141)], obsgeoloc=(0., 0., 0.) m, obsgeovel=(0., 0., 0.) m / s)>. Angular separation can depend on the direction of the transformation. [astropy.coordinates.baseframe]
WARNING: NonRotationTransformationWarning: transforming other coordinates from <ICRS Frame> to <GCRS Frame (obstime=[datetime.datetime(2026, 5, 30, 7, 0, 3, 889618)
 datetime.datetime(2026, 5, 30, 13, 0, 3, 889618)
 datetime.datetime(2026, 5, 30, 19, 0, 3, 889618)
 datetime.datetime(2026, 5, 31, 1, 0, 3, 889618)
 datetime.datetime(2026, 5, 31, 7, 0, 3, 889618)
 datetime.datetime(2026, 5, 31, 13, 0, 3, 889618)
 datetime.datetime(2026, 5, 31, 19, 0, 3, 889618)
 datetime.datetime(2026, 6, 1, 1, 0, 3, 889618)
 datetime.datetime(2026, 6, 1, 7, 0, 3, 889618)
 datetime.datetime(2026, 6, 1, 13, 0, 3, 889618)
 datetime.datetime(2026, 6, 1, 19, 0, 3, 889618)
 datetime.datetime(2026, 6, 2, 1, 0, 3, 889618)], obsgeoloc=(0., 0., 0.) m, obsgeovel=(0., 0., 0.) m / s)>. Angular separation can depend on the direction of the transformation. [astropy.coordinates.baseframe]
WARNING: NonRotationTransformationWarning: transforming other coordinates from <ICRS Frame> to <GCRS Frame (obstime=[datetime.datetime(2026, 5, 30, 7, 0, 3, 898986)
 datetime.datetime(2026, 5, 30, 13, 0, 3, 898986)
 datetime.datetime(2026, 5, 30, 19, 0, 3, 898986)
 datetime.datetime(2026, 5, 31, 1, 0, 3, 898986)
 datetime.datetime(2026, 5, 31, 7, 0, 3, 898986)
 datetime.datetime(2026, 5, 31, 13, 0, 3, 898986)
 datetime.datetime(2026, 5, 31, 19, 0, 3, 898986)
 datetime.datetime(2026, 6, 1, 1, 0, 3, 898986)
 datetime.datetime(2026, 6, 1, 7, 0, 3, 898986)
 datetime.datetime(2026, 6, 1, 13, 0, 3, 898986)
 datetime.datetime(2026, 6, 1, 19, 0, 3, 898986)
 datetime.datetime(2026, 6, 2, 1, 0, 3, 898986)], obsgeoloc=(0., 0., 0.) m, obsgeovel=(0., 0., 0.) m / s)>. Angular separation can depend on the direction of the transformation. [astropy.coordinates.baseframe]
Calculating lunar distance for EP260321a...
Calculating lunar distance for EP260417b...
Calculating lunar distance for EP260507a...
Calculating lunar distance for EP260509a...
Calculating lunar distance for EP260512a...
Markdown file saved to Candidates_lunar.md
