WARNING: NonRotationTransformationWarning: transforming other coordinates from <ICRS Frame> to <GCRS Frame (obstime=[datetime.datetime(2026, 5, 31, 7, 0, 3, 132698)
 datetime.datetime(2026, 5, 31, 13, 0, 3, 132698)
 datetime.datetime(2026, 5, 31, 19, 0, 3, 132698)
 datetime.datetime(2026, 6, 1, 1, 0, 3, 132698)
 datetime.datetime(2026, 6, 1, 7, 0, 3, 132698)
 datetime.datetime(2026, 6, 1, 13, 0, 3, 132698)
 datetime.datetime(2026, 6, 1, 19, 0, 3, 132698)
 datetime.datetime(2026, 6, 2, 1, 0, 3, 132698)
 datetime.datetime(2026, 6, 2, 7, 0, 3, 132698)
 datetime.datetime(2026, 6, 2, 13, 0, 3, 132698)
 datetime.datetime(2026, 6, 2, 19, 0, 3, 132698)
 datetime.datetime(2026, 6, 3, 1, 0, 3, 132698)], obsgeoloc=(0., 0., 0.) m, obsgeovel=(0., 0., 0.) m / s)>. Angular separation can depend on the direction of the transformation. [astropy.coordinates.baseframe]
WARNING: NonRotationTransformationWarning: transforming other coordinates from <ICRS Frame> to <GCRS Frame (obstime=[datetime.datetime(2026, 5, 31, 7, 0, 3, 145864)
 datetime.datetime(2026, 5, 31, 13, 0, 3, 145864)
 datetime.datetime(2026, 5, 31, 19, 0, 3, 145864)
 datetime.datetime(2026, 6, 1, 1, 0, 3, 145864)
 datetime.datetime(2026, 6, 1, 7, 0, 3, 145864)
 datetime.datetime(2026, 6, 1, 13, 0, 3, 145864)
 datetime.datetime(2026, 6, 1, 19, 0, 3, 145864)
 datetime.datetime(2026, 6, 2, 1, 0, 3, 145864)
 datetime.datetime(2026, 6, 2, 7, 0, 3, 145864)
 datetime.datetime(2026, 6, 2, 13, 0, 3, 145864)
 datetime.datetime(2026, 6, 2, 19, 0, 3, 145864)
 datetime.datetime(2026, 6, 3, 1, 0, 3, 145864)], obsgeoloc=(0., 0., 0.) m, obsgeovel=(0., 0., 0.) m / s)>. Angular separation can depend on the direction of the transformation. [astropy.coordinates.baseframe]
WARNING: NonRotationTransformationWarning: transforming other coordinates from <ICRS Frame> to <GCRS Frame (obstime=[datetime.datetime(2026, 5, 31, 7, 0, 3, 294228)
 datetime.datetime(2026, 5, 31, 13, 0, 3, 294228)
 datetime.datetime(2026, 5, 31, 19, 0, 3, 294228)
 datetime.datetime(2026, 6, 1, 1, 0, 3, 294228)
 datetime.datetime(2026, 6, 1, 7, 0, 3, 294228)
 datetime.datetime(2026, 6, 1, 13, 0, 3, 294228)
 datetime.datetime(2026, 6, 1, 19, 0, 3, 294228)
 datetime.datetime(2026, 6, 2, 1, 0, 3, 294228)
 datetime.datetime(2026, 6, 2, 7, 0, 3, 294228)
 datetime.datetime(2026, 6, 2, 13, 0, 3, 294228)
 datetime.datetime(2026, 6, 2, 19, 0, 3, 294228)
 datetime.datetime(2026, 6, 3, 1, 0, 3, 294228)], obsgeoloc=(0., 0., 0.) m, obsgeovel=(0., 0., 0.) m / s)>. Angular separation can depend on the direction of the transformation. [astropy.coordinates.baseframe]
WARNING: NonRotationTransformationWarning: transforming other coordinates from <ICRS Frame> to <GCRS Frame (obstime=[datetime.datetime(2026, 5, 31, 7, 0, 3, 303623)
 datetime.datetime(2026, 5, 31, 13, 0, 3, 303623)
 datetime.datetime(2026, 5, 31, 19, 0, 3, 303623)
 datetime.datetime(2026, 6, 1, 1, 0, 3, 303623)
 datetime.datetime(2026, 6, 1, 7, 0, 3, 303623)
 datetime.datetime(2026, 6, 1, 13, 0, 3, 303623)
 datetime.datetime(2026, 6, 1, 19, 0, 3, 303623)
 datetime.datetime(2026, 6, 2, 1, 0, 3, 303623)
 datetime.datetime(2026, 6, 2, 7, 0, 3, 303623)
 datetime.datetime(2026, 6, 2, 13, 0, 3, 303623)
 datetime.datetime(2026, 6, 2, 19, 0, 3, 303623)
 datetime.datetime(2026, 6, 3, 1, 0, 3, 303623)], obsgeoloc=(0., 0., 0.) m, obsgeovel=(0., 0., 0.) m / s)>. Angular separation can depend on the direction of the transformation. [astropy.coordinates.baseframe]
WARNING: NonRotationTransformationWarning: transforming other coordinates from <ICRS Frame> to <GCRS Frame (obstime=[datetime.datetime(2026, 5, 31, 7, 0, 3, 437065)
 datetime.datetime(2026, 5, 31, 13, 0, 3, 437065)
 datetime.datetime(2026, 5, 31, 19, 0, 3, 437065)
 datetime.datetime(2026, 6, 1, 1, 0, 3, 437065)
 datetime.datetime(2026, 6, 1, 7, 0, 3, 437065)
 datetime.datetime(2026, 6, 1, 13, 0, 3, 437065)
 datetime.datetime(2026, 6, 1, 19, 0, 3, 437065)
 datetime.datetime(2026, 6, 2, 1, 0, 3, 437065)
 datetime.datetime(2026, 6, 2, 7, 0, 3, 437065)
 datetime.datetime(2026, 6, 2, 13, 0, 3, 437065)
 datetime.datetime(2026, 6, 2, 19, 0, 3, 437065)
 datetime.datetime(2026, 6, 3, 1, 0, 3, 437065)], obsgeoloc=(0., 0., 0.) m, obsgeovel=(0., 0., 0.) m / s)>. Angular separation can depend on the direction of the transformation. [astropy.coordinates.baseframe]
WARNING: NonRotationTransformationWarning: transforming other coordinates from <ICRS Frame> to <GCRS Frame (obstime=[datetime.datetime(2026, 5, 31, 7, 0, 3, 446491)
 datetime.datetime(2026, 5, 31, 13, 0, 3, 446491)
 datetime.datetime(2026, 5, 31, 19, 0, 3, 446491)
 datetime.datetime(2026, 6, 1, 1, 0, 3, 446491)
 datetime.datetime(2026, 6, 1, 7, 0, 3, 446491)
 datetime.datetime(2026, 6, 1, 13, 0, 3, 446491)
 datetime.datetime(2026, 6, 1, 19, 0, 3, 446491)
 datetime.datetime(2026, 6, 2, 1, 0, 3, 446491)
 datetime.datetime(2026, 6, 2, 7, 0, 3, 446491)
 datetime.datetime(2026, 6, 2, 13, 0, 3, 446491)
 datetime.datetime(2026, 6, 2, 19, 0, 3, 446491)
 datetime.datetime(2026, 6, 3, 1, 0, 3, 446491)], obsgeoloc=(0., 0., 0.) m, obsgeovel=(0., 0., 0.) m / s)>. Angular separation can depend on the direction of the transformation. [astropy.coordinates.baseframe]
WARNING: NonRotationTransformationWarning: transforming other coordinates from <ICRS Frame> to <GCRS Frame (obstime=[datetime.datetime(2026, 5, 31, 7, 0, 3, 577164)
 datetime.datetime(2026, 5, 31, 13, 0, 3, 577164)
 datetime.datetime(2026, 5, 31, 19, 0, 3, 577164)
 datetime.datetime(2026, 6, 1, 1, 0, 3, 577164)
 datetime.datetime(2026, 6, 1, 7, 0, 3, 577164)
 datetime.datetime(2026, 6, 1, 13, 0, 3, 577164)
 datetime.datetime(2026, 6, 1, 19, 0, 3, 577164)
 datetime.datetime(2026, 6, 2, 1, 0, 3, 577164)
 datetime.datetime(2026, 6, 2, 7, 0, 3, 577164)
 datetime.datetime(2026, 6, 2, 13, 0, 3, 577164)
 datetime.datetime(2026, 6, 2, 19, 0, 3, 577164)
 datetime.datetime(2026, 6, 3, 1, 0, 3, 577164)], obsgeoloc=(0., 0., 0.) m, obsgeovel=(0., 0., 0.) m / s)>. Angular separation can depend on the direction of the transformation. [astropy.coordinates.baseframe]
WARNING: NonRotationTransformationWarning: transforming other coordinates from <ICRS Frame> to <GCRS Frame (obstime=[datetime.datetime(2026, 5, 31, 7, 0, 3, 586501)
 datetime.datetime(2026, 5, 31, 13, 0, 3, 586501)
 datetime.datetime(2026, 5, 31, 19, 0, 3, 586501)
 datetime.datetime(2026, 6, 1, 1, 0, 3, 586501)
 datetime.datetime(2026, 6, 1, 7, 0, 3, 586501)
 datetime.datetime(2026, 6, 1, 13, 0, 3, 586501)
 datetime.datetime(2026, 6, 1, 19, 0, 3, 586501)
 datetime.datetime(2026, 6, 2, 1, 0, 3, 586501)
 datetime.datetime(2026, 6, 2, 7, 0, 3, 586501)
 datetime.datetime(2026, 6, 2, 13, 0, 3, 586501)
 datetime.datetime(2026, 6, 2, 19, 0, 3, 586501)
 datetime.datetime(2026, 6, 3, 1, 0, 3, 586501)], obsgeoloc=(0., 0., 0.) m, obsgeovel=(0., 0., 0.) m / s)>. Angular separation can depend on the direction of the transformation. [astropy.coordinates.baseframe]
WARNING: NonRotationTransformationWarning: transforming other coordinates from <ICRS Frame> to <GCRS Frame (obstime=[datetime.datetime(2026, 5, 31, 7, 0, 3, 718001)
 datetime.datetime(2026, 5, 31, 13, 0, 3, 718001)
 datetime.datetime(2026, 5, 31, 19, 0, 3, 718001)
 datetime.datetime(2026, 6, 1, 1, 0, 3, 718001)
 datetime.datetime(2026, 6, 1, 7, 0, 3, 718001)
 datetime.datetime(2026, 6, 1, 13, 0, 3, 718001)
 datetime.datetime(2026, 6, 1, 19, 0, 3, 718001)
 datetime.datetime(2026, 6, 2, 1, 0, 3, 718001)
 datetime.datetime(2026, 6, 2, 7, 0, 3, 718001)
 datetime.datetime(2026, 6, 2, 13, 0, 3, 718001)
 datetime.datetime(2026, 6, 2, 19, 0, 3, 718001)
 datetime.datetime(2026, 6, 3, 1, 0, 3, 718001)], obsgeoloc=(0., 0., 0.) m, obsgeovel=(0., 0., 0.) m / s)>. Angular separation can depend on the direction of the transformation. [astropy.coordinates.baseframe]
WARNING: NonRotationTransformationWarning: transforming other coordinates from <ICRS Frame> to <GCRS Frame (obstime=[datetime.datetime(2026, 5, 31, 7, 0, 3, 727375)
 datetime.datetime(2026, 5, 31, 13, 0, 3, 727375)
 datetime.datetime(2026, 5, 31, 19, 0, 3, 727375)
 datetime.datetime(2026, 6, 1, 1, 0, 3, 727375)
 datetime.datetime(2026, 6, 1, 7, 0, 3, 727375)
 datetime.datetime(2026, 6, 1, 13, 0, 3, 727375)
 datetime.datetime(2026, 6, 1, 19, 0, 3, 727375)
 datetime.datetime(2026, 6, 2, 1, 0, 3, 727375)
 datetime.datetime(2026, 6, 2, 7, 0, 3, 727375)
 datetime.datetime(2026, 6, 2, 13, 0, 3, 727375)
 datetime.datetime(2026, 6, 2, 19, 0, 3, 727375)
 datetime.datetime(2026, 6, 3, 1, 0, 3, 727375)], obsgeoloc=(0., 0., 0.) m, obsgeovel=(0., 0., 0.) m / s)>. Angular separation can depend on the direction of the transformation. [astropy.coordinates.baseframe]
Calculating lunar distance for EP260321a...
Calculating lunar distance for EP260417b...
Calculating lunar distance for EP260507a...
Calculating lunar distance for EP260509a...
Calculating lunar distance for EP260512a...
Markdown file saved to Candidates_lunar.md
