WARNING: NonRotationTransformationWarning: transforming other coordinates from <ICRS Frame> to <GCRS Frame (obstime=[datetime.datetime(2026, 6, 23, 7, 0, 2, 740650)
 datetime.datetime(2026, 6, 23, 13, 0, 2, 740650)
 datetime.datetime(2026, 6, 23, 19, 0, 2, 740650)
 datetime.datetime(2026, 6, 24, 1, 0, 2, 740650)
 datetime.datetime(2026, 6, 24, 7, 0, 2, 740650)
 datetime.datetime(2026, 6, 24, 13, 0, 2, 740650)
 datetime.datetime(2026, 6, 24, 19, 0, 2, 740650)
 datetime.datetime(2026, 6, 25, 1, 0, 2, 740650)
 datetime.datetime(2026, 6, 25, 7, 0, 2, 740650)
 datetime.datetime(2026, 6, 25, 13, 0, 2, 740650)
 datetime.datetime(2026, 6, 25, 19, 0, 2, 740650)
 datetime.datetime(2026, 6, 26, 1, 0, 2, 740650)], obsgeoloc=(0., 0., 0.) m, obsgeovel=(0., 0., 0.) m / s)>. Angular separation can depend on the direction of the transformation. [astropy.coordinates.baseframe]
WARNING: NonRotationTransformationWarning: transforming other coordinates from <ICRS Frame> to <GCRS Frame (obstime=[datetime.datetime(2026, 6, 23, 7, 0, 2, 755715)
 datetime.datetime(2026, 6, 23, 13, 0, 2, 755715)
 datetime.datetime(2026, 6, 23, 19, 0, 2, 755715)
 datetime.datetime(2026, 6, 24, 1, 0, 2, 755715)
 datetime.datetime(2026, 6, 24, 7, 0, 2, 755715)
 datetime.datetime(2026, 6, 24, 13, 0, 2, 755715)
 datetime.datetime(2026, 6, 24, 19, 0, 2, 755715)
 datetime.datetime(2026, 6, 25, 1, 0, 2, 755715)
 datetime.datetime(2026, 6, 25, 7, 0, 2, 755715)
 datetime.datetime(2026, 6, 25, 13, 0, 2, 755715)
 datetime.datetime(2026, 6, 25, 19, 0, 2, 755715)
 datetime.datetime(2026, 6, 26, 1, 0, 2, 755715)], obsgeoloc=(0., 0., 0.) m, obsgeovel=(0., 0., 0.) m / s)>. Angular separation can depend on the direction of the transformation. [astropy.coordinates.baseframe]
WARNING: NonRotationTransformationWarning: transforming other coordinates from <ICRS Frame> to <GCRS Frame (obstime=[datetime.datetime(2026, 6, 23, 7, 0, 2, 906854)
 datetime.datetime(2026, 6, 23, 13, 0, 2, 906854)
 datetime.datetime(2026, 6, 23, 19, 0, 2, 906854)
 datetime.datetime(2026, 6, 24, 1, 0, 2, 906854)
 datetime.datetime(2026, 6, 24, 7, 0, 2, 906854)
 datetime.datetime(2026, 6, 24, 13, 0, 2, 906854)
 datetime.datetime(2026, 6, 24, 19, 0, 2, 906854)
 datetime.datetime(2026, 6, 25, 1, 0, 2, 906854)
 datetime.datetime(2026, 6, 25, 7, 0, 2, 906854)
 datetime.datetime(2026, 6, 25, 13, 0, 2, 906854)
 datetime.datetime(2026, 6, 25, 19, 0, 2, 906854)
 datetime.datetime(2026, 6, 26, 1, 0, 2, 906854)], obsgeoloc=(0., 0., 0.) m, obsgeovel=(0., 0., 0.) m / s)>. Angular separation can depend on the direction of the transformation. [astropy.coordinates.baseframe]
WARNING: NonRotationTransformationWarning: transforming other coordinates from <ICRS Frame> to <GCRS Frame (obstime=[datetime.datetime(2026, 6, 23, 7, 0, 2, 917322)
 datetime.datetime(2026, 6, 23, 13, 0, 2, 917322)
 datetime.datetime(2026, 6, 23, 19, 0, 2, 917322)
 datetime.datetime(2026, 6, 24, 1, 0, 2, 917322)
 datetime.datetime(2026, 6, 24, 7, 0, 2, 917322)
 datetime.datetime(2026, 6, 24, 13, 0, 2, 917322)
 datetime.datetime(2026, 6, 24, 19, 0, 2, 917322)
 datetime.datetime(2026, 6, 25, 1, 0, 2, 917322)
 datetime.datetime(2026, 6, 25, 7, 0, 2, 917322)
 datetime.datetime(2026, 6, 25, 13, 0, 2, 917322)
 datetime.datetime(2026, 6, 25, 19, 0, 2, 917322)
 datetime.datetime(2026, 6, 26, 1, 0, 2, 917322)], obsgeoloc=(0., 0., 0.) m, obsgeovel=(0., 0., 0.) m / s)>. Angular separation can depend on the direction of the transformation. [astropy.coordinates.baseframe]
WARNING: NonRotationTransformationWarning: transforming other coordinates from <ICRS Frame> to <GCRS Frame (obstime=[datetime.datetime(2026, 6, 23, 7, 0, 3, 47223)
 datetime.datetime(2026, 6, 23, 13, 0, 3, 47223)
 datetime.datetime(2026, 6, 23, 19, 0, 3, 47223)
 datetime.datetime(2026, 6, 24, 1, 0, 3, 47223)
 datetime.datetime(2026, 6, 24, 7, 0, 3, 47223)
 datetime.datetime(2026, 6, 24, 13, 0, 3, 47223)
 datetime.datetime(2026, 6, 24, 19, 0, 3, 47223)
 datetime.datetime(2026, 6, 25, 1, 0, 3, 47223)
 datetime.datetime(2026, 6, 25, 7, 0, 3, 47223)
 datetime.datetime(2026, 6, 25, 13, 0, 3, 47223)
 datetime.datetime(2026, 6, 25, 19, 0, 3, 47223)
 datetime.datetime(2026, 6, 26, 1, 0, 3, 47223)], obsgeoloc=(0., 0., 0.) m, obsgeovel=(0., 0., 0.) m / s)>. Angular separation can depend on the direction of the transformation. [astropy.coordinates.baseframe]
WARNING: NonRotationTransformationWarning: transforming other coordinates from <ICRS Frame> to <GCRS Frame (obstime=[datetime.datetime(2026, 6, 23, 7, 0, 3, 57677)
 datetime.datetime(2026, 6, 23, 13, 0, 3, 57677)
 datetime.datetime(2026, 6, 23, 19, 0, 3, 57677)
 datetime.datetime(2026, 6, 24, 1, 0, 3, 57677)
 datetime.datetime(2026, 6, 24, 7, 0, 3, 57677)
 datetime.datetime(2026, 6, 24, 13, 0, 3, 57677)
 datetime.datetime(2026, 6, 24, 19, 0, 3, 57677)
 datetime.datetime(2026, 6, 25, 1, 0, 3, 57677)
 datetime.datetime(2026, 6, 25, 7, 0, 3, 57677)
 datetime.datetime(2026, 6, 25, 13, 0, 3, 57677)
 datetime.datetime(2026, 6, 25, 19, 0, 3, 57677)
 datetime.datetime(2026, 6, 26, 1, 0, 3, 57677)], obsgeoloc=(0., 0., 0.) m, obsgeovel=(0., 0., 0.) m / s)>. Angular separation can depend on the direction of the transformation. [astropy.coordinates.baseframe]
WARNING: NonRotationTransformationWarning: transforming other coordinates from <ICRS Frame> to <GCRS Frame (obstime=[datetime.datetime(2026, 6, 23, 7, 0, 3, 189705)
 datetime.datetime(2026, 6, 23, 13, 0, 3, 189705)
 datetime.datetime(2026, 6, 23, 19, 0, 3, 189705)
 datetime.datetime(2026, 6, 24, 1, 0, 3, 189705)
 datetime.datetime(2026, 6, 24, 7, 0, 3, 189705)
 datetime.datetime(2026, 6, 24, 13, 0, 3, 189705)
 datetime.datetime(2026, 6, 24, 19, 0, 3, 189705)
 datetime.datetime(2026, 6, 25, 1, 0, 3, 189705)
 datetime.datetime(2026, 6, 25, 7, 0, 3, 189705)
 datetime.datetime(2026, 6, 25, 13, 0, 3, 189705)
 datetime.datetime(2026, 6, 25, 19, 0, 3, 189705)
 datetime.datetime(2026, 6, 26, 1, 0, 3, 189705)], obsgeoloc=(0., 0., 0.) m, obsgeovel=(0., 0., 0.) m / s)>. Angular separation can depend on the direction of the transformation. [astropy.coordinates.baseframe]
WARNING: NonRotationTransformationWarning: transforming other coordinates from <ICRS Frame> to <GCRS Frame (obstime=[datetime.datetime(2026, 6, 23, 7, 0, 3, 200153)
 datetime.datetime(2026, 6, 23, 13, 0, 3, 200153)
 datetime.datetime(2026, 6, 23, 19, 0, 3, 200153)
 datetime.datetime(2026, 6, 24, 1, 0, 3, 200153)
 datetime.datetime(2026, 6, 24, 7, 0, 3, 200153)
 datetime.datetime(2026, 6, 24, 13, 0, 3, 200153)
 datetime.datetime(2026, 6, 24, 19, 0, 3, 200153)
 datetime.datetime(2026, 6, 25, 1, 0, 3, 200153)
 datetime.datetime(2026, 6, 25, 7, 0, 3, 200153)
 datetime.datetime(2026, 6, 25, 13, 0, 3, 200153)
 datetime.datetime(2026, 6, 25, 19, 0, 3, 200153)
 datetime.datetime(2026, 6, 26, 1, 0, 3, 200153)], obsgeoloc=(0., 0., 0.) m, obsgeovel=(0., 0., 0.) m / s)>. Angular separation can depend on the direction of the transformation. [astropy.coordinates.baseframe]
WARNING: NonRotationTransformationWarning: transforming other coordinates from <ICRS Frame> to <GCRS Frame (obstime=[datetime.datetime(2026, 6, 23, 7, 0, 3, 336123)
 datetime.datetime(2026, 6, 23, 13, 0, 3, 336123)
 datetime.datetime(2026, 6, 23, 19, 0, 3, 336123)
 datetime.datetime(2026, 6, 24, 1, 0, 3, 336123)
 datetime.datetime(2026, 6, 24, 7, 0, 3, 336123)
 datetime.datetime(2026, 6, 24, 13, 0, 3, 336123)
 datetime.datetime(2026, 6, 24, 19, 0, 3, 336123)
 datetime.datetime(2026, 6, 25, 1, 0, 3, 336123)
 datetime.datetime(2026, 6, 25, 7, 0, 3, 336123)
 datetime.datetime(2026, 6, 25, 13, 0, 3, 336123)
 datetime.datetime(2026, 6, 25, 19, 0, 3, 336123)
 datetime.datetime(2026, 6, 26, 1, 0, 3, 336123)], obsgeoloc=(0., 0., 0.) m, obsgeovel=(0., 0., 0.) m / s)>. Angular separation can depend on the direction of the transformation. [astropy.coordinates.baseframe]
WARNING: NonRotationTransformationWarning: transforming other coordinates from <ICRS Frame> to <GCRS Frame (obstime=[datetime.datetime(2026, 6, 23, 7, 0, 3, 346544)
 datetime.datetime(2026, 6, 23, 13, 0, 3, 346544)
 datetime.datetime(2026, 6, 23, 19, 0, 3, 346544)
 datetime.datetime(2026, 6, 24, 1, 0, 3, 346544)
 datetime.datetime(2026, 6, 24, 7, 0, 3, 346544)
 datetime.datetime(2026, 6, 24, 13, 0, 3, 346544)
 datetime.datetime(2026, 6, 24, 19, 0, 3, 346544)
 datetime.datetime(2026, 6, 25, 1, 0, 3, 346544)
 datetime.datetime(2026, 6, 25, 7, 0, 3, 346544)
 datetime.datetime(2026, 6, 25, 13, 0, 3, 346544)
 datetime.datetime(2026, 6, 25, 19, 0, 3, 346544)
 datetime.datetime(2026, 6, 26, 1, 0, 3, 346544)], obsgeoloc=(0., 0., 0.) m, obsgeovel=(0., 0., 0.) m / s)>. Angular separation can depend on the direction of the transformation. [astropy.coordinates.baseframe]
WARNING: NonRotationTransformationWarning: transforming other coordinates from <ICRS Frame> to <GCRS Frame (obstime=[datetime.datetime(2026, 6, 23, 7, 0, 3, 477335)
 datetime.datetime(2026, 6, 23, 13, 0, 3, 477335)
 datetime.datetime(2026, 6, 23, 19, 0, 3, 477335)
 datetime.datetime(2026, 6, 24, 1, 0, 3, 477335)
 datetime.datetime(2026, 6, 24, 7, 0, 3, 477335)
 datetime.datetime(2026, 6, 24, 13, 0, 3, 477335)
 datetime.datetime(2026, 6, 24, 19, 0, 3, 477335)
 datetime.datetime(2026, 6, 25, 1, 0, 3, 477335)
 datetime.datetime(2026, 6, 25, 7, 0, 3, 477335)
 datetime.datetime(2026, 6, 25, 13, 0, 3, 477335)
 datetime.datetime(2026, 6, 25, 19, 0, 3, 477335)
 datetime.datetime(2026, 6, 26, 1, 0, 3, 477335)], obsgeoloc=(0., 0., 0.) m, obsgeovel=(0., 0., 0.) m / s)>. Angular separation can depend on the direction of the transformation. [astropy.coordinates.baseframe]
WARNING: NonRotationTransformationWarning: transforming other coordinates from <ICRS Frame> to <GCRS Frame (obstime=[datetime.datetime(2026, 6, 23, 7, 0, 3, 487818)
 datetime.datetime(2026, 6, 23, 13, 0, 3, 487818)
 datetime.datetime(2026, 6, 23, 19, 0, 3, 487818)
 datetime.datetime(2026, 6, 24, 1, 0, 3, 487818)
 datetime.datetime(2026, 6, 24, 7, 0, 3, 487818)
 datetime.datetime(2026, 6, 24, 13, 0, 3, 487818)
 datetime.datetime(2026, 6, 24, 19, 0, 3, 487818)
 datetime.datetime(2026, 6, 25, 1, 0, 3, 487818)
 datetime.datetime(2026, 6, 25, 7, 0, 3, 487818)
 datetime.datetime(2026, 6, 25, 13, 0, 3, 487818)
 datetime.datetime(2026, 6, 25, 19, 0, 3, 487818)
 datetime.datetime(2026, 6, 26, 1, 0, 3, 487818)], obsgeoloc=(0., 0., 0.) m, obsgeovel=(0., 0., 0.) m / s)>. Angular separation can depend on the direction of the transformation. [astropy.coordinates.baseframe]
WARNING: NonRotationTransformationWarning: transforming other coordinates from <ICRS Frame> to <GCRS Frame (obstime=[datetime.datetime(2026, 6, 23, 7, 0, 3, 619974)
 datetime.datetime(2026, 6, 23, 13, 0, 3, 619974)
 datetime.datetime(2026, 6, 23, 19, 0, 3, 619974)
 datetime.datetime(2026, 6, 24, 1, 0, 3, 619974)
 datetime.datetime(2026, 6, 24, 7, 0, 3, 619974)
 datetime.datetime(2026, 6, 24, 13, 0, 3, 619974)
 datetime.datetime(2026, 6, 24, 19, 0, 3, 619974)
 datetime.datetime(2026, 6, 25, 1, 0, 3, 619974)
 datetime.datetime(2026, 6, 25, 7, 0, 3, 619974)
 datetime.datetime(2026, 6, 25, 13, 0, 3, 619974)
 datetime.datetime(2026, 6, 25, 19, 0, 3, 619974)
 datetime.datetime(2026, 6, 26, 1, 0, 3, 619974)], obsgeoloc=(0., 0., 0.) m, obsgeovel=(0., 0., 0.) m / s)>. Angular separation can depend on the direction of the transformation. [astropy.coordinates.baseframe]
WARNING: NonRotationTransformationWarning: transforming other coordinates from <ICRS Frame> to <GCRS Frame (obstime=[datetime.datetime(2026, 6, 23, 7, 0, 3, 630366)
 datetime.datetime(2026, 6, 23, 13, 0, 3, 630366)
 datetime.datetime(2026, 6, 23, 19, 0, 3, 630366)
 datetime.datetime(2026, 6, 24, 1, 0, 3, 630366)
 datetime.datetime(2026, 6, 24, 7, 0, 3, 630366)
 datetime.datetime(2026, 6, 24, 13, 0, 3, 630366)
 datetime.datetime(2026, 6, 24, 19, 0, 3, 630366)
 datetime.datetime(2026, 6, 25, 1, 0, 3, 630366)
 datetime.datetime(2026, 6, 25, 7, 0, 3, 630366)
 datetime.datetime(2026, 6, 25, 13, 0, 3, 630366)
 datetime.datetime(2026, 6, 25, 19, 0, 3, 630366)
 datetime.datetime(2026, 6, 26, 1, 0, 3, 630366)], obsgeoloc=(0., 0., 0.) m, obsgeovel=(0., 0., 0.) m / s)>. Angular separation can depend on the direction of the transformation. [astropy.coordinates.baseframe]
WARNING: NonRotationTransformationWarning: transforming other coordinates from <ICRS Frame> to <GCRS Frame (obstime=[datetime.datetime(2026, 6, 23, 7, 0, 3, 759606)
 datetime.datetime(2026, 6, 23, 13, 0, 3, 759606)
 datetime.datetime(2026, 6, 23, 19, 0, 3, 759606)
 datetime.datetime(2026, 6, 24, 1, 0, 3, 759606)
 datetime.datetime(2026, 6, 24, 7, 0, 3, 759606)
 datetime.datetime(2026, 6, 24, 13, 0, 3, 759606)
 datetime.datetime(2026, 6, 24, 19, 0, 3, 759606)
 datetime.datetime(2026, 6, 25, 1, 0, 3, 759606)
 datetime.datetime(2026, 6, 25, 7, 0, 3, 759606)
 datetime.datetime(2026, 6, 25, 13, 0, 3, 759606)
 datetime.datetime(2026, 6, 25, 19, 0, 3, 759606)
 datetime.datetime(2026, 6, 26, 1, 0, 3, 759606)], obsgeoloc=(0., 0., 0.) m, obsgeovel=(0., 0., 0.) m / s)>. Angular separation can depend on the direction of the transformation. [astropy.coordinates.baseframe]
WARNING: NonRotationTransformationWarning: transforming other coordinates from <ICRS Frame> to <GCRS Frame (obstime=[datetime.datetime(2026, 6, 23, 7, 0, 3, 770180)
 datetime.datetime(2026, 6, 23, 13, 0, 3, 770180)
 datetime.datetime(2026, 6, 23, 19, 0, 3, 770180)
 datetime.datetime(2026, 6, 24, 1, 0, 3, 770180)
 datetime.datetime(2026, 6, 24, 7, 0, 3, 770180)
 datetime.datetime(2026, 6, 24, 13, 0, 3, 770180)
 datetime.datetime(2026, 6, 24, 19, 0, 3, 770180)
 datetime.datetime(2026, 6, 25, 1, 0, 3, 770180)
 datetime.datetime(2026, 6, 25, 7, 0, 3, 770180)
 datetime.datetime(2026, 6, 25, 13, 0, 3, 770180)
 datetime.datetime(2026, 6, 25, 19, 0, 3, 770180)
 datetime.datetime(2026, 6, 26, 1, 0, 3, 770180)], obsgeoloc=(0., 0., 0.) m, obsgeovel=(0., 0., 0.) m / s)>. Angular separation can depend on the direction of the transformation. [astropy.coordinates.baseframe]
Calculating lunar distance for EP260514a...
Calculating lunar distance for EP260526a...
Calculating lunar distance for EP260602a...
Calculating lunar distance for EP260602b...
Calculating lunar distance for EP260602c...
Calculating lunar distance for EP260605a...
Calculating lunar distance for EP260610a...
Calculating lunar distance for EP260610b...
Markdown file saved to Candidates_lunar.md
