WARNING: NonRotationTransformationWarning: transforming other coordinates from <ICRS Frame> to <GCRS Frame (obstime=[datetime.datetime(2026, 6, 2, 7, 0, 3, 349861)
 datetime.datetime(2026, 6, 2, 13, 0, 3, 349861)
 datetime.datetime(2026, 6, 2, 19, 0, 3, 349861)
 datetime.datetime(2026, 6, 3, 1, 0, 3, 349861)
 datetime.datetime(2026, 6, 3, 7, 0, 3, 349861)
 datetime.datetime(2026, 6, 3, 13, 0, 3, 349861)
 datetime.datetime(2026, 6, 3, 19, 0, 3, 349861)
 datetime.datetime(2026, 6, 4, 1, 0, 3, 349861)
 datetime.datetime(2026, 6, 4, 7, 0, 3, 349861)
 datetime.datetime(2026, 6, 4, 13, 0, 3, 349861)
 datetime.datetime(2026, 6, 4, 19, 0, 3, 349861)
 datetime.datetime(2026, 6, 5, 1, 0, 3, 349861)], obsgeoloc=(0., 0., 0.) m, obsgeovel=(0., 0., 0.) m / s)>. Angular separation can depend on the direction of the transformation. [astropy.coordinates.baseframe]
WARNING: NonRotationTransformationWarning: transforming other coordinates from <ICRS Frame> to <GCRS Frame (obstime=[datetime.datetime(2026, 6, 2, 7, 0, 3, 363889)
 datetime.datetime(2026, 6, 2, 13, 0, 3, 363889)
 datetime.datetime(2026, 6, 2, 19, 0, 3, 363889)
 datetime.datetime(2026, 6, 3, 1, 0, 3, 363889)
 datetime.datetime(2026, 6, 3, 7, 0, 3, 363889)
 datetime.datetime(2026, 6, 3, 13, 0, 3, 363889)
 datetime.datetime(2026, 6, 3, 19, 0, 3, 363889)
 datetime.datetime(2026, 6, 4, 1, 0, 3, 363889)
 datetime.datetime(2026, 6, 4, 7, 0, 3, 363889)
 datetime.datetime(2026, 6, 4, 13, 0, 3, 363889)
 datetime.datetime(2026, 6, 4, 19, 0, 3, 363889)
 datetime.datetime(2026, 6, 5, 1, 0, 3, 363889)], obsgeoloc=(0., 0., 0.) m, obsgeovel=(0., 0., 0.) m / s)>. Angular separation can depend on the direction of the transformation. [astropy.coordinates.baseframe]
WARNING: NonRotationTransformationWarning: transforming other coordinates from <ICRS Frame> to <GCRS Frame (obstime=[datetime.datetime(2026, 6, 2, 7, 0, 3, 514699)
 datetime.datetime(2026, 6, 2, 13, 0, 3, 514699)
 datetime.datetime(2026, 6, 2, 19, 0, 3, 514699)
 datetime.datetime(2026, 6, 3, 1, 0, 3, 514699)
 datetime.datetime(2026, 6, 3, 7, 0, 3, 514699)
 datetime.datetime(2026, 6, 3, 13, 0, 3, 514699)
 datetime.datetime(2026, 6, 3, 19, 0, 3, 514699)
 datetime.datetime(2026, 6, 4, 1, 0, 3, 514699)
 datetime.datetime(2026, 6, 4, 7, 0, 3, 514699)
 datetime.datetime(2026, 6, 4, 13, 0, 3, 514699)
 datetime.datetime(2026, 6, 4, 19, 0, 3, 514699)
 datetime.datetime(2026, 6, 5, 1, 0, 3, 514699)], obsgeoloc=(0., 0., 0.) m, obsgeovel=(0., 0., 0.) m / s)>. Angular separation can depend on the direction of the transformation. [astropy.coordinates.baseframe]
WARNING: NonRotationTransformationWarning: transforming other coordinates from <ICRS Frame> to <GCRS Frame (obstime=[datetime.datetime(2026, 6, 2, 7, 0, 3, 524331)
 datetime.datetime(2026, 6, 2, 13, 0, 3, 524331)
 datetime.datetime(2026, 6, 2, 19, 0, 3, 524331)
 datetime.datetime(2026, 6, 3, 1, 0, 3, 524331)
 datetime.datetime(2026, 6, 3, 7, 0, 3, 524331)
 datetime.datetime(2026, 6, 3, 13, 0, 3, 524331)
 datetime.datetime(2026, 6, 3, 19, 0, 3, 524331)
 datetime.datetime(2026, 6, 4, 1, 0, 3, 524331)
 datetime.datetime(2026, 6, 4, 7, 0, 3, 524331)
 datetime.datetime(2026, 6, 4, 13, 0, 3, 524331)
 datetime.datetime(2026, 6, 4, 19, 0, 3, 524331)
 datetime.datetime(2026, 6, 5, 1, 0, 3, 524331)], obsgeoloc=(0., 0., 0.) m, obsgeovel=(0., 0., 0.) m / s)>. Angular separation can depend on the direction of the transformation. [astropy.coordinates.baseframe]
WARNING: NonRotationTransformationWarning: transforming other coordinates from <ICRS Frame> to <GCRS Frame (obstime=[datetime.datetime(2026, 6, 2, 7, 0, 3, 654103)
 datetime.datetime(2026, 6, 2, 13, 0, 3, 654103)
 datetime.datetime(2026, 6, 2, 19, 0, 3, 654103)
 datetime.datetime(2026, 6, 3, 1, 0, 3, 654103)
 datetime.datetime(2026, 6, 3, 7, 0, 3, 654103)
 datetime.datetime(2026, 6, 3, 13, 0, 3, 654103)
 datetime.datetime(2026, 6, 3, 19, 0, 3, 654103)
 datetime.datetime(2026, 6, 4, 1, 0, 3, 654103)
 datetime.datetime(2026, 6, 4, 7, 0, 3, 654103)
 datetime.datetime(2026, 6, 4, 13, 0, 3, 654103)
 datetime.datetime(2026, 6, 4, 19, 0, 3, 654103)
 datetime.datetime(2026, 6, 5, 1, 0, 3, 654103)], obsgeoloc=(0., 0., 0.) m, obsgeovel=(0., 0., 0.) m / s)>. Angular separation can depend on the direction of the transformation. [astropy.coordinates.baseframe]
WARNING: NonRotationTransformationWarning: transforming other coordinates from <ICRS Frame> to <GCRS Frame (obstime=[datetime.datetime(2026, 6, 2, 7, 0, 3, 663534)
 datetime.datetime(2026, 6, 2, 13, 0, 3, 663534)
 datetime.datetime(2026, 6, 2, 19, 0, 3, 663534)
 datetime.datetime(2026, 6, 3, 1, 0, 3, 663534)
 datetime.datetime(2026, 6, 3, 7, 0, 3, 663534)
 datetime.datetime(2026, 6, 3, 13, 0, 3, 663534)
 datetime.datetime(2026, 6, 3, 19, 0, 3, 663534)
 datetime.datetime(2026, 6, 4, 1, 0, 3, 663534)
 datetime.datetime(2026, 6, 4, 7, 0, 3, 663534)
 datetime.datetime(2026, 6, 4, 13, 0, 3, 663534)
 datetime.datetime(2026, 6, 4, 19, 0, 3, 663534)
 datetime.datetime(2026, 6, 5, 1, 0, 3, 663534)], obsgeoloc=(0., 0., 0.) m, obsgeovel=(0., 0., 0.) m / s)>. Angular separation can depend on the direction of the transformation. [astropy.coordinates.baseframe]
WARNING: NonRotationTransformationWarning: transforming other coordinates from <ICRS Frame> to <GCRS Frame (obstime=[datetime.datetime(2026, 6, 2, 7, 0, 3, 789146)
 datetime.datetime(2026, 6, 2, 13, 0, 3, 789146)
 datetime.datetime(2026, 6, 2, 19, 0, 3, 789146)
 datetime.datetime(2026, 6, 3, 1, 0, 3, 789146)
 datetime.datetime(2026, 6, 3, 7, 0, 3, 789146)
 datetime.datetime(2026, 6, 3, 13, 0, 3, 789146)
 datetime.datetime(2026, 6, 3, 19, 0, 3, 789146)
 datetime.datetime(2026, 6, 4, 1, 0, 3, 789146)
 datetime.datetime(2026, 6, 4, 7, 0, 3, 789146)
 datetime.datetime(2026, 6, 4, 13, 0, 3, 789146)
 datetime.datetime(2026, 6, 4, 19, 0, 3, 789146)
 datetime.datetime(2026, 6, 5, 1, 0, 3, 789146)], obsgeoloc=(0., 0., 0.) m, obsgeovel=(0., 0., 0.) m / s)>. Angular separation can depend on the direction of the transformation. [astropy.coordinates.baseframe]
WARNING: NonRotationTransformationWarning: transforming other coordinates from <ICRS Frame> to <GCRS Frame (obstime=[datetime.datetime(2026, 6, 2, 7, 0, 3, 798499)
 datetime.datetime(2026, 6, 2, 13, 0, 3, 798499)
 datetime.datetime(2026, 6, 2, 19, 0, 3, 798499)
 datetime.datetime(2026, 6, 3, 1, 0, 3, 798499)
 datetime.datetime(2026, 6, 3, 7, 0, 3, 798499)
 datetime.datetime(2026, 6, 3, 13, 0, 3, 798499)
 datetime.datetime(2026, 6, 3, 19, 0, 3, 798499)
 datetime.datetime(2026, 6, 4, 1, 0, 3, 798499)
 datetime.datetime(2026, 6, 4, 7, 0, 3, 798499)
 datetime.datetime(2026, 6, 4, 13, 0, 3, 798499)
 datetime.datetime(2026, 6, 4, 19, 0, 3, 798499)
 datetime.datetime(2026, 6, 5, 1, 0, 3, 798499)], obsgeoloc=(0., 0., 0.) m, obsgeovel=(0., 0., 0.) m / s)>. Angular separation can depend on the direction of the transformation. [astropy.coordinates.baseframe]
WARNING: NonRotationTransformationWarning: transforming other coordinates from <ICRS Frame> to <GCRS Frame (obstime=[datetime.datetime(2026, 6, 2, 7, 0, 3, 926027)
 datetime.datetime(2026, 6, 2, 13, 0, 3, 926027)
 datetime.datetime(2026, 6, 2, 19, 0, 3, 926027)
 datetime.datetime(2026, 6, 3, 1, 0, 3, 926027)
 datetime.datetime(2026, 6, 3, 7, 0, 3, 926027)
 datetime.datetime(2026, 6, 3, 13, 0, 3, 926027)
 datetime.datetime(2026, 6, 3, 19, 0, 3, 926027)
 datetime.datetime(2026, 6, 4, 1, 0, 3, 926027)
 datetime.datetime(2026, 6, 4, 7, 0, 3, 926027)
 datetime.datetime(2026, 6, 4, 13, 0, 3, 926027)
 datetime.datetime(2026, 6, 4, 19, 0, 3, 926027)
 datetime.datetime(2026, 6, 5, 1, 0, 3, 926027)], obsgeoloc=(0., 0., 0.) m, obsgeovel=(0., 0., 0.) m / s)>. Angular separation can depend on the direction of the transformation. [astropy.coordinates.baseframe]
WARNING: NonRotationTransformationWarning: transforming other coordinates from <ICRS Frame> to <GCRS Frame (obstime=[datetime.datetime(2026, 6, 2, 7, 0, 3, 935456)
 datetime.datetime(2026, 6, 2, 13, 0, 3, 935456)
 datetime.datetime(2026, 6, 2, 19, 0, 3, 935456)
 datetime.datetime(2026, 6, 3, 1, 0, 3, 935456)
 datetime.datetime(2026, 6, 3, 7, 0, 3, 935456)
 datetime.datetime(2026, 6, 3, 13, 0, 3, 935456)
 datetime.datetime(2026, 6, 3, 19, 0, 3, 935456)
 datetime.datetime(2026, 6, 4, 1, 0, 3, 935456)
 datetime.datetime(2026, 6, 4, 7, 0, 3, 935456)
 datetime.datetime(2026, 6, 4, 13, 0, 3, 935456)
 datetime.datetime(2026, 6, 4, 19, 0, 3, 935456)
 datetime.datetime(2026, 6, 5, 1, 0, 3, 935456)], obsgeoloc=(0., 0., 0.) m, obsgeovel=(0., 0., 0.) m / s)>. Angular separation can depend on the direction of the transformation. [astropy.coordinates.baseframe]
WARNING: NonRotationTransformationWarning: transforming other coordinates from <ICRS Frame> to <GCRS Frame (obstime=[datetime.datetime(2026, 6, 2, 7, 0, 4, 66569)
 datetime.datetime(2026, 6, 2, 13, 0, 4, 66569)
 datetime.datetime(2026, 6, 2, 19, 0, 4, 66569)
 datetime.datetime(2026, 6, 3, 1, 0, 4, 66569)
 datetime.datetime(2026, 6, 3, 7, 0, 4, 66569)
 datetime.datetime(2026, 6, 3, 13, 0, 4, 66569)
 datetime.datetime(2026, 6, 3, 19, 0, 4, 66569)
 datetime.datetime(2026, 6, 4, 1, 0, 4, 66569)
 datetime.datetime(2026, 6, 4, 7, 0, 4, 66569)
 datetime.datetime(2026, 6, 4, 13, 0, 4, 66569)
 datetime.datetime(2026, 6, 4, 19, 0, 4, 66569)
 datetime.datetime(2026, 6, 5, 1, 0, 4, 66569)], obsgeoloc=(0., 0., 0.) m, obsgeovel=(0., 0., 0.) m / s)>. Angular separation can depend on the direction of the transformation. [astropy.coordinates.baseframe]
WARNING: NonRotationTransformationWarning: transforming other coordinates from <ICRS Frame> to <GCRS Frame (obstime=[datetime.datetime(2026, 6, 2, 7, 0, 4, 75980)
 datetime.datetime(2026, 6, 2, 13, 0, 4, 75980)
 datetime.datetime(2026, 6, 2, 19, 0, 4, 75980)
 datetime.datetime(2026, 6, 3, 1, 0, 4, 75980)
 datetime.datetime(2026, 6, 3, 7, 0, 4, 75980)
 datetime.datetime(2026, 6, 3, 13, 0, 4, 75980)
 datetime.datetime(2026, 6, 3, 19, 0, 4, 75980)
 datetime.datetime(2026, 6, 4, 1, 0, 4, 75980)
 datetime.datetime(2026, 6, 4, 7, 0, 4, 75980)
 datetime.datetime(2026, 6, 4, 13, 0, 4, 75980)
 datetime.datetime(2026, 6, 4, 19, 0, 4, 75980)
 datetime.datetime(2026, 6, 5, 1, 0, 4, 75980)], obsgeoloc=(0., 0., 0.) m, obsgeovel=(0., 0., 0.) m / s)>. Angular separation can depend on the direction of the transformation. [astropy.coordinates.baseframe]
WARNING: NonRotationTransformationWarning: transforming other coordinates from <ICRS Frame> to <GCRS Frame (obstime=[datetime.datetime(2026, 6, 2, 7, 0, 4, 203902)
 datetime.datetime(2026, 6, 2, 13, 0, 4, 203902)
 datetime.datetime(2026, 6, 2, 19, 0, 4, 203902)
 datetime.datetime(2026, 6, 3, 1, 0, 4, 203902)
 datetime.datetime(2026, 6, 3, 7, 0, 4, 203902)
 datetime.datetime(2026, 6, 3, 13, 0, 4, 203902)
 datetime.datetime(2026, 6, 3, 19, 0, 4, 203902)
 datetime.datetime(2026, 6, 4, 1, 0, 4, 203902)
 datetime.datetime(2026, 6, 4, 7, 0, 4, 203902)
 datetime.datetime(2026, 6, 4, 13, 0, 4, 203902)
 datetime.datetime(2026, 6, 4, 19, 0, 4, 203902)
 datetime.datetime(2026, 6, 5, 1, 0, 4, 203902)], obsgeoloc=(0., 0., 0.) m, obsgeovel=(0., 0., 0.) m / s)>. Angular separation can depend on the direction of the transformation. [astropy.coordinates.baseframe]
WARNING: NonRotationTransformationWarning: transforming other coordinates from <ICRS Frame> to <GCRS Frame (obstime=[datetime.datetime(2026, 6, 2, 7, 0, 4, 213423)
 datetime.datetime(2026, 6, 2, 13, 0, 4, 213423)
 datetime.datetime(2026, 6, 2, 19, 0, 4, 213423)
 datetime.datetime(2026, 6, 3, 1, 0, 4, 213423)
 datetime.datetime(2026, 6, 3, 7, 0, 4, 213423)
 datetime.datetime(2026, 6, 3, 13, 0, 4, 213423)
 datetime.datetime(2026, 6, 3, 19, 0, 4, 213423)
 datetime.datetime(2026, 6, 4, 1, 0, 4, 213423)
 datetime.datetime(2026, 6, 4, 7, 0, 4, 213423)
 datetime.datetime(2026, 6, 4, 13, 0, 4, 213423)
 datetime.datetime(2026, 6, 4, 19, 0, 4, 213423)
 datetime.datetime(2026, 6, 5, 1, 0, 4, 213423)], obsgeoloc=(0., 0., 0.) m, obsgeovel=(0., 0., 0.) m / s)>. Angular separation can depend on the direction of the transformation. [astropy.coordinates.baseframe]
WARNING: NonRotationTransformationWarning: transforming other coordinates from <ICRS Frame> to <GCRS Frame (obstime=[datetime.datetime(2026, 6, 2, 7, 0, 4, 340734)
 datetime.datetime(2026, 6, 2, 13, 0, 4, 340734)
 datetime.datetime(2026, 6, 2, 19, 0, 4, 340734)
 datetime.datetime(2026, 6, 3, 1, 0, 4, 340734)
 datetime.datetime(2026, 6, 3, 7, 0, 4, 340734)
 datetime.datetime(2026, 6, 3, 13, 0, 4, 340734)
 datetime.datetime(2026, 6, 3, 19, 0, 4, 340734)
 datetime.datetime(2026, 6, 4, 1, 0, 4, 340734)
 datetime.datetime(2026, 6, 4, 7, 0, 4, 340734)
 datetime.datetime(2026, 6, 4, 13, 0, 4, 340734)
 datetime.datetime(2026, 6, 4, 19, 0, 4, 340734)
 datetime.datetime(2026, 6, 5, 1, 0, 4, 340734)], obsgeoloc=(0., 0., 0.) m, obsgeovel=(0., 0., 0.) m / s)>. Angular separation can depend on the direction of the transformation. [astropy.coordinates.baseframe]
WARNING: NonRotationTransformationWarning: transforming other coordinates from <ICRS Frame> to <GCRS Frame (obstime=[datetime.datetime(2026, 6, 2, 7, 0, 4, 350153)
 datetime.datetime(2026, 6, 2, 13, 0, 4, 350153)
 datetime.datetime(2026, 6, 2, 19, 0, 4, 350153)
 datetime.datetime(2026, 6, 3, 1, 0, 4, 350153)
 datetime.datetime(2026, 6, 3, 7, 0, 4, 350153)
 datetime.datetime(2026, 6, 3, 13, 0, 4, 350153)
 datetime.datetime(2026, 6, 3, 19, 0, 4, 350153)
 datetime.datetime(2026, 6, 4, 1, 0, 4, 350153)
 datetime.datetime(2026, 6, 4, 7, 0, 4, 350153)
 datetime.datetime(2026, 6, 4, 13, 0, 4, 350153)
 datetime.datetime(2026, 6, 4, 19, 0, 4, 350153)
 datetime.datetime(2026, 6, 5, 1, 0, 4, 350153)], obsgeoloc=(0., 0., 0.) m, obsgeovel=(0., 0., 0.) m / s)>. Angular separation can depend on the direction of the transformation. [astropy.coordinates.baseframe]
Calculating lunar distance for EP260507a...
Calculating lunar distance for EP260509a...
Calculating lunar distance for EP260512a...
Calculating lunar distance for EP250514a...
Calculating lunar distance for EP260518a...
Calculating lunar distance for EP260526a...
Calculating lunar distance for EP260527a...
Calculating lunar distance for EP260530a...
Markdown file saved to Candidates_lunar.md
