2026-03-23 13:48:13,580 | INFO | Pre-processing
==*30
2026-03-23 13:48:13,580 | INFO | Cuting out sitian data...
2026-03-23 13:48:13,626 | WARNING | FITSFixedWarning: 'datfix' made the change 'Set DATE-OBS to '2026-01-23T06:11:00' from MJD-OBS'.
2026-03-23 13:48:13,701 | WARNING | File may have been truncated: actual file length (310640640) is smaller than the expected size (415730880)
2026-03-23 13:48:13,711 | WARNING | FITSFixedWarning: 'datfix' made the change 'Set DATE-OBS to '2026-01-23T02:09:00' from MJD-OBS'.
2026-03-23 13:48:13,717 | WARNING | File may have been truncated: actual file length (310640640) is smaller than the expected size (416275200)
2026-03-23 13:48:13,727 | WARNING | FITSFixedWarning: 'datfix' made the change 'Set DATE-OBS to '2026-01-22T01:51:00' from MJD-OBS'.
2026-03-23 13:48:13,738 | WARNING | FITSFixedWarning: 'datfix' made the change 'Set DATE-OBS to '2026-01-22T01:51:00' from MJD-OBS'.
2026-03-23 13:48:13,822 | WARNING | FITSFixedWarning: 'datfix' made the change 'Set DATE-OBS to '2026-01-13T22:12:00' from MJD-OBS'.
2026-03-23 13:48:13,903 | WARNING | FITSFixedWarning: 'datfix' made the change 'Set DATE-OBS to '2026-01-23T06:11:00' from MJD-OBS'.
2026-03-23 13:48:13,915 | WARNING | FITSFixedWarning: 'datfix' made the change 'Set DATE-OBS to '2026-01-22T05:55:00' from MJD-OBS'.
2026-03-23 13:48:13,927 | WARNING | FITSFixedWarning: 'datfix' made the change 'Set DATE-OBS to '2026-01-16T00:59:00' from MJD-OBS'.
2026-03-23 13:48:14,007 | WARNING | FITSFixedWarning: 'datfix' made the change 'Set DATE-OBS to '2026-01-23T02:09:00' from MJD-OBS'.
2026-03-23 13:48:14,088 | WARNING | FITSFixedWarning: 'datfix' made the change 'Set DATE-OBS to '2026-01-03T23:51:00' from MJD-OBS'.
2026-03-23 13:48:14,169 | WARNING | FITSFixedWarning: 'datfix' made the change 'Set DATE-OBS to '2026-01-09T02:12:00' from MJD-OBS'.
2026-03-23 13:48:14,252 | WARNING | FITSFixedWarning: 'datfix' made the change 'Set DATE-OBS to '2026-03-18T23:24:00' from MJD-OBS'.
2026-03-23 13:48:14,334 | WARNING | FITSFixedWarning: 'datfix' made the change 'Set DATE-OBS to '2026-03-12T01:48:00' from MJD-OBS'.
2026-03-23 13:48:14,346 | WARNING | FITSFixedWarning: 'datfix' made the change 'Set DATE-OBS to '2026-03-20T23:22:00' from MJD-OBS'.
2026-03-23 13:48:14,429 | WARNING | FITSFixedWarning: 'datfix' made the change 'Set DATE-OBS to '2026-03-11T23:28:00' from MJD-OBS'.
2026-03-23 13:48:14,441 | WARNING | FITSFixedWarning: 'datfix' made the change 'Set DATE-OBS to '2026-02-11T19:26:00' from MJD-OBS'.
2026-03-23 13:48:14,521 | WARNING | FITSFixedWarning: 'datfix' made the change 'Set DATE-OBS to '2026-02-16T17:29:00' from MJD-OBS'.
2026-03-23 13:48:14,595 | INFO | Cuting out WHUT data...
2026-03-23 13:48:14,604 | INFO | Cuting out LCO data...
2026-03-23 13:48:14,612 | INFO | Cuting out TNOT data...
2026-03-23 13:48:14,628 | WARNING | FITSFixedWarning: 'datfix' made the change 'Set MJD-OBS to 61017.597384 from DATE-OBS'.
2026-03-23 13:48:14,643 | WARNING | FITSFixedWarning: RADECSYS= 'FK5 ' / Equatorial coordinate system 
the RADECSYS keyword is deprecated, use RADESYSa.
2026-03-23 13:48:14,702 | WARNING | FITSFixedWarning: RADECSYS= 'FK5 ' / Equatorial coordinate system 
the RADECSYS keyword is deprecated, use RADESYSa.
2026-03-23 13:48:14,761 | WARNING | FITSFixedWarning: RADECSYS= 'FK5 ' / Equatorial coordinate system 
the RADECSYS keyword is deprecated, use RADESYSa.
2026-03-23 13:48:14,770 | INFO | Processing EP251212a
2026-03-23 13:48:14,770 | INFO | EP251212a registered!
2026-03-23 13:48:14,771 | INFO | Searching sitian data...
2026-03-23 13:48:14,772 | INFO | Searching WHUT data...
2026-03-23 13:48:14,772 | INFO | Processing EP251214b
2026-03-23 13:48:14,772 | INFO | EP251214b registered!
2026-03-23 13:48:14,772 | INFO | Searching sitian data...
2026-03-23 13:48:14,772 | INFO | Searching WHUT data...
2026-03-23 13:48:14,773 | INFO | Processing EP251220a
2026-03-23 13:48:14,773 | INFO | EP251220a registered!
2026-03-23 13:48:14,773 | INFO | Searching sitian data...
2026-03-23 13:48:14,773 | INFO | Searching WHUT data...
2026-03-23 13:48:14,773 | INFO | Processing EP251221a
2026-03-23 13:48:14,773 | INFO | EP251221a registered!
2026-03-23 13:48:14,775 | INFO | Searching sitian data...
2026-03-23 13:48:14,775 | INFO | Yes...
2026-03-23 13:48:14,883 | INFO | 2026-01-17_EP251221a_g_com_10.wcs_cutout.fits already exists!
2026-03-23 13:48:14,991 | INFO | 2026-01-16_EP251221a_g_com_10.wcs_cutout.fits already exists!
2026-03-23 13:48:14,991 | INFO | Searching WHUT data...
2026-03-23 13:48:14,991 | INFO | Processing EP251222a
2026-03-23 13:48:14,991 | INFO | EP251222a registered!
2026-03-23 13:48:14,992 | INFO | Searching sitian data...
2026-03-23 13:48:14,993 | INFO | Yes...
2026-03-23 13:48:15,099 | INFO | 2025-12-28_EP251222a_g_com_10.wcs_cutout.fits already exists!
2026-03-23 13:48:15,210 | INFO | 2025-12-29_EP251222a_g_com_5.wcs_cutout.fits already exists!
2026-03-23 13:48:15,317 | INFO | 2025-12-27_EP251222a_g_com_10.wcs_cutout.fits already exists!
2026-03-23 13:48:15,317 | INFO | Searching WHUT data...
2026-03-23 13:48:15,317 | INFO | Processing EP251229a
2026-03-23 13:48:15,317 | INFO | EP251229a registered!
2026-03-23 13:48:15,321 | INFO | Searching sitian data...
2026-03-23 13:48:15,321 | INFO | Yes...
2026-03-23 13:48:15,651 | INFO | 2026-01-22_EP251229a_g_com_10.wcs_cutout.fits already exists!
2026-03-23 13:48:15,651 | INFO | Searching WHUT data...
2026-03-23 13:48:15,651 | INFO | Processing EP260101a
2026-03-23 13:48:15,651 | INFO | EP260101a registered!
2026-03-23 13:48:15,655 | INFO | Searching sitian data...
2026-03-23 13:48:15,655 | INFO | Yes...
2026-03-23 13:48:15,766 | INFO | 2026-01-13_EP260101a_g_com_10.wcs_cutout.fits already exists!
2026-03-23 13:48:15,871 | INFO | 2026-01-08_EP260101a_g_com_10.wcs_cutout.fits already exists!
2026-03-23 13:48:15,986 | INFO | 2026-01-03_EP260101a_g_com_3.wcs_cutout.fits already exists!
2026-03-23 13:48:16,102 | INFO | 2026-01-22_EP260101a_g_com_9.wcs_cutout.fits already exists!
2026-03-23 13:48:16,426 | INFO | 2026-01-15_EP260101a_g_com_10.wcs_cutout.fits already exists!
2026-03-23 13:48:16,741 | INFO | 2026-01-21_EP260101a_g_com_10.wcs_cutout.fits already exists!
2026-03-23 13:48:16,741 | INFO | Searching WHUT data...
2026-03-23 13:48:16,741 | INFO | Processing EP260104a
2026-03-23 13:48:16,742 | INFO | EP260104a registered!
2026-03-23 13:48:16,747 | INFO | Searching sitian data...
2026-03-23 13:48:16,748 | INFO | Yes...
2026-03-23 13:48:16,859 | INFO | 2026-01-06_EP260104a_g_com_10.wcs_cutout.fits already exists!
2026-03-23 13:48:17,181 | INFO | 2026-01-12_EP260104a_g_com_10.wcs_cutout.fits already exists!
2026-03-23 13:48:18,392 | INFO | 2026-01-07_EP260104a_g_com_10.wcs_cutout.fits already exists!
2026-03-23 13:48:18,493 | INFO | 2026-01-05_EP260104a_g_com_9.wcs_cutout.fits already exists!
2026-03-23 13:48:18,494 | INFO | Searching WHUT data...
2026-03-23 13:48:18,494 | INFO | Processing EP260105a
2026-03-23 13:48:18,494 | INFO | EP260105a registered!
2026-03-23 13:48:18,497 | INFO | Searching sitian data...
2026-03-23 13:48:18,497 | INFO | Yes...
2026-03-23 13:48:19,608 | INFO | 2026-01-22_EP260105a_g_com_10.wcs_cutout.fits already exists!
2026-03-23 13:48:19,718 | INFO | 2026-01-12_EP260105a_g_com_10.wcs_cutout.fits already exists!
2026-03-23 13:48:19,827 | INFO | 2026-01-05_EP260105a_g_com_1.wcs_cutout.fits already exists!
2026-03-23 13:48:19,967 | INFO | 2026-01-06_EP260105a_g_com_10.wcs_cutout.fits already exists!
2026-03-23 13:48:19,967 | INFO | Searching WHUT data...
2026-03-23 13:48:19,967 | INFO | Yes...
2026-03-23 13:48:20,074 | INFO | coadd_WHUT_i_20260125T214905.675_cutout.fits already exists!
2026-03-23 13:48:20,075 | INFO | Processing EP260105b
2026-03-23 13:48:20,075 | INFO | EP260105b registered!
2026-03-23 13:48:20,078 | INFO | Searching sitian data...
2026-03-23 13:48:20,078 | INFO | Yes...
2026-03-23 13:48:20,186 | INFO | 2026-01-10_EP260105b_g_com_3.wcs_cutout.fits already exists!
2026-03-23 13:48:20,292 | INFO | 2026-01-23_EP260105b_g_com_10.wcs_cutout.fits already exists!
2026-03-23 13:48:20,292 | INFO | Searching WHUT data...
2026-03-23 13:48:20,293 | INFO | Processing EP260110a
2026-03-23 13:48:20,293 | INFO | EP260110a registered!
2026-03-23 13:48:20,296 | INFO | Searching sitian data...
2026-03-23 13:48:20,296 | INFO | Yes...
2026-03-23 13:48:20,409 | INFO | 2026-01-20_EP260110a_g_com_9.wcs_cutout.fits already exists!
2026-03-23 13:48:20,535 | INFO | 2026-02-08_EP260110a_g_com_9.wcs_cutout.fits already exists!
2026-03-23 13:48:20,643 | INFO | 2026-01-22_EP260110a_g_com_10.wcs_cutout.fits already exists!
2026-03-23 13:48:20,957 | INFO | 2026-02-10_EP260110a_g_com_9.wcs_cutout.fits already exists!
2026-03-23 13:48:21,063 | INFO | 2026-01-12_EP260110a_g_com_10.wcs_cutout.fits already exists!
2026-03-23 13:48:23,419 | INFO | 2026-01-26_EP260110a_g_com_10.wcs_cutout.fits already exists!
2026-03-23 13:48:23,525 | INFO | 2026-01-11_EP260110a_g_com_10.wcs_cutout.fits already exists!
2026-03-23 13:48:23,525 | INFO | Searching WHUT data...
2026-03-23 13:48:23,525 | INFO | Yes...
2026-03-23 13:48:23,637 | INFO | coadd_WHUT_i_20260131T212149.878_cutout.fits already exists!
2026-03-23 13:48:23,637 | INFO | Processing EP260116a
2026-03-23 13:48:23,637 | INFO | EP260116a registered!
2026-03-23 13:48:23,640 | INFO | Searching sitian data...
2026-03-23 13:48:23,640 | INFO | Yes...
2026-03-23 13:48:23,740 | INFO | 2026-01-23_EP260116a_g_com_10.wcs_cutout.fits already exists!
2026-03-23 13:48:23,837 | INFO | 2026-01-27_EP260116a_g_com_10.wcs_cutout.fits already exists!
2026-03-23 13:48:24,148 | INFO | 2026-02-15_EP260116a_g_com_10.wcs_cutout.fits already exists!
2026-03-23 13:48:24,255 | INFO | 2026-02-11_EP260116a_g_com_10.wcs_cutout.fits already exists!
2026-03-23 13:48:24,255 | INFO | Searching WHUT data...
2026-03-23 13:48:24,255 | INFO | Processing EP260119a
2026-03-23 13:48:24,255 | INFO | EP260119a registered!
2026-03-23 13:48:24,257 | INFO | Searching sitian data...
2026-03-23 13:48:24,258 | INFO | Searching WHUT data...
2026-03-23 13:48:24,258 | INFO | Processing EP260126a
2026-03-23 13:48:24,258 | INFO | EP260126a registered!
2026-03-23 13:48:24,260 | INFO | Searching sitian data...
2026-03-23 13:48:24,261 | INFO | Yes...
2026-03-23 13:48:24,363 | INFO | 2026-02-11_EP260126a_g_com_10.wcs_cutout.fits already exists!
2026-03-23 13:48:24,463 | INFO | 2026-02-15_EP260126a_g_com_10.wcs_cutout.fits already exists!
2026-03-23 13:48:24,566 | INFO | 2026-02-15_EP260126a_g_com_5.wcs_cutout.fits already exists!
2026-03-23 13:48:24,566 | INFO | Searching WHUT data...
2026-03-23 13:48:24,566 | INFO | Yes...
2026-03-23 13:48:24,669 | INFO | coadd_WHUT_i_20260207T140731.088_cutout.fits already exists!
2026-03-23 13:48:24,669 | INFO | Processing EP260128a
2026-03-23 13:48:24,669 | INFO | EP260128a registered!
2026-03-23 13:48:24,672 | INFO | Searching sitian data...
2026-03-23 13:48:24,672 | INFO | Searching WHUT data...
2026-03-23 13:48:24,673 | INFO | Processing WXT J031644+08316
2026-03-23 13:48:24,673 | INFO | WXT J031644+08316 registered!
2026-03-23 13:48:24,675 | INFO | Searching sitian data...
2026-03-23 13:48:24,676 | INFO | Searching WHUT data...
2026-03-23 13:48:24,676 | INFO | Processing 1RXSJ052540.6+425139
2026-03-23 13:48:24,676 | INFO | 1RXSJ052540.6+425139 registered!
2026-03-23 13:48:24,678 | INFO | Searching sitian data...
2026-03-23 13:48:24,678 | INFO | Searching WHUT data...
2026-03-23 13:48:24,679 | INFO | Processing WXT J001838+115903
2026-03-23 13:48:24,679 | INFO | WXT J001838+115903 registered!
2026-03-23 13:48:24,681 | INFO | Searching sitian data...
2026-03-23 13:48:24,681 | INFO | Searching WHUT data...
2026-03-23 13:48:24,681 | INFO | Processing WXT J030902+581637
2026-03-23 13:48:24,682 | INFO | WXT J030902+581637 registered!
2026-03-23 13:48:24,684 | INFO | Searching sitian data...
2026-03-23 13:48:24,684 | INFO | Searching WHUT data...
2026-03-23 13:48:24,685 | INFO | Processing EP J0619.5+0602
2026-03-23 13:48:24,685 | INFO | EP J0619.5+0602 registered!
2026-03-23 13:48:24,687 | INFO | Searching sitian data...
2026-03-23 13:48:24,687 | INFO | Searching WHUT data...
2026-03-23 13:48:24,687 | INFO | Processing EP260131a
2026-03-23 13:48:24,688 | INFO | EP260131a registered!
2026-03-23 13:48:24,691 | INFO | Searching sitian data...
2026-03-23 13:48:24,691 | INFO | Searching WHUT data...
2026-03-23 13:48:24,691 | INFO | Processing EP260209a
2026-03-23 13:48:24,691 | INFO | EP260209a registered!
2026-03-23 13:48:24,694 | INFO | Searching sitian data...
2026-03-23 13:48:24,694 | INFO | Yes...
2026-03-23 13:48:24,792 | INFO | 2026-02-10_EP260209a_g_com_10.wcs_cutout.fits already exists!
2026-03-23 13:48:24,889 | INFO | 2026-02-15_EP260209a_g_com_10.wcs_cutout.fits already exists!
2026-03-23 13:48:24,889 | INFO | Searching WHUT data...
2026-03-23 13:48:24,889 | INFO | Processing EP260210a
2026-03-23 13:48:24,889 | INFO | EP260210a registered!
2026-03-23 13:48:24,893 | INFO | Searching sitian data...
2026-03-23 13:48:24,893 | INFO | Yes...
2026-03-23 13:48:24,991 | INFO | 2026-03-12_EP260210a_g_com_10.wcs_cutout.fits already exists!
2026-03-23 13:48:24,991 | INFO | Searching WHUT data...
2026-03-23 13:48:24,991 | INFO | Yes...
2026-03-23 13:48:25,093 | INFO | coadd_WHUT_i_20260302T154130.332_cutout.fits: {'lim_mag': 20.640145708092163, 'mag': 16.395586562412106, 'mag_err': 0.15236676632411114}
2026-03-23 13:48:25,093 | INFO | Uploadig coadd_WHUT_i_20260302T154130.332_cutout.fits....
2026-03-23 13:48:54,927 | INFO | Done!
2026-03-23 13:48:54,927 | INFO | Processing EP260213a
2026-03-23 13:48:54,928 | INFO | EP260213a registered!
2026-03-23 13:48:54,931 | INFO | Searching sitian data...
2026-03-23 13:48:54,931 | INFO | Yes...
2026-03-23 13:48:55,157 | INFO | 2026-03-10_EP260213a_g_com_10.wcs_cutout.fits already exists!
2026-03-23 13:48:55,274 | INFO | 2026-03-10_EP260213a_g_com_6.wcs_cutout.fits already exists!
2026-03-23 13:48:55,274 | INFO | Searching WHUT data...
2026-03-23 13:48:55,274 | INFO | Yes...
2026-03-23 13:48:55,379 | INFO | coadd_WHUT_i_20260308T174731.325_cutout.fits already exists!
2026-03-23 13:48:55,379 | INFO | Processing EP260214a
2026-03-23 13:48:55,379 | INFO | EP260214a registered!
2026-03-23 13:48:55,382 | INFO | Searching sitian data...
2026-03-23 13:48:55,382 | INFO | Searching WHUT data...
2026-03-23 13:48:55,382 | INFO | Processing EP260214b
2026-03-23 13:48:55,382 | INFO | EP260214b registered!
2026-03-23 13:48:55,384 | INFO | Searching sitian data...
2026-03-23 13:48:55,384 | INFO | Searching WHUT data...
2026-03-23 13:48:55,384 | INFO | Processing EP260221a
2026-03-23 13:48:55,384 | INFO | EP260221a registered!
2026-03-23 13:48:55,386 | INFO | Searching sitian data...
2026-03-23 13:48:55,386 | INFO | Searching WHUT data...
2026-03-23 13:48:55,387 | INFO | Processing EP260223a
2026-03-23 13:48:55,387 | INFO | EP260223a registered!
2026-03-23 13:48:55,390 | INFO | Searching sitian data...
2026-03-23 13:48:55,390 | INFO | Yes...
2026-03-23 13:48:55,518 | ERROR | index 0 out of range for table with length 0
2026-03-23 13:48:55,518 | INFO | Processing EP260224a
2026-03-23 13:48:55,518 | INFO | EP260224a registered!
2026-03-23 13:48:55,520 | INFO | Searching sitian data...
2026-03-23 13:48:55,520 | INFO | Searching WHUT data...
2026-03-23 13:48:55,521 | INFO | Processing EP260227a
2026-03-23 13:48:55,521 | INFO | EP260227a registered!
2026-03-23 13:48:55,523 | INFO | Searching sitian data...
2026-03-23 13:48:55,523 | INFO | Searching WHUT data...
2026-03-23 13:48:55,523 | INFO | Processing EP260302a
2026-03-23 13:48:55,523 | INFO | EP260302a registered!
2026-03-23 13:48:55,525 | INFO | Searching sitian data...
2026-03-23 13:48:55,525 | INFO | Searching WHUT data...
2026-03-23 13:48:55,525 | INFO | Processing EP260306a
2026-03-23 13:48:55,525 | INFO | EP260306a registered!
2026-03-23 13:48:55,527 | INFO | Searching sitian data...
2026-03-23 13:48:55,527 | INFO | Searching WHUT data...
2026-03-23 13:48:55,528 | INFO | Processing EP260314a
2026-03-23 13:48:55,528 | INFO | EP260314a registered!
2026-03-23 13:48:55,530 | INFO | Searching sitian data...
2026-03-23 13:48:55,530 | INFO | Searching WHUT data...
2026-03-23 13:48:55,530 | INFO | Processing EP260316a
2026-03-23 13:48:55,530 | INFO | EP260316a registered!
2026-03-23 13:48:55,532 | INFO | Searching sitian data...
2026-03-23 13:48:55,532 | INFO | Searching WHUT data...
2026-03-23 13:48:55,532 | INFO | Processing EP260308a
2026-03-23 13:48:55,532 | INFO | EP260308a registered!
2026-03-23 13:48:55,532 | ERROR | [Errno 2] No such file or directory: '/home/liangrd/optical_data/EP260308a/pipeline/photometry.csv'
2026-03-23 13:48:55,532 | INFO | Processing EP260321a
2026-03-23 13:48:55,533 | INFO | EP260321a registered!
2026-03-23 13:48:55,533 | ERROR | [Errno 2] No such file or directory: '/home/liangrd/optical_data/EP260321a/pipeline/photometry.csv'
2026-03-23 13:48:55,533 | INFO | Processing EP260322a
2026-03-23 13:48:55,533 | INFO | EP260322a registered!
2026-03-23 13:48:55,533 | ERROR | [Errno 2] No such file or directory: '/home/liangrd/optical_data/EP260322a/pipeline/photometry.csv'
