2026-04-13 02:20:06,845 | INFO | Pre-processing

2026-04-13 02:20:06,845 | INFO | ============================================================
2026-04-13 02:20:06,845 | INFO | Cuting out sitian data...
2026-04-13 02:20:06,922 | WARNING | FITSFixedWarning: 'datfix' made the change 'Set DATE-OBS to '2026-01-23T06:11:00' from MJD-OBS'.
2026-04-13 02:20:07,069 | WARNING | File may have been truncated: actual file length (310640640) is smaller than the expected size (415730880)
2026-04-13 02:20:07,081 | WARNING | FITSFixedWarning: 'datfix' made the change 'Set DATE-OBS to '2026-01-23T02:09:00' from MJD-OBS'.
2026-04-13 02:20:07,088 | WARNING | File may have been truncated: actual file length (310640640) is smaller than the expected size (416275200)
2026-04-13 02:20:07,098 | WARNING | FITSFixedWarning: 'datfix' made the change 'Set DATE-OBS to '2026-01-22T01:51:00' from MJD-OBS'.
2026-04-13 02:20:07,110 | WARNING | FITSFixedWarning: 'datfix' made the change 'Set DATE-OBS to '2026-01-22T01:51:00' from MJD-OBS'.
2026-04-13 02:20:07,192 | WARNING | FITSFixedWarning: 'datfix' made the change 'Set DATE-OBS to '2026-01-13T22:12:00' from MJD-OBS'.
2026-04-13 02:20:07,274 | WARNING | FITSFixedWarning: 'datfix' made the change 'Set DATE-OBS to '2026-01-23T06:11:00' from MJD-OBS'.
2026-04-13 02:20:07,286 | WARNING | FITSFixedWarning: 'datfix' made the change 'Set DATE-OBS to '2026-01-22T05:55:00' from MJD-OBS'.
2026-04-13 02:20:07,298 | WARNING | FITSFixedWarning: 'datfix' made the change 'Set DATE-OBS to '2026-01-16T00:59:00' from MJD-OBS'.
2026-04-13 02:20:07,380 | WARNING | FITSFixedWarning: 'datfix' made the change 'Set DATE-OBS to '2026-01-23T02:09:00' from MJD-OBS'.
2026-04-13 02:20:07,461 | WARNING | FITSFixedWarning: 'datfix' made the change 'Set DATE-OBS to '2026-01-03T23:51:00' from MJD-OBS'.
2026-04-13 02:20:07,542 | WARNING | FITSFixedWarning: 'datfix' made the change 'Set DATE-OBS to '2026-01-09T02:12:00' from MJD-OBS'.
2026-04-13 02:20:07,624 | WARNING | FITSFixedWarning: 'datfix' made the change 'Set DATE-OBS to '2026-03-18T23:24:00' from MJD-OBS'.
2026-04-13 02:20:07,705 | WARNING | FITSFixedWarning: 'datfix' made the change 'Set DATE-OBS to '2026-03-12T01:48:00' from MJD-OBS'.
2026-04-13 02:20:07,718 | WARNING | FITSFixedWarning: 'datfix' made the change 'Set DATE-OBS to '2026-03-20T23:22:00' from MJD-OBS'.
2026-04-13 02:20:07,801 | WARNING | FITSFixedWarning: 'datfix' made the change 'Set DATE-OBS to '2026-03-11T23:28:00' from MJD-OBS'.
2026-04-13 02:20:07,813 | WARNING | FITSFixedWarning: 'datfix' made the change 'Set DATE-OBS to '2026-02-11T19:26:00' from MJD-OBS'.
2026-04-13 02:20:07,894 | WARNING | FITSFixedWarning: 'datfix' made the change 'Set DATE-OBS to '2026-02-16T17:29:00' from MJD-OBS'.
2026-04-13 02:20:07,967 | INFO | Cuting out WHUT data...
2026-04-13 02:20:07,978 | INFO | Cuting out LCO data...
2026-04-13 02:20:07,988 | INFO | Cuting out TNOT data...
2026-04-13 02:20:08,005 | WARNING | FITSFixedWarning: 'datfix' made the change 'Set MJD-OBS to 61017.597384 from DATE-OBS'.
2026-04-13 02:20:08,021 | WARNING | FITSFixedWarning: RADECSYS= 'FK5 ' / Equatorial coordinate system 
the RADECSYS keyword is deprecated, use RADESYSa.
2026-04-13 02:20:08,079 | WARNING | FITSFixedWarning: RADECSYS= 'FK5 ' / Equatorial coordinate system 
the RADECSYS keyword is deprecated, use RADESYSa.
2026-04-13 02:20:08,136 | WARNING | FITSFixedWarning: RADECSYS= 'FK5 ' / Equatorial coordinate system 
the RADECSYS keyword is deprecated, use RADESYSa.
2026-04-13 02:20:08,147 | INFO | Processing EP251212a
2026-04-13 02:20:08,147 | INFO | EP251212a registered!
2026-04-13 02:20:08,148 | INFO | Searching sitian data...
2026-04-13 02:20:08,148 | INFO | Searching WHUT data...
2026-04-13 02:20:08,148 | INFO | Processing EP251214b
2026-04-13 02:20:08,148 | INFO | EP251214b registered!
2026-04-13 02:20:08,149 | INFO | Searching sitian data...
2026-04-13 02:20:08,149 | INFO | Searching WHUT data...
2026-04-13 02:20:08,149 | INFO | Processing EP251220a
2026-04-13 02:20:08,149 | INFO | EP251220a registered!
2026-04-13 02:20:08,150 | INFO | Searching sitian data...
2026-04-13 02:20:08,150 | INFO | Searching WHUT data...
2026-04-13 02:20:08,150 | INFO | Processing EP251221a
2026-04-13 02:20:08,150 | INFO | EP251221a registered!
2026-04-13 02:20:08,152 | INFO | Searching sitian data...
2026-04-13 02:20:08,152 | INFO | Yes...
2026-04-13 02:20:08,236 | INFO | 2026-01-17_EP251221a_g_com_10.wcs_cutout.fits already exists!
2026-04-13 02:20:08,316 | INFO | 2026-01-16_EP251221a_g_com_10.wcs_cutout.fits already exists!
2026-04-13 02:20:08,317 | INFO | Searching WHUT data...
2026-04-13 02:20:08,317 | INFO | Processing EP251222a
2026-04-13 02:20:08,317 | INFO | EP251222a registered!
2026-04-13 02:20:08,319 | INFO | Searching sitian data...
2026-04-13 02:20:08,319 | INFO | Yes...
2026-04-13 02:20:08,402 | INFO | 2025-12-28_EP251222a_g_com_10.wcs_cutout.fits already exists!
2026-04-13 02:20:08,484 | INFO | 2025-12-29_EP251222a_g_com_5.wcs_cutout.fits already exists!
2026-04-13 02:20:08,563 | INFO | 2025-12-27_EP251222a_g_com_10.wcs_cutout.fits already exists!
2026-04-13 02:20:08,563 | INFO | Searching WHUT data...
2026-04-13 02:20:08,564 | INFO | Processing EP251229a
2026-04-13 02:20:08,564 | INFO | EP251229a registered!
2026-04-13 02:20:08,567 | INFO | Searching sitian data...
2026-04-13 02:20:08,568 | INFO | Yes...
2026-04-13 02:20:08,648 | INFO | 2026-01-22_EP251229a_g_com_10.wcs_cutout.fits already exists!
2026-04-13 02:20:08,648 | INFO | Searching WHUT data...
2026-04-13 02:20:08,648 | INFO | Processing EP260101a
2026-04-13 02:20:08,648 | INFO | EP260101a registered!
2026-04-13 02:20:08,652 | INFO | Searching sitian data...
2026-04-13 02:20:08,652 | INFO | Yes...
2026-04-13 02:20:08,732 | INFO | 2026-01-13_EP260101a_g_com_10.wcs_cutout.fits already exists!
2026-04-13 02:20:08,814 | INFO | 2026-01-08_EP260101a_g_com_10.wcs_cutout.fits already exists!
2026-04-13 02:20:08,893 | INFO | 2026-01-03_EP260101a_g_com_3.wcs_cutout.fits already exists!
2026-04-13 02:20:09,631 | INFO | 2026-01-22_EP260101a_g_com_9.wcs_cutout.fits already exists!
2026-04-13 02:20:09,717 | INFO | 2026-01-15_EP260101a_g_com_10.wcs_cutout.fits already exists!
2026-04-13 02:20:09,807 | INFO | 2026-01-21_EP260101a_g_com_10.wcs_cutout.fits already exists!
2026-04-13 02:20:09,807 | INFO | Searching WHUT data...
2026-04-13 02:20:09,807 | INFO | Processing EP260104a
2026-04-13 02:20:09,807 | INFO | EP260104a registered!
2026-04-13 02:20:09,811 | INFO | Searching sitian data...
2026-04-13 02:20:09,811 | INFO | Yes...
2026-04-13 02:20:09,903 | INFO | 2026-01-06_EP260104a_g_com_10.wcs_cutout.fits already exists!
2026-04-13 02:20:09,986 | INFO | 2026-01-12_EP260104a_g_com_10.wcs_cutout.fits already exists!
2026-04-13 02:20:10,081 | INFO | 2026-01-07_EP260104a_g_com_10.wcs_cutout.fits already exists!
2026-04-13 02:20:10,406 | INFO | 2026-01-05_EP260104a_g_com_9.wcs_cutout.fits already exists!
2026-04-13 02:20:10,407 | INFO | Searching WHUT data...
2026-04-13 02:20:10,407 | INFO | Processing EP260105a
2026-04-13 02:20:10,407 | INFO | EP260105a registered!
2026-04-13 02:20:10,410 | INFO | Searching sitian data...
2026-04-13 02:20:10,410 | INFO | Yes...
2026-04-13 02:20:10,520 | INFO | 2026-01-22_EP260105a_g_com_10.wcs_cutout.fits already exists!
2026-04-13 02:20:10,616 | INFO | 2026-01-12_EP260105a_g_com_10.wcs_cutout.fits already exists!
2026-04-13 02:20:10,746 | INFO | 2026-01-05_EP260105a_g_com_1.wcs_cutout.fits already exists!
2026-04-13 02:20:10,869 | INFO | 2026-01-06_EP260105a_g_com_10.wcs_cutout.fits already exists!
2026-04-13 02:20:10,869 | INFO | Searching WHUT data...
2026-04-13 02:20:10,869 | INFO | Yes...
2026-04-13 02:20:12,049 | INFO | coadd_WHUT_i_20260125T214905.675_cutout.fits already exists!
2026-04-13 02:20:12,049 | INFO | Processing EP260105b
2026-04-13 02:20:12,049 | INFO | EP260105b registered!
2026-04-13 02:20:12,052 | INFO | Searching sitian data...
2026-04-13 02:20:12,053 | INFO | Yes...
2026-04-13 02:20:12,236 | INFO | 2026-01-10_EP260105b_g_com_3.wcs_cutout.fits already exists!
2026-04-13 02:20:12,349 | INFO | 2026-01-23_EP260105b_g_com_10.wcs_cutout.fits already exists!
2026-04-13 02:20:12,350 | INFO | Searching WHUT data...
2026-04-13 02:20:12,350 | INFO | Processing EP260110a
2026-04-13 02:20:12,350 | INFO | EP260110a registered!
2026-04-13 02:20:12,353 | INFO | Searching sitian data...
2026-04-13 02:20:12,354 | INFO | Yes...
2026-04-13 02:20:12,778 | INFO | 2026-01-20_EP260110a_g_com_9.wcs_cutout.fits already exists!
2026-04-13 02:20:12,995 | INFO | 2026-02-08_EP260110a_g_com_9.wcs_cutout.fits already exists!
2026-04-13 02:20:14,622 | INFO | 2026-01-22_EP260110a_g_com_10.wcs_cutout.fits already exists!
2026-04-13 02:20:14,986 | INFO | 2026-02-10_EP260110a_g_com_9.wcs_cutout.fits already exists!
2026-04-13 02:20:16,096 | INFO | 2026-01-12_EP260110a_g_com_10.wcs_cutout.fits already exists!
2026-04-13 02:20:17,218 | INFO | 2026-01-26_EP260110a_g_com_10.wcs_cutout.fits already exists!
2026-04-13 02:20:17,325 | INFO | 2026-01-11_EP260110a_g_com_10.wcs_cutout.fits already exists!
2026-04-13 02:20:17,325 | INFO | Searching WHUT data...
2026-04-13 02:20:17,325 | INFO | Yes...
2026-04-13 02:20:17,690 | INFO | coadd_WHUT_i_20260131T212149.878_cutout.fits already exists!
2026-04-13 02:20:17,690 | INFO | Processing EP260116a
2026-04-13 02:20:17,690 | INFO | EP260116a registered!
2026-04-13 02:20:17,694 | INFO | Searching sitian data...
2026-04-13 02:20:17,694 | INFO | Yes...
2026-04-13 02:20:17,776 | INFO | 2026-01-23_EP260116a_g_com_10.wcs_cutout.fits already exists!
2026-04-13 02:20:17,860 | INFO | 2026-01-27_EP260116a_g_com_10.wcs_cutout.fits already exists!
2026-04-13 02:20:17,937 | INFO | 2026-02-15_EP260116a_g_com_10.wcs_cutout.fits already exists!
2026-04-13 02:20:18,250 | INFO | 2026-02-11_EP260116a_g_com_10.wcs_cutout.fits already exists!
2026-04-13 02:20:18,250 | INFO | Searching WHUT data...
2026-04-13 02:20:18,251 | INFO | Processing EP260119a
2026-04-13 02:20:18,251 | INFO | EP260119a registered!
2026-04-13 02:20:18,253 | INFO | Searching sitian data...
2026-04-13 02:20:18,254 | INFO | Searching WHUT data...
2026-04-13 02:20:18,254 | INFO | Processing EP260126a
2026-04-13 02:20:18,254 | INFO | EP260126a registered!
2026-04-13 02:20:18,257 | INFO | Searching sitian data...
2026-04-13 02:20:18,257 | INFO | Yes...
2026-04-13 02:20:18,579 | INFO | 2026-02-11_EP260126a_g_com_10.wcs_cutout.fits already exists!
2026-04-13 02:20:18,894 | INFO | 2026-02-15_EP260126a_g_com_10.wcs_cutout.fits already exists!
2026-04-13 02:20:18,977 | INFO | 2026-02-15_EP260126a_g_com_5.wcs_cutout.fits already exists!
2026-04-13 02:20:18,977 | INFO | Searching WHUT data...
2026-04-13 02:20:18,977 | INFO | Yes...
2026-04-13 02:20:19,087 | INFO | coadd_WHUT_i_20260207T140731.088_cutout.fits already exists!
2026-04-13 02:20:19,087 | INFO | Processing EP260128a
2026-04-13 02:20:19,087 | INFO | EP260128a registered!
2026-04-13 02:20:19,090 | INFO | Searching sitian data...
2026-04-13 02:20:19,091 | INFO | Searching WHUT data...
2026-04-13 02:20:19,091 | INFO | Processing WXT J031644+08316
2026-04-13 02:20:19,091 | INFO | WXT J031644+08316 registered!
2026-04-13 02:20:19,094 | INFO | Searching sitian data...
2026-04-13 02:20:19,094 | INFO | Searching WHUT data...
2026-04-13 02:20:19,094 | INFO | Processing 1RXSJ052540.6+425139
2026-04-13 02:20:19,094 | INFO | 1RXSJ052540.6+425139 registered!
2026-04-13 02:20:19,097 | INFO | Searching sitian data...
2026-04-13 02:20:19,097 | INFO | Searching WHUT data...
2026-04-13 02:20:19,097 | INFO | Processing WXT J001838+115903
2026-04-13 02:20:19,097 | INFO | WXT J001838+115903 registered!
2026-04-13 02:20:19,100 | INFO | Searching sitian data...
2026-04-13 02:20:19,100 | INFO | Searching WHUT data...
2026-04-13 02:20:19,100 | INFO | Processing WXT J030902+581637
2026-04-13 02:20:19,100 | INFO | WXT J030902+581637 registered!
2026-04-13 02:20:19,103 | INFO | Searching sitian data...
2026-04-13 02:20:19,103 | INFO | Searching WHUT data...
2026-04-13 02:20:19,103 | INFO | Processing EP J0619.5+0602
2026-04-13 02:20:19,103 | INFO | EP J0619.5+0602 registered!
2026-04-13 02:20:19,106 | INFO | Searching sitian data...
2026-04-13 02:20:19,106 | INFO | Searching WHUT data...
2026-04-13 02:20:19,106 | INFO | Processing EP260131a
2026-04-13 02:20:19,106 | INFO | EP260131a registered!
2026-04-13 02:20:19,109 | INFO | Searching sitian data...
2026-04-13 02:20:19,109 | INFO | Searching WHUT data...
2026-04-13 02:20:19,109 | INFO | Processing EP260209a
2026-04-13 02:20:19,109 | INFO | EP260209a registered!
2026-04-13 02:20:19,112 | INFO | Searching sitian data...
2026-04-13 02:20:19,112 | INFO | Yes...
2026-04-13 02:20:19,643 | INFO | 2026-02-10_EP260209a_g_com_10.wcs_cutout.fits already exists!
2026-04-13 02:20:19,940 | INFO | 2026-02-15_EP260209a_g_com_10.wcs_cutout.fits already exists!
2026-04-13 02:20:19,940 | INFO | Searching WHUT data...
2026-04-13 02:20:19,940 | INFO | Processing EP260210a
2026-04-13 02:20:19,940 | INFO | EP260210a registered!
2026-04-13 02:20:19,944 | INFO | Searching sitian data...
2026-04-13 02:20:19,944 | INFO | Yes...
2026-04-13 02:20:20,041 | INFO | 2026-03-12_EP260210a_g_com_10.wcs_cutout.fits already exists!
2026-04-13 02:20:20,042 | INFO | Searching WHUT data...
2026-04-13 02:20:20,042 | INFO | Yes...
2026-04-13 02:20:20,138 | INFO | coadd_WHUT_i_20260302T154130.332_cutout.fits already exists!
2026-04-13 02:20:20,139 | INFO | Processing EP260213a
2026-04-13 02:20:20,139 | INFO | EP260213a registered!
2026-04-13 02:20:20,142 | INFO | Searching sitian data...
2026-04-13 02:20:20,142 | INFO | Yes...
2026-04-13 02:20:20,234 | INFO | 2026-03-10_EP260213a_g_com_10.wcs_cutout.fits already exists!
2026-04-13 02:20:20,744 | INFO | 2026-03-10_EP260213a_g_com_6.wcs_cutout.fits already exists!
2026-04-13 02:20:20,744 | INFO | Searching WHUT data...
2026-04-13 02:20:20,744 | INFO | Yes...
2026-04-13 02:20:20,828 | INFO | coadd_WHUT_i_20260308T174731.325_cutout.fits already exists!
2026-04-13 02:20:20,828 | INFO | Processing EP260214a
2026-04-13 02:20:20,828 | INFO | EP260214a registered!
2026-04-13 02:20:20,831 | INFO | Searching sitian data...
2026-04-13 02:20:20,831 | INFO | Searching WHUT data...
2026-04-13 02:20:20,831 | INFO | Processing EP260214b
2026-04-13 02:20:20,831 | INFO | EP260214b registered!
2026-04-13 02:20:20,833 | INFO | Searching sitian data...
2026-04-13 02:20:20,833 | INFO | Searching WHUT data...
2026-04-13 02:20:20,833 | INFO | Processing EP260221a
2026-04-13 02:20:20,834 | INFO | EP260221a registered!
2026-04-13 02:20:20,836 | INFO | Searching sitian data...
2026-04-13 02:20:20,836 | INFO | Searching WHUT data...
2026-04-13 02:20:20,836 | INFO | Processing EP260223a
2026-04-13 02:20:20,836 | INFO | EP260223a registered!
2026-04-13 02:20:20,839 | INFO | Searching sitian data...
2026-04-13 02:20:20,839 | INFO | Yes...
2026-04-13 02:20:20,928 | INFO | 2026-03-20_EP260223a_g_com_10.wcs_cutout.fits already exists!
2026-04-13 02:20:21,016 | INFO | 2026-03-18_EP260223a_g_com_10.wcs_cutout.fits already exists!
2026-04-13 02:20:21,016 | INFO | Searching WHUT data...
2026-04-13 02:20:21,016 | INFO | Processing EP260224a
2026-04-13 02:20:21,016 | INFO | EP260224a registered!
2026-04-13 02:20:21,019 | INFO | Searching sitian data...
2026-04-13 02:20:21,019 | INFO | Searching WHUT data...
2026-04-13 02:20:21,019 | INFO | Processing EP260227a
2026-04-13 02:20:21,019 | INFO | EP260227a registered!
2026-04-13 02:20:21,021 | INFO | Searching sitian data...
2026-04-13 02:20:21,021 | INFO | Searching WHUT data...
2026-04-13 02:20:21,022 | INFO | Processing EP260302a
2026-04-13 02:20:21,022 | INFO | EP260302a registered!
2026-04-13 02:20:21,024 | INFO | Searching sitian data...
2026-04-13 02:20:21,024 | INFO | Searching WHUT data...
2026-04-13 02:20:21,024 | INFO | Processing EP260306a
2026-04-13 02:20:21,024 | INFO | EP260306a registered!
2026-04-13 02:20:21,026 | INFO | Searching sitian data...
2026-04-13 02:20:21,026 | INFO | Searching WHUT data...
2026-04-13 02:20:21,026 | INFO | Processing EP260314a
2026-04-13 02:20:21,026 | INFO | EP260314a registered!
2026-04-13 02:20:21,028 | INFO | Searching sitian data...
2026-04-13 02:20:21,029 | INFO | Searching WHUT data...
2026-04-13 02:20:21,029 | INFO | Processing EP260316a
2026-04-13 02:20:21,029 | INFO | EP260316a registered!
2026-04-13 02:20:21,031 | INFO | Searching sitian data...
2026-04-13 02:20:21,031 | INFO | Searching WHUT data...
2026-04-13 02:20:21,031 | INFO | Processing EP260308a
2026-04-13 02:20:21,031 | INFO | EP260308a registered!
2026-04-13 02:20:21,033 | INFO | Searching sitian data...
2026-04-13 02:20:21,033 | INFO | Searching WHUT data...
2026-04-13 02:20:21,033 | INFO | Processing EP260321a
2026-04-13 02:20:21,034 | INFO | EP260321a registered!
2026-04-13 02:20:21,037 | INFO | Searching sitian data...
2026-04-13 02:20:21,037 | INFO | Yes...
2026-04-13 02:20:21,145 | INFO | 2026-03-23_EP260321a_g_com_3.wcs_cutout.fits already exists!
2026-04-13 02:20:21,145 | INFO | Searching WHUT data...
2026-04-13 02:20:21,145 | INFO | Yes...
2026-04-13 02:20:21,226 | ERROR | index 0 out of range for table with length 0
2026-04-13 02:20:21,226 | INFO | Processing EP260322a
2026-04-13 02:20:21,227 | INFO | EP260322a registered!
2026-04-13 02:20:21,229 | INFO | Searching sitian data...
2026-04-13 02:20:21,229 | INFO | Searching WHUT data...
2026-04-13 02:20:21,229 | INFO | Processing EP260324a
2026-04-13 02:20:21,229 | INFO | EP260324a registered!
2026-04-13 02:20:21,233 | INFO | Searching sitian data...
2026-04-13 02:20:21,233 | INFO | Searching WHUT data...
2026-04-13 02:20:21,233 | INFO | Yes...
2026-04-13 02:20:21,348 | ERROR | index 0 out of range for table with length 0
2026-04-13 02:20:21,349 | INFO | Processing EP260327a
2026-04-13 02:20:21,349 | INFO | EP260327a registered!
2026-04-13 02:20:21,351 | INFO | Searching sitian data...
2026-04-13 02:20:21,351 | INFO | Searching WHUT data...
2026-04-13 02:20:21,352 | INFO | Processing EP260329a
2026-04-13 02:20:21,352 | INFO | EP260329a registered!
2026-04-13 02:20:21,354 | INFO | Searching sitian data...
2026-04-13 02:20:21,354 | INFO | Searching WHUT data...
2026-04-13 02:20:21,354 | INFO | Processing EP260329b
2026-04-13 02:20:21,354 | INFO | EP260329b registered!
2026-04-13 02:20:21,356 | INFO | Searching sitian data...
2026-04-13 02:20:21,356 | INFO | Searching WHUT data...
2026-04-13 02:20:21,356 | INFO | Processing EP260402a
2026-04-13 02:20:21,356 | INFO | EP260402a registered!
2026-04-13 02:20:21,359 | INFO | Searching sitian data...
2026-04-13 02:20:21,359 | INFO | Searching WHUT data...
2026-04-13 02:20:21,359 | INFO | Processing EP260403a
2026-04-13 02:20:21,359 | INFO | EP260403a registered!
2026-04-13 02:20:21,361 | INFO | Searching sitian data...
2026-04-13 02:20:21,361 | INFO | Searching WHUT data...
2026-04-13 02:20:21,361 | INFO | Processing EP260405a
2026-04-13 02:20:21,361 | INFO | EP260405a registered!
2026-04-13 02:20:21,363 | INFO | Searching sitian data...
2026-04-13 02:20:21,363 | INFO | Searching WHUT data...
