2026-04-13 02:11:25,886 | INFO | Pre-processing

2026-04-13 02:11:25,886 | INFO | ============================================================
2026-04-13 02:11:25,886 | INFO | Cuting out sitian data...
2026-04-13 02:11:25,936 | WARNING | FITSFixedWarning: 'datfix' made the change 'Set DATE-OBS to '2026-01-23T06:11:00' from MJD-OBS'.
2026-04-13 02:11:26,065 | WARNING | File may have been truncated: actual file length (310640640) is smaller than the expected size (415730880)
2026-04-13 02:11:26,078 | WARNING | FITSFixedWarning: 'datfix' made the change 'Set DATE-OBS to '2026-01-23T02:09:00' from MJD-OBS'.
2026-04-13 02:11:26,084 | WARNING | File may have been truncated: actual file length (310640640) is smaller than the expected size (416275200)
2026-04-13 02:11:26,094 | WARNING | FITSFixedWarning: 'datfix' made the change 'Set DATE-OBS to '2026-01-22T01:51:00' from MJD-OBS'.
2026-04-13 02:11:26,106 | WARNING | FITSFixedWarning: 'datfix' made the change 'Set DATE-OBS to '2026-01-22T01:51:00' from MJD-OBS'.
2026-04-13 02:11:26,187 | WARNING | FITSFixedWarning: 'datfix' made the change 'Set DATE-OBS to '2026-01-13T22:12:00' from MJD-OBS'.
2026-04-13 02:11:26,268 | WARNING | FITSFixedWarning: 'datfix' made the change 'Set DATE-OBS to '2026-01-23T06:11:00' from MJD-OBS'.
2026-04-13 02:11:26,281 | WARNING | FITSFixedWarning: 'datfix' made the change 'Set DATE-OBS to '2026-01-22T05:55:00' from MJD-OBS'.
2026-04-13 02:11:26,293 | WARNING | FITSFixedWarning: 'datfix' made the change 'Set DATE-OBS to '2026-01-16T00:59:00' from MJD-OBS'.
2026-04-13 02:11:26,374 | WARNING | FITSFixedWarning: 'datfix' made the change 'Set DATE-OBS to '2026-01-23T02:09:00' from MJD-OBS'.
2026-04-13 02:11:26,456 | WARNING | FITSFixedWarning: 'datfix' made the change 'Set DATE-OBS to '2026-01-03T23:51:00' from MJD-OBS'.
2026-04-13 02:11:26,536 | WARNING | FITSFixedWarning: 'datfix' made the change 'Set DATE-OBS to '2026-01-09T02:12:00' from MJD-OBS'.
2026-04-13 02:11:26,618 | WARNING | FITSFixedWarning: 'datfix' made the change 'Set DATE-OBS to '2026-03-18T23:24:00' from MJD-OBS'.
2026-04-13 02:11:26,699 | WARNING | FITSFixedWarning: 'datfix' made the change 'Set DATE-OBS to '2026-03-12T01:48:00' from MJD-OBS'.
2026-04-13 02:11:26,711 | WARNING | FITSFixedWarning: 'datfix' made the change 'Set DATE-OBS to '2026-03-20T23:22:00' from MJD-OBS'.
2026-04-13 02:11:26,794 | WARNING | FITSFixedWarning: 'datfix' made the change 'Set DATE-OBS to '2026-03-11T23:28:00' from MJD-OBS'.
2026-04-13 02:11:26,807 | WARNING | FITSFixedWarning: 'datfix' made the change 'Set DATE-OBS to '2026-02-11T19:26:00' from MJD-OBS'.
2026-04-13 02:11:26,887 | WARNING | FITSFixedWarning: 'datfix' made the change 'Set DATE-OBS to '2026-02-16T17:29:00' from MJD-OBS'.
2026-04-13 02:11:26,960 | INFO | Cuting out WHUT data...
2026-04-13 02:11:26,971 | INFO | Cuting out LCO data...
2026-04-13 02:11:26,981 | INFO | Cuting out TNOT data...
2026-04-13 02:11:26,998 | WARNING | FITSFixedWarning: 'datfix' made the change 'Set MJD-OBS to 61017.597384 from DATE-OBS'.
2026-04-13 02:11:27,014 | WARNING | FITSFixedWarning: RADECSYS= 'FK5 ' / Equatorial coordinate system 
the RADECSYS keyword is deprecated, use RADESYSa.
2026-04-13 02:11:27,079 | WARNING | FITSFixedWarning: RADECSYS= 'FK5 ' / Equatorial coordinate system 
the RADECSYS keyword is deprecated, use RADESYSa.
2026-04-13 02:11:27,138 | WARNING | FITSFixedWarning: RADECSYS= 'FK5 ' / Equatorial coordinate system 
the RADECSYS keyword is deprecated, use RADESYSa.
2026-04-13 02:11:27,149 | INFO | Processing EP251212a
2026-04-13 02:11:27,150 | INFO | EP251212a registered!
2026-04-13 02:11:27,151 | INFO | Searching sitian data...
2026-04-13 02:11:27,151 | INFO | Searching WHUT data...
2026-04-13 02:11:27,151 | INFO | Processing EP251214b
2026-04-13 02:11:27,151 | INFO | EP251214b registered!
2026-04-13 02:11:27,152 | INFO | Searching sitian data...
2026-04-13 02:11:27,152 | INFO | Searching WHUT data...
2026-04-13 02:11:27,152 | INFO | Processing EP251220a
2026-04-13 02:11:27,152 | INFO | EP251220a registered!
2026-04-13 02:11:27,153 | INFO | Searching sitian data...
2026-04-13 02:11:27,153 | INFO | Searching WHUT data...
2026-04-13 02:11:27,153 | INFO | Processing EP251221a
2026-04-13 02:11:27,153 | INFO | EP251221a registered!
2026-04-13 02:11:27,155 | INFO | Searching sitian data...
2026-04-13 02:11:27,155 | INFO | Yes...
2026-04-13 02:11:27,454 | INFO | 2026-01-17_EP251221a_g_com_10.wcs_cutout.fits already exists!
2026-04-13 02:11:27,529 | INFO | 2026-01-16_EP251221a_g_com_10.wcs_cutout.fits already exists!
2026-04-13 02:11:27,529 | INFO | Searching WHUT data...
2026-04-13 02:11:27,529 | INFO | Processing EP251222a
2026-04-13 02:11:27,530 | INFO | EP251222a registered!
2026-04-13 02:11:27,531 | INFO | Searching sitian data...
2026-04-13 02:11:27,531 | INFO | Yes...
2026-04-13 02:11:27,612 | INFO | 2025-12-28_EP251222a_g_com_10.wcs_cutout.fits already exists!
2026-04-13 02:11:27,689 | INFO | 2025-12-29_EP251222a_g_com_5.wcs_cutout.fits already exists!
2026-04-13 02:11:27,772 | INFO | 2025-12-27_EP251222a_g_com_10.wcs_cutout.fits already exists!
2026-04-13 02:11:27,773 | INFO | Searching WHUT data...
2026-04-13 02:11:27,773 | INFO | Processing EP251229a
2026-04-13 02:11:27,773 | INFO | EP251229a registered!
2026-04-13 02:11:27,777 | INFO | Searching sitian data...
2026-04-13 02:11:27,777 | INFO | Yes...
2026-04-13 02:11:27,857 | INFO | 2026-01-22_EP251229a_g_com_10.wcs_cutout.fits already exists!
2026-04-13 02:11:27,857 | INFO | Searching WHUT data...
2026-04-13 02:11:27,857 | INFO | Processing EP260101a
2026-04-13 02:11:27,857 | INFO | EP260101a registered!
2026-04-13 02:11:27,861 | INFO | Searching sitian data...
2026-04-13 02:11:27,861 | INFO | Yes...
2026-04-13 02:11:27,944 | INFO | 2026-01-13_EP260101a_g_com_10.wcs_cutout.fits already exists!
2026-04-13 02:11:28,246 | INFO | 2026-01-08_EP260101a_g_com_10.wcs_cutout.fits already exists!
2026-04-13 02:11:28,329 | INFO | 2026-01-03_EP260101a_g_com_3.wcs_cutout.fits already exists!
2026-04-13 02:11:28,630 | INFO | 2026-01-22_EP260101a_g_com_9.wcs_cutout.fits already exists!
2026-04-13 02:11:28,713 | INFO | 2026-01-15_EP260101a_g_com_10.wcs_cutout.fits already exists!
2026-04-13 02:11:28,799 | INFO | 2026-01-21_EP260101a_g_com_10.wcs_cutout.fits already exists!
2026-04-13 02:11:28,799 | INFO | Searching WHUT data...
2026-04-13 02:11:28,799 | INFO | Processing EP260104a
2026-04-13 02:11:28,799 | INFO | EP260104a registered!
2026-04-13 02:11:28,803 | INFO | Searching sitian data...
2026-04-13 02:11:28,803 | INFO | Yes...
2026-04-13 02:11:28,888 | INFO | 2026-01-06_EP260104a_g_com_10.wcs_cutout.fits already exists!
2026-04-13 02:11:29,202 | INFO | 2026-01-12_EP260104a_g_com_10.wcs_cutout.fits already exists!
2026-04-13 02:11:29,300 | INFO | 2026-01-07_EP260104a_g_com_10.wcs_cutout.fits already exists!
2026-04-13 02:11:29,383 | INFO | 2026-01-05_EP260104a_g_com_9.wcs_cutout.fits already exists!
2026-04-13 02:11:29,384 | INFO | Searching WHUT data...
2026-04-13 02:11:29,384 | INFO | Processing EP260105a
2026-04-13 02:11:29,384 | INFO | EP260105a registered!
2026-04-13 02:11:29,387 | INFO | Searching sitian data...
2026-04-13 02:11:29,387 | INFO | Yes...
2026-04-13 02:11:29,474 | INFO | 2026-01-22_EP260105a_g_com_10.wcs_cutout.fits already exists!
2026-04-13 02:11:29,562 | INFO | 2026-01-12_EP260105a_g_com_10.wcs_cutout.fits already exists!
2026-04-13 02:11:29,643 | INFO | 2026-01-05_EP260105a_g_com_1.wcs_cutout.fits already exists!
2026-04-13 02:11:29,723 | INFO | 2026-01-06_EP260105a_g_com_10.wcs_cutout.fits already exists!
2026-04-13 02:11:29,724 | INFO | Searching WHUT data...
2026-04-13 02:11:29,724 | INFO | Yes...
2026-04-13 02:11:29,807 | INFO | coadd_WHUT_i_20260125T214905.675_cutout.fits already exists!
2026-04-13 02:11:29,807 | INFO | Processing EP260105b
2026-04-13 02:11:29,807 | INFO | EP260105b registered!
2026-04-13 02:11:29,811 | INFO | Searching sitian data...
2026-04-13 02:11:29,811 | INFO | Yes...
2026-04-13 02:11:29,893 | INFO | 2026-01-10_EP260105b_g_com_3.wcs_cutout.fits already exists!
2026-04-13 02:11:29,974 | INFO | 2026-01-23_EP260105b_g_com_10.wcs_cutout.fits already exists!
2026-04-13 02:11:29,974 | INFO | Searching WHUT data...
2026-04-13 02:11:29,974 | INFO | Processing EP260110a
2026-04-13 02:11:29,974 | INFO | EP260110a registered!
2026-04-13 02:11:29,978 | INFO | Searching sitian data...
2026-04-13 02:11:29,978 | INFO | Yes...
2026-04-13 02:11:30,069 | INFO | 2026-01-20_EP260110a_g_com_9.wcs_cutout.fits already exists!
2026-04-13 02:11:31,157 | INFO | 2026-02-08_EP260110a_g_com_9.wcs_cutout.fits already exists!
2026-04-13 02:11:31,238 | INFO | 2026-01-22_EP260110a_g_com_10.wcs_cutout.fits already exists!
2026-04-13 02:11:31,346 | INFO | 2026-02-10_EP260110a_g_com_9.wcs_cutout.fits already exists!
2026-04-13 02:11:31,433 | INFO | 2026-01-12_EP260110a_g_com_10.wcs_cutout.fits already exists!
2026-04-13 02:11:31,516 | INFO | 2026-01-26_EP260110a_g_com_10.wcs_cutout.fits already exists!
2026-04-13 02:11:31,595 | INFO | 2026-01-11_EP260110a_g_com_10.wcs_cutout.fits already exists!
2026-04-13 02:11:31,595 | INFO | Searching WHUT data...
2026-04-13 02:11:31,596 | INFO | Yes...
2026-04-13 02:11:31,677 | INFO | coadd_WHUT_i_20260131T212149.878_cutout.fits already exists!
2026-04-13 02:11:31,677 | INFO | Processing EP260116a
2026-04-13 02:11:31,678 | INFO | EP260116a registered!
2026-04-13 02:11:31,681 | INFO | Searching sitian data...
2026-04-13 02:11:31,681 | INFO | Yes...
2026-04-13 02:11:32,772 | INFO | 2026-01-23_EP260116a_g_com_10.wcs_cutout.fits already exists!
2026-04-13 02:11:32,850 | INFO | 2026-01-27_EP260116a_g_com_10.wcs_cutout.fits already exists!
2026-04-13 02:11:32,927 | INFO | 2026-02-15_EP260116a_g_com_10.wcs_cutout.fits already exists!
2026-04-13 02:11:33,010 | INFO | 2026-02-11_EP260116a_g_com_10.wcs_cutout.fits already exists!
2026-04-13 02:11:33,010 | INFO | Searching WHUT data...
2026-04-13 02:11:33,010 | INFO | Processing EP260119a
2026-04-13 02:11:33,010 | INFO | EP260119a registered!
2026-04-13 02:11:33,013 | INFO | Searching sitian data...
2026-04-13 02:11:33,013 | INFO | Searching WHUT data...
2026-04-13 02:11:33,013 | INFO | Processing EP260126a
2026-04-13 02:11:33,013 | INFO | EP260126a registered!
2026-04-13 02:11:33,016 | INFO | Searching sitian data...
2026-04-13 02:11:33,016 | INFO | Yes...
2026-04-13 02:11:35,303 | INFO | 2026-02-11_EP260126a_g_com_10.wcs_cutout.fits already exists!
2026-04-13 02:11:35,385 | INFO | 2026-02-15_EP260126a_g_com_10.wcs_cutout.fits already exists!
2026-04-13 02:11:35,472 | INFO | 2026-02-15_EP260126a_g_com_5.wcs_cutout.fits already exists!
2026-04-13 02:11:35,472 | INFO | Searching WHUT data...
2026-04-13 02:11:35,472 | INFO | Yes...
2026-04-13 02:11:35,565 | INFO | coadd_WHUT_i_20260207T140731.088_cutout.fits already exists!
2026-04-13 02:11:35,565 | INFO | Processing EP260128a
2026-04-13 02:11:35,565 | INFO | EP260128a registered!
2026-04-13 02:11:35,568 | INFO | Searching sitian data...
2026-04-13 02:11:35,569 | INFO | Searching WHUT data...
2026-04-13 02:11:35,569 | INFO | Processing WXT J031644+08316
2026-04-13 02:11:35,569 | INFO | WXT J031644+08316 registered!
2026-04-13 02:11:35,572 | INFO | Searching sitian data...
2026-04-13 02:11:35,572 | INFO | Searching WHUT data...
2026-04-13 02:11:35,572 | INFO | Processing 1RXSJ052540.6+425139
2026-04-13 02:11:35,572 | INFO | 1RXSJ052540.6+425139 registered!
2026-04-13 02:11:35,575 | INFO | Searching sitian data...
2026-04-13 02:11:35,575 | INFO | Searching WHUT data...
2026-04-13 02:11:35,575 | INFO | Processing WXT J001838+115903
2026-04-13 02:11:35,575 | INFO | WXT J001838+115903 registered!
2026-04-13 02:11:35,578 | INFO | Searching sitian data...
2026-04-13 02:11:35,578 | INFO | Searching WHUT data...
2026-04-13 02:11:35,578 | INFO | Processing WXT J030902+581637
2026-04-13 02:11:35,578 | INFO | WXT J030902+581637 registered!
2026-04-13 02:11:35,581 | INFO | Searching sitian data...
2026-04-13 02:11:35,581 | INFO | Searching WHUT data...
2026-04-13 02:11:35,581 | INFO | Processing EP J0619.5+0602
2026-04-13 02:11:35,581 | INFO | EP J0619.5+0602 registered!
2026-04-13 02:11:35,584 | INFO | Searching sitian data...
2026-04-13 02:11:35,584 | INFO | Searching WHUT data...
2026-04-13 02:11:35,584 | INFO | Processing EP260131a
2026-04-13 02:11:35,584 | INFO | EP260131a registered!
2026-04-13 02:11:35,587 | INFO | Searching sitian data...
2026-04-13 02:11:35,587 | INFO | Searching WHUT data...
2026-04-13 02:11:35,587 | INFO | Processing EP260209a
2026-04-13 02:11:35,587 | INFO | EP260209a registered!
2026-04-13 02:11:35,590 | INFO | Searching sitian data...
2026-04-13 02:11:35,590 | INFO | Yes...
2026-04-13 02:11:35,674 | INFO | 2026-02-10_EP260209a_g_com_10.wcs_cutout.fits already exists!
2026-04-13 02:11:35,753 | INFO | 2026-02-15_EP260209a_g_com_10.wcs_cutout.fits already exists!
2026-04-13 02:11:35,753 | INFO | Searching WHUT data...
2026-04-13 02:11:35,754 | INFO | Processing EP260210a
2026-04-13 02:11:35,754 | INFO | EP260210a registered!
2026-04-13 02:11:35,757 | INFO | Searching sitian data...
2026-04-13 02:11:35,757 | INFO | Yes...
2026-04-13 02:11:35,840 | INFO | 2026-03-12_EP260210a_g_com_10.wcs_cutout.fits already exists!
2026-04-13 02:11:35,841 | INFO | Searching WHUT data...
2026-04-13 02:11:35,841 | INFO | Yes...
2026-04-13 02:11:36,923 | INFO | coadd_WHUT_i_20260302T154130.332_cutout.fits already exists!
2026-04-13 02:11:36,923 | INFO | Processing EP260213a
2026-04-13 02:11:36,923 | INFO | EP260213a registered!
2026-04-13 02:11:36,926 | INFO | Searching sitian data...
2026-04-13 02:11:36,926 | INFO | Yes...
2026-04-13 02:11:37,230 | INFO | 2026-03-10_EP260213a_g_com_10.wcs_cutout.fits already exists!
2026-04-13 02:11:37,309 | INFO | 2026-03-10_EP260213a_g_com_6.wcs_cutout.fits already exists!
2026-04-13 02:11:37,309 | INFO | Searching WHUT data...
2026-04-13 02:11:37,309 | INFO | Yes...
2026-04-13 02:11:37,395 | INFO | coadd_WHUT_i_20260308T174731.325_cutout.fits already exists!
2026-04-13 02:11:37,396 | INFO | Processing EP260214a
2026-04-13 02:11:37,396 | INFO | EP260214a registered!
2026-04-13 02:11:37,398 | INFO | Searching sitian data...
2026-04-13 02:11:37,398 | INFO | Searching WHUT data...
2026-04-13 02:11:37,399 | INFO | Processing EP260214b
2026-04-13 02:11:37,399 | INFO | EP260214b registered!
2026-04-13 02:11:37,401 | INFO | Searching sitian data...
2026-04-13 02:11:37,401 | INFO | Searching WHUT data...
2026-04-13 02:11:37,401 | INFO | Processing EP260221a
2026-04-13 02:11:37,401 | INFO | EP260221a registered!
2026-04-13 02:11:37,403 | INFO | Searching sitian data...
2026-04-13 02:11:37,403 | INFO | Searching WHUT data...
2026-04-13 02:11:37,403 | INFO | Processing EP260223a
2026-04-13 02:11:37,403 | INFO | EP260223a registered!
2026-04-13 02:11:37,407 | INFO | Searching sitian data...
2026-04-13 02:11:37,407 | INFO | Yes...
2026-04-13 02:11:37,485 | INFO | 2026-03-20_EP260223a_g_com_10.wcs_cutout.fits already exists!
2026-04-13 02:11:37,778 | INFO | 2026-03-18_EP260223a_g_com_10.wcs_cutout.fits already exists!
2026-04-13 02:11:37,778 | INFO | Searching WHUT data...
2026-04-13 02:11:37,778 | INFO | Processing EP260224a
2026-04-13 02:11:37,778 | INFO | EP260224a registered!
2026-04-13 02:11:37,781 | INFO | Searching sitian data...
2026-04-13 02:11:37,781 | INFO | Searching WHUT data...
2026-04-13 02:11:37,781 | INFO | Processing EP260227a
2026-04-13 02:11:37,781 | INFO | EP260227a registered!
2026-04-13 02:11:37,784 | INFO | Searching sitian data...
2026-04-13 02:11:37,784 | INFO | Searching WHUT data...
2026-04-13 02:11:37,784 | INFO | Processing EP260302a
2026-04-13 02:11:37,784 | INFO | EP260302a registered!
2026-04-13 02:11:37,786 | INFO | Searching sitian data...
2026-04-13 02:11:37,786 | INFO | Searching WHUT data...
2026-04-13 02:11:37,786 | INFO | Processing EP260306a
2026-04-13 02:11:37,786 | INFO | EP260306a registered!
2026-04-13 02:11:37,788 | INFO | Searching sitian data...
2026-04-13 02:11:37,788 | INFO | Searching WHUT data...
2026-04-13 02:11:37,789 | INFO | Processing EP260314a
2026-04-13 02:11:37,789 | INFO | EP260314a registered!
2026-04-13 02:11:37,791 | INFO | Searching sitian data...
2026-04-13 02:11:37,791 | INFO | Searching WHUT data...
2026-04-13 02:11:37,791 | INFO | Processing EP260316a
2026-04-13 02:11:37,791 | INFO | EP260316a registered!
2026-04-13 02:11:37,793 | INFO | Searching sitian data...
2026-04-13 02:11:37,793 | INFO | Searching WHUT data...
2026-04-13 02:11:37,793 | INFO | Processing EP260308a
2026-04-13 02:11:37,793 | INFO | EP260308a registered!
2026-04-13 02:11:37,795 | INFO | Searching sitian data...
2026-04-13 02:11:37,796 | INFO | Searching WHUT data...
2026-04-13 02:11:37,796 | INFO | Processing EP260321a
2026-04-13 02:11:37,796 | INFO | EP260321a registered!
2026-04-13 02:11:37,799 | INFO | Searching sitian data...
2026-04-13 02:11:37,799 | INFO | Yes...
2026-04-13 02:11:39,905 | INFO | 2026-03-23_EP260321a_g_com_3.wcs_cutout.fits already exists!
2026-04-13 02:11:39,905 | INFO | Searching WHUT data...
2026-04-13 02:11:39,905 | INFO | Yes...
2026-04-13 02:11:40,211 | ERROR | index 0 out of range for table with length 0
2026-04-13 02:11:40,212 | INFO | Processing EP260322a
2026-04-13 02:11:40,212 | INFO | EP260322a registered!
2026-04-13 02:11:40,214 | INFO | Searching sitian data...
2026-04-13 02:11:40,214 | INFO | Searching WHUT data...
2026-04-13 02:11:40,215 | INFO | Processing EP260324a
2026-04-13 02:11:40,215 | INFO | EP260324a registered!
2026-04-13 02:11:40,218 | INFO | Searching sitian data...
2026-04-13 02:11:40,218 | INFO | Searching WHUT data...
2026-04-13 02:11:40,218 | INFO | Yes...
2026-04-13 02:11:40,518 | ERROR | index 0 out of range for table with length 0
2026-04-13 02:11:40,518 | INFO | Processing EP260327a
2026-04-13 02:11:40,518 | INFO | EP260327a registered!
2026-04-13 02:11:40,521 | INFO | Searching sitian data...
2026-04-13 02:11:40,521 | INFO | Searching WHUT data...
2026-04-13 02:11:40,521 | INFO | Processing EP260329a
2026-04-13 02:11:40,521 | INFO | EP260329a registered!
2026-04-13 02:11:40,523 | INFO | Searching sitian data...
2026-04-13 02:11:40,523 | INFO | Searching WHUT data...
2026-04-13 02:11:40,523 | INFO | Processing EP260329b
2026-04-13 02:11:40,523 | INFO | EP260329b registered!
2026-04-13 02:11:40,525 | INFO | Searching sitian data...
2026-04-13 02:11:40,526 | INFO | Searching WHUT data...
2026-04-13 02:11:40,526 | INFO | Processing EP260402a
2026-04-13 02:11:40,526 | INFO | EP260402a registered!
2026-04-13 02:11:40,528 | INFO | Searching sitian data...
2026-04-13 02:11:40,528 | INFO | Searching WHUT data...
2026-04-13 02:11:40,528 | INFO | Processing EP260403a
2026-04-13 02:11:40,528 | INFO | EP260403a registered!
2026-04-13 02:11:40,530 | INFO | Searching sitian data...
2026-04-13 02:11:40,530 | INFO | Searching WHUT data...
2026-04-13 02:11:40,530 | INFO | Processing EP260405a
2026-04-13 02:11:40,531 | INFO | EP260405a registered!
2026-04-13 02:11:40,533 | INFO | Searching sitian data...
2026-04-13 02:11:40,533 | INFO | Searching WHUT data...
