2026-03-23 13:46:02,527 | INFO | Pre-processing
==*30
2026-03-23 13:46:02,527 | INFO | Cuting out sitian data...
2026-03-23 13:46:02,573 | WARNING | FITSFixedWarning: 'datfix' made the change 'Set DATE-OBS to '2026-01-23T06:11:00' from MJD-OBS'.
2026-03-23 13:46:02,647 | WARNING | File may have been truncated: actual file length (310640640) is smaller than the expected size (415730880)
2026-03-23 13:46:02,658 | WARNING | FITSFixedWarning: 'datfix' made the change 'Set DATE-OBS to '2026-01-23T02:09:00' from MJD-OBS'.
2026-03-23 13:46:02,664 | WARNING | File may have been truncated: actual file length (310640640) is smaller than the expected size (416275200)
2026-03-23 13:46:02,673 | WARNING | FITSFixedWarning: 'datfix' made the change 'Set DATE-OBS to '2026-01-22T01:51:00' from MJD-OBS'.
2026-03-23 13:46:02,685 | WARNING | FITSFixedWarning: 'datfix' made the change 'Set DATE-OBS to '2026-01-22T01:51:00' from MJD-OBS'.
2026-03-23 13:46:02,769 | WARNING | FITSFixedWarning: 'datfix' made the change 'Set DATE-OBS to '2026-01-13T22:12:00' from MJD-OBS'.
2026-03-23 13:46:02,850 | WARNING | FITSFixedWarning: 'datfix' made the change 'Set DATE-OBS to '2026-01-23T06:11:00' from MJD-OBS'.
2026-03-23 13:46:02,862 | WARNING | FITSFixedWarning: 'datfix' made the change 'Set DATE-OBS to '2026-01-22T05:55:00' from MJD-OBS'.
2026-03-23 13:46:02,873 | WARNING | FITSFixedWarning: 'datfix' made the change 'Set DATE-OBS to '2026-01-16T00:59:00' from MJD-OBS'.
2026-03-23 13:46:02,953 | WARNING | FITSFixedWarning: 'datfix' made the change 'Set DATE-OBS to '2026-01-23T02:09:00' from MJD-OBS'.
2026-03-23 13:46:03,034 | WARNING | FITSFixedWarning: 'datfix' made the change 'Set DATE-OBS to '2026-01-03T23:51:00' from MJD-OBS'.
2026-03-23 13:46:03,114 | WARNING | FITSFixedWarning: 'datfix' made the change 'Set DATE-OBS to '2026-01-09T02:12:00' from MJD-OBS'.
2026-03-23 13:46:03,196 | WARNING | FITSFixedWarning: 'datfix' made the change 'Set DATE-OBS to '2026-03-18T23:24:00' from MJD-OBS'.
2026-03-23 13:46:03,277 | WARNING | FITSFixedWarning: 'datfix' made the change 'Set DATE-OBS to '2026-03-12T01:48:00' from MJD-OBS'.
2026-03-23 13:46:03,289 | WARNING | FITSFixedWarning: 'datfix' made the change 'Set DATE-OBS to '2026-03-20T23:22:00' from MJD-OBS'.
2026-03-23 13:46:03,372 | WARNING | FITSFixedWarning: 'datfix' made the change 'Set DATE-OBS to '2026-03-11T23:28:00' from MJD-OBS'.
2026-03-23 13:46:03,384 | WARNING | FITSFixedWarning: 'datfix' made the change 'Set DATE-OBS to '2026-02-11T19:26:00' from MJD-OBS'.
2026-03-23 13:46:03,464 | WARNING | FITSFixedWarning: 'datfix' made the change 'Set DATE-OBS to '2026-02-16T17:29:00' from MJD-OBS'.
2026-03-23 13:46:03,537 | INFO | Cuting out WHUT data...
2026-03-23 13:46:03,547 | INFO | Cuting out LCO data...
2026-03-23 13:46:03,556 | INFO | Cuting out TNOT data...
2026-03-23 13:46:03,572 | WARNING | FITSFixedWarning: 'datfix' made the change 'Set MJD-OBS to 61017.597384 from DATE-OBS'.
2026-03-23 13:46:03,587 | WARNING | FITSFixedWarning: RADECSYS= 'FK5 ' / Equatorial coordinate system 
the RADECSYS keyword is deprecated, use RADESYSa.
2026-03-23 13:46:03,645 | WARNING | FITSFixedWarning: RADECSYS= 'FK5 ' / Equatorial coordinate system 
the RADECSYS keyword is deprecated, use RADESYSa.
2026-03-23 13:46:03,704 | WARNING | FITSFixedWarning: RADECSYS= 'FK5 ' / Equatorial coordinate system 
the RADECSYS keyword is deprecated, use RADESYSa.
2026-03-23 13:46:03,714 | INFO | Processing EP251212a
2026-03-23 13:46:03,714 | INFO | EP251212a registered!
2026-03-23 13:46:03,715 | INFO | Searching sitian data...
2026-03-23 13:46:03,715 | INFO | Searching WHUT data...
2026-03-23 13:46:03,715 | INFO | Processing EP251214b
2026-03-23 13:46:03,715 | INFO | EP251214b registered!
2026-03-23 13:46:03,716 | INFO | Searching sitian data...
2026-03-23 13:46:03,716 | INFO | Searching WHUT data...
2026-03-23 13:46:03,716 | INFO | Processing EP251220a
2026-03-23 13:46:03,716 | INFO | EP251220a registered!
2026-03-23 13:46:03,717 | INFO | Searching sitian data...
2026-03-23 13:46:03,717 | INFO | Searching WHUT data...
2026-03-23 13:46:03,717 | INFO | Processing EP251221a
2026-03-23 13:46:03,717 | INFO | EP251221a registered!
2026-03-23 13:46:03,719 | INFO | Searching sitian data...
2026-03-23 13:46:03,719 | INFO | Yes...
2026-03-23 13:46:03,840 | INFO | 2026-01-17_EP251221a_g_com_10.wcs_cutout.fits already exists!
2026-03-23 13:46:03,955 | INFO | 2026-01-16_EP251221a_g_com_10.wcs_cutout.fits already exists!
2026-03-23 13:46:03,955 | INFO | Searching WHUT data...
2026-03-23 13:46:03,956 | INFO | Processing EP251222a
2026-03-23 13:46:03,956 | INFO | EP251222a registered!
2026-03-23 13:46:03,957 | INFO | Searching sitian data...
2026-03-23 13:46:03,957 | INFO | Yes...
2026-03-23 13:46:04,065 | INFO | 2025-12-28_EP251222a_g_com_10.wcs_cutout.fits already exists!
2026-03-23 13:46:05,176 | INFO | 2025-12-29_EP251222a_g_com_5.wcs_cutout.fits already exists!
2026-03-23 13:46:05,489 | INFO | 2025-12-27_EP251222a_g_com_10.wcs_cutout.fits already exists!
2026-03-23 13:46:05,489 | INFO | Searching WHUT data...
2026-03-23 13:46:05,490 | INFO | Processing EP251229a
2026-03-23 13:46:05,490 | INFO | EP251229a registered!
2026-03-23 13:46:05,493 | INFO | Searching sitian data...
2026-03-23 13:46:05,493 | INFO | Yes...
2026-03-23 13:46:05,602 | INFO | 2026-01-22_EP251229a_g_com_10.wcs_cutout.fits already exists!
2026-03-23 13:46:05,602 | INFO | Searching WHUT data...
2026-03-23 13:46:05,603 | INFO | Processing EP260101a
2026-03-23 13:46:05,603 | INFO | EP260101a registered!
2026-03-23 13:46:05,606 | INFO | Searching sitian data...
2026-03-23 13:46:05,606 | INFO | Yes...
2026-03-23 13:46:05,715 | INFO | 2026-01-13_EP260101a_g_com_10.wcs_cutout.fits already exists!
2026-03-23 13:46:05,819 | INFO | 2026-01-08_EP260101a_g_com_10.wcs_cutout.fits already exists!
2026-03-23 13:46:05,927 | INFO | 2026-01-03_EP260101a_g_com_3.wcs_cutout.fits already exists!
2026-03-23 13:46:06,040 | INFO | 2026-01-22_EP260101a_g_com_9.wcs_cutout.fits already exists!
2026-03-23 13:46:06,151 | INFO | 2026-01-15_EP260101a_g_com_10.wcs_cutout.fits already exists!
2026-03-23 13:46:06,272 | INFO | 2026-01-21_EP260101a_g_com_10.wcs_cutout.fits already exists!
2026-03-23 13:46:06,273 | INFO | Searching WHUT data...
2026-03-23 13:46:06,273 | INFO | Processing EP260104a
2026-03-23 13:46:06,273 | INFO | EP260104a registered!
2026-03-23 13:46:06,276 | INFO | Searching sitian data...
2026-03-23 13:46:06,277 | INFO | Yes...
2026-03-23 13:46:06,389 | INFO | 2026-01-06_EP260104a_g_com_10.wcs_cutout.fits already exists!
2026-03-23 13:46:06,500 | INFO | 2026-01-12_EP260104a_g_com_10.wcs_cutout.fits already exists!
2026-03-23 13:46:06,611 | INFO | 2026-01-07_EP260104a_g_com_10.wcs_cutout.fits already exists!
2026-03-23 13:46:06,714 | INFO | 2026-01-05_EP260104a_g_com_9.wcs_cutout.fits already exists!
2026-03-23 13:46:06,714 | INFO | Searching WHUT data...
2026-03-23 13:46:06,715 | INFO | Processing EP260105a
2026-03-23 13:46:06,715 | INFO | EP260105a registered!
2026-03-23 13:46:06,718 | INFO | Searching sitian data...
2026-03-23 13:46:06,718 | INFO | Yes...
2026-03-23 13:46:06,822 | INFO | 2026-01-22_EP260105a_g_com_10.wcs_cutout.fits already exists!
2026-03-23 13:46:06,930 | INFO | 2026-01-12_EP260105a_g_com_10.wcs_cutout.fits already exists!
2026-03-23 13:46:07,031 | INFO | 2026-01-05_EP260105a_g_com_1.wcs_cutout.fits already exists!
2026-03-23 13:46:07,141 | INFO | 2026-01-06_EP260105a_g_com_10.wcs_cutout.fits already exists!
2026-03-23 13:46:07,141 | INFO | Searching WHUT data...
2026-03-23 13:46:07,141 | INFO | Yes...
2026-03-23 13:46:07,245 | INFO | coadd_WHUT_i_20260125T214905.675_cutout.fits already exists!
2026-03-23 13:46:07,245 | INFO | Processing EP260105b
2026-03-23 13:46:07,246 | INFO | EP260105b registered!
2026-03-23 13:46:07,249 | INFO | Searching sitian data...
2026-03-23 13:46:07,249 | INFO | Yes...
2026-03-23 13:46:07,353 | INFO | 2026-01-10_EP260105b_g_com_3.wcs_cutout.fits already exists!
2026-03-23 13:46:07,463 | INFO | 2026-01-23_EP260105b_g_com_10.wcs_cutout.fits already exists!
2026-03-23 13:46:07,463 | INFO | Searching WHUT data...
2026-03-23 13:46:07,463 | INFO | Processing EP260110a
2026-03-23 13:46:07,464 | INFO | EP260110a registered!
2026-03-23 13:46:07,467 | INFO | Searching sitian data...
2026-03-23 13:46:07,467 | INFO | Yes...
2026-03-23 13:46:09,811 | INFO | 2026-01-20_EP260110a_g_com_9.wcs_cutout.fits already exists!
2026-03-23 13:46:09,952 | INFO | 2026-02-08_EP260110a_g_com_9.wcs_cutout.fits already exists!
2026-03-23 13:46:11,147 | INFO | 2026-01-22_EP260110a_g_com_10.wcs_cutout.fits already exists!
2026-03-23 13:46:11,275 | INFO | 2026-02-10_EP260110a_g_com_9.wcs_cutout.fits already exists!
2026-03-23 13:46:11,378 | INFO | 2026-01-12_EP260110a_g_com_10.wcs_cutout.fits already exists!
2026-03-23 13:46:13,506 | INFO | 2026-01-26_EP260110a_g_com_10.wcs_cutout.fits already exists!
2026-03-23 13:46:13,623 | INFO | 2026-01-11_EP260110a_g_com_10.wcs_cutout.fits already exists!
2026-03-23 13:46:13,623 | INFO | Searching WHUT data...
2026-03-23 13:46:13,623 | INFO | Yes...
2026-03-23 13:46:13,948 | INFO | coadd_WHUT_i_20260131T212149.878_cutout.fits already exists!
2026-03-23 13:46:13,948 | INFO | Processing EP260116a
2026-03-23 13:46:13,948 | INFO | EP260116a registered!
2026-03-23 13:46:13,951 | INFO | Searching sitian data...
2026-03-23 13:46:13,951 | INFO | Yes...
2026-03-23 13:46:14,269 | INFO | 2026-01-23_EP260116a_g_com_10.wcs_cutout.fits already exists!
2026-03-23 13:46:14,598 | INFO | 2026-01-27_EP260116a_g_com_10.wcs_cutout.fits already exists!
2026-03-23 13:46:14,701 | INFO | 2026-02-15_EP260116a_g_com_10.wcs_cutout.fits already exists!
2026-03-23 13:46:14,809 | INFO | 2026-02-11_EP260116a_g_com_10.wcs_cutout.fits already exists!
2026-03-23 13:46:14,809 | INFO | Searching WHUT data...
2026-03-23 13:46:14,809 | INFO | Processing EP260119a
2026-03-23 13:46:14,809 | INFO | EP260119a registered!
2026-03-23 13:46:14,812 | INFO | Searching sitian data...
2026-03-23 13:46:14,812 | INFO | Searching WHUT data...
2026-03-23 13:46:14,812 | INFO | Processing EP260126a
2026-03-23 13:46:14,812 | INFO | EP260126a registered!
2026-03-23 13:46:14,815 | INFO | Searching sitian data...
2026-03-23 13:46:14,815 | INFO | Yes...
2026-03-23 13:46:14,914 | INFO | 2026-02-11_EP260126a_g_com_10.wcs_cutout.fits already exists!
2026-03-23 13:46:15,022 | INFO | 2026-02-15_EP260126a_g_com_10.wcs_cutout.fits already exists!
2026-03-23 13:46:15,133 | INFO | 2026-02-15_EP260126a_g_com_5.wcs_cutout.fits already exists!
2026-03-23 13:46:15,133 | INFO | Searching WHUT data...
2026-03-23 13:46:15,133 | INFO | Yes...
2026-03-23 13:46:15,252 | INFO | coadd_WHUT_i_20260207T140731.088_cutout.fits already exists!
2026-03-23 13:46:15,253 | INFO | Processing EP260128a
2026-03-23 13:46:15,253 | INFO | EP260128a registered!
2026-03-23 13:46:15,256 | INFO | Searching sitian data...
2026-03-23 13:46:15,256 | INFO | Searching WHUT data...
2026-03-23 13:46:15,256 | INFO | Processing WXT J031644+08316
2026-03-23 13:46:15,256 | INFO | WXT J031644+08316 registered!
2026-03-23 13:46:15,259 | INFO | Searching sitian data...
2026-03-23 13:46:15,259 | INFO | Searching WHUT data...
2026-03-23 13:46:15,260 | INFO | Processing 1RXSJ052540.6+425139
2026-03-23 13:46:15,260 | INFO | 1RXSJ052540.6+425139 registered!
2026-03-23 13:46:15,262 | INFO | Searching sitian data...
2026-03-23 13:46:15,262 | INFO | Searching WHUT data...
2026-03-23 13:46:15,262 | INFO | Processing WXT J001838+115903
2026-03-23 13:46:15,263 | INFO | WXT J001838+115903 registered!
2026-03-23 13:46:15,265 | INFO | Searching sitian data...
2026-03-23 13:46:15,265 | INFO | Searching WHUT data...
2026-03-23 13:46:15,265 | INFO | Processing WXT J030902+581637
2026-03-23 13:46:15,265 | INFO | WXT J030902+581637 registered!
2026-03-23 13:46:15,268 | INFO | Searching sitian data...
2026-03-23 13:46:15,268 | INFO | Searching WHUT data...
2026-03-23 13:46:15,268 | INFO | Processing EP J0619.5+0602
2026-03-23 13:46:15,268 | INFO | EP J0619.5+0602 registered!
2026-03-23 13:46:15,271 | INFO | Searching sitian data...
2026-03-23 13:46:15,271 | INFO | Searching WHUT data...
2026-03-23 13:46:15,271 | INFO | Processing EP260131a
2026-03-23 13:46:15,271 | INFO | EP260131a registered!
2026-03-23 13:46:15,274 | INFO | Searching sitian data...
2026-03-23 13:46:15,275 | INFO | Searching WHUT data...
2026-03-23 13:46:15,275 | INFO | Processing EP260209a
2026-03-23 13:46:15,275 | INFO | EP260209a registered!
2026-03-23 13:46:15,278 | INFO | Searching sitian data...
2026-03-23 13:46:15,278 | INFO | Yes...
2026-03-23 13:46:15,416 | INFO | 2026-02-10_EP260209a_g_com_10.wcs_cutout.fits already exists!
2026-03-23 13:46:15,527 | INFO | 2026-02-15_EP260209a_g_com_10.wcs_cutout.fits already exists!
2026-03-23 13:46:15,527 | INFO | Searching WHUT data...
2026-03-23 13:46:15,527 | INFO | Processing EP260210a
2026-03-23 13:46:15,527 | INFO | EP260210a registered!
2026-03-23 13:46:15,530 | INFO | Searching sitian data...
2026-03-23 13:46:15,531 | INFO | Yes...
2026-03-23 13:46:15,644 | INFO | 2026-03-12_EP260210a_g_com_10.wcs_cutout.fits already exists!
2026-03-23 13:46:15,644 | INFO | Searching WHUT data...
2026-03-23 13:46:15,645 | INFO | Yes...
2026-03-23 13:46:15,765 | ERROR | 'numpy.float64' object has no attribute 'mask'
2026-03-23 13:46:15,765 | INFO | Processing EP260213a
2026-03-23 13:46:15,765 | INFO | EP260213a registered!
2026-03-23 13:46:15,768 | INFO | Searching sitian data...
2026-03-23 13:46:15,768 | INFO | Yes...
2026-03-23 13:46:15,866 | INFO | 2026-03-10_EP260213a_g_com_10.wcs_cutout.fits already exists!
2026-03-23 13:46:16,982 | INFO | 2026-03-10_EP260213a_g_com_6.wcs_cutout.fits already exists!
2026-03-23 13:46:16,982 | INFO | Searching WHUT data...
2026-03-23 13:46:16,982 | INFO | Yes...
2026-03-23 13:46:17,097 | INFO | coadd_WHUT_i_20260308T174731.325_cutout.fits already exists!
2026-03-23 13:46:17,097 | INFO | Processing EP260214a
2026-03-23 13:46:17,097 | INFO | EP260214a registered!
2026-03-23 13:46:17,100 | INFO | Searching sitian data...
2026-03-23 13:46:17,100 | INFO | Searching WHUT data...
2026-03-23 13:46:17,100 | INFO | Processing EP260214b
2026-03-23 13:46:17,100 | INFO | EP260214b registered!
2026-03-23 13:46:17,102 | INFO | Searching sitian data...
2026-03-23 13:46:17,103 | INFO | Searching WHUT data...
2026-03-23 13:46:17,103 | INFO | Processing EP260221a
2026-03-23 13:46:17,103 | INFO | EP260221a registered!
2026-03-23 13:46:17,105 | INFO | Searching sitian data...
2026-03-23 13:46:17,105 | INFO | Searching WHUT data...
2026-03-23 13:46:17,105 | INFO | Processing EP260223a
2026-03-23 13:46:17,105 | INFO | EP260223a registered!
2026-03-23 13:46:17,108 | INFO | Searching sitian data...
2026-03-23 13:46:17,108 | INFO | Yes...
2026-03-23 13:46:17,220 | ERROR | index 0 out of range for table with length 0
2026-03-23 13:46:17,221 | INFO | Processing EP260224a
2026-03-23 13:46:17,221 | INFO | EP260224a registered!
2026-03-23 13:46:17,223 | INFO | Searching sitian data...
2026-03-23 13:46:17,223 | INFO | Searching WHUT data...
2026-03-23 13:46:17,223 | INFO | Processing EP260227a
2026-03-23 13:46:17,223 | INFO | EP260227a registered!
2026-03-23 13:46:17,225 | INFO | Searching sitian data...
2026-03-23 13:46:17,226 | INFO | Searching WHUT data...
2026-03-23 13:46:17,226 | INFO | Processing EP260302a
2026-03-23 13:46:17,226 | INFO | EP260302a registered!
2026-03-23 13:46:17,228 | INFO | Searching sitian data...
2026-03-23 13:46:17,228 | INFO | Searching WHUT data...
2026-03-23 13:46:17,228 | INFO | Processing EP260306a
2026-03-23 13:46:17,228 | INFO | EP260306a registered!
2026-03-23 13:46:17,230 | INFO | Searching sitian data...
2026-03-23 13:46:17,230 | INFO | Searching WHUT data...
2026-03-23 13:46:17,230 | INFO | Processing EP260314a
2026-03-23 13:46:17,230 | INFO | EP260314a registered!
2026-03-23 13:46:17,232 | INFO | Searching sitian data...
2026-03-23 13:46:17,232 | INFO | Searching WHUT data...
2026-03-23 13:46:17,233 | INFO | Processing EP260316a
2026-03-23 13:46:17,233 | INFO | EP260316a registered!
2026-03-23 13:46:17,235 | INFO | Searching sitian data...
2026-03-23 13:46:17,235 | INFO | Searching WHUT data...
2026-03-23 13:46:17,235 | INFO | Processing EP260308a
2026-03-23 13:46:17,237 | INFO | Creating Event: EP260308a: ra=170.742, dec=44.283
2026-03-23 13:46:17,553 | ERROR | [Errno 2] No such file or directory: '/home/liangrd/optical_data/EP260308a/pipeline/photometry.csv'
2026-03-23 13:46:17,553 | INFO | Processing EP260321a
2026-03-23 13:46:17,555 | INFO | Creating Event: EP260321a: ra=149.928704, dec=0.418445
2026-03-23 13:46:18,910 | ERROR | [Errno 2] No such file or directory: '/home/liangrd/optical_data/EP260321a/pipeline/photometry.csv'
2026-03-23 13:46:18,910 | INFO | Processing EP260322a
2026-03-23 13:46:18,911 | INFO | Creating Event: EP260322a: ra=255.5573, dec=17.2089
2026-03-23 13:46:21,072 | ERROR | [Errno 2] No such file or directory: '/home/liangrd/optical_data/EP260322a/pipeline/photometry.csv'
