2026-03-23 02:03:34,418 | INFO | Pre-processing
==*30
2026-03-23 02:03:34,418 | INFO | Cuting out sitian data...
2026-03-23 02:03:34,464 | WARNING | FITSFixedWarning: 'datfix' made the change 'Set DATE-OBS to '2026-01-23T06:11:00' from MJD-OBS'.
2026-03-23 02:03:34,532 | WARNING | File may have been truncated: actual file length (310640640) is smaller than the expected size (415730880)
2026-03-23 02:03:34,543 | WARNING | FITSFixedWarning: 'datfix' made the change 'Set DATE-OBS to '2026-01-23T02:09:00' from MJD-OBS'.
2026-03-23 02:03:34,548 | WARNING | File may have been truncated: actual file length (310640640) is smaller than the expected size (416275200)
2026-03-23 02:03:34,559 | WARNING | FITSFixedWarning: 'datfix' made the change 'Set DATE-OBS to '2026-01-22T01:51:00' from MJD-OBS'.
2026-03-23 02:03:34,571 | WARNING | FITSFixedWarning: 'datfix' made the change 'Set DATE-OBS to '2026-01-22T01:51:00' from MJD-OBS'.
2026-03-23 02:03:34,650 | WARNING | FITSFixedWarning: 'datfix' made the change 'Set DATE-OBS to '2026-01-13T22:12:00' from MJD-OBS'.
2026-03-23 02:03:34,727 | WARNING | FITSFixedWarning: 'datfix' made the change 'Set DATE-OBS to '2026-01-23T06:11:00' from MJD-OBS'.
2026-03-23 02:03:34,739 | WARNING | FITSFixedWarning: 'datfix' made the change 'Set DATE-OBS to '2026-01-22T05:55:00' from MJD-OBS'.
2026-03-23 02:03:34,750 | WARNING | FITSFixedWarning: 'datfix' made the change 'Set DATE-OBS to '2026-01-16T00:59:00' from MJD-OBS'.
2026-03-23 02:03:34,826 | WARNING | FITSFixedWarning: 'datfix' made the change 'Set DATE-OBS to '2026-01-23T02:09:00' from MJD-OBS'.
2026-03-23 02:03:34,902 | WARNING | FITSFixedWarning: 'datfix' made the change 'Set DATE-OBS to '2026-01-03T23:51:00' from MJD-OBS'.
2026-03-23 02:03:34,978 | WARNING | FITSFixedWarning: 'datfix' made the change 'Set DATE-OBS to '2026-01-09T02:12:00' from MJD-OBS'.
2026-03-23 02:03:35,059 | WARNING | FITSFixedWarning: 'datfix' made the change 'Set DATE-OBS to '2026-03-18T23:24:00' from MJD-OBS'.
2026-03-23 02:03:35,141 | WARNING | FITSFixedWarning: 'datfix' made the change 'Set DATE-OBS to '2026-03-12T01:48:00' from MJD-OBS'.
2026-03-23 02:03:35,153 | WARNING | FITSFixedWarning: 'datfix' made the change 'Set DATE-OBS to '2026-03-20T23:22:00' from MJD-OBS'.
2026-03-23 02:03:35,235 | WARNING | FITSFixedWarning: 'datfix' made the change 'Set DATE-OBS to '2026-03-11T23:28:00' from MJD-OBS'.
2026-03-23 02:03:35,247 | WARNING | FITSFixedWarning: 'datfix' made the change 'Set DATE-OBS to '2026-02-11T19:26:00' from MJD-OBS'.
2026-03-23 02:03:35,326 | WARNING | FITSFixedWarning: 'datfix' made the change 'Set DATE-OBS to '2026-02-16T17:29:00' from MJD-OBS'.
2026-03-23 02:03:35,397 | INFO | Cuting out WHUT data...
2026-03-23 02:03:35,406 | INFO | Cuting out LCO data...
2026-03-23 02:03:35,414 | INFO | Cuting out TNOT data...
2026-03-23 02:03:35,431 | WARNING | FITSFixedWarning: 'datfix' made the change 'Set MJD-OBS to 61017.597384 from DATE-OBS'.
2026-03-23 02:03:35,448 | WARNING | FITSFixedWarning: RADECSYS= 'FK5 ' / Equatorial coordinate system 
the RADECSYS keyword is deprecated, use RADESYSa.
2026-03-23 02:03:35,504 | WARNING | FITSFixedWarning: RADECSYS= 'FK5 ' / Equatorial coordinate system 
the RADECSYS keyword is deprecated, use RADESYSa.
2026-03-23 02:03:35,561 | WARNING | FITSFixedWarning: RADECSYS= 'FK5 ' / Equatorial coordinate system 
the RADECSYS keyword is deprecated, use RADESYSa.
2026-03-23 02:03:35,571 | INFO | Processing EP251212a
2026-03-23 02:03:35,571 | INFO | EP251212a registered!
2026-03-23 02:03:35,573 | INFO | Searching sitian data...
2026-03-23 02:03:35,573 | INFO | Searching WHUT data...
2026-03-23 02:03:35,573 | INFO | Processing EP251214b
2026-03-23 02:03:35,573 | INFO | EP251214b registered!
2026-03-23 02:03:35,574 | INFO | Searching sitian data...
2026-03-23 02:03:35,574 | INFO | Searching WHUT data...
2026-03-23 02:03:35,574 | INFO | Processing EP251220a
2026-03-23 02:03:35,574 | INFO | EP251220a registered!
2026-03-23 02:03:35,575 | INFO | Searching sitian data...
2026-03-23 02:03:35,575 | INFO | Searching WHUT data...
2026-03-23 02:03:35,575 | INFO | Processing EP251221a
2026-03-23 02:03:35,575 | INFO | EP251221a registered!
2026-03-23 02:03:35,577 | INFO | Searching sitian data...
2026-03-23 02:03:35,577 | INFO | Yes...
2026-03-23 02:03:35,754 | INFO | 2026-01-17_EP251221a_g_com_10.wcs_cutout.fits already exists!
2026-03-23 02:03:36,187 | INFO | 2026-01-16_EP251221a_g_com_10.wcs_cutout.fits already exists!
2026-03-23 02:03:36,188 | INFO | Searching WHUT data...
2026-03-23 02:03:36,188 | INFO | Processing EP251222a
2026-03-23 02:03:36,188 | INFO | EP251222a registered!
2026-03-23 02:03:36,190 | INFO | Searching sitian data...
2026-03-23 02:03:36,190 | INFO | Yes...
2026-03-23 02:03:36,372 | INFO | 2025-12-28_EP251222a_g_com_10.wcs_cutout.fits already exists!
2026-03-23 02:03:36,545 | INFO | 2025-12-29_EP251222a_g_com_5.wcs_cutout.fits already exists!
2026-03-23 02:03:36,670 | INFO | 2025-12-27_EP251222a_g_com_10.wcs_cutout.fits already exists!
2026-03-23 02:03:36,671 | INFO | Searching WHUT data...
2026-03-23 02:03:36,671 | INFO | Processing EP251229a
2026-03-23 02:03:36,671 | INFO | EP251229a registered!
2026-03-23 02:03:36,675 | INFO | Searching sitian data...
2026-03-23 02:03:36,676 | INFO | Yes...
2026-03-23 02:03:36,839 | INFO | 2026-01-22_EP251229a_g_com_10.wcs_cutout.fits already exists!
2026-03-23 02:03:36,839 | INFO | Searching WHUT data...
2026-03-23 02:03:36,839 | INFO | Processing EP260101a
2026-03-23 02:03:36,839 | INFO | EP260101a registered!
2026-03-23 02:03:36,843 | INFO | Searching sitian data...
2026-03-23 02:03:36,843 | INFO | Yes...
2026-03-23 02:03:37,005 | INFO | 2026-01-13_EP260101a_g_com_10.wcs_cutout.fits already exists!
2026-03-23 02:03:37,308 | INFO | 2026-01-08_EP260101a_g_com_10.wcs_cutout.fits already exists!
2026-03-23 02:03:37,469 | INFO | 2026-01-03_EP260101a_g_com_3.wcs_cutout.fits already exists!
2026-03-23 02:03:37,684 | INFO | 2026-01-22_EP260101a_g_com_9.wcs_cutout.fits already exists!
2026-03-23 02:03:37,814 | INFO | 2026-01-15_EP260101a_g_com_10.wcs_cutout.fits already exists!
2026-03-23 02:03:37,966 | INFO | 2026-01-21_EP260101a_g_com_10.wcs_cutout.fits already exists!
2026-03-23 02:03:37,966 | INFO | Searching WHUT data...
2026-03-23 02:03:37,966 | INFO | Processing EP260104a
2026-03-23 02:03:37,967 | INFO | EP260104a registered!
2026-03-23 02:03:37,970 | INFO | Searching sitian data...
2026-03-23 02:03:37,971 | INFO | Yes...
2026-03-23 02:03:38,086 | INFO | 2026-01-06_EP260104a_g_com_10.wcs_cutout.fits already exists!
2026-03-23 02:03:38,191 | INFO | 2026-01-12_EP260104a_g_com_10.wcs_cutout.fits already exists!
2026-03-23 02:03:38,331 | INFO | 2026-01-07_EP260104a_g_com_10.wcs_cutout.fits already exists!
2026-03-23 02:03:38,470 | INFO | 2026-01-05_EP260104a_g_com_9.wcs_cutout.fits already exists!
2026-03-23 02:03:38,471 | INFO | Searching WHUT data...
2026-03-23 02:03:38,471 | INFO | Processing EP260105a
2026-03-23 02:03:38,471 | INFO | EP260105a registered!
2026-03-23 02:03:38,474 | INFO | Searching sitian data...
2026-03-23 02:03:38,474 | INFO | Yes...
2026-03-23 02:03:38,642 | INFO | 2026-01-22_EP260105a_g_com_10.wcs_cutout.fits already exists!
2026-03-23 02:03:38,798 | INFO | 2026-01-12_EP260105a_g_com_10.wcs_cutout.fits already exists!
2026-03-23 02:03:38,941 | INFO | 2026-01-05_EP260105a_g_com_1.wcs_cutout.fits already exists!
2026-03-23 02:03:39,077 | INFO | 2026-01-06_EP260105a_g_com_10.wcs_cutout.fits already exists!
2026-03-23 02:03:39,077 | INFO | Searching WHUT data...
2026-03-23 02:03:39,077 | INFO | Yes...
2026-03-23 02:03:39,206 | INFO | coadd_WHUT_i_20260125T214905.675_cutout.fits: {'lim_mag': 21.676415745982368}
2026-03-23 02:03:39,207 | INFO | Uploadig coadd_WHUT_i_20260125T214905.675_cutout.fits....
2026-03-23 02:03:50,723 | INFO | Done!
2026-03-23 02:03:50,723 | INFO | Processing EP260105b
2026-03-23 02:03:50,724 | INFO | EP260105b registered!
2026-03-23 02:03:50,727 | INFO | Searching sitian data...
2026-03-23 02:03:50,727 | INFO | Yes...
2026-03-23 02:03:50,930 | INFO | 2026-01-10_EP260105b_g_com_3.wcs_cutout.fits already exists!
2026-03-23 02:03:51,081 | INFO | 2026-01-23_EP260105b_g_com_10.wcs_cutout.fits already exists!
2026-03-23 02:03:51,082 | INFO | Searching WHUT data...
2026-03-23 02:03:51,082 | INFO | Processing EP260110a
2026-03-23 02:03:51,082 | INFO | EP260110a registered!
2026-03-23 02:03:51,085 | INFO | Searching sitian data...
2026-03-23 02:03:51,085 | INFO | Yes...
2026-03-23 02:03:51,239 | INFO | 2026-01-20_EP260110a_g_com_9.wcs_cutout.fits already exists!
2026-03-23 02:03:51,389 | INFO | 2026-02-08_EP260110a_g_com_9.wcs_cutout.fits already exists!
2026-03-23 02:03:51,545 | INFO | 2026-01-22_EP260110a_g_com_10.wcs_cutout.fits already exists!
2026-03-23 02:03:51,722 | INFO | 2026-02-10_EP260110a_g_com_9.wcs_cutout.fits already exists!
2026-03-23 02:03:51,945 | INFO | 2026-01-12_EP260110a_g_com_10.wcs_cutout.fits already exists!
2026-03-23 02:03:52,067 | INFO | 2026-01-26_EP260110a_g_com_10.wcs_cutout.fits already exists!
2026-03-23 02:03:52,243 | INFO | 2026-01-11_EP260110a_g_com_10.wcs_cutout.fits already exists!
2026-03-23 02:03:52,243 | INFO | Searching WHUT data...
2026-03-23 02:03:52,243 | INFO | Yes...
2026-03-23 02:03:52,383 | INFO | coadd_WHUT_i_20260131T212149.878_cutout.fits: {'lim_mag': 21.36418102425211}
2026-03-23 02:03:52,384 | INFO | Uploadig coadd_WHUT_i_20260131T212149.878_cutout.fits....
2026-03-23 02:04:00,374 | INFO | Done!
2026-03-23 02:04:00,375 | INFO | Processing EP260116a
2026-03-23 02:04:00,375 | INFO | EP260116a registered!
2026-03-23 02:04:00,378 | INFO | Searching sitian data...
2026-03-23 02:04:00,378 | INFO | Yes...
2026-03-23 02:04:00,503 | INFO | 2026-01-23_EP260116a_g_com_10.wcs_cutout.fits already exists!
2026-03-23 02:04:00,633 | INFO | 2026-01-27_EP260116a_g_com_10.wcs_cutout.fits already exists!
2026-03-23 02:04:00,748 | INFO | 2026-02-15_EP260116a_g_com_10.wcs_cutout.fits already exists!
2026-03-23 02:04:00,872 | INFO | 2026-02-11_EP260116a_g_com_10.wcs_cutout.fits already exists!
2026-03-23 02:04:00,873 | INFO | Searching WHUT data...
2026-03-23 02:04:00,873 | INFO | Processing EP260119a
2026-03-23 02:04:00,873 | INFO | EP260119a registered!
2026-03-23 02:04:00,876 | INFO | Searching sitian data...
2026-03-23 02:04:00,876 | INFO | Searching WHUT data...
2026-03-23 02:04:00,876 | INFO | Processing EP260126a
2026-03-23 02:04:00,876 | INFO | EP260126a registered!
2026-03-23 02:04:00,879 | INFO | Searching sitian data...
2026-03-23 02:04:00,879 | INFO | Yes...
2026-03-23 02:04:00,993 | INFO | 2026-02-11_EP260126a_g_com_10.wcs_cutout.fits already exists!
2026-03-23 02:04:01,116 | INFO | 2026-02-15_EP260126a_g_com_10.wcs_cutout.fits already exists!
2026-03-23 02:04:01,223 | INFO | 2026-02-15_EP260126a_g_com_5.wcs_cutout.fits already exists!
2026-03-23 02:04:01,223 | INFO | Searching WHUT data...
2026-03-23 02:04:01,224 | INFO | Yes...
2026-03-23 02:04:01,339 | INFO | coadd_WHUT_i_20260207T140731.088_cutout.fits: {'lim_mag': 22.471583094750258}
2026-03-23 02:04:01,339 | INFO | Uploadig coadd_WHUT_i_20260207T140731.088_cutout.fits....
2026-03-23 02:04:14,067 | INFO | Done!
2026-03-23 02:04:14,068 | INFO | Processing EP260128a
2026-03-23 02:04:14,068 | INFO | EP260128a registered!
2026-03-23 02:04:14,071 | INFO | Searching sitian data...
2026-03-23 02:04:14,071 | INFO | Searching WHUT data...
2026-03-23 02:04:14,071 | INFO | Processing WXT J031644+08316
2026-03-23 02:04:14,072 | INFO | WXT J031644+08316 registered!
2026-03-23 02:04:14,075 | INFO | Searching sitian data...
2026-03-23 02:04:14,075 | INFO | Searching WHUT data...
2026-03-23 02:04:14,075 | INFO | Processing 1RXSJ052540.6+425139
2026-03-23 02:04:14,075 | INFO | 1RXSJ052540.6+425139 registered!
2026-03-23 02:04:14,078 | INFO | Searching sitian data...
2026-03-23 02:04:14,078 | INFO | Searching WHUT data...
2026-03-23 02:04:14,078 | INFO | Processing WXT J001838+115903
2026-03-23 02:04:14,078 | INFO | WXT J001838+115903 registered!
2026-03-23 02:04:14,081 | INFO | Searching sitian data...
2026-03-23 02:04:14,081 | INFO | Searching WHUT data...
2026-03-23 02:04:14,081 | INFO | Processing WXT J030902+581637
2026-03-23 02:04:14,081 | INFO | WXT J030902+581637 registered!
2026-03-23 02:04:14,084 | INFO | Searching sitian data...
2026-03-23 02:04:14,084 | INFO | Searching WHUT data...
2026-03-23 02:04:14,084 | INFO | Processing EP J0619.5+0602
2026-03-23 02:04:14,084 | INFO | EP J0619.5+0602 registered!
2026-03-23 02:04:14,087 | INFO | Searching sitian data...
2026-03-23 02:04:14,087 | INFO | Searching WHUT data...
2026-03-23 02:04:14,088 | INFO | Processing EP260131a
2026-03-23 02:04:14,088 | INFO | EP260131a registered!
2026-03-23 02:04:14,091 | INFO | Searching sitian data...
2026-03-23 02:04:14,091 | INFO | Searching WHUT data...
2026-03-23 02:04:14,091 | INFO | Processing EP260209a
2026-03-23 02:04:14,091 | INFO | EP260209a registered!
2026-03-23 02:04:14,094 | INFO | Searching sitian data...
2026-03-23 02:04:14,094 | INFO | Yes...
2026-03-23 02:04:14,406 | INFO | 2026-02-10_EP260209a_g_com_10.wcs_cutout.fits already exists!
2026-03-23 02:04:14,514 | INFO | 2026-02-15_EP260209a_g_com_10.wcs_cutout.fits already exists!
2026-03-23 02:04:14,514 | INFO | Searching WHUT data...
2026-03-23 02:04:14,514 | INFO | Processing EP260210a
2026-03-23 02:04:14,514 | INFO | EP260210a registered!
2026-03-23 02:04:14,517 | INFO | Searching sitian data...
2026-03-23 02:04:14,518 | INFO | Yes...
2026-03-23 02:04:14,622 | INFO | 2026-03-12_EP260210a_g_com_10.wcs_cutout.fits: {'lim_mag': 18.92887024453323}
2026-03-23 02:04:14,622 | INFO | Uploadig 2026-03-12_EP260210a_g_com_10.wcs_cutout.fits....
2026-03-23 02:04:18,317 | INFO | Done!
2026-03-23 02:04:18,317 | INFO | Searching WHUT data...
2026-03-23 02:04:18,317 | INFO | Yes...
2026-03-23 02:04:18,430 | ERROR | 'numpy.float64' object has no attribute 'mask'
2026-03-23 02:04:18,431 | INFO | Processing EP260213a
2026-03-23 02:04:18,431 | INFO | EP260213a registered!
2026-03-23 02:04:18,434 | INFO | Searching sitian data...
2026-03-23 02:04:18,434 | INFO | Yes...
2026-03-23 02:04:18,546 | INFO | 2026-03-10_EP260213a_g_com_10.wcs_cutout.fits already exists!
2026-03-23 02:04:18,672 | INFO | 2026-03-10_EP260213a_g_com_6.wcs_cutout.fits already exists!
2026-03-23 02:04:18,672 | INFO | Searching WHUT data...
2026-03-23 02:04:18,672 | INFO | Yes...
2026-03-23 02:04:18,787 | INFO | coadd_WHUT_i_20260308T174731.325_cutout.fits: {'lim_mag': 22.19104423639425}
2026-03-23 02:04:18,787 | INFO | Uploadig coadd_WHUT_i_20260308T174731.325_cutout.fits....
2026-03-23 02:04:30,164 | INFO | Done!
2026-03-23 02:04:30,164 | INFO | Processing EP260214a
2026-03-23 02:04:30,164 | INFO | EP260214a registered!
2026-03-23 02:04:30,167 | INFO | Searching sitian data...
2026-03-23 02:04:30,167 | INFO | Searching WHUT data...
2026-03-23 02:04:30,167 | INFO | Processing EP260214b
2026-03-23 02:04:30,167 | INFO | EP260214b registered!
2026-03-23 02:04:30,169 | INFO | Searching sitian data...
2026-03-23 02:04:30,170 | INFO | Searching WHUT data...
2026-03-23 02:04:30,170 | INFO | Processing EP260221a
2026-03-23 02:04:30,170 | INFO | EP260221a registered!
2026-03-23 02:04:30,172 | INFO | Searching sitian data...
2026-03-23 02:04:30,172 | INFO | Searching WHUT data...
2026-03-23 02:04:30,172 | INFO | Processing EP260223a
2026-03-23 02:04:30,172 | INFO | EP260223a registered!
2026-03-23 02:04:30,176 | INFO | Searching sitian data...
2026-03-23 02:04:30,176 | INFO | Yes...
2026-03-23 02:04:30,296 | ERROR | index 0 out of range for table with length 0
2026-03-23 02:04:30,296 | INFO | Processing EP260224a
2026-03-23 02:04:30,296 | INFO | EP260224a registered!
2026-03-23 02:04:30,299 | INFO | Searching sitian data...
2026-03-23 02:04:30,299 | INFO | Searching WHUT data...
2026-03-23 02:04:30,299 | INFO | Processing EP260227a
2026-03-23 02:04:30,299 | INFO | EP260227a registered!
2026-03-23 02:04:30,301 | INFO | Searching sitian data...
2026-03-23 02:04:30,301 | INFO | Searching WHUT data...
2026-03-23 02:04:30,302 | INFO | Processing EP260302a
2026-03-23 02:04:30,302 | INFO | EP260302a registered!
2026-03-23 02:04:30,304 | INFO | Searching sitian data...
2026-03-23 02:04:30,304 | INFO | Searching WHUT data...
2026-03-23 02:04:30,304 | INFO | Processing EP260306a
2026-03-23 02:04:30,304 | INFO | EP260306a registered!
2026-03-23 02:04:30,307 | INFO | Searching sitian data...
2026-03-23 02:04:30,307 | INFO | Searching WHUT data...
2026-03-23 02:04:30,307 | INFO | Processing EP260314a
2026-03-23 02:04:30,307 | INFO | EP260314a registered!
2026-03-23 02:04:30,309 | INFO | Searching sitian data...
2026-03-23 02:04:30,309 | INFO | Searching WHUT data...
2026-03-23 02:04:30,309 | INFO | Processing EP260316a
2026-03-23 02:04:30,309 | INFO | EP260316a registered!
2026-03-23 02:04:30,311 | INFO | Searching sitian data...
2026-03-23 02:04:30,312 | INFO | Searching WHUT data...
