2026-03-19 13:02:57,557 | INFO | Processing EP251212a
2026-03-19 13:02:57,557 | INFO | EP251212a registered!
2026-03-19 13:02:57,559 | INFO | Searching sitian data...
2026-03-19 13:02:57,559 | INFO | Searching WHUT data...
2026-03-19 13:02:57,559 | INFO | Processing EP251214b
2026-03-19 13:02:57,559 | INFO | EP251214b registered!
2026-03-19 13:02:57,560 | INFO | Searching sitian data...
2026-03-19 13:02:57,560 | INFO | Searching WHUT data...
2026-03-19 13:02:57,560 | INFO | Processing EP251220a
2026-03-19 13:02:57,560 | INFO | EP251220a registered!
2026-03-19 13:02:57,560 | INFO | Searching sitian data...
2026-03-19 13:02:57,560 | INFO | Searching WHUT data...
2026-03-19 13:02:57,561 | INFO | Processing EP251221a
2026-03-19 13:02:57,561 | INFO | EP251221a registered!
2026-03-19 13:02:57,562 | INFO | Searching sitian data...
2026-03-19 13:02:57,562 | INFO | Yes...
2026-03-19 13:02:57,667 | INFO | 2026-01-17_EP251221a_g_com_10.wcs_cutout.fits already exists!
2026-03-19 13:02:57,771 | INFO | 2026-01-16_EP251221a_g_com_10.wcs_cutout.fits already exists!
2026-03-19 13:02:57,771 | INFO | Searching WHUT data...
2026-03-19 13:02:57,772 | INFO | Processing EP251222a
2026-03-19 13:02:57,772 | INFO | EP251222a registered!
2026-03-19 13:02:57,774 | INFO | Searching sitian data...
2026-03-19 13:02:57,774 | INFO | Yes...
2026-03-19 13:02:57,878 | INFO | 2025-12-28_EP251222a_g_com_10.wcs_cutout.fits already exists!
2026-03-19 13:02:57,981 | INFO | 2025-12-29_EP251222a_g_com_5.wcs_cutout.fits already exists!
2026-03-19 13:02:58,090 | INFO | 2025-12-27_EP251222a_g_com_10.wcs_cutout.fits already exists!
2026-03-19 13:02:58,090 | INFO | Searching WHUT data...
2026-03-19 13:02:58,091 | INFO | Processing EP251229a
2026-03-19 13:02:58,091 | INFO | EP251229a registered!
2026-03-19 13:02:58,094 | INFO | Searching sitian data...
2026-03-19 13:02:58,094 | INFO | Yes...
2026-03-19 13:02:58,209 | INFO | 2026-01-22_EP251229a_g_com_10.wcs_cutout.fits already exists!
2026-03-19 13:02:58,209 | INFO | Searching WHUT data...
2026-03-19 13:02:58,209 | INFO | Processing EP260101a
2026-03-19 13:02:58,210 | INFO | EP260101a registered!
2026-03-19 13:02:58,213 | INFO | Searching sitian data...
2026-03-19 13:02:58,213 | INFO | Yes...
2026-03-19 13:02:58,338 | INFO | 2026-01-13_EP260101a_g_com_10.wcs_cutout.fits already exists!
2026-03-19 13:02:58,466 | INFO | 2026-01-08_EP260101a_g_com_10.wcs_cutout.fits already exists!
2026-03-19 13:02:58,584 | INFO | 2026-01-03_EP260101a_g_com_3.wcs_cutout.fits already exists!
2026-03-19 13:02:58,694 | INFO | 2026-01-22_EP260101a_g_com_9.wcs_cutout.fits already exists!
2026-03-19 13:02:58,803 | INFO | 2026-01-15_EP260101a_g_com_10.wcs_cutout.fits already exists!
2026-03-19 13:02:58,902 | INFO | 2026-01-21_EP260101a_g_com_10.wcs_cutout.fits already exists!
2026-03-19 13:02:58,902 | INFO | Searching WHUT data...
2026-03-19 13:02:58,902 | INFO | Processing EP260104a
2026-03-19 13:02:58,902 | INFO | EP260104a registered!
2026-03-19 13:02:58,904 | INFO | Searching sitian data...
2026-03-19 13:02:58,904 | INFO | Yes...
2026-03-19 13:02:59,013 | INFO | 2026-01-06_EP260104a_g_com_10.wcs_cutout.fits already exists!
2026-03-19 13:02:59,111 | INFO | 2026-01-12_EP260104a_g_com_10.wcs_cutout.fits already exists!
2026-03-19 13:02:59,209 | INFO | 2026-01-07_EP260104a_g_com_10.wcs_cutout.fits already exists!
2026-03-19 13:02:59,312 | INFO | 2026-01-05_EP260104a_g_com_9.wcs_cutout.fits already exists!
2026-03-19 13:02:59,312 | INFO | Searching WHUT data...
2026-03-19 13:02:59,312 | INFO | Processing EP260105a
2026-03-19 13:02:59,312 | INFO | EP260105a registered!
2026-03-19 13:02:59,316 | INFO | Searching sitian data...
2026-03-19 13:02:59,316 | INFO | Yes...
2026-03-19 13:02:59,447 | INFO | 2026-01-22_EP260105a_g_com_10.wcs_cutout.fits already exists!
2026-03-19 13:02:59,561 | INFO | 2026-01-12_EP260105a_g_com_10.wcs_cutout.fits already exists!
2026-03-19 13:02:59,682 | INFO | 2026-01-05_EP260105a_g_com_1.wcs_cutout.fits already exists!
2026-03-19 13:02:59,801 | INFO | 2026-01-06_EP260105a_g_com_10.wcs_cutout.fits already exists!
2026-03-19 13:02:59,801 | INFO | Searching WHUT data...
2026-03-19 13:02:59,801 | INFO | Processing EP260105b
2026-03-19 13:02:59,801 | INFO | EP260105b registered!
2026-03-19 13:02:59,803 | INFO | Searching sitian data...
2026-03-19 13:02:59,803 | INFO | Yes...
2026-03-19 13:02:59,911 | INFO | 2026-01-10_EP260105b_g_com_3.wcs_cutout.fits already exists!
2026-03-19 13:03:00,027 | INFO | 2026-01-23_EP260105b_g_com_10.wcs_cutout.fits already exists!
2026-03-19 13:03:00,027 | INFO | Searching WHUT data...
2026-03-19 13:03:00,027 | INFO | Processing EP260110a
2026-03-19 13:03:00,028 | INFO | EP260110a registered!
2026-03-19 13:03:00,029 | INFO | Searching sitian data...
2026-03-19 13:03:00,029 | INFO | Yes...
2026-03-19 13:03:00,140 | INFO | 2026-01-20_EP260110a_g_com_9.wcs_cutout.fits already exists!
2026-03-19 13:03:00,249 | INFO | 2026-02-08_EP260110a_g_com_9.wcs_cutout.fits already exists!
2026-03-19 13:03:00,357 | INFO | 2026-01-22_EP260110a_g_com_10.wcs_cutout.fits already exists!
2026-03-19 13:03:00,462 | INFO | 2026-02-10_EP260110a_g_com_9.wcs_cutout.fits already exists!
2026-03-19 13:03:00,576 | INFO | 2026-01-12_EP260110a_g_com_10.wcs_cutout.fits already exists!
2026-03-19 13:03:00,689 | INFO | 2026-01-26_EP260110a_g_com_10.wcs_cutout.fits already exists!
2026-03-19 13:03:00,790 | INFO | 2026-01-11_EP260110a_g_com_10.wcs_cutout.fits already exists!
2026-03-19 13:03:00,790 | INFO | Searching WHUT data...
2026-03-19 13:03:00,790 | INFO | Processing EP260116a
2026-03-19 13:03:00,791 | INFO | EP260116a registered!
2026-03-19 13:03:00,792 | INFO | Searching sitian data...
2026-03-19 13:03:00,792 | INFO | Yes...
2026-03-19 13:03:00,895 | INFO | 2026-01-23_EP260116a_g_com_10.wcs_cutout.fits already exists!
2026-03-19 13:03:02,004 | INFO | 2026-01-27_EP260116a_g_com_10.wcs_cutout.fits already exists!
2026-03-19 13:03:02,329 | INFO | 2026-02-15_EP260116a_g_com_10.wcs_cutout.fits already exists!
2026-03-19 13:03:02,440 | INFO | 2026-02-11_EP260116a_g_com_10.wcs_cutout.fits already exists!
2026-03-19 13:03:02,440 | INFO | Searching WHUT data...
2026-03-19 13:03:02,440 | INFO | Processing EP260119a
