2026-03-19 13:00:02,696 | INFO | EP251212a registered!
2026-03-19 13:00:02,698 | INFO | Searching sitian data...
2026-03-19 13:00:02,698 | INFO | Searching WHUT data...
2026-03-19 13:00:02,698 | INFO | EP251214b registered!
2026-03-19 13:00:02,699 | INFO | Searching sitian data...
2026-03-19 13:00:02,699 | INFO | Searching WHUT data...
2026-03-19 13:00:02,699 | INFO | EP251220a registered!
2026-03-19 13:00:02,699 | INFO | Searching sitian data...
2026-03-19 13:00:02,699 | INFO | Searching WHUT data...
2026-03-19 13:00:02,700 | INFO | Creating Event: EP251221a: ra=104.531, dec=23.374
2026-03-19 13:00:03,100 | INFO | Searching sitian data...
2026-03-19 13:00:03,100 | INFO | Yes...
2026-03-19 13:00:03,236 | INFO | 2026-01-17_EP251221a_g_com_10.wcs_cutout.fits: {'lim_mag': 17.10799341859125}
2026-03-19 13:00:03,237 | INFO | Uploadig 2026-01-17_EP251221a_g_com_10.wcs_cutout.fits....
2026-03-19 13:00:10,676 | INFO | Done!
2026-03-19 13:00:10,810 | INFO | 2026-01-16_EP251221a_g_com_10.wcs_cutout.fits: {'lim_mag': 17.608583866460393}
2026-03-19 13:00:10,811 | INFO | Uploadig 2026-01-16_EP251221a_g_com_10.wcs_cutout.fits....
2026-03-19 13:00:14,695 | INFO | Done!
2026-03-19 13:00:14,695 | INFO | Searching WHUT data...
2026-03-19 13:00:14,696 | INFO | EP251222a registered!
2026-03-19 13:00:14,699 | INFO | Searching sitian data...
2026-03-19 13:00:14,699 | INFO | Yes...
2026-03-19 13:00:14,820 | INFO | 2025-12-28_EP251222a_g_com_10.wcs_cutout.fits already exists!
2026-03-19 13:00:14,930 | INFO | 2025-12-29_EP251222a_g_com_5.wcs_cutout.fits already exists!
2026-03-19 13:00:15,045 | INFO | 2025-12-27_EP251222a_g_com_10.wcs_cutout.fits already exists!
2026-03-19 13:00:15,045 | INFO | Searching WHUT data...
2026-03-19 13:00:15,045 | INFO | EP251229a registered!
2026-03-19 13:00:15,049 | INFO | Searching sitian data...
2026-03-19 13:00:15,049 | INFO | Yes...
2026-03-19 13:00:15,169 | INFO | 2026-01-22_EP251229a_g_com_10.wcs_cutout.fits already exists!
2026-03-19 13:00:15,169 | INFO | Searching WHUT data...
2026-03-19 13:00:15,169 | INFO | EP260101a registered!
2026-03-19 13:00:15,173 | INFO | Searching sitian data...
2026-03-19 13:00:15,173 | INFO | Yes...
2026-03-19 13:00:15,369 | INFO | 2026-01-13_EP260101a_g_com_10.wcs_cutout.fits: {'lim_mag': 18.354529426529275}
2026-03-19 13:00:15,369 | INFO | Uploadig 2026-01-13_EP260101a_g_com_10.wcs_cutout.fits....
2026-03-19 13:00:18,524 | INFO | Done!
2026-03-19 13:00:19,774 | INFO | 2026-01-08_EP260101a_g_com_10.wcs_cutout.fits: {'lim_mag': 17.851156796607256}
2026-03-19 13:00:19,774 | INFO | Uploadig 2026-01-08_EP260101a_g_com_10.wcs_cutout.fits....
2026-03-19 13:00:23,690 | INFO | Done!
2026-03-19 13:00:23,801 | INFO | 2026-01-03_EP260101a_g_com_3.wcs_cutout.fits: {'lim_mag': 15.099472688114895}
2026-03-19 13:00:23,801 | INFO | Uploadig 2026-01-03_EP260101a_g_com_3.wcs_cutout.fits....
2026-03-19 13:00:27,527 | INFO | Done!
2026-03-19 13:00:27,647 | INFO | 2026-01-22_EP260101a_g_com_9.wcs_cutout.fits: {'lim_mag': 18.810147672460534}
2026-03-19 13:00:27,647 | INFO | Uploadig 2026-01-22_EP260101a_g_com_9.wcs_cutout.fits....
2026-03-19 13:00:31,128 | INFO | Done!
2026-03-19 13:00:31,276 | INFO | 2026-01-15_EP260101a_g_com_10.wcs_cutout.fits: {'lim_mag': 17.506722072544136}
2026-03-19 13:00:31,276 | INFO | Uploadig 2026-01-15_EP260101a_g_com_10.wcs_cutout.fits....
2026-03-19 13:00:33,968 | INFO | Done!
2026-03-19 13:00:34,085 | INFO | 2026-01-21_EP260101a_g_com_10.wcs_cutout.fits: {'lim_mag': 18.37831882880611}
2026-03-19 13:00:34,085 | INFO | Uploadig 2026-01-21_EP260101a_g_com_10.wcs_cutout.fits....
2026-03-19 13:00:36,364 | INFO | Done!
2026-03-19 13:00:36,365 | INFO | Searching WHUT data...
2026-03-19 13:00:36,365 | INFO | EP260104a registered!
2026-03-19 13:00:36,366 | INFO | Searching sitian data...
2026-03-19 13:00:36,367 | INFO | Yes...
2026-03-19 13:00:36,470 | INFO | 2026-01-06_EP260104a_g_com_10.wcs_cutout.fits already exists!
2026-03-19 13:00:36,570 | INFO | 2026-01-12_EP260104a_g_com_10.wcs_cutout.fits already exists!
2026-03-19 13:00:36,675 | INFO | 2026-01-07_EP260104a_g_com_10.wcs_cutout.fits already exists!
2026-03-19 13:00:36,772 | INFO | 2026-01-05_EP260104a_g_com_9.wcs_cutout.fits already exists!
2026-03-19 13:00:36,772 | INFO | Searching WHUT data...
2026-03-19 13:00:36,772 | INFO | EP260105a registered!
2026-03-19 13:00:36,774 | INFO | Searching sitian data...
2026-03-19 13:00:36,774 | INFO | Yes...
2026-03-19 13:00:36,876 | INFO | 2026-01-22_EP260105a_g_com_10.wcs_cutout.fits already exists!
2026-03-19 13:00:36,982 | INFO | 2026-01-12_EP260105a_g_com_10.wcs_cutout.fits already exists!
2026-03-19 13:00:37,087 | INFO | 2026-01-05_EP260105a_g_com_1.wcs_cutout.fits already exists!
2026-03-19 13:00:37,188 | INFO | 2026-01-06_EP260105a_g_com_10.wcs_cutout.fits already exists!
2026-03-19 13:00:37,188 | INFO | Searching WHUT data...
2026-03-19 13:00:37,189 | INFO | Creating Event: EP260105b: ra=158.3695, dec=17.6123
2026-03-19 13:00:37,542 | INFO | Searching sitian data...
2026-03-19 13:00:37,542 | INFO | Yes...
2026-03-19 13:00:37,658 | INFO | 2026-01-10_EP260105b_g_com_3.wcs_cutout.fits: {'lim_mag': 14.796418081406669}
2026-03-19 13:00:37,658 | INFO | Uploadig 2026-01-10_EP260105b_g_com_3.wcs_cutout.fits....
2026-03-19 13:00:40,410 | INFO | Done!
2026-03-19 13:00:40,524 | INFO | 2026-01-23_EP260105b_g_com_10.wcs_cutout.fits: {'lim_mag': 19.216432975461295}
2026-03-19 13:00:40,524 | INFO | Uploadig 2026-01-23_EP260105b_g_com_10.wcs_cutout.fits....
2026-03-19 13:00:42,738 | INFO | Done!
2026-03-19 13:00:42,738 | INFO | Searching WHUT data...
2026-03-19 13:00:42,741 | INFO | Creating Event: EP260110a: ra=199.4371, dec=65.8476
2026-03-19 13:00:43,023 | INFO | Searching sitian data...
2026-03-19 13:00:43,023 | INFO | Yes...
2026-03-19 13:00:43,126 | INFO | 2026-01-20_EP260110a_g_com_9.wcs_cutout.fits: {'lim_mag': 17.68685028210625}
2026-03-19 13:00:43,127 | INFO | Uploadig 2026-01-20_EP260110a_g_com_9.wcs_cutout.fits....
2026-03-19 13:00:45,580 | INFO | Done!
2026-03-19 13:00:45,691 | INFO | 2026-02-08_EP260110a_g_com_9.wcs_cutout.fits: {'lim_mag': 18.235453440571906}
2026-03-19 13:00:45,692 | INFO | Uploadig 2026-02-08_EP260110a_g_com_9.wcs_cutout.fits....
2026-03-19 13:00:48,752 | INFO | Done!
2026-03-19 13:00:48,861 | INFO | 2026-01-22_EP260110a_g_com_10.wcs_cutout.fits: {'lim_mag': 19.57503913311493}
2026-03-19 13:00:48,862 | INFO | Uploadig 2026-01-22_EP260110a_g_com_10.wcs_cutout.fits....
2026-03-19 13:00:52,565 | INFO | Done!
2026-03-19 13:00:52,689 | INFO | 2026-02-10_EP260110a_g_com_9.wcs_cutout.fits: {'lim_mag': 18.754709205708156}
2026-03-19 13:00:52,689 | INFO | Uploadig 2026-02-10_EP260110a_g_com_9.wcs_cutout.fits....
2026-03-19 13:00:55,501 | INFO | Done!
2026-03-19 13:00:55,612 | INFO | 2026-01-12_EP260110a_g_com_10.wcs_cutout.fits: {'lim_mag': 19.196301113150735}
2026-03-19 13:00:55,613 | INFO | Uploadig 2026-01-12_EP260110a_g_com_10.wcs_cutout.fits....
2026-03-19 13:00:59,224 | INFO | Done!
2026-03-19 13:00:59,341 | INFO | 2026-01-26_EP260110a_g_com_10.wcs_cutout.fits: {'lim_mag': 19.214622586732638}
2026-03-19 13:00:59,341 | INFO | Uploadig 2026-01-26_EP260110a_g_com_10.wcs_cutout.fits....
2026-03-19 13:01:01,529 | INFO | Done!
2026-03-19 13:01:01,777 | INFO | 2026-01-11_EP260110a_g_com_10.wcs_cutout.fits: {'lim_mag': 18.579798363871895}
2026-03-19 13:01:01,777 | INFO | Uploadig 2026-01-11_EP260110a_g_com_10.wcs_cutout.fits....
2026-03-19 13:01:04,702 | INFO | Done!
2026-03-19 13:01:04,702 | INFO | Searching WHUT data...
2026-03-19 13:01:04,702 | INFO | EP260116a registered!
2026-03-19 13:01:04,704 | INFO | Searching sitian data...
2026-03-19 13:01:04,704 | INFO | Yes...
2026-03-19 13:01:04,821 | INFO | 2026-01-23_EP260116a_g_com_10.wcs_cutout.fits already exists!
2026-03-19 13:01:04,931 | INFO | 2026-01-27_EP260116a_g_com_10.wcs_cutout.fits already exists!
2026-03-19 13:01:05,114 | INFO | 2026-02-15_EP260116a_g_com_10.wcs_cutout.fits already exists!
2026-03-19 13:01:05,217 | INFO | 2026-02-11_EP260116a_g_com_10.wcs_cutout.fits already exists!
2026-03-19 13:01:05,217 | INFO | Searching WHUT data...
