2026-03-19 13:04:54,587 | INFO | Processing EP251212a
2026-03-19 13:04:54,588 | INFO | EP251212a registered!
2026-03-19 13:04:54,589 | INFO | Searching sitian data...
2026-03-19 13:04:54,589 | INFO | Searching WHUT data...
2026-03-19 13:04:54,589 | INFO | Processing EP251214b
2026-03-19 13:04:54,589 | INFO | EP251214b registered!
2026-03-19 13:04:54,590 | INFO | Searching sitian data...
2026-03-19 13:04:54,590 | INFO | Searching WHUT data...
2026-03-19 13:04:54,590 | INFO | Processing EP251220a
2026-03-19 13:04:54,590 | INFO | EP251220a registered!
2026-03-19 13:04:54,591 | INFO | Searching sitian data...
2026-03-19 13:04:54,591 | INFO | Searching WHUT data...
2026-03-19 13:04:54,591 | INFO | Processing EP251221a
2026-03-19 13:04:54,591 | INFO | EP251221a registered!
2026-03-19 13:04:54,592 | INFO | Searching sitian data...
2026-03-19 13:04:54,592 | INFO | Yes...
2026-03-19 13:04:54,747 | INFO | 2026-01-17_EP251221a_g_com_10.wcs_cutout.fits already exists!
2026-03-19 13:04:54,918 | INFO | 2026-01-16_EP251221a_g_com_10.wcs_cutout.fits already exists!
2026-03-19 13:04:54,918 | INFO | Searching WHUT data...
2026-03-19 13:04:54,918 | INFO | Processing EP251222a
2026-03-19 13:04:54,919 | INFO | EP251222a registered!
2026-03-19 13:04:54,921 | INFO | Searching sitian data...
2026-03-19 13:04:54,921 | INFO | Yes...
2026-03-19 13:04:55,082 | INFO | 2025-12-28_EP251222a_g_com_10.wcs_cutout.fits already exists!
2026-03-19 13:04:55,223 | INFO | 2025-12-29_EP251222a_g_com_5.wcs_cutout.fits already exists!
2026-03-19 13:04:55,379 | INFO | 2025-12-27_EP251222a_g_com_10.wcs_cutout.fits already exists!
2026-03-19 13:04:55,379 | INFO | Searching WHUT data...
2026-03-19 13:04:55,380 | INFO | Processing EP251229a
2026-03-19 13:04:55,380 | INFO | EP251229a registered!
2026-03-19 13:04:55,383 | INFO | Searching sitian data...
2026-03-19 13:04:55,383 | INFO | Yes...
2026-03-19 13:04:55,513 | INFO | 2026-01-22_EP251229a_g_com_10.wcs_cutout.fits already exists!
2026-03-19 13:04:55,513 | INFO | Searching WHUT data...
2026-03-19 13:04:55,513 | INFO | Processing EP260101a
2026-03-19 13:04:55,513 | INFO | EP260101a registered!
2026-03-19 13:04:55,517 | INFO | Searching sitian data...
2026-03-19 13:04:55,517 | INFO | Yes...
2026-03-19 13:04:55,664 | INFO | 2026-01-13_EP260101a_g_com_10.wcs_cutout.fits already exists!
2026-03-19 13:04:55,810 | INFO | 2026-01-08_EP260101a_g_com_10.wcs_cutout.fits already exists!
2026-03-19 13:04:55,943 | INFO | 2026-01-03_EP260101a_g_com_3.wcs_cutout.fits already exists!
2026-03-19 13:04:56,100 | INFO | 2026-01-22_EP260101a_g_com_9.wcs_cutout.fits already exists!
2026-03-19 13:04:56,231 | INFO | 2026-01-15_EP260101a_g_com_10.wcs_cutout.fits already exists!
2026-03-19 13:04:56,359 | INFO | 2026-01-21_EP260101a_g_com_10.wcs_cutout.fits already exists!
2026-03-19 13:04:56,359 | INFO | Searching WHUT data...
2026-03-19 13:04:56,360 | INFO | Processing EP260104a
2026-03-19 13:04:56,360 | INFO | EP260104a registered!
2026-03-19 13:04:56,363 | INFO | Searching sitian data...
2026-03-19 13:04:56,364 | INFO | Yes...
2026-03-19 13:04:56,487 | INFO | 2026-01-06_EP260104a_g_com_10.wcs_cutout.fits already exists!
2026-03-19 13:04:56,653 | INFO | 2026-01-12_EP260104a_g_com_10.wcs_cutout.fits already exists!
2026-03-19 13:04:56,835 | INFO | 2026-01-07_EP260104a_g_com_10.wcs_cutout.fits already exists!
2026-03-19 13:04:56,976 | INFO | 2026-01-05_EP260104a_g_com_9.wcs_cutout.fits already exists!
2026-03-19 13:04:56,976 | INFO | Searching WHUT data...
2026-03-19 13:04:56,977 | INFO | Processing EP260105a
2026-03-19 13:04:56,977 | INFO | EP260105a registered!
2026-03-19 13:04:56,980 | INFO | Searching sitian data...
2026-03-19 13:04:56,980 | INFO | Yes...
2026-03-19 13:04:57,135 | INFO | 2026-01-22_EP260105a_g_com_10.wcs_cutout.fits already exists!
2026-03-19 13:04:57,323 | INFO | 2026-01-12_EP260105a_g_com_10.wcs_cutout.fits already exists!
2026-03-19 13:04:57,486 | INFO | 2026-01-05_EP260105a_g_com_1.wcs_cutout.fits already exists!
2026-03-19 13:04:57,635 | INFO | 2026-01-06_EP260105a_g_com_10.wcs_cutout.fits already exists!
2026-03-19 13:04:57,635 | INFO | Searching WHUT data...
2026-03-19 13:04:57,636 | INFO | Processing EP260105b
2026-03-19 13:04:57,636 | INFO | EP260105b registered!
2026-03-19 13:04:57,639 | INFO | Searching sitian data...
2026-03-19 13:04:57,639 | INFO | Yes...
2026-03-19 13:04:57,774 | INFO | 2026-01-10_EP260105b_g_com_3.wcs_cutout.fits already exists!
2026-03-19 13:04:57,911 | INFO | 2026-01-23_EP260105b_g_com_10.wcs_cutout.fits already exists!
2026-03-19 13:04:57,911 | INFO | Searching WHUT data...
2026-03-19 13:04:57,911 | INFO | Processing EP260110a
2026-03-19 13:04:57,912 | INFO | EP260110a registered!
2026-03-19 13:04:57,915 | INFO | Searching sitian data...
2026-03-19 13:04:57,915 | INFO | Yes...
2026-03-19 13:04:58,066 | INFO | 2026-01-20_EP260110a_g_com_9.wcs_cutout.fits already exists!
2026-03-19 13:04:58,227 | INFO | 2026-02-08_EP260110a_g_com_9.wcs_cutout.fits already exists!
2026-03-19 13:04:58,376 | INFO | 2026-01-22_EP260110a_g_com_10.wcs_cutout.fits already exists!
2026-03-19 13:04:58,577 | INFO | 2026-02-10_EP260110a_g_com_9.wcs_cutout.fits already exists!
2026-03-19 13:04:58,762 | INFO | 2026-01-12_EP260110a_g_com_10.wcs_cutout.fits already exists!
2026-03-19 13:04:58,915 | INFO | 2026-01-26_EP260110a_g_com_10.wcs_cutout.fits already exists!
2026-03-19 13:04:59,067 | INFO | 2026-01-11_EP260110a_g_com_10.wcs_cutout.fits already exists!
2026-03-19 13:04:59,067 | INFO | Searching WHUT data...
2026-03-19 13:04:59,067 | INFO | Processing EP260116a
2026-03-19 13:04:59,068 | INFO | EP260116a registered!
2026-03-19 13:04:59,071 | INFO | Searching sitian data...
2026-03-19 13:04:59,071 | INFO | Yes...
2026-03-19 13:04:59,211 | INFO | 2026-01-23_EP260116a_g_com_10.wcs_cutout.fits already exists!
2026-03-19 13:04:59,467 | INFO | 2026-01-27_EP260116a_g_com_10.wcs_cutout.fits already exists!
2026-03-19 13:04:59,591 | INFO | 2026-02-15_EP260116a_g_com_10.wcs_cutout.fits already exists!
2026-03-19 13:04:59,715 | INFO | 2026-02-11_EP260116a_g_com_10.wcs_cutout.fits already exists!
2026-03-19 13:04:59,715 | INFO | Searching WHUT data...
2026-03-19 13:04:59,716 | INFO | Processing EP260119a
2026-03-19 13:04:59,718 | INFO | Creating Event: EP260119a: ra=158.1018, dec=65.4956
2026-03-19 13:05:00,727 | INFO | Searching sitian data...
2026-03-19 13:05:00,727 | INFO | Searching WHUT data...
2026-03-19 13:05:00,727 | INFO | Processing EP260126a
2026-03-19 13:05:00,729 | INFO | Creating Event: EP260126a: ra=103.7542083, dec=37.70518889
2026-03-19 13:05:01,195 | INFO | Searching sitian data...
2026-03-19 13:05:01,196 | INFO | Yes...
2026-03-19 13:05:01,343 | INFO | 2026-02-11_EP260126a_g_com_10.wcs_cutout.fits: {'lim_mag': 18.659732760605216}
2026-03-19 13:05:01,343 | INFO | Uploadig 2026-02-11_EP260126a_g_com_10.wcs_cutout.fits....
2026-03-19 13:05:06,200 | INFO | Done!
2026-03-19 13:05:06,329 | INFO | 2026-02-15_EP260126a_g_com_10.wcs_cutout.fits: {'lim_mag': 18.516497639626923}
2026-03-19 13:05:06,329 | INFO | Uploadig 2026-02-15_EP260126a_g_com_10.wcs_cutout.fits....
2026-03-19 13:05:11,242 | INFO | Done!
2026-03-19 13:05:11,376 | INFO | 2026-02-15_EP260126a_g_com_5.wcs_cutout.fits: {'lim_mag': 18.5441398127813}
2026-03-19 13:05:11,376 | INFO | Uploadig 2026-02-15_EP260126a_g_com_5.wcs_cutout.fits....
2026-03-19 13:05:15,692 | INFO | Done!
2026-03-19 13:05:15,692 | INFO | Searching WHUT data...
2026-03-19 13:05:15,692 | INFO | Processing EP260128a
2026-03-19 13:05:15,694 | INFO | Creating Event: EP260128a: ra=128.3233, dec=-10.2767
2026-03-19 13:05:16,008 | INFO | Searching sitian data...
2026-03-19 13:05:16,008 | INFO | Searching WHUT data...
2026-03-19 13:05:16,008 | INFO | Processing WXT J031644+08316
2026-03-19 13:05:16,010 | INFO | Creating Event: WXT J031644+08316: ra=172.543, dec=-39.765
2026-03-19 13:05:16,327 | INFO | Searching sitian data...
2026-03-19 13:05:16,327 | INFO | Searching WHUT data...
2026-03-19 13:05:16,328 | INFO | Processing 1RXSJ052540.6+425139
2026-03-19 13:05:16,329 | INFO | Creating Event: 1RXSJ052540.6+425139: ra=81.419, dec=42.861
2026-03-19 13:05:17,388 | INFO | Searching sitian data...
2026-03-19 13:05:17,388 | INFO | Searching WHUT data...
2026-03-19 13:05:17,388 | INFO | Processing WXT J001838+115903
2026-03-19 13:05:17,390 | INFO | Creating Event: WXT J001838+115903: ra=4.658, dec=11.984
2026-03-19 13:05:17,765 | INFO | Searching sitian data...
2026-03-19 13:05:17,765 | INFO | Searching WHUT data...
2026-03-19 13:05:17,765 | INFO | Processing WXT J030902+581637
2026-03-19 13:05:17,767 | INFO | Creating Event: WXT J030902+581637: ra=47.261, dec=58.258
2026-03-19 13:05:18,151 | INFO | Searching sitian data...
2026-03-19 13:05:18,151 | INFO | Searching WHUT data...
2026-03-19 13:05:18,152 | INFO | Processing EP J0619.5+0602
2026-03-19 13:05:18,153 | INFO | Creating Event: EP J0619.5+0602: ra=94.916, dec=6.028
2026-03-19 13:05:18,630 | INFO | Searching sitian data...
2026-03-19 13:05:18,630 | INFO | Searching WHUT data...
2026-03-19 13:05:18,630 | INFO | Processing EP260131a
2026-03-19 13:05:18,632 | INFO | Creating Event: EP260131a: ra=149.9025, dec=-3.3073
2026-03-19 13:05:19,279 | INFO | Searching sitian data...
2026-03-19 13:05:19,280 | INFO | Searching WHUT data...
2026-03-19 13:05:19,280 | INFO | Processing EP260209a
2026-03-19 13:05:19,281 | INFO | Creating Event: EP260209a: ra=159.6858, dec=28.3113
2026-03-19 13:05:19,769 | INFO | Searching sitian data...
2026-03-19 13:05:19,769 | INFO | Yes...
2026-03-19 13:05:19,907 | INFO | 2026-02-10_EP260209a_g_com_10.wcs_cutout.fits: {'lim_mag': 18.75805168304138}
2026-03-19 13:05:19,907 | INFO | Uploadig 2026-02-10_EP260209a_g_com_10.wcs_cutout.fits....
2026-03-19 13:05:23,665 | INFO | Done!
2026-03-19 13:05:23,775 | INFO | 2026-02-15_EP260209a_g_com_10.wcs_cutout.fits: {'lim_mag': 18.678458808747145}
2026-03-19 13:05:23,775 | INFO | Uploadig 2026-02-15_EP260209a_g_com_10.wcs_cutout.fits....
2026-03-19 13:05:27,616 | INFO | Done!
2026-03-19 13:05:27,617 | INFO | Searching WHUT data...
2026-03-19 13:05:27,617 | INFO | Processing EP260210a
2026-03-19 13:05:27,619 | INFO | Creating Event: EP260210a: ra=169.8297, dec=45.3929
2026-03-19 13:05:27,879 | INFO | Searching sitian data...
2026-03-19 13:05:27,880 | INFO | Searching WHUT data...
2026-03-19 13:05:27,880 | INFO | Processing EP260213a
2026-03-19 13:05:27,881 | INFO | Creating Event: EP260213a: ra=167.0083, dec=3.9451
2026-03-19 13:05:28,199 | INFO | Searching sitian data...
2026-03-19 13:05:28,199 | INFO | Yes...
2026-03-19 13:05:28,314 | INFO | 2026-03-10_EP260213a_g_com_10.wcs_cutout.fits: {'lim_mag': 18.77689070445526}
2026-03-19 13:05:28,314 | INFO | Uploadig 2026-03-10_EP260213a_g_com_10.wcs_cutout.fits....
2026-03-19 13:05:30,766 | INFO | Done!
2026-03-19 13:05:30,872 | INFO | 2026-03-10_EP260213a_g_com_6.wcs_cutout.fits: {'lim_mag': 18.7589098996822}
2026-03-19 13:05:30,872 | INFO | Uploadig 2026-03-10_EP260213a_g_com_6.wcs_cutout.fits....
2026-03-19 13:05:33,527 | INFO | Done!
2026-03-19 13:05:33,527 | INFO | Searching WHUT data...
2026-03-19 13:05:33,527 | INFO | Processing EP260214a
2026-03-19 13:05:33,530 | INFO | Creating Event: EP260214a: ra=201.2305, dec=-29.0431
2026-03-19 13:05:33,846 | INFO | Searching sitian data...
2026-03-19 13:05:33,847 | INFO | Searching WHUT data...
2026-03-19 13:05:33,847 | INFO | Processing EP260214b
2026-03-19 13:05:33,848 | INFO | Creating Event: EP260214b: ra=191.2582, dec=23.8536
2026-03-19 13:05:34,132 | INFO | Searching sitian data...
2026-03-19 13:05:34,132 | INFO | Searching WHUT data...
2026-03-19 13:05:34,132 | INFO | Processing EP260221a
2026-03-19 13:05:34,134 | INFO | Creating Event: EP260221a: ra=178.7551, dec=-20.9827
2026-03-19 13:05:34,714 | INFO | Searching sitian data...
2026-03-19 13:05:34,714 | INFO | Searching WHUT data...
2026-03-19 13:05:34,715 | INFO | Processing EP260223a
2026-03-19 13:05:34,716 | INFO | Creating Event: EP260223a: ra=92.774, dec=56.577
2026-03-19 13:05:35,552 | INFO | Searching sitian data...
2026-03-19 13:05:35,552 | INFO | Searching WHUT data...
2026-03-19 13:05:35,552 | INFO | Processing EP260224a
2026-03-19 13:05:35,554 | INFO | Creating Event: EP260224a: ra=175.2, dec=-41.415
2026-03-19 13:05:36,074 | INFO | Searching sitian data...
2026-03-19 13:05:36,074 | INFO | Searching WHUT data...
2026-03-19 13:05:36,075 | INFO | Processing EP260227a
2026-03-19 13:05:36,076 | INFO | Creating Event: EP260227a: ra=223.08309, dec=-11.40664
2026-03-19 13:05:36,565 | INFO | Searching sitian data...
2026-03-19 13:05:36,565 | INFO | Searching WHUT data...
2026-03-19 13:05:36,566 | INFO | Processing EP260302a
2026-03-19 13:05:36,567 | INFO | Creating Event: EP260302a: ra=132.9739, dec=-65.9837
2026-03-19 13:05:37,424 | INFO | Searching sitian data...
2026-03-19 13:05:37,424 | INFO | Searching WHUT data...
2026-03-19 13:05:37,424 | INFO | Processing EP260306a
2026-03-19 13:05:37,426 | INFO | Creating Event: EP260306a: ra=145.949, dec=15.6937
2026-03-19 13:05:37,788 | INFO | Searching sitian data...
2026-03-19 13:05:37,788 | INFO | Searching WHUT data...
2026-03-19 13:05:37,788 | INFO | Processing EP260314a
2026-03-19 13:05:37,790 | INFO | Creating Event: EP260314a: ra=211.842259, dec=-23.457728
2026-03-19 13:05:38,106 | ERROR | [Errno 2] No such file or directory: '/home/liangrd/optical_data/EP260314a/pipeline/photometry.csv'
2026-03-19 13:05:38,106 | INFO | Processing EP260316a
2026-03-19 13:05:38,108 | INFO | Creating Event: EP260316a: ra=226.984, dec=27.4447
2026-03-19 13:05:38,404 | ERROR | [Errno 2] No such file or directory: '/home/liangrd/optical_data/EP260316a/pipeline/photometry.csv'
