2026-03-19 13:11:49,274 | INFO | Processing EP251212a
2026-03-19 13:11:49,275 | INFO | EP251212a registered!
2026-03-19 13:11:49,276 | INFO | Searching sitian data...
2026-03-19 13:11:49,277 | INFO | Searching WHUT data...
2026-03-19 13:11:49,277 | INFO | Processing EP251214b
2026-03-19 13:11:49,277 | INFO | EP251214b registered!
2026-03-19 13:11:49,278 | INFO | Searching sitian data...
2026-03-19 13:11:49,278 | INFO | Searching WHUT data...
2026-03-19 13:11:49,278 | INFO | Processing EP251220a
2026-03-19 13:11:49,278 | INFO | EP251220a registered!
2026-03-19 13:11:49,280 | INFO | Searching sitian data...
2026-03-19 13:11:49,280 | INFO | Searching WHUT data...
2026-03-19 13:11:49,280 | INFO | Processing EP251221a
2026-03-19 13:11:49,280 | INFO | EP251221a registered!
2026-03-19 13:11:49,282 | INFO | Searching sitian data...
2026-03-19 13:11:49,282 | INFO | Yes...
2026-03-19 13:11:49,415 | INFO | 2026-01-17_EP251221a_g_com_10.wcs_cutout.fits already exists!
2026-03-19 13:11:49,571 | INFO | 2026-01-16_EP251221a_g_com_10.wcs_cutout.fits already exists!
2026-03-19 13:11:49,572 | INFO | Searching WHUT data...
2026-03-19 13:11:49,572 | INFO | Processing EP251222a
2026-03-19 13:11:49,572 | INFO | EP251222a registered!
2026-03-19 13:11:49,575 | INFO | Searching sitian data...
2026-03-19 13:11:49,575 | INFO | Yes...
2026-03-19 13:11:49,712 | INFO | 2025-12-28_EP251222a_g_com_10.wcs_cutout.fits already exists!
2026-03-19 13:11:49,911 | INFO | 2025-12-29_EP251222a_g_com_5.wcs_cutout.fits already exists!
2026-03-19 13:11:50,070 | INFO | 2025-12-27_EP251222a_g_com_10.wcs_cutout.fits already exists!
2026-03-19 13:11:50,070 | INFO | Searching WHUT data...
2026-03-19 13:11:50,070 | INFO | Processing EP251229a
2026-03-19 13:11:50,070 | INFO | EP251229a registered!
2026-03-19 13:11:50,073 | INFO | Searching sitian data...
2026-03-19 13:11:50,073 | INFO | Yes...
2026-03-19 13:11:50,185 | INFO | 2026-01-22_EP251229a_g_com_10.wcs_cutout.fits already exists!
2026-03-19 13:11:50,186 | INFO | Searching WHUT data...
2026-03-19 13:11:50,186 | INFO | Processing EP260101a
2026-03-19 13:11:50,186 | INFO | EP260101a registered!
2026-03-19 13:11:50,189 | INFO | Searching sitian data...
2026-03-19 13:11:50,189 | INFO | Yes...
2026-03-19 13:11:50,302 | INFO | 2026-01-13_EP260101a_g_com_10.wcs_cutout.fits already exists!
2026-03-19 13:11:50,421 | INFO | 2026-01-08_EP260101a_g_com_10.wcs_cutout.fits already exists!
2026-03-19 13:11:50,574 | INFO | 2026-01-03_EP260101a_g_com_3.wcs_cutout.fits already exists!
2026-03-19 13:11:50,702 | INFO | 2026-01-22_EP260101a_g_com_9.wcs_cutout.fits already exists!
2026-03-19 13:11:50,837 | INFO | 2026-01-15_EP260101a_g_com_10.wcs_cutout.fits already exists!
2026-03-19 13:11:50,954 | INFO | 2026-01-21_EP260101a_g_com_10.wcs_cutout.fits already exists!
2026-03-19 13:11:50,954 | INFO | Searching WHUT data...
2026-03-19 13:11:50,954 | INFO | Processing EP260104a
2026-03-19 13:11:50,954 | INFO | EP260104a registered!
2026-03-19 13:11:50,957 | INFO | Searching sitian data...
2026-03-19 13:11:50,957 | INFO | Yes...
2026-03-19 13:11:51,066 | INFO | 2026-01-06_EP260104a_g_com_10.wcs_cutout.fits already exists!
2026-03-19 13:11:51,188 | INFO | 2026-01-12_EP260104a_g_com_10.wcs_cutout.fits already exists!
2026-03-19 13:11:51,306 | INFO | 2026-01-07_EP260104a_g_com_10.wcs_cutout.fits already exists!
2026-03-19 13:11:51,475 | INFO | 2026-01-05_EP260104a_g_com_9.wcs_cutout.fits already exists!
2026-03-19 13:11:51,475 | INFO | Searching WHUT data...
2026-03-19 13:11:51,475 | INFO | Processing EP260105a
2026-03-19 13:11:51,475 | INFO | EP260105a registered!
2026-03-19 13:11:51,478 | INFO | Searching sitian data...
2026-03-19 13:11:51,478 | INFO | Yes...
2026-03-19 13:11:51,590 | INFO | 2026-01-22_EP260105a_g_com_10.wcs_cutout.fits already exists!
2026-03-19 13:11:51,698 | INFO | 2026-01-12_EP260105a_g_com_10.wcs_cutout.fits already exists!
2026-03-19 13:11:51,819 | INFO | 2026-01-05_EP260105a_g_com_1.wcs_cutout.fits already exists!
2026-03-19 13:11:51,937 | INFO | 2026-01-06_EP260105a_g_com_10.wcs_cutout.fits already exists!
2026-03-19 13:11:51,937 | INFO | Searching WHUT data...
2026-03-19 13:11:51,937 | INFO | Processing EP260105b
2026-03-19 13:11:51,937 | INFO | EP260105b registered!
2026-03-19 13:11:51,940 | INFO | Searching sitian data...
2026-03-19 13:11:51,940 | INFO | Yes...
2026-03-19 13:11:52,061 | INFO | 2026-01-10_EP260105b_g_com_3.wcs_cutout.fits already exists!
2026-03-19 13:11:52,166 | INFO | 2026-01-23_EP260105b_g_com_10.wcs_cutout.fits already exists!
2026-03-19 13:11:52,166 | INFO | Searching WHUT data...
2026-03-19 13:11:52,166 | INFO | Processing EP260110a
2026-03-19 13:11:52,166 | INFO | EP260110a registered!
2026-03-19 13:11:52,169 | INFO | Searching sitian data...
2026-03-19 13:11:52,169 | INFO | Yes...
2026-03-19 13:11:52,292 | INFO | 2026-01-20_EP260110a_g_com_9.wcs_cutout.fits already exists!
2026-03-19 13:11:52,425 | INFO | 2026-02-08_EP260110a_g_com_9.wcs_cutout.fits already exists!
2026-03-19 13:11:52,532 | INFO | 2026-01-22_EP260110a_g_com_10.wcs_cutout.fits already exists!
2026-03-19 13:11:52,660 | INFO | 2026-02-10_EP260110a_g_com_9.wcs_cutout.fits already exists!
2026-03-19 13:11:52,769 | INFO | 2026-01-12_EP260110a_g_com_10.wcs_cutout.fits already exists!
2026-03-19 13:11:52,883 | INFO | 2026-01-26_EP260110a_g_com_10.wcs_cutout.fits already exists!
2026-03-19 13:11:53,005 | INFO | 2026-01-11_EP260110a_g_com_10.wcs_cutout.fits already exists!
2026-03-19 13:11:53,005 | INFO | Searching WHUT data...
2026-03-19 13:11:53,005 | INFO | Processing EP260116a
2026-03-19 13:11:53,005 | INFO | EP260116a registered!
2026-03-19 13:11:53,008 | INFO | Searching sitian data...
2026-03-19 13:11:53,008 | INFO | Yes...
2026-03-19 13:11:53,126 | INFO | 2026-01-23_EP260116a_g_com_10.wcs_cutout.fits already exists!
2026-03-19 13:11:53,240 | INFO | 2026-01-27_EP260116a_g_com_10.wcs_cutout.fits already exists!
2026-03-19 13:11:53,347 | INFO | 2026-02-15_EP260116a_g_com_10.wcs_cutout.fits already exists!
2026-03-19 13:11:53,453 | INFO | 2026-02-11_EP260116a_g_com_10.wcs_cutout.fits already exists!
2026-03-19 13:11:53,454 | INFO | Searching WHUT data...
2026-03-19 13:11:53,454 | INFO | Processing EP260119a
2026-03-19 13:11:53,454 | INFO | EP260119a registered!
2026-03-19 13:11:53,456 | INFO | Searching sitian data...
2026-03-19 13:11:53,456 | INFO | Searching WHUT data...
2026-03-19 13:11:53,456 | INFO | Processing EP260126a
2026-03-19 13:11:53,457 | INFO | EP260126a registered!
2026-03-19 13:11:53,459 | INFO | Searching sitian data...
2026-03-19 13:11:53,459 | INFO | Yes...
2026-03-19 13:11:53,574 | INFO | 2026-02-11_EP260126a_g_com_10.wcs_cutout.fits already exists!
2026-03-19 13:11:53,685 | INFO | 2026-02-15_EP260126a_g_com_10.wcs_cutout.fits already exists!
2026-03-19 13:11:53,787 | INFO | 2026-02-15_EP260126a_g_com_5.wcs_cutout.fits already exists!
2026-03-19 13:11:53,787 | INFO | Searching WHUT data...
2026-03-19 13:11:53,787 | INFO | Processing EP260128a
2026-03-19 13:11:53,787 | INFO | EP260128a registered!
2026-03-19 13:11:53,790 | INFO | Searching sitian data...
2026-03-19 13:11:53,790 | INFO | Searching WHUT data...
2026-03-19 13:11:53,790 | INFO | Processing WXT J031644+08316
2026-03-19 13:11:53,791 | INFO | WXT J031644+08316 registered!
2026-03-19 13:11:53,793 | INFO | Searching sitian data...
2026-03-19 13:11:53,793 | INFO | Searching WHUT data...
2026-03-19 13:11:53,793 | INFO | Processing 1RXSJ052540.6+425139
2026-03-19 13:11:53,794 | INFO | 1RXSJ052540.6+425139 registered!
2026-03-19 13:11:53,796 | INFO | Searching sitian data...
2026-03-19 13:11:53,796 | INFO | Searching WHUT data...
2026-03-19 13:11:53,796 | INFO | Processing WXT J001838+115903
2026-03-19 13:11:53,796 | INFO | WXT J001838+115903 registered!
2026-03-19 13:11:53,799 | INFO | Searching sitian data...
2026-03-19 13:11:53,799 | INFO | Searching WHUT data...
2026-03-19 13:11:53,799 | INFO | Processing WXT J030902+581637
2026-03-19 13:11:53,799 | INFO | WXT J030902+581637 registered!
2026-03-19 13:11:53,802 | INFO | Searching sitian data...
2026-03-19 13:11:53,802 | INFO | Searching WHUT data...
2026-03-19 13:11:53,802 | INFO | Processing EP J0619.5+0602
2026-03-19 13:11:53,802 | INFO | EP J0619.5+0602 registered!
2026-03-19 13:11:53,805 | INFO | Searching sitian data...
2026-03-19 13:11:53,805 | INFO | Searching WHUT data...
2026-03-19 13:11:53,805 | INFO | Processing EP260131a
2026-03-19 13:11:53,805 | INFO | EP260131a registered!
2026-03-19 13:11:53,808 | INFO | Searching sitian data...
2026-03-19 13:11:53,808 | INFO | Searching WHUT data...
2026-03-19 13:11:53,808 | INFO | Processing EP260209a
2026-03-19 13:11:53,808 | INFO | EP260209a registered!
2026-03-19 13:11:53,811 | INFO | Searching sitian data...
2026-03-19 13:11:53,811 | INFO | Yes...
2026-03-19 13:11:53,919 | INFO | 2026-02-10_EP260209a_g_com_10.wcs_cutout.fits already exists!
2026-03-19 13:11:54,027 | INFO | 2026-02-15_EP260209a_g_com_10.wcs_cutout.fits already exists!
2026-03-19 13:11:54,027 | INFO | Searching WHUT data...
2026-03-19 13:11:54,028 | INFO | Processing EP260210a
2026-03-19 13:11:54,028 | INFO | EP260210a registered!
2026-03-19 13:11:54,030 | INFO | Searching sitian data...
2026-03-19 13:11:54,030 | INFO | Searching WHUT data...
2026-03-19 13:11:54,030 | INFO | Processing EP260213a
2026-03-19 13:11:54,030 | INFO | EP260213a registered!
2026-03-19 13:11:54,033 | INFO | Searching sitian data...
2026-03-19 13:11:54,033 | INFO | Yes...
2026-03-19 13:11:54,159 | INFO | 2026-03-10_EP260213a_g_com_10.wcs_cutout.fits already exists!
2026-03-19 13:11:54,268 | INFO | 2026-03-10_EP260213a_g_com_6.wcs_cutout.fits already exists!
2026-03-19 13:11:54,268 | INFO | Searching WHUT data...
2026-03-19 13:11:54,268 | INFO | Processing EP260214a
2026-03-19 13:11:54,268 | INFO | EP260214a registered!
2026-03-19 13:11:54,271 | INFO | Searching sitian data...
2026-03-19 13:11:54,271 | INFO | Searching WHUT data...
2026-03-19 13:11:54,271 | INFO | Processing EP260214b
2026-03-19 13:11:54,271 | INFO | EP260214b registered!
2026-03-19 13:11:54,273 | INFO | Searching sitian data...
2026-03-19 13:11:54,273 | INFO | Searching WHUT data...
2026-03-19 13:11:54,273 | INFO | Processing EP260221a
2026-03-19 13:11:54,273 | INFO | EP260221a registered!
2026-03-19 13:11:54,275 | INFO | Searching sitian data...
2026-03-19 13:11:54,275 | INFO | Searching WHUT data...
2026-03-19 13:11:54,275 | INFO | Processing EP260223a
2026-03-19 13:11:54,276 | INFO | EP260223a registered!
2026-03-19 13:11:54,277 | INFO | Searching sitian data...
2026-03-19 13:11:54,278 | INFO | Searching WHUT data...
2026-03-19 13:11:54,278 | INFO | Processing EP260224a
2026-03-19 13:11:54,278 | INFO | EP260224a registered!
2026-03-19 13:11:54,280 | INFO | Searching sitian data...
2026-03-19 13:11:54,280 | INFO | Searching WHUT data...
2026-03-19 13:11:54,280 | INFO | Processing EP260227a
2026-03-19 13:11:54,280 | INFO | EP260227a registered!
2026-03-19 13:11:54,282 | INFO | Searching sitian data...
2026-03-19 13:11:54,282 | INFO | Searching WHUT data...
2026-03-19 13:11:54,282 | INFO | Processing EP260302a
2026-03-19 13:11:54,282 | INFO | EP260302a registered!
2026-03-19 13:11:54,284 | INFO | Searching sitian data...
2026-03-19 13:11:54,284 | INFO | Searching WHUT data...
2026-03-19 13:11:54,284 | INFO | Processing EP260306a
2026-03-19 13:11:54,284 | INFO | EP260306a registered!
2026-03-19 13:11:54,286 | INFO | Searching sitian data...
2026-03-19 13:11:54,286 | INFO | Searching WHUT data...
2026-03-19 13:11:54,286 | INFO | Processing EP260314a
2026-03-19 13:11:54,287 | INFO | EP260314a registered!
2026-03-19 13:11:54,287 | ERROR | [Errno 2] No such file or directory: '/home/liangrd/optical_data/EP260314a/pipeline/photometry.csv'
2026-03-19 13:11:54,287 | INFO | Processing EP260316a
2026-03-19 13:11:54,287 | INFO | EP260316a registered!
2026-03-19 13:11:54,287 | ERROR | [Errno 2] No such file or directory: '/home/liangrd/optical_data/EP260316a/pipeline/photometry.csv'
