2026-04-13 02:28:11,711 | INFO | Pre-processing

2026-04-13 02:28:11,711 | INFO | ============================================================
2026-04-13 02:28:11,711 | INFO | Cuting out sitian data...
2026-04-13 02:28:11,787 | WARNING | FITSFixedWarning: 'datfix' made the change 'Set DATE-OBS to '2026-01-23T06:11:00' from MJD-OBS'.
2026-04-13 02:28:11,985 | WARNING | File may have been truncated: actual file length (310640640) is smaller than the expected size (415730880)
2026-04-13 02:28:11,997 | WARNING | FITSFixedWarning: 'datfix' made the change 'Set DATE-OBS to '2026-01-23T02:09:00' from MJD-OBS'.
2026-04-13 02:28:12,003 | WARNING | File may have been truncated: actual file length (310640640) is smaller than the expected size (416275200)
2026-04-13 02:28:12,013 | WARNING | FITSFixedWarning: 'datfix' made the change 'Set DATE-OBS to '2026-01-22T01:51:00' from MJD-OBS'.
2026-04-13 02:28:12,026 | WARNING | FITSFixedWarning: 'datfix' made the change 'Set DATE-OBS to '2026-01-22T01:51:00' from MJD-OBS'.
2026-04-13 02:28:12,107 | WARNING | FITSFixedWarning: 'datfix' made the change 'Set DATE-OBS to '2026-01-13T22:12:00' from MJD-OBS'.
2026-04-13 02:28:12,187 | WARNING | FITSFixedWarning: 'datfix' made the change 'Set DATE-OBS to '2026-01-23T06:11:00' from MJD-OBS'.
2026-04-13 02:28:12,200 | WARNING | FITSFixedWarning: 'datfix' made the change 'Set DATE-OBS to '2026-01-22T05:55:00' from MJD-OBS'.
2026-04-13 02:28:12,212 | WARNING | FITSFixedWarning: 'datfix' made the change 'Set DATE-OBS to '2026-01-16T00:59:00' from MJD-OBS'.
2026-04-13 02:28:12,293 | WARNING | FITSFixedWarning: 'datfix' made the change 'Set DATE-OBS to '2026-01-23T02:09:00' from MJD-OBS'.
2026-04-13 02:28:12,374 | WARNING | FITSFixedWarning: 'datfix' made the change 'Set DATE-OBS to '2026-01-03T23:51:00' from MJD-OBS'.
2026-04-13 02:28:12,456 | WARNING | FITSFixedWarning: 'datfix' made the change 'Set DATE-OBS to '2026-01-09T02:12:00' from MJD-OBS'.
2026-04-13 02:28:12,537 | WARNING | FITSFixedWarning: 'datfix' made the change 'Set DATE-OBS to '2026-03-18T23:24:00' from MJD-OBS'.
2026-04-13 02:28:12,618 | WARNING | FITSFixedWarning: 'datfix' made the change 'Set DATE-OBS to '2026-03-12T01:48:00' from MJD-OBS'.
2026-04-13 02:28:12,630 | WARNING | FITSFixedWarning: 'datfix' made the change 'Set DATE-OBS to '2026-03-20T23:22:00' from MJD-OBS'.
2026-04-13 02:28:12,713 | WARNING | FITSFixedWarning: 'datfix' made the change 'Set DATE-OBS to '2026-03-11T23:28:00' from MJD-OBS'.
2026-04-13 02:28:12,725 | WARNING | FITSFixedWarning: 'datfix' made the change 'Set DATE-OBS to '2026-02-11T19:26:00' from MJD-OBS'.
2026-04-13 02:28:12,806 | WARNING | FITSFixedWarning: 'datfix' made the change 'Set DATE-OBS to '2026-02-16T17:29:00' from MJD-OBS'.
2026-04-13 02:28:12,882 | INFO | Cuting out WHUT data...
2026-04-13 02:28:20,958 | INFO | Cuting out LCO data...
2026-04-13 02:28:20,969 | INFO | Cuting out TNOT data...
2026-04-13 02:28:20,994 | WARNING | FITSFixedWarning: 'datfix' made the change 'Set MJD-OBS to 61017.597384 from DATE-OBS'.
2026-04-13 02:28:21,009 | WARNING | FITSFixedWarning: RADECSYS= 'FK5 ' / Equatorial coordinate system 
the RADECSYS keyword is deprecated, use RADESYSa.
2026-04-13 02:28:21,066 | WARNING | FITSFixedWarning: RADECSYS= 'FK5 ' / Equatorial coordinate system 
the RADECSYS keyword is deprecated, use RADESYSa.
2026-04-13 02:28:21,121 | WARNING | FITSFixedWarning: RADECSYS= 'FK5 ' / Equatorial coordinate system 
the RADECSYS keyword is deprecated, use RADESYSa.
2026-04-13 02:28:21,131 | INFO | Processing EP251212a
2026-04-13 02:28:21,132 | INFO | EP251212a registered!
2026-04-13 02:28:21,133 | INFO | Searching sitian data...
2026-04-13 02:28:21,133 | INFO | Searching WHUT data...
2026-04-13 02:28:21,133 | INFO | Processing EP251214b
2026-04-13 02:28:21,133 | INFO | EP251214b registered!
2026-04-13 02:28:21,134 | INFO | Searching sitian data...
2026-04-13 02:28:21,134 | INFO | Searching WHUT data...
2026-04-13 02:28:21,134 | INFO | Processing EP251220a
2026-04-13 02:28:21,134 | INFO | EP251220a registered!
2026-04-13 02:28:21,135 | INFO | Searching sitian data...
2026-04-13 02:28:21,135 | INFO | Searching WHUT data...
2026-04-13 02:28:21,135 | INFO | Processing EP251221a
2026-04-13 02:28:21,135 | INFO | EP251221a registered!
2026-04-13 02:28:21,136 | INFO | Searching sitian data...
2026-04-13 02:28:21,136 | INFO | Yes...
2026-04-13 02:28:21,262 | INFO | 2026-01-17_EP251221a_g_com_10.wcs_cutout.fits already exists!
2026-04-13 02:28:22,368 | INFO | 2026-01-16_EP251221a_g_com_10.wcs_cutout.fits already exists!
2026-04-13 02:28:22,368 | INFO | Searching WHUT data...
2026-04-13 02:28:22,368 | INFO | Processing EP251222a
2026-04-13 02:28:22,369 | INFO | EP251222a registered!
2026-04-13 02:28:22,370 | INFO | Searching sitian data...
2026-04-13 02:28:22,370 | INFO | Yes...
2026-04-13 02:28:22,704 | INFO | 2025-12-28_EP251222a_g_com_10.wcs_cutout.fits already exists!
2026-04-13 02:28:23,230 | INFO | 2025-12-29_EP251222a_g_com_5.wcs_cutout.fits already exists!
2026-04-13 02:28:23,347 | INFO | 2025-12-27_EP251222a_g_com_10.wcs_cutout.fits already exists!
2026-04-13 02:28:23,347 | INFO | Searching WHUT data...
2026-04-13 02:28:23,347 | INFO | Processing EP251229a
2026-04-13 02:28:23,347 | INFO | EP251229a registered!
2026-04-13 02:28:23,351 | INFO | Searching sitian data...
2026-04-13 02:28:23,351 | INFO | Yes...
2026-04-13 02:28:23,672 | INFO | 2026-01-22_EP251229a_g_com_10.wcs_cutout.fits already exists!
2026-04-13 02:28:23,672 | INFO | Searching WHUT data...
2026-04-13 02:28:23,672 | INFO | Processing EP260101a
2026-04-13 02:28:23,672 | INFO | EP260101a registered!
2026-04-13 02:28:23,675 | INFO | Searching sitian data...
2026-04-13 02:28:23,675 | INFO | Yes...
2026-04-13 02:28:23,770 | INFO | 2026-01-13_EP260101a_g_com_10.wcs_cutout.fits already exists!
2026-04-13 02:28:25,887 | INFO | 2026-01-08_EP260101a_g_com_10.wcs_cutout.fits already exists!
2026-04-13 02:28:28,462 | INFO | 2026-01-03_EP260101a_g_com_3.wcs_cutout.fits already exists!
2026-04-13 02:28:28,567 | INFO | 2026-01-22_EP260101a_g_com_9.wcs_cutout.fits already exists!
2026-04-13 02:28:28,668 | INFO | 2026-01-15_EP260101a_g_com_10.wcs_cutout.fits already exists!
2026-04-13 02:28:28,772 | INFO | 2026-01-21_EP260101a_g_com_10.wcs_cutout.fits already exists!
2026-04-13 02:28:28,772 | INFO | Searching WHUT data...
2026-04-13 02:28:28,772 | INFO | Processing EP260104a
2026-04-13 02:28:28,772 | INFO | EP260104a registered!
2026-04-13 02:28:28,776 | INFO | Searching sitian data...
2026-04-13 02:28:28,776 | INFO | Yes...
2026-04-13 02:28:28,889 | INFO | 2026-01-06_EP260104a_g_com_10.wcs_cutout.fits already exists!
2026-04-13 02:28:29,001 | INFO | 2026-01-12_EP260104a_g_com_10.wcs_cutout.fits already exists!
2026-04-13 02:28:29,115 | INFO | 2026-01-07_EP260104a_g_com_10.wcs_cutout.fits already exists!
2026-04-13 02:28:30,226 | INFO | 2026-01-05_EP260104a_g_com_9.wcs_cutout.fits already exists!
2026-04-13 02:28:30,226 | INFO | Searching WHUT data...
2026-04-13 02:28:30,226 | INFO | Processing EP260105a
2026-04-13 02:28:30,226 | INFO | EP260105a registered!
2026-04-13 02:28:30,230 | INFO | Searching sitian data...
2026-04-13 02:28:30,230 | INFO | Yes...
2026-04-13 02:28:30,357 | INFO | 2026-01-22_EP260105a_g_com_10.wcs_cutout.fits already exists!
2026-04-13 02:28:30,469 | INFO | 2026-01-12_EP260105a_g_com_10.wcs_cutout.fits already exists!
2026-04-13 02:28:30,587 | INFO | 2026-01-05_EP260105a_g_com_1.wcs_cutout.fits already exists!
2026-04-13 02:28:30,695 | INFO | 2026-01-06_EP260105a_g_com_10.wcs_cutout.fits already exists!
2026-04-13 02:28:30,695 | INFO | Searching WHUT data...
2026-04-13 02:28:30,695 | INFO | Yes...
2026-04-13 02:28:30,808 | INFO | coadd_WHUT_i_20260125T214905.675_cutout.fits already exists!
2026-04-13 02:28:30,809 | INFO | Processing EP260105b
2026-04-13 02:28:30,810 | INFO | EP260105b registered!
2026-04-13 02:28:30,816 | INFO | Searching sitian data...
2026-04-13 02:28:30,816 | INFO | Yes...
2026-04-13 02:28:31,141 | INFO | 2026-01-10_EP260105b_g_com_3.wcs_cutout.fits already exists!
2026-04-13 02:28:32,474 | INFO | 2026-01-23_EP260105b_g_com_10.wcs_cutout.fits already exists!
2026-04-13 02:28:32,474 | INFO | Searching WHUT data...
2026-04-13 02:28:32,474 | INFO | Processing EP260110a
2026-04-13 02:28:32,474 | INFO | EP260110a registered!
2026-04-13 02:28:32,477 | INFO | Searching sitian data...
2026-04-13 02:28:32,477 | INFO | Yes...
2026-04-13 02:28:32,590 | INFO | 2026-01-20_EP260110a_g_com_9.wcs_cutout.fits already exists!
2026-04-13 02:28:32,706 | INFO | 2026-02-08_EP260110a_g_com_9.wcs_cutout.fits already exists!
2026-04-13 02:28:35,842 | INFO | 2026-01-22_EP260110a_g_com_10.wcs_cutout.fits already exists!
2026-04-13 02:28:36,175 | INFO | 2026-02-10_EP260110a_g_com_9.wcs_cutout.fits already exists!
2026-04-13 02:28:36,297 | INFO | 2026-01-12_EP260110a_g_com_10.wcs_cutout.fits already exists!
2026-04-13 02:28:36,425 | INFO | 2026-01-26_EP260110a_g_com_10.wcs_cutout.fits already exists!
2026-04-13 02:28:36,551 | INFO | 2026-01-11_EP260110a_g_com_10.wcs_cutout.fits already exists!
2026-04-13 02:28:36,551 | INFO | Searching WHUT data...
2026-04-13 02:28:36,552 | INFO | Yes...
2026-04-13 02:28:36,692 | INFO | coadd_WHUT_i_20260131T212149.878_cutout.fits already exists!
2026-04-13 02:28:36,692 | INFO | Processing EP260116a
2026-04-13 02:28:36,692 | INFO | EP260116a registered!
2026-04-13 02:28:36,695 | INFO | Searching sitian data...
2026-04-13 02:28:36,695 | INFO | Yes...
2026-04-13 02:28:36,801 | INFO | 2026-01-23_EP260116a_g_com_10.wcs_cutout.fits already exists!
2026-04-13 02:28:36,917 | INFO | 2026-01-27_EP260116a_g_com_10.wcs_cutout.fits already exists!
2026-04-13 02:28:37,026 | INFO | 2026-02-15_EP260116a_g_com_10.wcs_cutout.fits already exists!
2026-04-13 02:28:38,147 | INFO | 2026-02-11_EP260116a_g_com_10.wcs_cutout.fits already exists!
2026-04-13 02:28:38,148 | INFO | Searching WHUT data...
2026-04-13 02:28:38,148 | INFO | Processing EP260119a
2026-04-13 02:28:38,148 | INFO | EP260119a registered!
2026-04-13 02:28:38,150 | INFO | Searching sitian data...
2026-04-13 02:28:38,150 | INFO | Searching WHUT data...
2026-04-13 02:28:38,150 | INFO | Processing EP260126a
2026-04-13 02:28:38,151 | INFO | EP260126a registered!
2026-04-13 02:28:38,153 | INFO | Searching sitian data...
2026-04-13 02:28:38,153 | INFO | Yes...
2026-04-13 02:28:38,268 | INFO | 2026-02-11_EP260126a_g_com_10.wcs_cutout.fits already exists!
2026-04-13 02:28:38,402 | INFO | 2026-02-15_EP260126a_g_com_10.wcs_cutout.fits already exists!
2026-04-13 02:28:38,506 | INFO | 2026-02-15_EP260126a_g_com_5.wcs_cutout.fits already exists!
2026-04-13 02:28:38,506 | INFO | Searching WHUT data...
2026-04-13 02:28:38,506 | INFO | Yes...
2026-04-13 02:28:38,855 | INFO | coadd_WHUT_i_20260207T140731.088_cutout.fits already exists!
2026-04-13 02:28:38,856 | INFO | Processing EP260128a
2026-04-13 02:28:38,856 | INFO | EP260128a registered!
2026-04-13 02:28:38,859 | INFO | Searching sitian data...
2026-04-13 02:28:38,859 | INFO | Searching WHUT data...
2026-04-13 02:28:38,859 | INFO | Processing WXT J031644+08316
2026-04-13 02:28:38,859 | INFO | WXT J031644+08316 registered!
2026-04-13 02:28:38,862 | INFO | Searching sitian data...
2026-04-13 02:28:38,862 | INFO | Searching WHUT data...
2026-04-13 02:28:38,862 | INFO | Processing 1RXSJ052540.6+425139
2026-04-13 02:28:38,863 | INFO | 1RXSJ052540.6+425139 registered!
2026-04-13 02:28:38,865 | INFO | Searching sitian data...
2026-04-13 02:28:38,865 | INFO | Searching WHUT data...
2026-04-13 02:28:38,865 | INFO | Processing WXT J001838+115903
2026-04-13 02:28:38,865 | INFO | WXT J001838+115903 registered!
2026-04-13 02:28:38,868 | INFO | Searching sitian data...
2026-04-13 02:28:38,868 | INFO | Searching WHUT data...
2026-04-13 02:28:38,868 | INFO | Processing WXT J030902+581637
2026-04-13 02:28:38,868 | INFO | WXT J030902+581637 registered!
2026-04-13 02:28:38,871 | INFO | Searching sitian data...
2026-04-13 02:28:38,871 | INFO | Searching WHUT data...
2026-04-13 02:28:38,871 | INFO | Processing EP J0619.5+0602
2026-04-13 02:28:38,871 | INFO | EP J0619.5+0602 registered!
2026-04-13 02:28:38,874 | INFO | Searching sitian data...
2026-04-13 02:28:38,874 | INFO | Searching WHUT data...
2026-04-13 02:28:38,874 | INFO | Processing EP260131a
2026-04-13 02:28:38,874 | INFO | EP260131a registered!
2026-04-13 02:28:38,877 | INFO | Searching sitian data...
2026-04-13 02:28:38,877 | INFO | Searching WHUT data...
2026-04-13 02:28:38,877 | INFO | Processing EP260209a
2026-04-13 02:28:38,878 | INFO | EP260209a registered!
2026-04-13 02:28:38,880 | INFO | Searching sitian data...
2026-04-13 02:28:38,881 | INFO | Yes...
2026-04-13 02:28:38,995 | INFO | 2026-02-10_EP260209a_g_com_10.wcs_cutout.fits already exists!
2026-04-13 02:28:39,098 | INFO | 2026-02-15_EP260209a_g_com_10.wcs_cutout.fits already exists!
2026-04-13 02:28:39,098 | INFO | Searching WHUT data...
2026-04-13 02:28:39,098 | INFO | Processing EP260210a
2026-04-13 02:28:39,098 | INFO | EP260210a registered!
2026-04-13 02:28:39,101 | INFO | Searching sitian data...
2026-04-13 02:28:39,101 | INFO | Yes...
2026-04-13 02:28:39,216 | INFO | 2026-03-12_EP260210a_g_com_10.wcs_cutout.fits already exists!
2026-04-13 02:28:39,217 | INFO | Searching WHUT data...
2026-04-13 02:28:39,217 | INFO | Yes...
2026-04-13 02:28:39,546 | INFO | coadd_WHUT_i_20260302T154130.332_cutout.fits already exists!
2026-04-13 02:28:39,546 | INFO | Processing EP260213a
2026-04-13 02:28:39,546 | INFO | EP260213a registered!
2026-04-13 02:28:39,549 | INFO | Searching sitian data...
2026-04-13 02:28:39,550 | INFO | Yes...
2026-04-13 02:28:39,661 | INFO | 2026-03-10_EP260213a_g_com_10.wcs_cutout.fits already exists!
2026-04-13 02:28:41,974 | INFO | 2026-03-10_EP260213a_g_com_6.wcs_cutout.fits already exists!
2026-04-13 02:28:41,974 | INFO | Searching WHUT data...
2026-04-13 02:28:41,974 | INFO | Yes...
2026-04-13 02:28:42,088 | INFO | coadd_WHUT_i_20260308T174731.325_cutout.fits already exists!
2026-04-13 02:28:42,089 | INFO | Processing EP260214a
2026-04-13 02:28:42,089 | INFO | EP260214a registered!
2026-04-13 02:28:42,091 | INFO | Searching sitian data...
2026-04-13 02:28:42,091 | INFO | Searching WHUT data...
2026-04-13 02:28:42,092 | INFO | Processing EP260214b
2026-04-13 02:28:42,092 | INFO | EP260214b registered!
2026-04-13 02:28:42,094 | INFO | Searching sitian data...
2026-04-13 02:28:42,094 | INFO | Searching WHUT data...
2026-04-13 02:28:42,094 | INFO | Processing EP260221a
2026-04-13 02:28:42,094 | INFO | EP260221a registered!
2026-04-13 02:28:42,097 | INFO | Searching sitian data...
2026-04-13 02:28:42,097 | INFO | Searching WHUT data...
2026-04-13 02:28:42,097 | INFO | Processing EP260223a
2026-04-13 02:28:42,097 | INFO | EP260223a registered!
2026-04-13 02:28:42,101 | INFO | Searching sitian data...
2026-04-13 02:28:42,101 | INFO | Yes...
2026-04-13 02:28:42,222 | INFO | 2026-03-20_EP260223a_g_com_10.wcs_cutout.fits already exists!
2026-04-13 02:28:42,329 | INFO | 2026-03-18_EP260223a_g_com_10.wcs_cutout.fits already exists!
2026-04-13 02:28:42,329 | INFO | Searching WHUT data...
2026-04-13 02:28:42,329 | INFO | Processing EP260224a
2026-04-13 02:28:42,329 | INFO | EP260224a registered!
2026-04-13 02:28:42,332 | INFO | Searching sitian data...
2026-04-13 02:28:42,332 | INFO | Searching WHUT data...
2026-04-13 02:28:42,332 | INFO | Processing EP260227a
2026-04-13 02:28:42,332 | INFO | EP260227a registered!
2026-04-13 02:28:42,334 | INFO | Searching sitian data...
2026-04-13 02:28:42,334 | INFO | Searching WHUT data...
2026-04-13 02:28:42,334 | INFO | Processing EP260302a
2026-04-13 02:28:42,334 | INFO | EP260302a registered!
2026-04-13 02:28:42,336 | INFO | Searching sitian data...
2026-04-13 02:28:42,336 | INFO | Searching WHUT data...
2026-04-13 02:28:42,336 | INFO | Processing EP260306a
2026-04-13 02:28:42,337 | INFO | EP260306a registered!
2026-04-13 02:28:42,339 | INFO | Searching sitian data...
2026-04-13 02:28:42,339 | INFO | Searching WHUT data...
2026-04-13 02:28:42,339 | INFO | Processing EP260314a
2026-04-13 02:28:42,339 | INFO | EP260314a registered!
2026-04-13 02:28:42,341 | INFO | Searching sitian data...
2026-04-13 02:28:42,341 | INFO | Searching WHUT data...
2026-04-13 02:28:42,341 | INFO | Processing EP260316a
2026-04-13 02:28:42,341 | INFO | EP260316a registered!
2026-04-13 02:28:42,343 | INFO | Searching sitian data...
2026-04-13 02:28:42,343 | INFO | Searching WHUT data...
2026-04-13 02:28:42,343 | INFO | Processing EP260308a
2026-04-13 02:28:42,344 | INFO | EP260308a registered!
2026-04-13 02:28:42,346 | INFO | Searching sitian data...
2026-04-13 02:28:42,346 | INFO | Searching WHUT data...
2026-04-13 02:28:42,346 | INFO | Processing EP260321a
2026-04-13 02:28:42,346 | INFO | EP260321a registered!
2026-04-13 02:28:42,349 | INFO | Searching sitian data...
2026-04-13 02:28:42,349 | INFO | Yes...
2026-04-13 02:28:42,455 | INFO | 2026-03-23_EP260321a_g_com_3.wcs_cutout.fits already exists!
2026-04-13 02:28:42,455 | INFO | Searching WHUT data...
2026-04-13 02:28:42,455 | INFO | Yes...
2026-04-13 02:28:43,801 | INFO | coadd_WHUT_i_20260327T143838.699_cutout.fits: {'lim_mag': np.float64(20.393141452568063), 'mag': np.float64(17.523728845112352), 'mag_err': np.float64(0.1720481108554097)}
2026-04-13 02:28:43,801 | INFO | Uploadig coadd_WHUT_i_20260327T143838.699_cutout.fits....
2026-04-13 02:29:00,636 | INFO | Done!
2026-04-13 02:29:00,933 | INFO | coadd_WHUT_i_20260405T160432.479_cutout.fits: {'lim_mag': np.float64(22.078993176103967), 'mag': np.float64(17.090772688251185), 'mag_err': np.float64(0.0898209884318148)}
2026-04-13 02:29:00,933 | INFO | Uploadig coadd_WHUT_i_20260405T160432.479_cutout.fits....
2026-04-13 02:29:16,563 | INFO | Done!
2026-04-13 02:29:17,676 | INFO | coadd_WHUT_i_20260404T173800.213_cutout.fits: {'lim_mag': np.float64(20.81287989278008), 'mag': np.float64(17.10287144514843), 'mag_err': np.float64(0.0992161831258339)}
2026-04-13 02:29:17,676 | INFO | Uploadig coadd_WHUT_i_20260404T173800.213_cutout.fits....
2026-04-13 02:29:32,380 | INFO | Done!
2026-04-13 02:29:32,481 | INFO | coadd_WHUT_i_20260406T154401.880_cutout.fits: {'lim_mag': np.float64(22.13009632186964), 'mag': np.float64(17.09535765430289), 'mag_err': np.float64(0.0837539145564745)}
2026-04-13 02:29:32,481 | INFO | Uploadig coadd_WHUT_i_20260406T154401.880_cutout.fits....
2026-04-13 02:29:48,458 | INFO | Done!
2026-04-13 02:29:48,768 | INFO | coadd_WHUT_g_20260406T152134.141_cutout.fits: {'lim_mag': np.float64(22.868156262217795), 'mag': np.float64(17.215409550847582), 'mag_err': np.float64(0.1530845079026534)}
2026-04-13 02:29:48,768 | INFO | Uploadig coadd_WHUT_g_20260406T152134.141_cutout.fits....
2026-04-13 02:30:04,914 | INFO | Done!
2026-04-13 02:30:05,034 | INFO | coadd_WHUT_r_20260404T172717.558_cutout.fits: {'lim_mag': np.float64(21.266561750992388), 'mag': np.float64(16.912069021622305), 'mag_err': np.float64(0.1150524308754032)}
2026-04-13 02:30:05,034 | INFO | Uploadig coadd_WHUT_r_20260404T172717.558_cutout.fits....
2026-04-13 02:30:18,099 | INFO | Done!
2026-04-13 02:30:18,199 | INFO | coadd_WHUT_r_20260405T155350.132_cutout.fits: {'lim_mag': np.float64(22.09325574486129), 'mag': np.float64(16.925294713699547), 'mag_err': np.float64(0.1033153398144685)}
2026-04-13 02:30:18,199 | INFO | Uploadig coadd_WHUT_r_20260405T155350.132_cutout.fits....
2026-04-13 02:30:30,463 | INFO | Done!
2026-04-13 02:30:31,567 | INFO | coadd_WHUT_r_20260327T142754.391_cutout.fits: {'lim_mag': np.float64(20.727203884144373), 'mag': np.float64(17.284902061543256), 'mag_err': np.float64(0.0830042652429248)}
2026-04-13 02:30:31,567 | INFO | Uploadig coadd_WHUT_r_20260327T142754.391_cutout.fits....
2026-04-13 02:30:43,439 | INFO | Done!
2026-04-13 02:30:43,582 | INFO | coadd_WHUT_r_20260406T153318.867_cutout.fits: {'lim_mag': np.float64(22.836122821483723), 'mag': np.float64(16.83974117885051), 'mag_err': np.float64(0.1311500868493928)}
2026-04-13 02:30:43,582 | INFO | Uploadig coadd_WHUT_r_20260406T153318.867_cutout.fits....
2026-04-13 02:30:58,202 | INFO | Done!
2026-04-13 02:30:58,316 | INFO | coadd_WHUT_g_20260405T154307.443_cutout.fits: {'lim_mag': np.float64(22.226165869443232), 'mag': np.float64(17.15143996224637), 'mag_err': np.float64(0.0443501961788381)}
2026-04-13 02:30:58,316 | INFO | Uploadig coadd_WHUT_g_20260405T154307.443_cutout.fits....
2026-04-13 02:31:11,288 | INFO | Done!
2026-04-13 02:31:11,377 | INFO | coadd_WHUT_g_20260327T141711.762_cutout.fits: {'lim_mag': np.float64(20.95453688876171), 'mag': np.float64(17.211593024320354), 'mag_err': np.float64(0.0470635388623755)}
2026-04-13 02:31:11,377 | INFO | Uploadig coadd_WHUT_g_20260327T141711.762_cutout.fits....
2026-04-13 02:31:22,458 | INFO | Done!
2026-04-13 02:31:24,990 | INFO | coadd_WHUT_g_20260404T171634.715_cutout.fits: {'lim_mag': np.float64(21.069996929239075), 'mag': np.float64(17.105265804054483), 'mag_err': np.float64(0.1240879714489755)}
2026-04-13 02:31:24,990 | INFO | Uploadig coadd_WHUT_g_20260404T171634.715_cutout.fits....
2026-04-13 02:31:48,981 | INFO | Done!
2026-04-13 02:31:48,982 | INFO | Processing EP260322a
2026-04-13 02:31:48,982 | INFO | EP260322a registered!
2026-04-13 02:31:48,985 | INFO | Searching sitian data...
2026-04-13 02:31:48,985 | INFO | Searching WHUT data...
2026-04-13 02:31:48,985 | INFO | Processing EP260324a
2026-04-13 02:31:48,985 | INFO | EP260324a registered!
2026-04-13 02:31:48,989 | INFO | Searching sitian data...
2026-04-13 02:31:48,989 | INFO | Searching WHUT data...
2026-04-13 02:31:48,989 | INFO | Yes...
2026-04-13 02:31:49,155 | INFO | coadd_WHUT_g_20260327T151033.158_cutout.fits: {'lim_mag': np.float64(21.43106661229171), 'mag': np.float64(14.821282405718955), 'mag_err': np.float64(0.1066406850630463)}
2026-04-13 02:31:49,155 | INFO | Uploadig coadd_WHUT_g_20260327T151033.158_cutout.fits....
2026-04-13 02:32:05,262 | INFO | Done!
2026-04-13 02:32:05,610 | INFO | coadd_WHUT_r_20260405T161722.591_cutout.fits: {'lim_mag': np.float64(22.07650327740255), 'mag': np.float64(15.900334597149094), 'mag_err': np.float64(0.0408363915154681)}
2026-04-13 02:32:05,610 | INFO | Uploadig coadd_WHUT_r_20260405T161722.591_cutout.fits....
2026-04-13 02:32:24,295 | INFO | Done!
2026-04-13 02:32:24,390 | INFO | coadd_WHUT_i_20260330T144802.471_cutout.fits: {'lim_mag': np.float64(21.01024676620234), 'mag': np.float64(15.955675610880707), 'mag_err': np.float64(0.0784692160581179)}
2026-04-13 02:32:24,390 | INFO | Uploadig coadd_WHUT_i_20260330T144802.471_cutout.fits....
2026-04-13 02:32:35,518 | INFO | Done!
2026-04-13 02:32:35,625 | INFO | coadd_WHUT_i_20260404T175311.606_cutout.fits: {'lim_mag': np.float64(20.895436148701524), 'mag': np.float64(15.325579465308774), 'mag_err': np.float64(0.0542051498008971)}
2026-04-13 02:32:35,625 | INFO | Uploadig coadd_WHUT_i_20260404T175311.606_cutout.fits....
2026-04-13 02:32:52,933 | INFO | Done!
2026-04-13 02:32:53,041 | INFO | coadd_WHUT_i_20260405T161948.292_cutout.fits: {'lim_mag': np.float64(20.98827981142629), 'mag': np.float64(15.453743855063005), 'mag_err': np.float64(0.058218416885317)}
2026-04-13 02:32:53,041 | INFO | Uploadig coadd_WHUT_i_20260405T161948.292_cutout.fits....
2026-04-13 02:33:07,639 | INFO | Done!
2026-04-13 02:33:08,759 | INFO | coadd_WHUT_r_20260406T160118.872_cutout.fits: {'lim_mag': np.float64(22.17722597871353), 'mag': np.float64(16.024099165780555), 'mag_err': np.float64(0.0365911054520908)}
2026-04-13 02:33:08,759 | INFO | Uploadig coadd_WHUT_r_20260406T160118.872_cutout.fits....
2026-04-13 02:33:27,599 | INFO | Done!
2026-04-13 02:33:27,711 | INFO | coadd_WHUT_g_20260330T144310.903_cutout.fits: {'lim_mag': np.float64(21.59058535750632), 'mag': np.float64(16.239972018823707), 'mag_err': np.float64(0.0553122258925017)}
2026-04-13 02:33:27,711 | INFO | Uploadig coadd_WHUT_g_20260330T144310.903_cutout.fits....
2026-04-13 02:33:40,508 | INFO | Done!
2026-04-13 02:33:41,631 | INFO | coadd_WHUT_g_20260404T174820.586_cutout.fits: {'lim_mag': np.float64(21.07051222354856), 'mag': np.float64(15.88936370157322), 'mag_err': np.float64(0.0620042796561799)}
2026-04-13 02:33:41,632 | INFO | Uploadig coadd_WHUT_g_20260404T174820.586_cutout.fits....
2026-04-13 02:33:57,806 | INFO | Done!
2026-04-13 02:33:57,928 | INFO | coadd_WHUT_r_20260327T152446.282_cutout.fits: {'lim_mag': np.float64(21.3584156917642), 'mag': np.float64(14.356516374388391), 'mag_err': np.float64(0.0211703521851392)}
2026-04-13 02:33:57,928 | INFO | Uploadig coadd_WHUT_r_20260327T152446.282_cutout.fits....
2026-04-13 02:34:08,542 | INFO | Done!
2026-04-13 02:34:08,637 | INFO | coadd_WHUT_g_20260405T161457.101_cutout.fits: {'lim_mag': np.float64(22.084635072887583), 'mag': np.float64(16.154158736425636), 'mag_err': np.float64(0.0376545078223661)}
2026-04-13 02:34:08,637 | INFO | Uploadig coadd_WHUT_g_20260405T161457.101_cutout.fits....
2026-04-13 02:34:20,947 | INFO | Done!
2026-04-13 02:34:21,061 | INFO | coadd_WHUT_r_20260404T175046.038_cutout.fits: {'lim_mag': np.float64(21.49660958153508), 'mag': np.float64(15.533350420020382), 'mag_err': np.float64(0.0430957369287252)}
2026-04-13 02:34:21,061 | INFO | Uploadig coadd_WHUT_r_20260404T175046.038_cutout.fits....
2026-04-13 02:34:30,458 | INFO | Done!
2026-04-13 02:34:31,580 | INFO | coadd_WHUT_r_20260330T144536.770_cutout.fits: {'lim_mag': np.float64(21.708346847668977), 'mag': np.float64(16.16334623609273), 'mag_err': np.float64(0.0532366799332171)}
2026-04-13 02:34:31,580 | INFO | Uploadig coadd_WHUT_r_20260330T144536.770_cutout.fits....
2026-04-13 02:34:39,957 | INFO | Done!
2026-04-13 02:34:40,063 | INFO | coadd_WHUT_i_20260327T153839.479_cutout.fits: {'lim_mag': np.float64(20.42337223048841), 'mag': np.float64(14.046916689934395), 'mag_err': np.float64(0.0228745034336846)}
2026-04-13 02:34:40,063 | INFO | Uploadig coadd_WHUT_i_20260327T153839.479_cutout.fits....
2026-04-13 02:34:48,537 | INFO | Done!
2026-04-13 02:34:48,537 | INFO | Processing EP260327a
2026-04-13 02:34:48,538 | INFO | EP260327a registered!
2026-04-13 02:34:48,540 | INFO | Searching sitian data...
2026-04-13 02:34:48,540 | INFO | Searching WHUT data...
2026-04-13 02:34:48,541 | INFO | Processing EP260329a
2026-04-13 02:34:48,541 | INFO | EP260329a registered!
2026-04-13 02:34:48,543 | INFO | Searching sitian data...
2026-04-13 02:34:48,543 | INFO | Searching WHUT data...
2026-04-13 02:34:48,543 | INFO | Processing EP260329b
2026-04-13 02:34:48,543 | INFO | EP260329b registered!
2026-04-13 02:34:48,545 | INFO | Searching sitian data...
2026-04-13 02:34:48,545 | INFO | Searching WHUT data...
2026-04-13 02:34:48,545 | INFO | Processing EP260402a
2026-04-13 02:34:48,545 | INFO | EP260402a registered!
2026-04-13 02:34:48,548 | INFO | Searching sitian data...
2026-04-13 02:34:48,548 | INFO | Searching WHUT data...
2026-04-13 02:34:48,548 | INFO | Processing EP260403a
2026-04-13 02:34:48,548 | INFO | EP260403a registered!
2026-04-13 02:34:48,550 | INFO | Searching sitian data...
2026-04-13 02:34:48,550 | INFO | Searching WHUT data...
2026-04-13 02:34:48,550 | INFO | Processing EP260405a
2026-04-13 02:34:48,550 | INFO | EP260405a registered!
2026-04-13 02:34:48,552 | INFO | Searching sitian data...
2026-04-13 02:34:48,552 | INFO | Searching WHUT data...
