2026-04-13 02:08:18,452 | INFO | Pre-processing

2026-04-13 02:08:18,452 | INFO | ============================================================
2026-04-13 02:08:18,452 | INFO | Cuting out sitian data...
2026-04-13 02:08:18,503 | WARNING | FITSFixedWarning: 'datfix' made the change 'Set DATE-OBS to '2026-01-23T06:11:00' from MJD-OBS'.
2026-04-13 02:08:18,639 | WARNING | File may have been truncated: actual file length (310640640) is smaller than the expected size (415730880)
2026-04-13 02:08:18,654 | WARNING | FITSFixedWarning: 'datfix' made the change 'Set DATE-OBS to '2026-01-23T02:09:00' from MJD-OBS'.
2026-04-13 02:08:18,660 | WARNING | File may have been truncated: actual file length (310640640) is smaller than the expected size (416275200)
2026-04-13 02:08:18,671 | WARNING | FITSFixedWarning: 'datfix' made the change 'Set DATE-OBS to '2026-01-22T01:51:00' from MJD-OBS'.
2026-04-13 02:08:18,683 | WARNING | FITSFixedWarning: 'datfix' made the change 'Set DATE-OBS to '2026-01-22T01:51:00' from MJD-OBS'.
2026-04-13 02:08:18,764 | WARNING | FITSFixedWarning: 'datfix' made the change 'Set DATE-OBS to '2026-01-13T22:12:00' from MJD-OBS'.
2026-04-13 02:08:18,846 | WARNING | FITSFixedWarning: 'datfix' made the change 'Set DATE-OBS to '2026-01-23T06:11:00' from MJD-OBS'.
2026-04-13 02:08:18,859 | WARNING | FITSFixedWarning: 'datfix' made the change 'Set DATE-OBS to '2026-01-22T05:55:00' from MJD-OBS'.
2026-04-13 02:08:18,870 | WARNING | FITSFixedWarning: 'datfix' made the change 'Set DATE-OBS to '2026-01-16T00:59:00' from MJD-OBS'.
2026-04-13 02:08:18,952 | WARNING | FITSFixedWarning: 'datfix' made the change 'Set DATE-OBS to '2026-01-23T02:09:00' from MJD-OBS'.
2026-04-13 02:08:19,035 | WARNING | FITSFixedWarning: 'datfix' made the change 'Set DATE-OBS to '2026-01-03T23:51:00' from MJD-OBS'.
2026-04-13 02:08:19,116 | WARNING | FITSFixedWarning: 'datfix' made the change 'Set DATE-OBS to '2026-01-09T02:12:00' from MJD-OBS'.
2026-04-13 02:08:19,199 | WARNING | FITSFixedWarning: 'datfix' made the change 'Set DATE-OBS to '2026-03-18T23:24:00' from MJD-OBS'.
2026-04-13 02:08:19,281 | WARNING | FITSFixedWarning: 'datfix' made the change 'Set DATE-OBS to '2026-03-12T01:48:00' from MJD-OBS'.
2026-04-13 02:08:19,293 | WARNING | FITSFixedWarning: 'datfix' made the change 'Set DATE-OBS to '2026-03-20T23:22:00' from MJD-OBS'.
2026-04-13 02:08:19,378 | WARNING | FITSFixedWarning: 'datfix' made the change 'Set DATE-OBS to '2026-03-11T23:28:00' from MJD-OBS'.
2026-04-13 02:08:19,390 | WARNING | FITSFixedWarning: 'datfix' made the change 'Set DATE-OBS to '2026-02-11T19:26:00' from MJD-OBS'.
2026-04-13 02:08:19,471 | WARNING | FITSFixedWarning: 'datfix' made the change 'Set DATE-OBS to '2026-02-16T17:29:00' from MJD-OBS'.
2026-04-13 02:08:19,545 | INFO | Cuting out WHUT data...
2026-04-13 02:08:19,556 | INFO | Cuting out LCO data...
2026-04-13 02:08:19,566 | INFO | Cuting out TNOT data...
2026-04-13 02:08:19,584 | WARNING | FITSFixedWarning: 'datfix' made the change 'Set MJD-OBS to 61017.597384 from DATE-OBS'.
2026-04-13 02:08:19,600 | WARNING | FITSFixedWarning: RADECSYS= 'FK5 ' / Equatorial coordinate system 
the RADECSYS keyword is deprecated, use RADESYSa.
2026-04-13 02:08:19,658 | WARNING | FITSFixedWarning: RADECSYS= 'FK5 ' / Equatorial coordinate system 
the RADECSYS keyword is deprecated, use RADESYSa.
2026-04-13 02:08:19,716 | WARNING | FITSFixedWarning: RADECSYS= 'FK5 ' / Equatorial coordinate system 
the RADECSYS keyword is deprecated, use RADESYSa.
2026-04-13 02:08:19,727 | INFO | Processing EP251212a
2026-04-13 02:08:19,728 | INFO | EP251212a registered!
2026-04-13 02:08:19,729 | INFO | Searching sitian data...
2026-04-13 02:08:19,729 | INFO | Searching WHUT data...
2026-04-13 02:08:19,729 | INFO | Processing EP251214b
2026-04-13 02:08:19,729 | INFO | EP251214b registered!
2026-04-13 02:08:19,730 | INFO | Searching sitian data...
2026-04-13 02:08:19,730 | INFO | Searching WHUT data...
2026-04-13 02:08:19,730 | INFO | Processing EP251220a
2026-04-13 02:08:19,730 | INFO | EP251220a registered!
2026-04-13 02:08:19,731 | INFO | Searching sitian data...
2026-04-13 02:08:19,731 | INFO | Searching WHUT data...
2026-04-13 02:08:19,731 | INFO | Processing EP251221a
2026-04-13 02:08:19,731 | INFO | EP251221a registered!
2026-04-13 02:08:19,732 | INFO | Searching sitian data...
2026-04-13 02:08:19,733 | INFO | Yes...
2026-04-13 02:08:19,828 | INFO | 2026-01-17_EP251221a_g_com_10.wcs_cutout.fits already exists!
2026-04-13 02:08:19,937 | INFO | 2026-01-16_EP251221a_g_com_10.wcs_cutout.fits already exists!
2026-04-13 02:08:19,937 | INFO | Searching WHUT data...
2026-04-13 02:08:19,938 | INFO | Processing EP251222a
2026-04-13 02:08:19,938 | INFO | EP251222a registered!
2026-04-13 02:08:19,939 | INFO | Searching sitian data...
2026-04-13 02:08:19,940 | INFO | Yes...
2026-04-13 02:08:20,073 | INFO | 2025-12-28_EP251222a_g_com_10.wcs_cutout.fits already exists!
2026-04-13 02:08:20,156 | INFO | 2025-12-29_EP251222a_g_com_5.wcs_cutout.fits already exists!
2026-04-13 02:08:20,238 | INFO | 2025-12-27_EP251222a_g_com_10.wcs_cutout.fits already exists!
2026-04-13 02:08:20,238 | INFO | Searching WHUT data...
2026-04-13 02:08:20,238 | INFO | Processing EP251229a
2026-04-13 02:08:20,238 | INFO | EP251229a registered!
2026-04-13 02:08:20,242 | INFO | Searching sitian data...
2026-04-13 02:08:20,242 | INFO | Yes...
2026-04-13 02:08:20,327 | INFO | 2026-01-22_EP251229a_g_com_10.wcs_cutout.fits already exists!
2026-04-13 02:08:20,327 | INFO | Searching WHUT data...
2026-04-13 02:08:20,327 | INFO | Processing EP260101a
2026-04-13 02:08:20,327 | INFO | EP260101a registered!
2026-04-13 02:08:20,331 | INFO | Searching sitian data...
2026-04-13 02:08:20,331 | INFO | Yes...
2026-04-13 02:08:20,428 | INFO | 2026-01-13_EP260101a_g_com_10.wcs_cutout.fits already exists!
2026-04-13 02:08:20,519 | INFO | 2026-01-08_EP260101a_g_com_10.wcs_cutout.fits already exists!
2026-04-13 02:08:20,600 | INFO | 2026-01-03_EP260101a_g_com_3.wcs_cutout.fits already exists!
2026-04-13 02:08:20,681 | INFO | 2026-01-22_EP260101a_g_com_9.wcs_cutout.fits already exists!
2026-04-13 02:08:20,757 | INFO | 2026-01-15_EP260101a_g_com_10.wcs_cutout.fits already exists!
2026-04-13 02:08:20,842 | INFO | 2026-01-21_EP260101a_g_com_10.wcs_cutout.fits already exists!
2026-04-13 02:08:20,842 | INFO | Searching WHUT data...
2026-04-13 02:08:20,842 | INFO | Processing EP260104a
2026-04-13 02:08:20,842 | INFO | EP260104a registered!
2026-04-13 02:08:20,846 | INFO | Searching sitian data...
2026-04-13 02:08:20,846 | INFO | Yes...
2026-04-13 02:08:20,928 | INFO | 2026-01-06_EP260104a_g_com_10.wcs_cutout.fits already exists!
2026-04-13 02:08:21,004 | INFO | 2026-01-12_EP260104a_g_com_10.wcs_cutout.fits already exists!
2026-04-13 02:08:21,303 | INFO | 2026-01-07_EP260104a_g_com_10.wcs_cutout.fits already exists!
2026-04-13 02:08:21,385 | INFO | 2026-01-05_EP260104a_g_com_9.wcs_cutout.fits already exists!
2026-04-13 02:08:21,385 | INFO | Searching WHUT data...
2026-04-13 02:08:21,386 | INFO | Processing EP260105a
2026-04-13 02:08:21,386 | INFO | EP260105a registered!
2026-04-13 02:08:21,389 | INFO | Searching sitian data...
2026-04-13 02:08:21,389 | INFO | Yes...
2026-04-13 02:08:21,470 | INFO | 2026-01-22_EP260105a_g_com_10.wcs_cutout.fits already exists!
2026-04-13 02:08:21,553 | INFO | 2026-01-12_EP260105a_g_com_10.wcs_cutout.fits already exists!
2026-04-13 02:08:21,639 | INFO | 2026-01-05_EP260105a_g_com_1.wcs_cutout.fits already exists!
2026-04-13 02:08:21,721 | INFO | 2026-01-06_EP260105a_g_com_10.wcs_cutout.fits already exists!
2026-04-13 02:08:21,721 | INFO | Searching WHUT data...
2026-04-13 02:08:21,721 | INFO | Yes...
2026-04-13 02:08:21,801 | INFO | coadd_WHUT_i_20260125T214905.675_cutout.fits already exists!
2026-04-13 02:08:21,801 | INFO | Processing EP260105b
2026-04-13 02:08:21,801 | INFO | EP260105b registered!
2026-04-13 02:08:21,804 | INFO | Searching sitian data...
2026-04-13 02:08:21,804 | INFO | Yes...
2026-04-13 02:08:21,897 | INFO | 2026-01-10_EP260105b_g_com_3.wcs_cutout.fits already exists!
2026-04-13 02:08:21,981 | INFO | 2026-01-23_EP260105b_g_com_10.wcs_cutout.fits already exists!
2026-04-13 02:08:21,981 | INFO | Searching WHUT data...
2026-04-13 02:08:21,981 | INFO | Processing EP260110a
2026-04-13 02:08:21,981 | INFO | EP260110a registered!
2026-04-13 02:08:21,984 | INFO | Searching sitian data...
2026-04-13 02:08:21,985 | INFO | Yes...
2026-04-13 02:08:22,071 | INFO | 2026-01-20_EP260110a_g_com_9.wcs_cutout.fits already exists!
2026-04-13 02:08:22,170 | INFO | 2026-02-08_EP260110a_g_com_9.wcs_cutout.fits already exists!
2026-04-13 02:08:22,465 | INFO | 2026-01-22_EP260110a_g_com_10.wcs_cutout.fits already exists!
2026-04-13 02:08:22,547 | INFO | 2026-02-10_EP260110a_g_com_9.wcs_cutout.fits already exists!
2026-04-13 02:08:22,632 | INFO | 2026-01-12_EP260110a_g_com_10.wcs_cutout.fits already exists!
2026-04-13 02:08:22,831 | INFO | 2026-01-26_EP260110a_g_com_10.wcs_cutout.fits already exists!
2026-04-13 02:08:22,897 | INFO | 2026-01-11_EP260110a_g_com_10.wcs_cutout.fits already exists!
2026-04-13 02:08:22,898 | INFO | Searching WHUT data...
2026-04-13 02:08:22,898 | INFO | Yes...
2026-04-13 02:08:22,970 | INFO | coadd_WHUT_i_20260131T212149.878_cutout.fits already exists!
2026-04-13 02:08:22,971 | INFO | Processing EP260116a
2026-04-13 02:08:22,971 | INFO | EP260116a registered!
2026-04-13 02:08:22,974 | INFO | Searching sitian data...
2026-04-13 02:08:22,974 | INFO | Yes...
2026-04-13 02:08:23,062 | INFO | 2026-01-23_EP260116a_g_com_10.wcs_cutout.fits already exists!
2026-04-13 02:08:23,143 | INFO | 2026-01-27_EP260116a_g_com_10.wcs_cutout.fits already exists!
2026-04-13 02:08:23,222 | INFO | 2026-02-15_EP260116a_g_com_10.wcs_cutout.fits already exists!
2026-04-13 02:08:23,302 | INFO | 2026-02-11_EP260116a_g_com_10.wcs_cutout.fits already exists!
2026-04-13 02:08:23,302 | INFO | Searching WHUT data...
2026-04-13 02:08:23,303 | INFO | Processing EP260119a
2026-04-13 02:08:23,303 | INFO | EP260119a registered!
2026-04-13 02:08:23,305 | INFO | Searching sitian data...
2026-04-13 02:08:23,306 | INFO | Searching WHUT data...
2026-04-13 02:08:23,306 | INFO | Processing EP260126a
2026-04-13 02:08:23,306 | INFO | EP260126a registered!
2026-04-13 02:08:23,309 | INFO | Searching sitian data...
2026-04-13 02:08:23,309 | INFO | Yes...
2026-04-13 02:08:24,392 | INFO | 2026-02-11_EP260126a_g_com_10.wcs_cutout.fits already exists!
2026-04-13 02:08:24,469 | INFO | 2026-02-15_EP260126a_g_com_10.wcs_cutout.fits already exists!
2026-04-13 02:08:24,549 | INFO | 2026-02-15_EP260126a_g_com_5.wcs_cutout.fits already exists!
2026-04-13 02:08:24,549 | INFO | Searching WHUT data...
2026-04-13 02:08:24,549 | INFO | Yes...
2026-04-13 02:08:24,847 | INFO | coadd_WHUT_i_20260207T140731.088_cutout.fits already exists!
2026-04-13 02:08:24,848 | INFO | Processing EP260128a
2026-04-13 02:08:24,848 | INFO | EP260128a registered!
2026-04-13 02:08:24,851 | INFO | Searching sitian data...
2026-04-13 02:08:24,851 | INFO | Searching WHUT data...
2026-04-13 02:08:24,851 | INFO | Processing WXT J031644+08316
2026-04-13 02:08:24,851 | INFO | WXT J031644+08316 registered!
2026-04-13 02:08:24,854 | INFO | Searching sitian data...
2026-04-13 02:08:24,854 | INFO | Searching WHUT data...
2026-04-13 02:08:24,854 | INFO | Processing 1RXSJ052540.6+425139
2026-04-13 02:08:24,854 | INFO | 1RXSJ052540.6+425139 registered!
2026-04-13 02:08:24,857 | INFO | Searching sitian data...
2026-04-13 02:08:24,857 | INFO | Searching WHUT data...
2026-04-13 02:08:24,857 | INFO | Processing WXT J001838+115903
2026-04-13 02:08:24,857 | INFO | WXT J001838+115903 registered!
2026-04-13 02:08:24,860 | INFO | Searching sitian data...
2026-04-13 02:08:24,860 | INFO | Searching WHUT data...
2026-04-13 02:08:24,860 | INFO | Processing WXT J030902+581637
2026-04-13 02:08:24,860 | INFO | WXT J030902+581637 registered!
2026-04-13 02:08:24,863 | INFO | Searching sitian data...
2026-04-13 02:08:24,863 | INFO | Searching WHUT data...
2026-04-13 02:08:24,863 | INFO | Processing EP J0619.5+0602
2026-04-13 02:08:24,863 | INFO | EP J0619.5+0602 registered!
2026-04-13 02:08:24,866 | INFO | Searching sitian data...
2026-04-13 02:08:24,866 | INFO | Searching WHUT data...
2026-04-13 02:08:24,866 | INFO | Processing EP260131a
2026-04-13 02:08:24,866 | INFO | EP260131a registered!
2026-04-13 02:08:24,869 | INFO | Searching sitian data...
2026-04-13 02:08:24,869 | INFO | Searching WHUT data...
2026-04-13 02:08:24,869 | INFO | Processing EP260209a
2026-04-13 02:08:24,869 | INFO | EP260209a registered!
2026-04-13 02:08:24,872 | INFO | Searching sitian data...
2026-04-13 02:08:24,872 | INFO | Yes...
2026-04-13 02:08:24,955 | INFO | 2026-02-10_EP260209a_g_com_10.wcs_cutout.fits already exists!
2026-04-13 02:08:25,035 | INFO | 2026-02-15_EP260209a_g_com_10.wcs_cutout.fits already exists!
2026-04-13 02:08:25,035 | INFO | Searching WHUT data...
2026-04-13 02:08:25,036 | INFO | Processing EP260210a
2026-04-13 02:08:25,036 | INFO | EP260210a registered!
2026-04-13 02:08:25,039 | INFO | Searching sitian data...
2026-04-13 02:08:25,039 | INFO | Yes...
2026-04-13 02:08:25,118 | INFO | 2026-03-12_EP260210a_g_com_10.wcs_cutout.fits already exists!
2026-04-13 02:08:25,118 | INFO | Searching WHUT data...
2026-04-13 02:08:25,118 | INFO | Yes...
2026-04-13 02:08:25,202 | INFO | coadd_WHUT_i_20260302T154130.332_cutout.fits already exists!
2026-04-13 02:08:25,202 | INFO | Processing EP260213a
2026-04-13 02:08:25,202 | INFO | EP260213a registered!
2026-04-13 02:08:25,205 | INFO | Searching sitian data...
2026-04-13 02:08:25,205 | INFO | Yes...
2026-04-13 02:08:25,284 | INFO | 2026-03-10_EP260213a_g_com_10.wcs_cutout.fits already exists!
2026-04-13 02:08:25,567 | INFO | 2026-03-10_EP260213a_g_com_6.wcs_cutout.fits already exists!
2026-04-13 02:08:25,568 | INFO | Searching WHUT data...
2026-04-13 02:08:25,568 | INFO | Yes...
2026-04-13 02:08:25,651 | INFO | coadd_WHUT_i_20260308T174731.325_cutout.fits already exists!
2026-04-13 02:08:25,651 | INFO | Processing EP260214a
2026-04-13 02:08:25,651 | INFO | EP260214a registered!
2026-04-13 02:08:25,654 | INFO | Searching sitian data...
2026-04-13 02:08:25,654 | INFO | Searching WHUT data...
2026-04-13 02:08:25,654 | INFO | Processing EP260214b
2026-04-13 02:08:25,654 | INFO | EP260214b registered!
2026-04-13 02:08:25,656 | INFO | Searching sitian data...
2026-04-13 02:08:25,656 | INFO | Searching WHUT data...
2026-04-13 02:08:25,656 | INFO | Processing EP260221a
2026-04-13 02:08:25,656 | INFO | EP260221a registered!
2026-04-13 02:08:25,658 | INFO | Searching sitian data...
2026-04-13 02:08:25,658 | INFO | Searching WHUT data...
2026-04-13 02:08:25,659 | INFO | Processing EP260223a
2026-04-13 02:08:25,659 | INFO | EP260223a registered!
2026-04-13 02:08:25,662 | INFO | Searching sitian data...
2026-04-13 02:08:25,662 | INFO | Yes...
2026-04-13 02:08:25,742 | INFO | 2026-03-20_EP260223a_g_com_10.wcs_cutout.fits already exists!
2026-04-13 02:08:25,816 | INFO | 2026-03-18_EP260223a_g_com_10.wcs_cutout.fits already exists!
2026-04-13 02:08:25,816 | INFO | Searching WHUT data...
2026-04-13 02:08:25,816 | INFO | Processing EP260224a
2026-04-13 02:08:25,816 | INFO | EP260224a registered!
2026-04-13 02:08:25,818 | INFO | Searching sitian data...
2026-04-13 02:08:25,819 | INFO | Searching WHUT data...
2026-04-13 02:08:25,819 | INFO | Processing EP260227a
2026-04-13 02:08:25,819 | INFO | EP260227a registered!
2026-04-13 02:08:25,821 | INFO | Searching sitian data...
2026-04-13 02:08:25,821 | INFO | Searching WHUT data...
2026-04-13 02:08:25,821 | INFO | Processing EP260302a
2026-04-13 02:08:25,821 | INFO | EP260302a registered!
2026-04-13 02:08:25,823 | INFO | Searching sitian data...
2026-04-13 02:08:25,823 | INFO | Searching WHUT data...
2026-04-13 02:08:25,823 | INFO | Processing EP260306a
2026-04-13 02:08:25,823 | INFO | EP260306a registered!
2026-04-13 02:08:25,825 | INFO | Searching sitian data...
2026-04-13 02:08:25,825 | INFO | Searching WHUT data...
2026-04-13 02:08:25,826 | INFO | Processing EP260314a
2026-04-13 02:08:25,826 | INFO | EP260314a registered!
2026-04-13 02:08:25,828 | INFO | Searching sitian data...
2026-04-13 02:08:25,828 | INFO | Searching WHUT data...
2026-04-13 02:08:25,828 | INFO | Processing EP260316a
2026-04-13 02:08:25,828 | INFO | EP260316a registered!
2026-04-13 02:08:25,830 | INFO | Searching sitian data...
2026-04-13 02:08:25,830 | INFO | Searching WHUT data...
2026-04-13 02:08:25,830 | INFO | Processing EP260308a
2026-04-13 02:08:25,830 | INFO | EP260308a registered!
2026-04-13 02:08:25,832 | INFO | Searching sitian data...
2026-04-13 02:08:25,832 | INFO | Searching WHUT data...
2026-04-13 02:08:25,832 | INFO | Processing EP260321a
2026-04-13 02:08:25,833 | INFO | EP260321a registered!
2026-04-13 02:08:25,835 | INFO | Searching sitian data...
2026-04-13 02:08:25,836 | INFO | Yes...
2026-04-13 02:08:25,914 | INFO | 2026-03-23_EP260321a_g_com_3.wcs_cutout.fits already exists!
2026-04-13 02:08:25,915 | INFO | Searching WHUT data...
2026-04-13 02:08:25,915 | INFO | Yes...
2026-04-13 02:08:25,994 | ERROR | index 0 out of range for table with length 0
2026-04-13 02:08:25,994 | INFO | Processing EP260322a
2026-04-13 02:08:25,994 | INFO | EP260322a registered!
2026-04-13 02:08:25,996 | INFO | Searching sitian data...
2026-04-13 02:08:25,996 | INFO | Searching WHUT data...
2026-04-13 02:08:25,996 | INFO | Processing EP260324a
2026-04-13 02:08:25,997 | INFO | EP260324a registered!
2026-04-13 02:08:26,000 | INFO | Searching sitian data...
2026-04-13 02:08:26,000 | INFO | Searching WHUT data...
2026-04-13 02:08:26,000 | INFO | Yes...
2026-04-13 02:08:26,083 | ERROR | index 0 out of range for table with length 0
2026-04-13 02:08:26,083 | INFO | Processing EP260327a
2026-04-13 02:08:26,083 | INFO | EP260327a registered!
2026-04-13 02:08:26,085 | INFO | Searching sitian data...
2026-04-13 02:08:26,085 | INFO | Searching WHUT data...
2026-04-13 02:08:26,086 | INFO | Processing EP260329a
2026-04-13 02:08:26,086 | INFO | EP260329a registered!
2026-04-13 02:08:26,088 | INFO | Searching sitian data...
2026-04-13 02:08:26,088 | INFO | Searching WHUT data...
2026-04-13 02:08:26,088 | INFO | Processing EP260329b
2026-04-13 02:08:26,088 | INFO | EP260329b registered!
2026-04-13 02:08:26,090 | INFO | Searching sitian data...
2026-04-13 02:08:26,090 | INFO | Searching WHUT data...
2026-04-13 02:08:26,090 | INFO | Processing EP260402a
2026-04-13 02:08:26,090 | INFO | EP260402a registered!
2026-04-13 02:08:26,092 | INFO | Searching sitian data...
2026-04-13 02:08:26,093 | INFO | Searching WHUT data...
2026-04-13 02:08:26,093 | INFO | Processing EP260403a
2026-04-13 02:08:26,093 | INFO | EP260403a registered!
2026-04-13 02:08:26,095 | INFO | Searching sitian data...
2026-04-13 02:08:26,095 | INFO | Searching WHUT data...
2026-04-13 02:08:26,095 | INFO | Processing EP260405a
2026-04-13 02:08:26,095 | INFO | EP260405a registered!
2026-04-13 02:08:26,097 | INFO | Searching sitian data...
2026-04-13 02:08:26,097 | INFO | Searching WHUT data...
